 MFC42UD

 Timestamp is 345e9b6b (Mon Nov 03 19:50:03 1997)

 Preferred load address is 5f800000

 Start         Length     Name                   Class
 0001:00000000 0001456eH .text                   CODE
 0001:00014570 000067f3H .text$AFX_AUX           CODE
 0001:0001ad70 00007cd6H .text$AFX_COL1          CODE
 0001:00022a50 00004568H .text$AFX_COL2          CODE
 0001:00026fc0 000146e0H .text$AFX_CORE1         CODE
 0001:0003b6a0 0000deefH .text$AFX_CORE2         CODE
 0001:00049590 00016fbfH .text$AFX_CORE3         CODE
 0001:00060550 0001303dH .text$AFX_CORE4         CODE
 0001:00073590 000048aeH .text$AFX_DBG1          CODE
 0001:00077e40 0000c8dbH .text$AFX_DBG2          CODE
 0001:00084720 0000b75bH .text$AFX_INIT          CODE
 0001:0008fe80 0000080bH .text$AFX_MAPI          CODE
 0001:00090690 0000740cH .text$AFX_PRNT          CODE
 0001:00097aa0 000005e4H .text$AFX_TERM          CODE
 0001:00098090 00004449H .text$AFX_VDEL          CODE
 0001:0009c4e0 0000348eH .text$x                 CODE
 0002:00000000 00000a04H .idata$5                DATA
 0002:00000a08 000108cdH .rdata                  DATA
 0002:000112d8 000033d4H .rdata$r                DATA
 0002:000146b0 00005590H .xdata$x                DATA
 0002:00019c40 00000050H .idata$2                DATA
 0002:00019c90 00000014H .idata$3                DATA
 0002:00019ca4 00000a04H .idata$4                DATA
 0002:0001a6a8 000028c8H .idata$6                DATA
 0002:0001cf70 000048ffH .edata                  DATA
 0003:00000000 00000004H .CRT$XCA                DATA
 0003:00000004 0000000cH .CRT$XCC                DATA
 0003:00000010 00000028H .CRT$XCL                DATA
 0003:00000038 00000094H .CRT$XCU                DATA
 0003:000000cc 00000004H .CRT$XCZ                DATA
 0003:000000d0 00000004H .CRT$XIA                DATA
 0003:000000d4 00000004H .CRT$XIZ                DATA
 0003:000000e0 00001eb0H .data                   DATA
 0003:00001f90 00002244H .bss                    DATA
 0004:00000000 00000e98H .rsrc$01                DATA
 0004:00000ea0 00006540H .rsrc$02                DATA

  Address         Publics by Value              Rva+Base     Lib:Object

 0001:00000000       ?GetHead@CSimpleList@@QBEPAXXZ 5f801000 f i objcore.obj
 0001:00000010       ??0CArchiveStream@@QAE@PAVCArchive@@@Z 5f801010 f   arcstrm.obj
 0001:0000003a       ?AddRef@CArchiveStream@@UAGKXZ 5f80103a f   arcstrm.obj
 0001:00000046       ?Release@CArchiveStream@@UAGKXZ 5f801046 f   arcstrm.obj
 0001:0000004f       ?QueryInterface@CArchiveStream@@UAGJABU_GUID@@PAPAX@Z 5f80104f f   arcstrm.obj
 0001:00000091       ?Read@CArchiveStream@@UAGJPAXKPAK@Z 5f801091 f   arcstrm.obj
 0001:00000191       ?Write@CArchiveStream@@UAGJPBXKPAK@Z 5f801191 f   arcstrm.obj
 0001:00000294       ?Seek@CArchiveStream@@UAGJT_LARGE_INTEGER@@KPAT_ULARGE_INTEGER@@@Z 5f801294 f   arcstrm.obj
 0001:000003bd       ?SetSize@CArchiveStream@@UAGJT_ULARGE_INTEGER@@@Z 5f8013bd f   arcstrm.obj
 0001:000003c9       ?CopyTo@CArchiveStream@@UAGJPAUIStream@@T_ULARGE_INTEGER@@PAT3@2@Z 5f8013c9 f   arcstrm.obj
 0001:000003d5       ?Commit@CArchiveStream@@UAGJK@Z 5f8013d5 f   arcstrm.obj
 0001:000003e1       ?Revert@CArchiveStream@@UAGJXZ 5f8013e1 f   arcstrm.obj
 0001:000003ed       ?LockRegion@CArchiveStream@@UAGJT_ULARGE_INTEGER@@0K@Z 5f8013ed f   arcstrm.obj
 0001:000003f9       ?UnlockRegion@CArchiveStream@@UAGJT_ULARGE_INTEGER@@0K@Z 5f8013f9 f   arcstrm.obj
 0001:00000405       ?Stat@CArchiveStream@@UAGJPAUtagSTATSTG@@K@Z 5f801405 f   arcstrm.obj
 0001:00000411       ?Clone@CArchiveStream@@UAGJPAPAUIStream@@@Z 5f801411 f   arcstrm.obj
 0001:00000420       ??0IStream@@QAE@XZ         5f801420 f i arcstrm.obj
 0001:00000440       ??0ISequentialStream@@QAE@XZ 5f801440 f i arcstrm.obj
 0001:00000460       ??0IUnknown@@QAE@XZ        5f801460 f i arcstrm.obj
 0001:00000480       ??8@YAHABU_GUID@@0@Z       5f801480 f i arcstrm.obj
 0001:000004a0       ??1CNoTrackObject@@UAE@XZ  5f8014a0 f i dumpinit.obj
 0001:000004c0       ??_GCNoTrackObject@@UAEPAXI@Z 5f8014c0 f i dumpinit.obj
 0001:000004c0       ??_ECNoTrackObject@@UAEPAXI@Z 5f8014c0 f i dumpinit.obj
 0001:000004f0       ?DrawState@@YGHPAUHDC__@@PAUHBRUSH__@@P6GH0JIHH@ZJIHHHHI@Z 5f8014f0 f i afxinl2.obj
 0001:00000530       ?GetNextWindow@@YAPAUHWND__@@PAU1@I@Z 5f801530 f i afxinl3.obj
 0001:00000550       ?T2COLE@@YAPBGPBG@Z        5f801550 f i filecore.obj
 0001:00000560       __wcsinc                   5f801560 f i filecore.obj
 0001:00000570       ??0AFX_COM@@QAE@XZ         5f801570 f i filecore.obj
 0001:00000590       ?data@CStringData@@QAEPAGXZ 5f801590 f i strcore.obj
 0001:000005b0       ?wcschr@@YAPAGPAGG@Z       5f8015b0 f i strcore.obj
 0001:000005d0       ?wcspbrk@@YAPAGPAGPBG@Z    5f8015d0 f i strcore.obj
 0001:000005f0       ?wcsrchr@@YAPAGPAGG@Z      5f8015f0 f i strex.obj
 0001:00000610       ?wcsstr@@YAPAGPAGPBG@Z     5f801610 f i strex.obj
 0001:00000630       __tclen                    5f801630 f i strex.obj
 0001:00000640       ?Construct@CSimpleList@@QAEXH@Z 5f801640 f i afxstate.obj
 0001:00000680       ??0CTypeLibCache@@QAE@XZ   5f801680 f i afxstate.obj
 0001:000006c0       ??0CSimpleList@@QAE@H@Z    5f8016c0 f i afxstate.obj
 0001:000006f0       ??1CHandleMap@@QAE@XZ      5f8016f0 f i afxstate.obj
 0001:00000750       ??2@YAPAXIPAX@Z            5f801750 f i afxstate.obj
 0001:00000760       ?GetNextPtr@CSimpleList@@QBEPAPAXPAX@Z 5f801760 f i afxtls.obj
 0001:000007a0       ??2CThreadSlotData@@SGPAXIPAX@Z 5f8017a0 f i afxtls.obj
 0001:000007b0       ??0CSyncObject@@QAE@PBG@Z  5f8017b0 f   mtcore.obj
 0001:00000826       ??1CSyncObject@@UAE@XZ     5f801826 f   mtcore.obj
 0001:0000089e       ?Lock@CSyncObject@@UAEHK@Z 5f80189e f   mtcore.obj
 0001:000008c9       ?Dump@CSyncObject@@UBEXAAVCDumpContext@@@Z 5f8018c9 f   mtcore.obj
 0001:00000924       ?AssertValid@CSyncObject@@UBEXXZ 5f801924 f   mtcore.obj
 0001:00000937       ??BCSyncObject@@QBEPAXXZ   5f801937 f   mtcore.obj
 0001:00000948       ?Unlock@CSemaphore@@UAEHXZ 5f801948 f   mtcore.obj
 0001:00000962       ?SetEvent@CEvent@@QAEHXZ   5f801962 f   mtcore.obj
 0001:000009a0       ?PulseEvent@CEvent@@QAEHXZ 5f8019a0 f   mtcore.obj
 0001:000009de       ?ResetEvent@CEvent@@QAEHXZ 5f8019de f   mtcore.obj
 0001:00000a1c       ??1CSingleLock@@QAE@XZ     5f801a1c f   mtcore.obj
 0001:00000a2f       ?IsLocked@CSingleLock@@QAEHXZ 5f801a2f f   mtcore.obj
 0001:00000a40       ?IsLocked@CMultiLock@@QAEHK@Z 5f801a40 f   mtcore.obj
 0001:00000a87       ??0CCriticalSection@@QAE@XZ 5f801a87 f   mtcore.obj
 0001:00000ae2       ??BCCriticalSection@@QAEPAU_RTL_CRITICAL_SECTION@@XZ 5f801ae2 f   mtcore.obj
 0001:00000af3       ??1CCriticalSection@@UAE@XZ 5f801af3 f   mtcore.obj
 0001:00000b49       ?Lock@CCriticalSection@@QAEHXZ 5f801b49 f   mtcore.obj
 0001:00000b66       ?Lock@CCriticalSection@@UAEHK@Z 5f801b66 f   mtcore.obj
 0001:00000b7b       ?Unlock@CCriticalSection@@UAEHXZ 5f801b7b f   mtcore.obj
 0001:00000ba0       ??_GCSyncObject@@UAEPAXI@Z 5f801ba0 f i mtcore.obj
 0001:00000ba0       ??_ECSyncObject@@UAEPAXI@Z 5f801ba0 f i mtcore.obj
 0001:00000bd0       ??_GCCriticalSection@@UAEPAXI@Z 5f801bd0 f i mtcore.obj
 0001:00000c00       ?Unlock@CSyncObject@@UAEHJPAJ@Z 5f801c00 f i mtcore.obj
 0001:00000c20       ??0CSemaphore@@QAE@JJPBGPAU_SECURITY_ATTRIBUTES@@@Z 5f801c20 f   mtex.obj
 0001:00000cde       ??1CSemaphore@@UAE@XZ      5f801cde f   mtex.obj
 0001:00000cfa       ?Unlock@CSemaphore@@UAEHJPAJ@Z 5f801cfa f   mtex.obj
 0001:00000d1c       ??0CMutex@@QAE@HPBGPAU_SECURITY_ATTRIBUTES@@@Z 5f801d1c f   mtex.obj
 0001:00000d94       ??1CMutex@@UAE@XZ          5f801d94 f   mtex.obj
 0001:00000db0       ?Unlock@CMutex@@UAEHXZ     5f801db0 f   mtex.obj
 0001:00000dc8       ??0CEvent@@QAE@HHPBGPAU_SECURITY_ATTRIBUTES@@@Z 5f801dc8 f   mtex.obj
 0001:00000e44       ??1CEvent@@UAE@XZ          5f801e44 f   mtex.obj
 0001:00000e60       ?Unlock@CEvent@@UAEHXZ     5f801e60 f   mtex.obj
 0001:00000e70       ??0CSingleLock@@QAE@PAVCSyncObject@@H@Z 5f801e70 f   mtex.obj
 0001:00000ef9       ?Lock@CSingleLock@@QAEHK@Z 5f801ef9 f   mtex.obj
 0001:00000f73       ?Unlock@CSingleLock@@QAEHXZ 5f801f73 f   mtex.obj
 0001:00000fd2       ?Unlock@CSingleLock@@QAEHJPAJ@Z 5f801fd2 f   mtex.obj
 0001:0000103b       ??0CMultiLock@@QAE@QAPAVCSyncObject@@KH@Z 5f80203b f   mtex.obj
 0001:000011ec       ??1CMultiLock@@QAE@XZ      5f8021ec f   mtex.obj
 0001:00001236       ?Lock@CMultiLock@@QAEKKHK@Z 5f802236 f   mtex.obj
 0001:00001310       ?Unlock@CMultiLock@@QAEHXZ 5f802310 f   mtex.obj
 0001:0000137e       ?Unlock@CMultiLock@@QAEHJPAJ@Z 5f80237e f   mtex.obj
 0001:00001430       ??_GCSemaphore@@UAEPAXI@Z  5f802430 f i mtex.obj
 0001:00001460       ??_GCMutex@@UAEPAXI@Z      5f802460 f i mtex.obj
 0001:00001490       ??_GCEvent@@UAEPAXI@Z      5f802490 f i mtex.obj
 0001:000014c0       ?LookupPermanent@CHandleMap@@QAEPAVCObject@@PAX@Z 5f8024c0 f i wincore.obj
 0001:000014e0       ?LookupTemporary@CHandleMap@@QAEPAVCObject@@PAX@Z 5f8024e0 f i wincore.obj
 0001:00001500       ?UnlockResource@@YGHPAX@Z  5f802500 f i wincore.obj
 0001:00001510       ?GetWindowTask@@YAPAUHTASK__@@PAUHWND__@@@Z 5f802510 f i winfrmx.obj
 0001:00001530       ?_GetBaseMessageMap@CToolTipCtrl@@KGPBUAFX_MSGMAP@@XZ 5f802530 f   tooltip.obj
 0001:0000153a       ?GetMessageMap@CToolTipCtrl@@MBEPBUAFX_MSGMAP@@XZ 5f80253a f   tooltip.obj
 0001:0000154a       ??0CToolTipCtrl@@QAE@XZ    5f80254a f   tooltip.obj
 0001:000015a3       ?Create@CToolTipCtrl@@QAEHPAVCWnd@@K@Z 5f8025a3 f   tooltip.obj
 0001:00001605       ??1CToolTipCtrl@@UAE@XZ    5f802605 f   tooltip.obj
 0001:00001665       ?DestroyToolTipCtrl@CToolTipCtrl@@QAEHXZ 5f802665 f   tooltip.obj
 0001:000016c4       ?OnAddTool@CToolTipCtrl@@IAEJIJ@Z 5f8026c4 f   tooltip.obj
 0001:00001769       ?OnDisableModal@CToolTipCtrl@@IAEJIJ@Z 5f802769 f   tooltip.obj
 0001:00001789       ?OnWindowFromPoint@CToolTipCtrl@@IAEJIJ@Z 5f802789 f   tooltip.obj
 0001:00001865       ?AddTool@CToolTipCtrl@@QAEHPAVCWnd@@PBGPBUtagRECT@@I@Z 5f802865 f   tooltip.obj
 0001:00001955       ?AddTool@CToolTipCtrl@@QAEHPAVCWnd@@IPBUtagRECT@@I@Z 5f802955 f   tooltip.obj
 0001:00001a91       ?DelTool@CToolTipCtrl@@QAEXPAVCWnd@@I@Z 5f802a91 f   tooltip.obj
 0001:00001b1d       ?GetText@CToolTipCtrl@@QBEXAAVCString@@PAVCWnd@@I@Z 5f802b1d f   tooltip.obj
 0001:00001bc3       ?GetToolInfo@CToolTipCtrl@@QBEHAAVCToolInfo@@PAVCWnd@@I@Z 5f802bc3 f   tooltip.obj
 0001:00001c59       ?HitTest@CToolTipCtrl@@QBEHPAVCWnd@@VCPoint@@PAUtagTOOLINFOW@@@Z 5f802c59 f   tooltip.obj
 0001:00001d3e       ?SetToolRect@CToolTipCtrl@@QAEXPAVCWnd@@IPBUtagRECT@@@Z 5f802d3e f   tooltip.obj
 0001:00001dfc       ?UpdateTipText@CToolTipCtrl@@QAEXPBGPAVCWnd@@I@Z 5f802dfc f   tooltip.obj
 0001:00001e8e       ?UpdateTipText@CToolTipCtrl@@QAEXIPAVCWnd@@I@Z 5f802e8e f   tooltip.obj
 0001:00001f43       ?FillInToolInfo@CToolTipCtrl@@QBEXAAUtagTOOLINFOW@@PAVCWnd@@I@Z 5f802f43 f   tooltip.obj
 0001:00001fbd       ?EnableToolTips@CWnd@@QAEHH@Z 5f802fbd f   tooltip.obj
 0001:000020b1       ?_FilterToolTipMessage@CWnd@@SGXPAUtagMSG@@PAV1@@Z 5f8030b1 f   tooltip.obj
 0001:000020c4       ?FilterToolTipMessage@CWnd@@QAEXPAUtagMSG@@@Z 5f8030c4 f   tooltip.obj
 0001:00002690       ??_GCToolTipCtrl@@UAEPAXI@Z 5f803690 f i tooltip.obj
 0001:000026c0       ??1CDragListBox@@UAE@XZ    5f8036c0 f   winctrl2.obj
 0001:00002711       ?PreSubclassWindow@CDragListBox@@UAEXXZ 5f803711 f   winctrl2.obj
 0001:0000277d       ?BeginDrag@CDragListBox@@UAEHVCPoint@@@Z 5f80377d f   winctrl2.obj
 0001:000027ba       ?CancelDrag@CDragListBox@@UAEXVCPoint@@@Z 5f8037ba f   winctrl2.obj
 0001:000027d7       ?Dragging@CDragListBox@@UAEIVCPoint@@@Z 5f8037d7 f   winctrl2.obj
 0001:0000282f       ?Dropped@CDragListBox@@UAEXHVCPoint@@@Z 5f80382f f   winctrl2.obj
 0001:00002974       ?DrawInsert@CDragListBox@@UAEXH@Z 5f803974 f   winctrl2.obj
 0001:000029b0       ?DrawSingle@CDragListBox@@QAEXH@Z 5f8039b0 f   winctrl2.obj
 0001:00002ab6       ?OnChildNotify@CDragListBox@@MAEHIIJPAJ@Z 5f803ab6 f   winctrl2.obj
 0001:00002c1b       ?_GetBaseMessageMap@CToolBarCtrl@@KGPBUAFX_MSGMAP@@XZ 5f803c1b f   winctrl2.obj
 0001:00002c25       ?GetMessageMap@CToolBarCtrl@@MBEPBUAFX_MSGMAP@@XZ 5f803c25 f   winctrl2.obj
 0001:00002c35       ?Create@CToolBarCtrl@@QAEHKABUtagRECT@@PAVCWnd@@I@Z 5f803c35 f   winctrl2.obj
 0001:00002cb7       ??1CToolBarCtrl@@UAE@XZ    5f803cb7 f   winctrl2.obj
 0001:00002d08       ?AddBitmap@CToolBarCtrl@@QAEHHPAVCBitmap@@@Z 5f803d08 f   winctrl2.obj
 0001:00002d74       ?AddBitmap@CToolBarCtrl@@QAEHHI@Z 5f803d74 f   winctrl2.obj
 0001:00002e0c       ?SaveState@CToolBarCtrl@@QAEXPAUHKEY__@@PBG1@Z 5f803e0c f   winctrl2.obj
 0001:00002e76       ?RestoreState@CToolBarCtrl@@QAEXPAUHKEY__@@PBG1@Z 5f803e76 f   winctrl2.obj
 0001:00002ee0       ?AddString@CToolBarCtrl@@QAEHI@Z 5f803ee0 f   winctrl2.obj
 0001:00002f7d       ?OnCreate@CToolBarCtrl@@IAEHPAUtagCREATESTRUCTW@@@Z 5f803f7d f   winctrl2.obj
 0001:00002fac       ?Create@CStatusBarCtrl@@QAEHKABUtagRECT@@PAVCWnd@@I@Z 5f803fac f   winctrl2.obj
 0001:0000302e       ??1CStatusBarCtrl@@UAE@XZ  5f80402e f   winctrl2.obj
 0001:0000307f       ?GetText@CStatusBarCtrl@@QBEHPBGHPAH@Z 5f80407f f   winctrl2.obj
 0001:00003124       ?GetText@CStatusBarCtrl@@QBE?AVCString@@HPAH@Z 5f804124 f   winctrl2.obj
 0001:00003250       ?GetTextLength@CStatusBarCtrl@@QBEHHPAH@Z 5f804250 f   winctrl2.obj
 0001:000032f3       ?GetBorders@CStatusBarCtrl@@QBEHAAH00@Z 5f8042f3 f   winctrl2.obj
 0001:0000336f       ?DrawItem@CStatusBarCtrl@@UAEXPAUtagDRAWITEMSTRUCT@@@Z 5f80436f f   winctrl2.obj
 0001:000033a5       ?OnChildNotify@CStatusBarCtrl@@MAEHIIJPAJ@Z 5f8043a5 f   winctrl2.obj
 0001:0000340f       ?_GetBaseMessageMap@CListCtrl@@KGPBUAFX_MSGMAP@@XZ 5f80440f f   winctrl2.obj
 0001:00003419       ?GetMessageMap@CListCtrl@@MBEPBUAFX_MSGMAP@@XZ 5f804419 f   winctrl2.obj
 0001:00003429       ?Create@CListCtrl@@QAEHKABUtagRECT@@PAVCWnd@@I@Z 5f804429 f   winctrl2.obj
 0001:000034ab       ??1CListCtrl@@UAE@XZ       5f8044ab f   winctrl2.obj
 0001:000034fc       ?GetItemRect@CListCtrl@@QBEHHPAUtagRECT@@I@Z 5f8044fc f   winctrl2.obj
 0001:0000355c       ?InsertColumn@CListCtrl@@QAEHHPBGHHH@Z 5f80455c f   winctrl2.obj
 0001:000035b8       ?InsertItem@CListCtrl@@QAEHIHPBGIIHJ@Z 5f8045b8 f   winctrl2.obj
 0001:00003635       ?HitTest@CListCtrl@@QBEHVCPoint@@PAI@Z 5f804635 f   winctrl2.obj
 0001:000036ad       ?SetItem@CListCtrl@@QAEHHHIPBGHIIJ@Z 5f8046ad f   winctrl2.obj
 0001:00003735       ?GetItemText@CListCtrl@@QBE?AVCString@@HH@Z 5f804735 f   winctrl2.obj
 0001:0000383a       ?GetItemText@CListCtrl@@QBEHHHPAGH@Z 5f80483a f   winctrl2.obj
 0001:000038b6       ?GetItemData@CListCtrl@@QBEKH@Z 5f8048b6 f   winctrl2.obj
 0001:0000394c       ?DrawItem@CListCtrl@@UAEXPAUtagDRAWITEMSTRUCT@@@Z 5f80494c f   winctrl2.obj
 0001:00003982       ?OnChildNotify@CListCtrl@@MAEHIIJPAJ@Z 5f804982 f   winctrl2.obj
 0001:000039ec       ?RemoveImageList@CListCtrl@@IAEXH@Z 5f8049ec f   winctrl2.obj
 0001:00003a31       ?OnNcDestroy@CListCtrl@@IAEXXZ 5f804a31 f   winctrl2.obj
 0001:00003a62       ?CreateDragImage@CListCtrl@@QAEPAVCImageList@@HPAUtagPOINT@@@Z 5f804a62 f   winctrl2.obj
 0001:00003b2a       ?_GetBaseMessageMap@CTreeCtrl@@KGPBUAFX_MSGMAP@@XZ 5f804b2a f   winctrl2.obj
 0001:00003b34       ?GetMessageMap@CTreeCtrl@@MBEPBUAFX_MSGMAP@@XZ 5f804b34 f   winctrl2.obj
 0001:00003b44       ?Create@CTreeCtrl@@QAEHKABUtagRECT@@PAVCWnd@@I@Z 5f804b44 f   winctrl2.obj
 0001:00003bc6       ??1CTreeCtrl@@UAE@XZ       5f804bc6 f   winctrl2.obj
 0001:00003c17       ?GetItemRect@CTreeCtrl@@QBEHPAU_TREEITEM@@PAUtagRECT@@H@Z 5f804c17 f   winctrl2.obj
 0001:00003c77       ?GetItemText@CTreeCtrl@@QBE?AVCString@@PAU_TREEITEM@@@Z 5f804c77 f   winctrl2.obj
 0001:00003d7b       ?GetItemImage@CTreeCtrl@@QBEHPAU_TREEITEM@@AAH1@Z 5f804d7b f   winctrl2.obj
 0001:00003dfc       ?GetItemState@CTreeCtrl@@QBEIPAU_TREEITEM@@I@Z 5f804dfc f   winctrl2.obj
 0001:00003e8f       ?GetItemData@CTreeCtrl@@QBEKPAU_TREEITEM@@@Z 5f804e8f f   winctrl2.obj
 0001:00003f15       ?ItemHasChildren@CTreeCtrl@@QBEHPAU_TREEITEM@@@Z 5f804f15 f   winctrl2.obj
 0001:00003f7d       ?SetItem@CTreeCtrl@@QAEHPAU_TREEITEM@@IPBGHHIIJ@Z 5f804f7d f   winctrl2.obj
 0001:00004005       ?InsertItem@CTreeCtrl@@QAEPAU_TREEITEM@@IPBGHHIIJPAU2@1@Z 5f805005 f   winctrl2.obj
 0001:00004093       ?HitTest@CTreeCtrl@@QBEPAU_TREEITEM@@VCPoint@@PAI@Z 5f805093 f   winctrl2.obj
 0001:0000410b       ?RemoveImageList@CTreeCtrl@@IAEXH@Z 5f80510b f   winctrl2.obj
 0001:00004150       ?OnDestroy@CTreeCtrl@@QAEXXZ 5f805150 f   winctrl2.obj
 0001:00004177       ?CreateDragImage@CTreeCtrl@@QAEPAVCImageList@@PAU_TREEITEM@@@Z 5f805177 f   winctrl2.obj
 0001:0000423d       ?Create@CSpinButtonCtrl@@QAEHKABUtagRECT@@PAVCWnd@@I@Z 5f80523d f   winctrl2.obj
 0001:000042bf       ??1CSpinButtonCtrl@@UAE@XZ 5f8052bf f   winctrl2.obj
 0001:00004310       ?GetRange@CSpinButtonCtrl@@QBEXAAH0@Z 5f805310 f   winctrl2.obj
 0001:00004386       ?Create@CSliderCtrl@@QAEHKABUtagRECT@@PAVCWnd@@I@Z 5f805386 f   winctrl2.obj
 0001:00004408       ??1CSliderCtrl@@UAE@XZ     5f805408 f   winctrl2.obj
 0001:00004459       ?GetRange@CSliderCtrl@@QBEXAAH0@Z 5f805459 f   winctrl2.obj
 0001:000044b1       ?SetRange@CSliderCtrl@@QAEXHHH@Z 5f8054b1 f   winctrl2.obj
 0001:000044de       ?GetSelection@CSliderCtrl@@QBEXAAH0@Z 5f8054de f   winctrl2.obj
 0001:00004552       ?SetSelection@CSliderCtrl@@QAEXHH@Z 5f805552 f   winctrl2.obj
 0001:000045c0       ?Create@CProgressCtrl@@QAEHKABUtagRECT@@PAVCWnd@@I@Z 5f8055c0 f   winctrl2.obj
 0001:00004642       ??1CProgressCtrl@@UAE@XZ   5f805642 f   winctrl2.obj
 0001:00004693       ?Create@CHeaderCtrl@@QAEHKABUtagRECT@@PAVCWnd@@I@Z 5f805693 f   winctrl2.obj
 0001:00004715       ??1CHeaderCtrl@@UAE@XZ     5f805715 f   winctrl2.obj
 0001:00004766       ?DrawItem@CHeaderCtrl@@UAEXPAUtagDRAWITEMSTRUCT@@@Z 5f805766 f   winctrl2.obj
 0001:0000479c       ?OnChildNotify@CHeaderCtrl@@MAEHIIJPAJ@Z 5f80579c f   winctrl2.obj
 0001:00004806       ?Create@CHotKeyCtrl@@QAEHKABUtagRECT@@PAVCWnd@@I@Z 5f805806 f   winctrl2.obj
 0001:00004888       ??1CHotKeyCtrl@@UAE@XZ     5f805888 f   winctrl2.obj
 0001:000048d9       ?GetHotKey@CHotKeyCtrl@@QBEXAAG0@Z 5f8058d9 f   winctrl2.obj
 0001:0000495a       ?_GetBaseMessageMap@CTabCtrl@@KGPBUAFX_MSGMAP@@XZ 5f80595a f   winctrl2.obj
 0001:00004964       ?GetMessageMap@CTabCtrl@@MBEPBUAFX_MSGMAP@@XZ 5f805964 f   winctrl2.obj
 0001:00004974       ?Create@CTabCtrl@@QAEHKABUtagRECT@@PAVCWnd@@I@Z 5f805974 f   winctrl2.obj
 0001:000049f6       ??1CTabCtrl@@UAE@XZ        5f8059f6 f   winctrl2.obj
 0001:00004a47       ?DrawItem@CTabCtrl@@UAEXPAUtagDRAWITEMSTRUCT@@@Z 5f805a47 f   winctrl2.obj
 0001:00004a7d       ?OnChildNotify@CTabCtrl@@MAEHIIJPAJ@Z 5f805a7d f   winctrl2.obj
 0001:00004ae7       ?OnDestroy@CTabCtrl@@IAEXXZ 5f805ae7 f   winctrl2.obj
 0001:00004b2e       ?Create@CAnimateCtrl@@QAEHKABUtagRECT@@PAVCWnd@@I@Z 5f805b2e f   winctrl2.obj
 0001:00004bb0       ??1CAnimateCtrl@@UAE@XZ    5f805bb0 f   winctrl2.obj
 0001:00004c01       ??1CRichEditCtrl@@UAE@XZ   5f805c01 f   winctrl2.obj
 0001:00004c52       ??0CImageList@@QAE@XZ      5f805c52 f   winctrl2.obj
 0001:00004c7b       ??1CImageList@@UAE@XZ      5f805c7b f   winctrl2.obj
 0001:00004ccc       ?Detach@CImageList@@QAEPAU_IMAGELIST@@XZ 5f805ccc f   winctrl2.obj
 0001:00004daa       ?DeleteImageList@CImageList@@QAEHXZ 5f805daa f   winctrl2.obj
 0001:00004dd1       ?DeleteTempMap@CImageList@@SGXXZ 5f805dd1 f   winctrl2.obj
 0001:00004df4       ?FromHandle@CImageList@@SGPAV1@PAU_IMAGELIST@@@Z 5f805df4 f   winctrl2.obj
 0001:00004e70       ?FromHandlePermanent@CImageList@@SGPAV1@PAU_IMAGELIST@@@Z 5f805e70 f   winctrl2.obj
 0001:00004ed9       ?Create@CImageList@@QAEHHHIHH@Z 5f805ed9 f   winctrl2.obj
 0001:00004f09       ?Create@CImageList@@QAEHIHHK@Z 5f805f09 f   winctrl2.obj
 0001:00004f79       ?Create@CImageList@@QAEHPBGHHK@Z 5f805f79 f   winctrl2.obj
 0001:00004fb5       ?Create@CImageList@@QAEHAAV1@H0HHH@Z 5f805fb5 f   winctrl2.obj
 0001:00004fef       ?Attach@CImageList@@QAEHPAU_IMAGELIST@@@Z 5f805fef f   winctrl2.obj
 0001:000050a3       ?Read@CImageList@@QAEHPAVCArchive@@@Z 5f8060a3 f   winctrl2.obj
 0001:00005149       ?Write@CImageList@@QAEHPAVCArchive@@@Z 5f806149 f   winctrl2.obj
 0001:000051e4       ?Dump@CImageList@@UBEXAAVCDumpContext@@@Z 5f8061e4 f   winctrl2.obj
 0001:00005225       ?AssertValid@CImageList@@UBEXXZ 5f806225 f   winctrl2.obj
 0001:000052e7       ??0CDragListBox@@QAE@XZ    5f8062e7 f   winctrl2.obj
 0001:00005310       ?ItemFromPt@CDragListBox@@QBEHVCPoint@@H@Z 5f806310 f   winctrl2.obj
 0001:00005372       ??0CToolBarCtrl@@QAE@XZ    5f806372 f   winctrl2.obj
 0001:00005391       ?EnableButton@CToolBarCtrl@@QAEHHH@Z 5f806391 f   winctrl2.obj
 0001:000053eb       ?CheckButton@CToolBarCtrl@@QAEHHH@Z 5f8063eb f   winctrl2.obj
 0001:00005445       ?PressButton@CToolBarCtrl@@QAEHHH@Z 5f806445 f   winctrl2.obj
 0001:0000549f       ?HideButton@CToolBarCtrl@@QAEHHH@Z 5f80649f f   winctrl2.obj
 0001:000054f9       ?Indeterminate@CToolBarCtrl@@QAEHHH@Z 5f8064f9 f   winctrl2.obj
 0001:00005553       ?IsButtonEnabled@CToolBarCtrl@@QBEHH@Z 5f806553 f   winctrl2.obj
 0001:000055a6       ?IsButtonChecked@CToolBarCtrl@@QBEHH@Z 5f8065a6 f   winctrl2.obj
 0001:000055f9       ?IsButtonPressed@CToolBarCtrl@@QBEHH@Z 5f8065f9 f   winctrl2.obj
 0001:0000564c       ?IsButtonHidden@CToolBarCtrl@@QBEHH@Z 5f80664c f   winctrl2.obj
 0001:0000569f       ?IsButtonIndeterminate@CToolBarCtrl@@QBEHH@Z 5f80669f f   winctrl2.obj
 0001:000056f2       ?SetState@CToolBarCtrl@@QAEHHI@Z 5f8066f2 f   winctrl2.obj
 0001:0000574c       ?GetState@CToolBarCtrl@@QBEHH@Z 5f80674c f   winctrl2.obj
 0001:0000579f       ?AddButtons@CToolBarCtrl@@QAEHHPAU_TBBUTTON@@@Z 5f80679f f   winctrl2.obj
 0001:000057f4       ?InsertButton@CToolBarCtrl@@QAEHHPAU_TBBUTTON@@@Z 5f8067f4 f   winctrl2.obj
 0001:00005849       ?DeleteButton@CToolBarCtrl@@QAEHH@Z 5f806849 f   winctrl2.obj
 0001:0000589c       ?GetButton@CToolBarCtrl@@QBEHHPAU_TBBUTTON@@@Z 5f80689c f   winctrl2.obj
 0001:000058f1       ?GetButtonCount@CToolBarCtrl@@QBEHXZ 5f8068f1 f   winctrl2.obj
 0001:00005940       ?CommandToIndex@CToolBarCtrl@@QBEII@Z 5f806940 f   winctrl2.obj
 0001:00005993       ?Customize@CToolBarCtrl@@QAEXXZ 5f806993 f   winctrl2.obj
 0001:000059e2       ?AddStrings@CToolBarCtrl@@QAEHPBG@Z 5f8069e2 f   winctrl2.obj
 0001:00005a35       ?GetItemRect@CToolBarCtrl@@QBEHHPAUtagRECT@@@Z 5f806a35 f   winctrl2.obj
 0001:00005a8a       ?SetButtonStructSize@CToolBarCtrl@@QAEXH@Z 5f806a8a f   winctrl2.obj
 0001:00005add       ?SetButtonSize@CToolBarCtrl@@QAEHVCSize@@@Z 5f806add f   winctrl2.obj
 0001:00005b43       ?SetBitmapSize@CToolBarCtrl@@QAEHVCSize@@@Z 5f806b43 f   winctrl2.obj
 0001:00005ba9       ?AutoSize@CToolBarCtrl@@QAEXXZ 5f806ba9 f   winctrl2.obj
 0001:00005bf8       ?GetToolTips@CToolBarCtrl@@QBEPAVCToolTipCtrl@@XZ 5f806bf8 f   winctrl2.obj
 0001:00005c4d       ?SetToolTips@CToolBarCtrl@@QAEXPAVCToolTipCtrl@@@Z 5f806c4d f   winctrl2.obj
 0001:00005ca3       ?SetOwner@CToolBarCtrl@@QAEXPAVCWnd@@@Z 5f806ca3 f   winctrl2.obj
 0001:00005cf9       ?SetRows@CToolBarCtrl@@QAEXHHPAUtagRECT@@@Z 5f806cf9 f   winctrl2.obj
 0001:00005d62       ?GetRows@CToolBarCtrl@@QBEHXZ 5f806d62 f   winctrl2.obj
 0001:00005db1       ?SetCmdID@CToolBarCtrl@@QAEHHI@Z 5f806db1 f   winctrl2.obj
 0001:00005e06       ?GetBitmapFlags@CToolBarCtrl@@QBEIXZ 5f806e06 f   winctrl2.obj
 0001:00005e55       ??0CStatusBarCtrl@@QAE@XZ  5f806e55 f   winctrl2.obj
 0001:00005e74       ?SetText@CStatusBarCtrl@@QAEHPBGHH@Z 5f806e74 f   winctrl2.obj
 0001:00005eec       ?SetParts@CStatusBarCtrl@@QAEHHPAH@Z 5f806eec f   winctrl2.obj
 0001:00005f41       ?GetParts@CStatusBarCtrl@@QBEHHPAH@Z 5f806f41 f   winctrl2.obj
 0001:00005f96       ?GetBorders@CStatusBarCtrl@@QBEHPAH@Z 5f806f96 f   winctrl2.obj
 0001:00005fe9       ?SetMinHeight@CStatusBarCtrl@@QAEXH@Z 5f806fe9 f   winctrl2.obj
 0001:0000603c       ?SetSimple@CStatusBarCtrl@@QAEHH@Z 5f80703c f   winctrl2.obj
 0001:0000608f       ?GetRect@CStatusBarCtrl@@QBEHHPAUtagRECT@@@Z 5f80708f f   winctrl2.obj
 0001:000060e4       ??0CListCtrl@@QAE@XZ       5f8070e4 f   winctrl2.obj
 0001:00006103       ?GetBkColor@CListCtrl@@QBEKXZ 5f807103 f   winctrl2.obj
 0001:00006152       ?SetBkColor@CListCtrl@@QAEHK@Z 5f807152 f   winctrl2.obj
 0001:000061a5       ?GetImageList@CListCtrl@@QBEPAVCImageList@@H@Z 5f8071a5 f   winctrl2.obj
 0001:000061fe       ?SetImageList@CListCtrl@@QAEPAVCImageList@@PAV2@H@Z 5f8071fe f   winctrl2.obj
 0001:0000625e       ?GetItemCount@CListCtrl@@QBEHXZ 5f80725e f   winctrl2.obj
 0001:000062ad       ?GetItem@CListCtrl@@QBEHPAUtagLVITEMW@@@Z 5f8072ad f   winctrl2.obj
 0001:00006300       ?SetItem@CListCtrl@@QAEHPBUtagLVITEMW@@@Z 5f807300 f   winctrl2.obj
 0001:00006353       ?SetItemState@CListCtrl@@QAEHHII@Z 5f807353 f   winctrl2.obj
 0001:000063af       ?SetItemText@CListCtrl@@QAEHHHPBG@Z 5f8073af f   winctrl2.obj
 0001:0000640b       ?SetItemData@CListCtrl@@QAEHHK@Z 5f80740b f   winctrl2.obj
 0001:00006465       ?InsertItem@CListCtrl@@QAEHPBUtagLVITEMW@@@Z 5f807465 f   winctrl2.obj
 0001:000064bb       ?InsertItem@CListCtrl@@QAEHHPBG@Z 5f8074bb f   winctrl2.obj
 0001:00006513       ?InsertItem@CListCtrl@@QAEHHPBGH@Z 5f807513 f   winctrl2.obj
 0001:0000656d       ?DeleteItem@CListCtrl@@QAEHH@Z 5f80756d f   winctrl2.obj
 0001:000065c3       ?DeleteAllItems@CListCtrl@@QAEHXZ 5f8075c3 f   winctrl2.obj
 0001:00006615       ?GetCallbackMask@CListCtrl@@QBEIXZ 5f807615 f   winctrl2.obj
 0001:00006667       ?SetCallbackMask@CListCtrl@@QAEHI@Z 5f807667 f   winctrl2.obj
 0001:000066bd       ?GetNextItem@CListCtrl@@QBEHHH@Z 5f8076bd f   winctrl2.obj
 0001:0000671a       ?FindItem@CListCtrl@@QBEHPAUtagLVFINDINFOW@@H@Z 5f80771a f   winctrl2.obj
 0001:00006772       ?HitTest@CListCtrl@@QBEHPAUtagLVHITTESTINFO@@@Z 5f807772 f   winctrl2.obj
 0001:000067c8       ?SetItemPosition@CListCtrl@@QAEHHUtagPOINT@@@Z 5f8077c8 f   winctrl2.obj
 0001:00006820       ?GetItemPosition@CListCtrl@@QBEHHPAUtagPOINT@@@Z 5f807820 f   winctrl2.obj
 0001:00006878       ?GetStringWidth@CListCtrl@@QBEHPBG@Z 5f807878 f   winctrl2.obj
 0001:000068ce       ?EnsureVisible@CListCtrl@@QAEHHH@Z 5f8078ce f   winctrl2.obj
 0001:0000692b       ?Scroll@CListCtrl@@QAEHVCSize@@@Z 5f80792b f   winctrl2.obj
 0001:00006983       ?RedrawItems@CListCtrl@@QAEHHH@Z 5f807983 f   winctrl2.obj
 0001:000069db       ?Arrange@CListCtrl@@QAEHI@Z 5f8079db f   winctrl2.obj
 0001:00006a31       ?EditLabel@CListCtrl@@QAEPAVCEdit@@H@Z 5f807a31 f   winctrl2.obj
 0001:00006a8d       ?GetEditControl@CListCtrl@@QBEPAVCEdit@@XZ 5f807a8d f   winctrl2.obj
 0001:00006ae5       ?GetColumn@CListCtrl@@QBEHHPAUtagLVCOLUMNW@@@Z 5f807ae5 f   winctrl2.obj
 0001:00006b3d       ?SetColumn@CListCtrl@@QAEHHPBUtagLVCOLUMNW@@@Z 5f807b3d f   winctrl2.obj
 0001:00006b95       ?InsertColumn@CListCtrl@@QAEHHPBUtagLVCOLUMNW@@@Z 5f807b95 f   winctrl2.obj
 0001:00006bed       ?DeleteColumn@CListCtrl@@QAEHH@Z 5f807bed f   winctrl2.obj
 0001:00006c43       ?GetColumnWidth@CListCtrl@@QBEHH@Z 5f807c43 f   winctrl2.obj
 0001:00006c99       ?SetColumnWidth@CListCtrl@@QAEHHH@Z 5f807c99 f   winctrl2.obj
 0001:00006cf6       ?GetViewRect@CListCtrl@@QBEHPAUtagRECT@@@Z 5f807cf6 f   winctrl2.obj
 0001:00006d4c       ?GetTextColor@CListCtrl@@QBEKXZ 5f807d4c f   winctrl2.obj
 0001:00006d9e       ?SetTextColor@CListCtrl@@QAEHK@Z 5f807d9e f   winctrl2.obj
 0001:00006df4       ?GetTextBkColor@CListCtrl@@QBEKXZ 5f807df4 f   winctrl2.obj
 0001:00006e46       ?SetTextBkColor@CListCtrl@@QAEHK@Z 5f807e46 f   winctrl2.obj
 0001:00006e9c       ?GetTopIndex@CListCtrl@@QBEHXZ 5f807e9c f   winctrl2.obj
 0001:00006eee       ?GetCountPerPage@CListCtrl@@QBEHXZ 5f807eee f   winctrl2.obj
 0001:00006f40       ?GetOrigin@CListCtrl@@QBEHPAUtagPOINT@@@Z 5f807f40 f   winctrl2.obj
 0001:00006f96       ?Update@CListCtrl@@QAEHH@Z 5f807f96 f   winctrl2.obj
 0001:00006fec       ?SetItemState@CListCtrl@@QAEHHPAUtagLVITEMW@@@Z 5f807fec f   winctrl2.obj
 0001:00007044       ?GetItemState@CListCtrl@@QBEIHI@Z 5f808044 f   winctrl2.obj
 0001:0000709c       ?SetItemCount@CListCtrl@@QAEXH@Z 5f80809c f   winctrl2.obj
 0001:000070f2       ?SortItems@CListCtrl@@QAEHP6GHJJJ@ZK@Z 5f8080f2 f   winctrl2.obj
 0001:0000714a       ?GetSelectedCount@CListCtrl@@QBEIXZ 5f80814a f   winctrl2.obj
 0001:0000719c       ??0CTreeCtrl@@QAE@XZ       5f80819c f   winctrl2.obj
 0001:000071bb       ?InsertItem@CTreeCtrl@@QAEPAU_TREEITEM@@PAUtagTVINSERTSTRUCTW@@@Z 5f8081bb f   winctrl2.obj
 0001:00007211       ?InsertItem@CTreeCtrl@@QAEPAU_TREEITEM@@PBGHHPAU2@1@Z 5f808211 f   winctrl2.obj
 0001:00007273       ?InsertItem@CTreeCtrl@@QAEPAU_TREEITEM@@PBGPAU2@1@Z 5f808273 f   winctrl2.obj
 0001:000072d1       ?DeleteItem@CTreeCtrl@@QAEHPAU_TREEITEM@@@Z 5f8082d1 f   winctrl2.obj
 0001:00007327       ?DeleteAllItems@CTreeCtrl@@QAEHXZ 5f808327 f   winctrl2.obj
 0001:0000737c       ?Expand@CTreeCtrl@@QAEHPAU_TREEITEM@@I@Z 5f80837c f   winctrl2.obj
 0001:000073d4       ?GetCount@CTreeCtrl@@QBEIXZ 5f8083d4 f   winctrl2.obj
 0001:00007426       ?GetIndent@CTreeCtrl@@QBEIXZ 5f808426 f   winctrl2.obj
 0001:00007478       ?SetIndent@CTreeCtrl@@QAEXI@Z 5f808478 f   winctrl2.obj
 0001:000074ce       ?GetImageList@CTreeCtrl@@QBEPAVCImageList@@I@Z 5f8084ce f   winctrl2.obj
 0001:0000752a       ?SetImageList@CTreeCtrl@@QAEPAVCImageList@@PAV2@H@Z 5f80852a f   winctrl2.obj
 0001:0000758d       ?GetNextItem@CTreeCtrl@@QBEPAU_TREEITEM@@PAU2@I@Z 5f80858d f   winctrl2.obj
 0001:000075e5       ?GetChildItem@CTreeCtrl@@QBEPAU_TREEITEM@@PAU2@@Z 5f8085e5 f   winctrl2.obj
 0001:0000763b       ?GetNextSiblingItem@CTreeCtrl@@QBEPAU_TREEITEM@@PAU2@@Z 5f80863b f   winctrl2.obj
 0001:00007691       ?GetPrevSiblingItem@CTreeCtrl@@QBEPAU_TREEITEM@@PAU2@@Z 5f808691 f   winctrl2.obj
 0001:000076e7       ?GetParentItem@CTreeCtrl@@QBEPAU_TREEITEM@@PAU2@@Z 5f8086e7 f   winctrl2.obj
 0001:0000773d       ?GetFirstVisibleItem@CTreeCtrl@@QBEPAU_TREEITEM@@XZ 5f80873d f   winctrl2.obj
 0001:0000778f       ?GetNextVisibleItem@CTreeCtrl@@QBEPAU_TREEITEM@@PAU2@@Z 5f80878f f   winctrl2.obj
 0001:000077e5       ?GetPrevVisibleItem@CTreeCtrl@@QBEPAU_TREEITEM@@PAU2@@Z 5f8087e5 f   winctrl2.obj
 0001:0000783b       ?GetSelectedItem@CTreeCtrl@@QBEPAU_TREEITEM@@XZ 5f80883b f   winctrl2.obj
 0001:0000788d       ?GetDropHilightItem@CTreeCtrl@@QBEPAU_TREEITEM@@XZ 5f80888d f   winctrl2.obj
 0001:000078df       ?GetRootItem@CTreeCtrl@@QBEPAU_TREEITEM@@XZ 5f8088df f   winctrl2.obj
 0001:00007931       ?Select@CTreeCtrl@@QAEHPAU_TREEITEM@@I@Z 5f808931 f   winctrl2.obj
 0001:00007989       ?SelectItem@CTreeCtrl@@QAEHPAU_TREEITEM@@@Z 5f808989 f   winctrl2.obj
 0001:000079df       ?SelectDropTarget@CTreeCtrl@@QAEHPAU_TREEITEM@@@Z 5f8089df f   winctrl2.obj
 0001:00007a35       ?SelectSetFirstVisible@CTreeCtrl@@QAEHPAU_TREEITEM@@@Z 5f808a35 f   winctrl2.obj
 0001:00007a8b       ?GetItem@CTreeCtrl@@QBEHPAUtagTVITEMW@@@Z 5f808a8b f   winctrl2.obj
 0001:00007ae1       ?SetItem@CTreeCtrl@@QAEHPAUtagTVITEMW@@@Z 5f808ae1 f   winctrl2.obj
 0001:00007b37       ?SetItemText@CTreeCtrl@@QAEHPAU_TREEITEM@@PBG@Z 5f808b37 f   winctrl2.obj
 0001:00007b91       ?SetItemImage@CTreeCtrl@@QAEHPAU_TREEITEM@@HH@Z 5f808b91 f   winctrl2.obj
 0001:00007bed       ?SetItemState@CTreeCtrl@@QAEHPAU_TREEITEM@@II@Z 5f808bed f   winctrl2.obj
 0001:00007c49       ?SetItemData@CTreeCtrl@@QAEHPAU_TREEITEM@@K@Z 5f808c49 f   winctrl2.obj
 0001:00007ca3       ?EditLabel@CTreeCtrl@@QAEPAVCEdit@@PAU_TREEITEM@@@Z 5f808ca3 f   winctrl2.obj
 0001:00007cff       ?HitTest@CTreeCtrl@@QBEPAU_TREEITEM@@PAUtagTVHITTESTINFO@@@Z 5f808cff f   winctrl2.obj
 0001:00007d55       ?GetEditControl@CTreeCtrl@@QBEPAVCEdit@@XZ 5f808d55 f   winctrl2.obj
 0001:00007dad       ?GetVisibleCount@CTreeCtrl@@QBEIXZ 5f808dad f   winctrl2.obj
 0001:00007dff       ?SortChildren@CTreeCtrl@@QAEHPAU_TREEITEM@@@Z 5f808dff f   winctrl2.obj
 0001:00007e55       ?EnsureVisible@CTreeCtrl@@QAEHPAU_TREEITEM@@@Z 5f808e55 f   winctrl2.obj
 0001:00007eab       ?SortChildrenCB@CTreeCtrl@@QAEHPAUtagTVSORTCB@@@Z 5f808eab f   winctrl2.obj
 0001:00007f01       ??0CHotKeyCtrl@@QAE@XZ     5f808f01 f   winctrl2.obj
 0001:00007f20       ?SetHotKey@CHotKeyCtrl@@QAEXGG@Z 5f808f20 f   winctrl2.obj
 0001:00007f8e       ?GetHotKey@CHotKeyCtrl@@QBEKXZ 5f808f8e f   winctrl2.obj
 0001:00007fe0       ?SetRules@CHotKeyCtrl@@QAEXGG@Z 5f808fe0 f   winctrl2.obj
 0001:00008043       ?Activate@CToolTipCtrl@@QAEXH@Z 5f809043 f   winctrl2.obj
 0001:00008099       ?SetToolInfo@CToolTipCtrl@@QAEXPAUtagTOOLINFOW@@@Z 5f809099 f   winctrl2.obj
 0001:000080ef       ?RelayEvent@CToolTipCtrl@@QAEXPAUtagMSG@@@Z 5f8090ef f   winctrl2.obj
 0001:00008145       ?SetDelayTime@CToolTipCtrl@@QAEXI@Z 5f809145 f   winctrl2.obj
 0001:0000819b       ?GetToolCount@CToolTipCtrl@@QBEHXZ 5f80919b f   winctrl2.obj
 0001:000081ed       ??0CSpinButtonCtrl@@QAE@XZ 5f8091ed f   winctrl2.obj
 0001:0000820c       ?GetAccel@CSpinButtonCtrl@@QBEIHPAU_UDACCEL@@@Z 5f80920c f   winctrl2.obj
 0001:00008269       ?GetBase@CSpinButtonCtrl@@QBEIXZ 5f809269 f   winctrl2.obj
 0001:000082c0       ?GetBuddy@CSpinButtonCtrl@@QBEPAVCWnd@@XZ 5f8092c0 f   winctrl2.obj
 0001:00008318       ?GetPos@CSpinButtonCtrl@@QBEHXZ 5f809318 f   winctrl2.obj
 0001:0000836a       ?GetRange@CSpinButtonCtrl@@QBEKXZ 5f80936a f   winctrl2.obj
 0001:000083bc       ?SetAccel@CSpinButtonCtrl@@QAEHHPAU_UDACCEL@@@Z 5f8093bc f   winctrl2.obj
 0001:00008419       ?SetBase@CSpinButtonCtrl@@QAEHH@Z 5f809419 f   winctrl2.obj
 0001:0000846f       ?SetBuddy@CSpinButtonCtrl@@QAEPAVCWnd@@PAV2@@Z 5f80946f f   winctrl2.obj
 0001:000084ce       ?SetPos@CSpinButtonCtrl@@QAEHH@Z 5f8094ce f   winctrl2.obj
 0001:0000852c       ?SetRange@CSpinButtonCtrl@@QAEXHH@Z 5f80952c f   winctrl2.obj
 0001:00008595       ??0CSliderCtrl@@QAE@XZ     5f809595 f   winctrl2.obj
 0001:000085b4       ?GetLineSize@CSliderCtrl@@QBEHXZ 5f8095b4 f   winctrl2.obj
 0001:00008606       ?SetLineSize@CSliderCtrl@@QAEHH@Z 5f809606 f   winctrl2.obj
 0001:0000865c       ?GetPageSize@CSliderCtrl@@QBEHXZ 5f80965c f   winctrl2.obj
 0001:000086ae       ?SetPageSize@CSliderCtrl@@QAEHH@Z 5f8096ae f   winctrl2.obj
 0001:00008704       ?GetRangeMax@CSliderCtrl@@QBEHXZ 5f809704 f   winctrl2.obj
 0001:00008756       ?GetRangeMin@CSliderCtrl@@QBEHXZ 5f809756 f   winctrl2.obj
 0001:000087a8       ?SetRangeMin@CSliderCtrl@@QAEXHH@Z 5f8097a8 f   winctrl2.obj
 0001:00008800       ?SetRangeMax@CSliderCtrl@@QAEXHH@Z 5f809800 f   winctrl2.obj
 0001:00008858       ?ClearSel@CSliderCtrl@@QAEXH@Z 5f809858 f   winctrl2.obj
 0001:000088ae       ?GetChannelRect@CSliderCtrl@@QBEXPAUtagRECT@@@Z 5f8098ae f   winctrl2.obj
 0001:00008904       ?GetThumbRect@CSliderCtrl@@QBEXPAUtagRECT@@@Z 5f809904 f   winctrl2.obj
 0001:0000895a       ?GetPos@CSliderCtrl@@QBEHXZ 5f80995a f   winctrl2.obj
 0001:000089ac       ?SetPos@CSliderCtrl@@QAEXH@Z 5f8099ac f   winctrl2.obj
 0001:00008a02       ?VerifyPos@CSliderCtrl@@QAEXXZ 5f809a02 f   winctrl2.obj
 0001:00008a54       ?ClearTics@CSliderCtrl@@QAEXH@Z 5f809a54 f   winctrl2.obj
 0001:00008aaa       ?GetNumTics@CSliderCtrl@@QBEIXZ 5f809aaa f   winctrl2.obj
 0001:00008afc       ?GetTicArray@CSliderCtrl@@QBEPAKXZ 5f809afc f   winctrl2.obj
 0001:00008b4e       ?GetTic@CSliderCtrl@@QBEHH@Z 5f809b4e f   winctrl2.obj
 0001:00008ba4       ?GetTicPos@CSliderCtrl@@QBEHH@Z 5f809ba4 f   winctrl2.obj
 0001:00008bfa       ?SetTic@CSliderCtrl@@QAEHH@Z 5f809bfa f   winctrl2.obj
 0001:00008c50       ?SetTicFreq@CSliderCtrl@@QAEXH@Z 5f809c50 f   winctrl2.obj
 0001:00008ca6       ??0CProgressCtrl@@QAE@XZ   5f809ca6 f   winctrl2.obj
 0001:00008cc5       ?SetRange@CProgressCtrl@@QAEXHH@Z 5f809cc5 f   winctrl2.obj
 0001:00008d2e       ?SetPos@CProgressCtrl@@QAEHH@Z 5f809d2e f   winctrl2.obj
 0001:00008d89       ?OffsetPos@CProgressCtrl@@QAEHH@Z 5f809d89 f   winctrl2.obj
 0001:00008de4       ?SetStep@CProgressCtrl@@QAEHH@Z 5f809de4 f   winctrl2.obj
 0001:00008e3f       ?StepIt@CProgressCtrl@@QAEHXZ 5f809e3f f   winctrl2.obj
 0001:00008e96       ??0CHeaderCtrl@@QAE@XZ     5f809e96 f   winctrl2.obj
 0001:00008eb5       ?GetItemCount@CHeaderCtrl@@QBEHXZ 5f809eb5 f   winctrl2.obj
 0001:00008f07       ?InsertItem@CHeaderCtrl@@QAEHHPAU_HD_ITEMW@@@Z 5f809f07 f   winctrl2.obj
 0001:00008f5f       ?DeleteItem@CHeaderCtrl@@QAEHH@Z 5f809f5f f   winctrl2.obj
 0001:00008fb5       ?GetItem@CHeaderCtrl@@QBEHHPAU_HD_ITEMW@@@Z 5f809fb5 f   winctrl2.obj
 0001:0000900d       ?SetItem@CHeaderCtrl@@QAEHHPAU_HD_ITEMW@@@Z 5f80a00d f   winctrl2.obj
 0001:00009065       ?Layout@CHeaderCtrl@@QAEHPAU_HD_LAYOUT@@@Z 5f80a065 f   winctrl2.obj
 0001:000090bb       ??BCImageList@@QBEPAU_IMAGELIST@@XZ 5f80a0bb f   winctrl2.obj
 0001:000090cc       ?GetSafeHandle@CImageList@@QBEPAU_IMAGELIST@@XZ 5f80a0cc f   winctrl2.obj
 0001:000090f4       ?GetImageCount@CImageList@@QBEHXZ 5f80a0f4 f   winctrl2.obj
 0001:00009135       ?Add@CImageList@@QAEHPAVCBitmap@@0@Z 5f80a135 f   winctrl2.obj
 0001:0000918a       ?Add@CImageList@@QAEHPAVCBitmap@@K@Z 5f80a18a f   winctrl2.obj
 0001:000091da       ?Remove@CImageList@@QAEHH@Z 5f80a1da f   winctrl2.obj
 0001:00009221       ?Replace@CImageList@@QAEHHPAVCBitmap@@0@Z 5f80a221 f   winctrl2.obj
 0001:0000927a       ?Add@CImageList@@QAEHPAUHICON__@@@Z 5f80a27a f   winctrl2.obj
 0001:000092c3       ?Replace@CImageList@@QAEHHPAUHICON__@@@Z 5f80a2c3 f   winctrl2.obj
 0001:0000930e       ?ExtractIconW@CImageList@@QAEPAUHICON__@@H@Z 5f80a30e f   winctrl2.obj
 0001:00009357       ?Draw@CImageList@@QAEHPAVCDC@@HUtagPOINT@@I@Z 5f80a357 f   winctrl2.obj
 0001:000093d3       ?SetBkColor@CImageList@@QAEKK@Z 5f80a3d3 f   winctrl2.obj
 0001:0000941a       ?GetBkColor@CImageList@@QBEKXZ 5f80a41a f   winctrl2.obj
 0001:0000945b       ?SetOverlayImage@CImageList@@QAEHHH@Z 5f80a45b f   winctrl2.obj
 0001:000094a6       ?GetImageInfo@CImageList@@QBEHHPAU_IMAGEINFO@@@Z 5f80a4a6 f   winctrl2.obj
 0001:000094f1       ?BeginDrag@CImageList@@QAEHHVCPoint@@@Z 5f80a4f1 f   winctrl2.obj
 0001:00009540       ?EndDrag@CImageList@@SGXXZ 5f80a540 f   winctrl2.obj
 0001:0000954b       ?DragMove@CImageList@@SGHVCPoint@@@Z 5f80a54b f   winctrl2.obj
 0001:00009560       ?SetDragCursorImage@CImageList@@QAEHHVCPoint@@@Z 5f80a560 f   winctrl2.obj
 0001:000095af       ?DragShowNolock@CImageList@@SGHH@Z 5f80a5af f   winctrl2.obj
 0001:000095c0       ?GetDragImage@CImageList@@SGPAV1@PAUtagPOINT@@0@Z 5f80a5c0 f   winctrl2.obj
 0001:000095db       ?DragEnter@CImageList@@SGHPAVCWnd@@VCPoint@@@Z 5f80a5db f   winctrl2.obj
 0001:000095f9       ?DragLeave@CImageList@@SGHPAVCWnd@@@Z 5f80a5f9 f   winctrl2.obj
 0001:0000960f       ??0CTabCtrl@@QAE@XZ        5f80a60f f   winctrl2.obj
 0001:0000962e       ?GetImageList@CTabCtrl@@QBEPAVCImageList@@XZ 5f80a62e f   winctrl2.obj
 0001:00009686       ?SetImageList@CTabCtrl@@QAEPAVCImageList@@PAV2@@Z 5f80a686 f   winctrl2.obj
 0001:000096e7       ?GetItemCount@CTabCtrl@@QBEHXZ 5f80a6e7 f   winctrl2.obj
 0001:00009739       ?GetItem@CTabCtrl@@QBEHHPAUtagTCITEMW@@@Z 5f80a739 f   winctrl2.obj
 0001:00009791       ?SetItem@CTabCtrl@@QAEHHPAUtagTCITEMW@@@Z 5f80a791 f   winctrl2.obj
 0001:000097e9       ?InsertItem@CTabCtrl@@QAEHHPAUtagTCITEMW@@@Z 5f80a7e9 f   winctrl2.obj
 0001:00009841       ?DeleteItem@CTabCtrl@@QAEHH@Z 5f80a841 f   winctrl2.obj
 0001:00009897       ?DeleteAllItems@CTabCtrl@@QAEHXZ 5f80a897 f   winctrl2.obj
 0001:000098e9       ?GetItemRect@CTabCtrl@@QBEHHPAUtagRECT@@@Z 5f80a8e9 f   winctrl2.obj
 0001:00009941       ?GetCurSel@CTabCtrl@@QBEHXZ 5f80a941 f   winctrl2.obj
 0001:00009993       ?SetCurSel@CTabCtrl@@QAEHH@Z 5f80a993 f   winctrl2.obj
 0001:000099e9       ?HitTest@CTabCtrl@@QBEHPAUtagTCHITTESTINFO@@@Z 5f80a9e9 f   winctrl2.obj
 0001:00009a3f       ?AdjustRect@CTabCtrl@@QAEXHPAUtagRECT@@@Z 5f80aa3f f   winctrl2.obj
 0001:00009a97       ?SetItemSize@CTabCtrl@@QAE?AVCSize@@V2@@Z 5f80aa97 f   winctrl2.obj
 0001:00009b0c       ?RemoveImage@CTabCtrl@@QAEXH@Z 5f80ab0c f   winctrl2.obj
 0001:00009b62       ?SetPadding@CTabCtrl@@QAEXVCSize@@@Z 5f80ab62 f   winctrl2.obj
 0001:00009bcb       ?GetRowCount@CTabCtrl@@QBEHXZ 5f80abcb f   winctrl2.obj
 0001:00009c1d       ?GetTooltips@CTabCtrl@@QBEPAVCToolTipCtrl@@XZ 5f80ac1d f   winctrl2.obj
 0001:00009c75       ?SetTooltips@CTabCtrl@@QAEXPAVCToolTipCtrl@@@Z 5f80ac75 f   winctrl2.obj
 0001:00009cce       ?GetCurFocus@CTabCtrl@@QBEHXZ 5f80acce f   winctrl2.obj
 0001:00009d20       ??0CAnimateCtrl@@QAE@XZ    5f80ad20 f   winctrl2.obj
 0001:00009d3f       ?Open@CAnimateCtrl@@QAEHPBG@Z 5f80ad3f f   winctrl2.obj
 0001:00009d95       ?Open@CAnimateCtrl@@QAEHI@Z 5f80ad95 f   winctrl2.obj
 0001:00009deb       ?Play@CAnimateCtrl@@QAEHIII@Z 5f80adeb f   winctrl2.obj
 0001:00009e56       ?Stop@CAnimateCtrl@@QAEHXZ 5f80ae56 f   winctrl2.obj
 0001:00009ea8       ?Close@CAnimateCtrl@@QAEHXZ 5f80aea8 f   winctrl2.obj
 0001:00009efa       ?Seek@CAnimateCtrl@@QAEHI@Z 5f80aefa f   winctrl2.obj
 0001:00009f63       ??0CRichEditCtrl@@QAE@XZ   5f80af63 f   winctrl2.obj
 0001:00009f82       ?CanUndo@CRichEditCtrl@@QBEHXZ 5f80af82 f   winctrl2.obj
 0001:00009fd4       ?GetLineCount@CRichEditCtrl@@QBEHXZ 5f80afd4 f   winctrl2.obj
 0001:0000a026       ?GetModify@CRichEditCtrl@@QBEHXZ 5f80b026 f   winctrl2.obj
 0001:0000a078       ?SetModify@CRichEditCtrl@@QAEXH@Z 5f80b078 f   winctrl2.obj
 0001:0000a0ce       ?GetRect@CRichEditCtrl@@QBEXPAUtagRECT@@@Z 5f80b0ce f   winctrl2.obj
 0001:0000a124       ?GetCharPos@CRichEditCtrl@@QBE?AVCPoint@@J@Z 5f80b124 f   winctrl2.obj
 0001:0000a197       ?SetOptions@CRichEditCtrl@@QAEXGK@Z 5f80b197 f   winctrl2.obj
 0001:0000a1f5       ?EmptyUndoBuffer@CRichEditCtrl@@QAEXXZ 5f80b1f5 f   winctrl2.obj
 0001:0000a247       ?ReplaceSel@CRichEditCtrl@@QAEXPBGH@Z 5f80b247 f   winctrl2.obj
 0001:0000a29f       ?SetRect@CRichEditCtrl@@QAEXPBUtagRECT@@@Z 5f80b29f f   winctrl2.obj
 0001:0000a2f5       ?Undo@CRichEditCtrl@@QAEHXZ 5f80b2f5 f   winctrl2.obj
 0001:0000a347       ?Clear@CRichEditCtrl@@QAEXXZ 5f80b347 f   winctrl2.obj
 0001:0000a399       ?Copy@CRichEditCtrl@@QAEXXZ 5f80b399 f   winctrl2.obj
 0001:0000a3eb       ?Cut@CRichEditCtrl@@QAEXXZ 5f80b3eb f   winctrl2.obj
 0001:0000a43d       ?Paste@CRichEditCtrl@@QAEXXZ 5f80b43d f   winctrl2.obj
 0001:0000a48f       ?SetReadOnly@CRichEditCtrl@@QAEHH@Z 5f80b48f f   winctrl2.obj
 0001:0000a4e5       ?GetFirstVisibleLine@CRichEditCtrl@@QBEHXZ 5f80b4e5 f   winctrl2.obj
 0001:0000a537       ?DisplayBand@CRichEditCtrl@@QAEHPAUtagRECT@@@Z 5f80b537 f   winctrl2.obj
 0001:0000a58d       ?GetSel@CRichEditCtrl@@QBEXAAU_charrange@@@Z 5f80b58d f   winctrl2.obj
 0001:0000a5e3       ?LimitText@CRichEditCtrl@@QAEXJ@Z 5f80b5e3 f   winctrl2.obj
 0001:0000a639       ?LineFromChar@CRichEditCtrl@@QBEJJ@Z 5f80b639 f   winctrl2.obj
 0001:0000a68f       ?SetSel@CRichEditCtrl@@QAEXAAU_charrange@@@Z 5f80b68f f   winctrl2.obj
 0001:0000a6e5       ?FindTextW@CRichEditCtrl@@QBEJKPAU_findtextexa@@@Z 5f80b6e5 f   winctrl2.obj
 0001:0000a73d       ?FormatRange@CRichEditCtrl@@QAEJPAU_formatrange@@H@Z 5f80b73d f   winctrl2.obj
 0001:0000a795       ?GetEventMask@CRichEditCtrl@@QBEJXZ 5f80b795 f   winctrl2.obj
 0001:0000a7e7       ?GetLimitText@CRichEditCtrl@@QBEJXZ 5f80b7e7 f   winctrl2.obj
 0001:0000a839       ?GetSelText@CRichEditCtrl@@QBEJPAD@Z 5f80b839 f   winctrl2.obj
 0001:0000a88f       ?HideSelection@CRichEditCtrl@@QAEXHH@Z 5f80b88f f   winctrl2.obj
 0001:0000a8e7       ?RequestResize@CRichEditCtrl@@QAEXXZ 5f80b8e7 f   winctrl2.obj
 0001:0000a939       ?GetSelectionType@CRichEditCtrl@@QBEGXZ 5f80b939 f   winctrl2.obj
 0001:0000a98b       ?SetBackgroundColor@CRichEditCtrl@@QAEKHK@Z 5f80b98b f   winctrl2.obj
 0001:0000a9e3       ?SetEventMask@CRichEditCtrl@@QAEKK@Z 5f80b9e3 f   winctrl2.obj
 0001:0000aa39       ?SetOLECallback@CRichEditCtrl@@QAEHPAUIRichEditOleCallback@@@Z 5f80ba39 f   winctrl2.obj
 0001:0000aa8f       ?SetTargetDevice@CRichEditCtrl@@QAEHPAUHDC__@@J@Z 5f80ba8f f   winctrl2.obj
 0001:0000aae7       ?SetTargetDevice@CRichEditCtrl@@QAEHAAVCDC@@J@Z 5f80bae7 f   winctrl2.obj
 0001:0000ab42       ?StreamIn@CRichEditCtrl@@QAEJHAAU_editstream@@@Z 5f80bb42 f   winctrl2.obj
 0001:0000ab9a       ?StreamOut@CRichEditCtrl@@QAEJHAAU_editstream@@@Z 5f80bb9a f   winctrl2.obj
 0001:0000abf2       ?GetTextLength@CRichEditCtrl@@QBEJXZ 5f80bbf2 f   winctrl2.obj
 0001:0000ac50       ??_GCDragListBox@@UAEPAXI@Z 5f80bc50 f i winctrl2.obj
 0001:0000ac80       ??_GCToolBarCtrl@@UAEPAXI@Z 5f80bc80 f i winctrl2.obj
 0001:0000acb0       ??_GCStatusBarCtrl@@UAEPAXI@Z 5f80bcb0 f i winctrl2.obj
 0001:0000ace0       ??_GCListCtrl@@UAEPAXI@Z   5f80bce0 f i winctrl2.obj
 0001:0000ad10       ??_GCTreeCtrl@@UAEPAXI@Z   5f80bd10 f i winctrl2.obj
 0001:0000ad40       ??_GCSpinButtonCtrl@@UAEPAXI@Z 5f80bd40 f i winctrl2.obj
 0001:0000ad70       ??_GCSliderCtrl@@UAEPAXI@Z 5f80bd70 f i winctrl2.obj
 0001:0000ada0       ??_GCProgressCtrl@@UAEPAXI@Z 5f80bda0 f i winctrl2.obj
 0001:0000add0       ??_GCHeaderCtrl@@UAEPAXI@Z 5f80bdd0 f i winctrl2.obj
 0001:0000ae00       ??_GCHotKeyCtrl@@UAEPAXI@Z 5f80be00 f i winctrl2.obj
 0001:0000ae30       ??_GCTabCtrl@@UAEPAXI@Z    5f80be30 f i winctrl2.obj
 0001:0000ae60       ??_GCAnimateCtrl@@UAEPAXI@Z 5f80be60 f i winctrl2.obj
 0001:0000ae90       ??_GCRichEditCtrl@@UAEPAXI@Z 5f80be90 f i winctrl2.obj
 0001:0000aec0       ??_GCImageList@@UAEPAXI@Z  5f80bec0 f i winctrl2.obj
 0001:0000aef0       ??1_AFX_RICHEDIT_STATE@@UAE@XZ 5f80bef0 f   winctrl4.obj
 0001:0000af4f       ?AfxGetRichEditState@@YAPAV_AFX_RICHEDIT_STATE@@XZ 5f80bf4f f   winctrl4.obj
 0001:0000af5e       ?AfxInitRichEdit@@YGHXZ    5f80bf5e f   winctrl4.obj
 0001:0000affa       ?Create@CRichEditCtrl@@QAEHKABUtagRECT@@PAVCWnd@@I@Z 5f80bffa f   winctrl4.obj
 0001:0000b040       ?GetLine@CRichEditCtrl@@QBEHHPAG@Z 5f80c040 f   winctrl4.obj
 0001:0000b095       ?LineIndex@CRichEditCtrl@@QBEHH@Z 5f80c095 f   winctrl4.obj
 0001:0000b0e8       ?LineLength@CRichEditCtrl@@QBEHH@Z 5f80c0e8 f   winctrl4.obj
 0001:0000b13b       ?LineScroll@CRichEditCtrl@@QAEXHH@Z 5f80c13b f   winctrl4.obj
 0001:0000b190       ?SetSel@CRichEditCtrl@@QAEXJJ@Z 5f80c190 f   winctrl4.obj
 0001:0000b1f1       ?CanPaste@CRichEditCtrl@@QBEHI@Z 5f80c1f1 f   winctrl4.obj
 0001:0000b276       ?PasteSpecial@CRichEditCtrl@@QAEXIKPAUHMETAFILE__@@@Z 5f80c276 f   winctrl4.obj
 0001:0000b2dc       ?GetLine@CRichEditCtrl@@QBEHHPAGH@Z 5f80c2dc f   winctrl4.obj
 0001:0000b33c       ?GetSel@CRichEditCtrl@@QBEXAAJ0@Z 5f80c33c f   winctrl4.obj
 0001:0000b3a4       ?GetSelText@CRichEditCtrl@@QBE?AVCString@@XZ 5f80c3a4 f   winctrl4.obj
 0001:0000b466       ?GetIRichEditOle@CRichEditCtrl@@QBEPAUIRichEditOle@@XZ 5f80c466 f   winctrl4.obj
 0001:0000b4c6       ?SetDefaultCharFormat@CRichEditCtrl@@QAEHAAU_charformat@@@Z 5f80c4c6 f   winctrl4.obj
 0001:0000b525       ?SetSelectionCharFormat@CRichEditCtrl@@QAEHAAU_charformat@@@Z 5f80c525 f   winctrl4.obj
 0001:0000b584       ?SetWordCharFormat@CRichEditCtrl@@QAEHAAU_charformat@@@Z 5f80c584 f   winctrl4.obj
 0001:0000b5e3       ?GetDefaultCharFormat@CRichEditCtrl@@QBEKAAU_charformat@@@Z 5f80c5e3 f   winctrl4.obj
 0001:0000b642       ?GetSelectionCharFormat@CRichEditCtrl@@QBEKAAU_charformat@@@Z 5f80c642 f   winctrl4.obj
 0001:0000b6a1       ?GetParaFormat@CRichEditCtrl@@QBEKAAU_paraformat@@@Z 5f80c6a1 f   winctrl4.obj
 0001:0000b700       ?SetParaFormat@CRichEditCtrl@@QAEHAAU_paraformat@@@Z 5f80c700 f   winctrl4.obj
 0001:0000b7a0       ??_E_AFX_RICHEDIT_STATE@@UAEPAXI@Z 5f80c7a0 f i winctrl4.obj
 0001:0000b7a0       ??_G_AFX_RICHEDIT_STATE@@UAEPAXI@Z 5f80c7a0 f i winctrl4.obj
 0001:0000b7d0       ??1?$CProcessLocal@V_AFX_RICHEDIT_STATE@@@@QAE@XZ 5f80c7d0 f i winctrl4.obj
 0001:0000b7f0       ?GetData@?$CProcessLocal@V_AFX_RICHEDIT_STATE@@@@QAEPAV_AFX_RICHEDIT_STATE@@XZ 5f80c7f0 f i winctrl4.obj
 0001:0000b840       ??B?$CProcessLocal@V_AFX_RICHEDIT_STATE@@@@QAEPAV_AFX_RICHEDIT_STATE@@XZ 5f80c840 f i winctrl4.obj
 0001:0000b860       ?CreateObject@?$CProcessLocal@V_AFX_RICHEDIT_STATE@@@@SGPAVCNoTrackObject@@XZ 5f80c860 f i winctrl4.obj
 0001:0000b8d0       ??0_AFX_RICHEDIT_STATE@@QAE@XZ 5f80c8d0 f i winctrl4.obj
 0001:0000b8f0       ??_9@$BNA@AE               5f80c8f0 f i dlgcore.obj
 0001:0000b900       ??_9@$BMM@AE               5f80c900 f i dlgcore.obj
 0001:0000b910       _FindTextW@4               5f80c910 f i dlgfr.obj
 0001:0000b930       ?IsEqualGUID@@YAHABU_GUID@@0@Z 5f80c930 f i cmdtarg.obj
 0001:0000b950       ??_9@$BOI@AE               5f80c950 f i viewcore.obj
 0001:0000b960       __wcsdec                   5f80c960 f i viewedit.obj
 0001:0000b990       ?GetSize@CRecentFileList@@QBEHXZ 5f80c990 f i appcore.obj
 0001:0000b9b0       ??ACRecentFileList@@QAEAAVCString@@H@Z 5f80c9b0 f i appcore.obj
 0001:0000ba00       ?AfxParseURLEx@@YGHPBGAAKAAVCString@@2AAG22K@Z 5f80ca00 f   inet.obj
 0001:0000bddf       ?AfxParseURL@@YGHPBGAAKAAVCString@@2AAG@Z 5f80cddf f   inet.obj
 0001:0000be9d       ?AfxGetInternetHandleType@@YGKPAX@Z 5f80ce9d f   inet.obj
 0001:0000bed8       ?AfxInternetStatusCallbackDebug@@YGXPAXKK0K@Z 5f80ced8 f   inet.obj
 0001:0000c10d       ?AfxInternetStatusCallback@@YGXPAXKK0K@Z 5f80d10d f   inet.obj
 0001:0000c16d       ??1CInternetSession@@UAE@XZ 5f80d16d f   inet.obj
 0001:0000c1be       ??0CInternetSession@@QAE@PBGKK00K@Z 5f80d1be f   inet.obj
 0001:0000c285       ?Close@CInternetSession@@UAEXXZ 5f80d285 f   inet.obj
 0001:0000c2d4       ?GetGopherConnection@CInternetSession@@QAEPAVCGopherConnection@@PBG00G@Z 5f80d2d4 f   inet.obj
 0001:0000c385       ?GetFtpConnection@CInternetSession@@QAEPAVCFtpConnection@@PBG00GH@Z 5f80d385 f   inet.obj
 0001:0000c43a       ?GetHttpConnection@CInternetSession@@QAEPAVCHttpConnection@@PBGG00@Z 5f80d43a f   inet.obj
 0001:0000c4eb       ?GetHttpConnection@CInternetSession@@QAEPAVCHttpConnection@@PBGKG00@Z 5f80d4eb f   inet.obj
 0001:0000c5a0       ?OpenURL@CInternetSession@@QAEPAVCStdioFile@@PBGKK0K@Z 5f80d5a0 f   inet.obj
 0001:0000c94f       ?SetOption@CInternetSession@@QAEHKPAXKK@Z 5f80d94f f   inet.obj
 0001:0000ca10       ?QueryOption@CInternetSession@@QBEHKPAXPAK@Z 5f80da10 f   inet.obj
 0001:0000cac4       ?QueryOption@CInternetSession@@QBEHKAAK@Z 5f80dac4 f   inet.obj
 0001:0000caf3       ?QueryOption@CInternetSession@@QBEHKAAVCString@@@Z 5f80daf3 f   inet.obj
 0001:0000cbc2       ?OnStatusCallback@CInternetSession@@UAEXKKPAXK@Z 5f80dbc2 f   inet.obj
 0001:0000cc1e       ?EnableStatusCallback@CInternetSession@@QAEHH@Z 5f80dc1e f   inet.obj
 0001:0000cd2d       ?Dump@CInternetSession@@UBEXAAVCDumpContext@@@Z 5f80dd2d f   inet.obj
 0001:0000cd7c       ??0CInternetFile@@IAE@PAX0PBG1KH@Z 5f80dd7c f   inet.obj
 0001:0000cebe       ??0CInternetFile@@IAE@PAXPBGPAVCInternetConnection@@H@Z 5f80debe f   inet.obj
 0001:0000d056       ?QueryOption@CInternetFile@@QBEHKPAXPAK@Z 5f80e056 f   inet.obj
 0001:0000d12d       ?QueryOption@CInternetFile@@QBEHKAAK@Z 5f80e12d f   inet.obj
 0001:0000d185       ?QueryOption@CInternetFile@@QBEHKAAVCString@@@Z 5f80e185 f   inet.obj
 0001:0000d1f8       ?SetOption@CInternetFile@@QAEHKPAXKK@Z 5f80e1f8 f   inet.obj
 0001:0000d2b9       ?SetReadBufferSize@CInternetFile@@QAEHI@Z 5f80e2b9 f   inet.obj
 0001:0000d3f8       ?SetWriteBufferSize@CInternetFile@@QAEHI@Z 5f80e3f8 f   inet.obj
 0001:0000d4e7       ?Seek@CInternetFile@@UAEJJI@Z 5f80e4e7 f   inet.obj
 0001:0000d636       ??1CInternetFile@@UAE@XZ   5f80e636 f   inet.obj
 0001:0000d763       ?Abort@CInternetFile@@UAEXXZ 5f80e763 f   inet.obj
 0001:0000d7a0       ?Flush@CInternetFile@@UAEXXZ 5f80e7a0 f   inet.obj
 0001:0000d813       ?Close@CInternetFile@@UAEXXZ 5f80e813 f   inet.obj
 0001:0000d8b0       ?Read@CInternetFile@@UAEIPAXI@Z 5f80e8b0 f   inet.obj
 0001:0000db4a       ?Write@CInternetFile@@UAEXPBXI@Z 5f80eb4a f   inet.obj
 0001:0000dcd7       ?WriteString@CInternetFile@@UAEXPBG@Z 5f80ecd7 f   inet.obj
 0001:0000dd94       ?ReadString@CInternetFile@@UAEPAGPAGI@Z 5f80ed94 f   inet.obj
 0001:0000df42       ?ReadString@CInternetFile@@UAEHAAVCString@@@Z 5f80ef42 f   inet.obj
 0001:0000e08d       ?GetLength@CInternetFile@@UBEKXZ 5f80f08d f   inet.obj
 0001:0000e109       ?LockRange@CInternetFile@@UAEXKK@Z 5f80f109 f   inet.obj
 0001:0000e157       ?UnlockRange@CInternetFile@@UAEXKK@Z 5f80f157 f   inet.obj
 0001:0000e1a5       ?SetLength@CInternetFile@@UAEXK@Z 5f80f1a5 f   inet.obj
 0001:0000e1f3       ?Duplicate@CInternetFile@@UBEPAVCFile@@XZ 5f80f1f3 f   inet.obj
 0001:0000e241       ?AssertValid@CInternetFile@@MBEXXZ 5f80f241 f   inet.obj
 0001:0000e37e       ?Dump@CInternetFile@@MBEXAAVCDumpContext@@@Z 5f80f37e f   inet.obj
 0001:0000e3d3       ??0CInternetConnection@@QAE@PAVCInternetSession@@PBGGK@Z 5f80f3d3 f   inet.obj
 0001:0000e4c5       ??1CInternetConnection@@UAE@XZ 5f80f4c5 f   inet.obj
 0001:0000e5bd       ?SetOption@CInternetConnection@@QAEHKPAXKK@Z 5f80f5bd f   inet.obj
 0001:0000e67e       ?QueryOption@CInternetConnection@@QBEHKPAXPAK@Z 5f80f67e f   inet.obj
 0001:0000e732       ?QueryOption@CInternetConnection@@QBEHKAAK@Z 5f80f732 f   inet.obj
 0001:0000e761       ?QueryOption@CInternetConnection@@QBEHKAAVCString@@@Z 5f80f761 f   inet.obj
 0001:0000e7b1       ?Close@CInternetConnection@@MAEXXZ 5f80f7b1 f   inet.obj
 0001:0000e7ed       ?Dump@CInternetConnection@@UBEXAAVCDumpContext@@@Z 5f80f7ed f   inet.obj
 0001:0000e821       ?AssertValid@CInternetConnection@@UBEXXZ 5f80f821 f   inet.obj
 0001:0000e834       ??1CFtpConnection@@UAE@XZ  5f80f834 f   inet.obj
 0001:0000e888       ??0CFtpConnection@@QAE@PAVCInternetSession@@PAXPBGK@Z 5f80f888 f   inet.obj
 0001:0000e9a9       ??0CFtpConnection@@QAE@PAVCInternetSession@@PBG11KGH@Z 5f80f9a9 f   inet.obj
 0001:0000eaea       ?Close@CFtpConnection@@UAEXXZ 5f80faea f   inet.obj
 0001:0000eafd       ?Remove@CFtpConnection@@QAEHPBG@Z 5f80fafd f   inet.obj
 0001:0000eb57       ?Rename@CFtpConnection@@QAEHPBG0@Z 5f80fb57 f   inet.obj
 0001:0000ebb5       ?CreateDirectoryW@CFtpConnection@@QAEHPBG@Z 5f80fbb5 f   inet.obj
 0001:0000ec0f       ?RemoveDirectoryW@CFtpConnection@@QAEHPBG@Z 5f80fc0f f   inet.obj
 0001:0000ec69       ?SetCurrentDirectoryW@CFtpConnection@@QAEHPBG@Z 5f80fc69 f   inet.obj
 0001:0000ecc3       ?GetCurrentDirectoryW@CFtpConnection@@QBEHPAGPAK@Z 5f80fcc3 f   inet.obj
 0001:0000ed41       ?GetCurrentDirectoryAsURL@CFtpConnection@@QBEHAAVCString@@@Z 5f80fd41 f   inet.obj
 0001:0000ee2d       ?GetCurrentDirectoryAsURL@CFtpConnection@@QBEHPAGPAK@Z 5f80fe2d f   inet.obj
 0001:0000ef26       ?GetCurrentDirectoryW@CFtpConnection@@QBEHAAVCString@@@Z 5f80ff26 f   inet.obj
 0001:0000efc0       ?OpenFile@CFtpConnection@@QAEPAVCInternetFile@@PBGKKK@Z 5f80ffc0 f   inet.obj
 0001:0000f113       ?PutFile@CFtpConnection@@QAEHPBG0KK@Z 5f810113 f   inet.obj
 0001:0000f1c8       ?GetFile@CFtpConnection@@QAEHPBG0HKKK@Z 5f8101c8 f   inet.obj
 0001:0000f2a9       ?Dump@CFtpConnection@@UBEXAAVCDumpContext@@@Z 5f8102a9 f   inet.obj
 0001:0000f2dc       ?AssertValid@CFtpConnection@@UBEXXZ 5f8102dc f   inet.obj
 0001:0000f344       ??1CGopherConnection@@UAE@XZ 5f810344 f   inet.obj
 0001:0000f360       ??0CGopherConnection@@QAE@PAVCInternetSession@@PBG11KG@Z 5f810360 f   inet.obj
 0001:0000f492       ??0CGopherConnection@@QAE@PAVCInternetSession@@PAXPBGK@Z 5f810492 f   inet.obj
 0001:0000f5b5       ?CreateLocator@CGopherConnection@@SA?AVCGopherLocator@@PBG@Z 5f8105b5 f   inet.obj
 0001:0000f629       ?CreateLocator@CGopherConnection@@SA?AVCGopherLocator@@PBG00KG@Z 5f810629 f   inet.obj
 0001:0000f6dd       ?CreateLocator@CGopherConnection@@QAE?AVCGopherLocator@@PBG0K@Z 5f8106dd f   inet.obj
 0001:0000f7b1       ?GetAttribute@CGopherConnection@@QAEHAAVCGopherLocator@@VCString@@AAV3@@Z 5f8107b1 f   inet.obj
 0001:0000f86b       ?OpenFile@CGopherConnection@@QAEPAVCGopherFile@@AAVCGopherLocator@@KPBGK@Z 5f81086b f   inet.obj
 0001:0000f967       ?Close@CGopherConnection@@UAEXXZ 5f810967 f   inet.obj
 0001:0000f97a       ?Dump@CGopherConnection@@UBEXAAVCDumpContext@@@Z 5f81097a f   inet.obj
 0001:0000f9ad       ?AssertValid@CGopherConnection@@UBEXXZ 5f8109ad f   inet.obj
 0001:0000fa15       ??1CHttpConnection@@UAE@XZ 5f810a15 f   inet.obj
 0001:0000fa69       ??0CHttpConnection@@QAE@PAVCInternetSession@@PAXPBGK@Z 5f810a69 f   inet.obj
 0001:0000fb9b       ??0CHttpConnection@@QAE@PAVCInternetSession@@PBGG11K@Z 5f810b9b f   inet.obj
 0001:0000fcbc       ??0CHttpConnection@@QAE@PAVCInternetSession@@PBGKG11K@Z 5f810cbc f   inet.obj
 0001:0000fddf       ?Close@CHttpConnection@@UAEXXZ 5f810ddf f   inet.obj
 0001:0000fdf2       ?OpenRequest@CHttpConnection@@QAEPAVCHttpFile@@PBG00KPAPBG0K@Z 5f810df2 f   inet.obj
 0001:0000fefe       ?OpenRequest@CHttpConnection@@QAEPAVCHttpFile@@HPBG0KPAPBG0K@Z 5f810efe f   inet.obj
 0001:0000ffb5       ?Dump@CHttpConnection@@UBEXAAVCDumpContext@@@Z 5f810fb5 f   inet.obj
 0001:0000ffe8       ?AssertValid@CHttpConnection@@UBEXXZ 5f810fe8 f   inet.obj
 0001:00010050       ??0CHttpFile@@IAE@PAX0PBG11K@Z 5f811050 f   inet.obj
 0001:00010100       ??0CHttpFile@@IAE@PAXPBG1PAVCHttpConnection@@@Z 5f811100 f   inet.obj
 0001:000101fb       ??1CHttpFile@@UAE@XZ       5f8111fb f   inet.obj
 0001:0001025e       ?Close@CHttpFile@@UAEXXZ   5f81125e f   inet.obj
 0001:00010271       ?ErrorDlg@CHttpFile@@QAEKPAVCWnd@@KKPAPAX@Z 5f811271 f   inet.obj
 0001:000102db       ?GetVerb@CHttpFile@@QBE?AVCString@@XZ 5f8112db f   inet.obj
 0001:00010348       ?GetObjectW@CHttpFile@@QBE?AVCString@@XZ 5f811348 f   inet.obj
 0001:000103b5       ?GetFileURL@CHttpFile@@UBE?AVCString@@XZ 5f8113b5 f   inet.obj
 0001:000104d1       ?AddRequestHeaders@CHttpFile@@QAEHPBGKH@Z 5f8114d1 f   inet.obj
 0001:0001057e       ?AddRequestHeaders@CHttpFile@@QAEHAAVCString@@K@Z 5f81157e f   inet.obj
 0001:000105a9       ?SendRequest@CHttpFile@@QAEHPBGKPAXK@Z 5f8115a9 f   inet.obj
 0001:00010677       ?SendRequest@CHttpFile@@QAEHAAVCString@@PAXK@Z 5f811677 f   inet.obj
 0001:00010708       ?QueryInfo@CHttpFile@@QBEHKPAXPAK1@Z 5f811708 f   inet.obj
 0001:000107c3       ?QueryInfo@CHttpFile@@QBEHKAAKPAK@Z 5f8117c3 f   inet.obj
 0001:000107f1       ?QueryInfo@CHttpFile@@QBEHKPAU_SYSTEMTIME@@PAK@Z 5f8117f1 f   inet.obj
 0001:0001082a       ?QueryInfoStatusCode@CHttpFile@@QBEHAAK@Z 5f81182a f   inet.obj
 0001:000108c8       ?QueryInfo@CHttpFile@@QBEHKAAVCString@@PAK@Z 5f8118c8 f   inet.obj
 0001:000109be       ?Dump@CHttpFile@@MBEXAAVCDumpContext@@@Z 5f8119be f   inet.obj
 0001:000109ff       ?AssertValid@CHttpFile@@MBEXXZ 5f8119ff f   inet.obj
 0001:00010a12       ??0CGopherFile@@IAE@PAXAAVCGopherLocator@@PAVCGopherConnection@@@Z 5f811a12 f   inet.obj
 0001:00010abb       ??0CGopherFile@@IAE@PAX0PBGKK@Z 5f811abb f   inet.obj
 0001:00010b34       ??1CGopherFile@@UAE@XZ     5f811b34 f   inet.obj
 0001:00010b88       ?Close@CGopherFile@@UAEXXZ 5f811b88 f   inet.obj
 0001:00010b9b       ?Write@CGopherFile@@UAEXPBXI@Z 5f811b9b f   inet.obj
 0001:00010bd6       ?WriteString@CGopherFile@@UAEXPBG@Z 5f811bd6 f   inet.obj
 0001:00010c11       ?Dump@CGopherFile@@UBEXAAVCDumpContext@@@Z 5f811c11 f   inet.obj
 0001:00010c2a       ?AssertValid@CGopherFile@@UBEXXZ 5f811c2a f   inet.obj
 0001:00010c3d       ??0CFtpFileFind@@QAE@PAVCFtpConnection@@K@Z 5f811c3d f   inet.obj
 0001:00010d08       ??1CFtpFileFind@@UAE@XZ    5f811d08 f   inet.obj
 0001:00010d24       ?FindFile@CFtpFileFind@@UAEHPBGK@Z 5f811d24 f   inet.obj
 0001:00010f86       ?FindNextFileW@CFtpFileFind@@UAEHXZ 5f811f86 f   inet.obj
 0001:0001102a       ?CloseContext@CFtpFileFind@@MAEXXZ 5f81202a f   inet.obj
 0001:0001105e       ?GetFileURL@CFtpFileFind@@UBE?AVCString@@XZ 5f81205e f   inet.obj
 0001:0001117f       ?Dump@CFtpFileFind@@UBEXAAVCDumpContext@@@Z 5f81217f f   inet.obj
 0001:000111b3       ?AssertValid@CFtpFileFind@@UBEXXZ 5f8121b3 f   inet.obj
 0001:000111c6       ??0CGopherFileFind@@QAE@PAVCGopherConnection@@K@Z 5f8121c6 f   inet.obj
 0001:00011288       ??1CGopherFileFind@@UAE@XZ 5f812288 f   inet.obj
 0001:000112a4       ?FindFile@CGopherFileFind@@UAEHPBGK@Z 5f8122a4 f   inet.obj
 0001:00011325       ?FindFile@CGopherFileFind@@UAEHAAVCGopherLocator@@PBGK@Z 5f812325 f   inet.obj
 0001:000113be       ?FindNextFileW@CGopherFileFind@@UAEHXZ 5f8123be f   inet.obj
 0001:00011462       ?CloseContext@CGopherFileFind@@MAEXXZ 5f812462 f   inet.obj
 0001:00011496       ?GetFileName@CGopherFileFind@@UBE?AVCString@@XZ 5f812496 f   inet.obj
 0001:000114c4       ?GetFilePath@CGopherFileFind@@UBE?AVCString@@XZ 5f8124c4 f   inet.obj
 0001:000114f2       ?GetFileTitle@CGopherFileFind@@UBE?AVCString@@XZ 5f8124f2 f   inet.obj
 0001:00011520       ?IsDots@CGopherFileFind@@UBEHXZ 5f812520 f   inet.obj
 0001:0001152d       ?GetLastWriteTime@CGopherFileFind@@UBEHPAU_FILETIME@@@Z 5f81252d f   inet.obj
 0001:000115c8       ?GetLastAccessTime@CGopherFileFind@@UBEHPAU_FILETIME@@@Z 5f8125c8 f   inet.obj
 0001:000115e4       ?GetCreationTime@CGopherFileFind@@UBEHPAU_FILETIME@@@Z 5f8125e4 f   inet.obj
 0001:00011600       ?GetLastWriteTime@CGopherFileFind@@UBEHAAVCTime@@@Z 5f812600 f   inet.obj
 0001:0001167d       ?GetCreationTime@CGopherFileFind@@UBEHAAVCTime@@@Z 5f81267d f   inet.obj
 0001:00011699       ?GetLastAccessTime@CGopherFileFind@@UBEHAAVCTime@@@Z 5f812699 f   inet.obj
 0001:000116b5       ?GetFileURL@CGopherFileFind@@UBE?AVCString@@XZ 5f8126b5 f   inet.obj
 0001:000116e3       ?GetRoot@CGopherFileFind@@UBE?AVCString@@XZ 5f8126e3 f   inet.obj
 0001:00011711       ?GetLocator@CGopherFileFind@@QBE?AVCGopherLocator@@XZ 5f812711 f   inet.obj
 0001:00011791       ?GetScreenName@CGopherFileFind@@QBE?AVCString@@XZ 5f812791 f   inet.obj
 0001:0001184d       ?GetLength@CGopherFileFind@@UBEKXZ 5f81284d f   inet.obj
 0001:00011884       ?GetLength64@CGopherFileFind@@UBE_JXZ 5f812884 f   inet.obj
 0001:000118d2       ?Dump@CGopherFileFind@@UBEXAAVCDumpContext@@@Z 5f8128d2 f   inet.obj
 0001:00011906       ?AssertValid@CGopherFileFind@@UBEXXZ 5f812906 f   inet.obj
 0001:00011919       ??0CGopherLocator@@AAE@PBGK@Z 5f812919 f   inet.obj
 0001:000119b6       ??1CGopherLocator@@UAE@XZ  5f8129b6 f   inet.obj
 0001:00011a0a       ?AfxThrowInternetException@@YGXKK@Z 5f812a0a f   inet.obj
 0001:00011ab4       ?GetErrorMessage@CInternetException@@UAEHPAGIPAI@Z 5f812ab4 f   inet.obj
 0001:00011c5c       ??0CInternetException@@QAE@K@Z 5f812c5c f   inet.obj
 0001:00011c86       ??1CInternetException@@UAE@XZ 5f812c86 f   inet.obj
 0001:00011ca2       ?Dump@CInternetException@@UBEXAAVCDumpContext@@@Z 5f812ca2 f   inet.obj
 0001:00011cf1       ?GetContext@CInternetSession@@QBEKXZ 5f812cf1 f   inet.obj
 0001:00011d02       ?GetServerName@CInternetConnection@@QBE?AVCString@@XZ 5f812d02 f   inet.obj
 0001:00011d33       ?GetSession@CInternetConnection@@QBEPAVCInternetSession@@XZ 5f812d33 f   inet.obj
 0001:00011d44       ??BCInternetSession@@QBEPAXXZ 5f812d44 f   inet.obj
 0001:00011d55       ?SetOption@CInternetSession@@QAEHKKK@Z 5f812d55 f   inet.obj
 0001:00011d78       ??BCGopherLocator@@QBEPBGXZ 5f812d78 f   inet.obj
 0001:00011d8e       ?GetLocatorType@CGopherLocator@@QBEHAAK@Z 5f812d8e f   inet.obj
 0001:00011db1       ??0CGopherLocator@@QAE@ABV0@@Z 5f812db1 f   inet.obj
 0001:00011e2c       ??BCInternetConnection@@QBEPAXXZ 5f812e2c f   inet.obj
 0001:00011e3d       ?GetContext@CInternetConnection@@QBEKXZ 5f812e3d f   inet.obj
 0001:00011e4e       ?SetOption@CInternetConnection@@QAEHKKK@Z 5f812e4e f   inet.obj
 0001:00011e71       ?GetContext@CInternetFile@@QBEKXZ 5f812e71 f   inet.obj
 0001:00011e82       ??BCInternetFile@@QBEPAXXZ 5f812e82 f   inet.obj
 0001:00011e93       ?SetOption@CInternetFile@@QAEHKKK@Z 5f812e93 f   inet.obj
 0001:00011ec0       ?Lookup@CSessionMapPtrToPtr@@QAEHPAXAAPAVCInternetSession@@@Z 5f812ec0 f i inet.obj
 0001:00011f00       ??_GCInternetSession@@UAEPAXI@Z 5f812f00 f i inet.obj
 0001:00011f30       ?SetAt@CSessionMapPtrToPtr@@QAEXPAXPAVCInternetSession@@@Z 5f812f30 f i inet.obj
 0001:00011f70       ?RemoveKey@CSessionMapPtrToPtr@@QAEXPAX@Z 5f812f70 f i inet.obj
 0001:00011fb0       ??_ECInternetFile@@UAEPAXI@Z 5f812fb0 f i inet.obj
 0001:00011fb0       ??_GCInternetFile@@UAEPAXI@Z 5f812fb0 f i inet.obj
 0001:00011fe0       ??_GCInternetConnection@@UAEPAXI@Z 5f812fe0 f i inet.obj
 0001:00011fe0       ??_ECInternetConnection@@UAEPAXI@Z 5f812fe0 f i inet.obj
 0001:00012010       ??_ECFtpConnection@@UAEPAXI@Z 5f813010 f i inet.obj
 0001:00012010       ??_GCFtpConnection@@UAEPAXI@Z 5f813010 f i inet.obj
 0001:00012040       ??_GCGopherConnection@@UAEPAXI@Z 5f813040 f i inet.obj
 0001:00012040       ??_ECGopherConnection@@UAEPAXI@Z 5f813040 f i inet.obj
 0001:00012070       ??_GCHttpConnection@@UAEPAXI@Z 5f813070 f i inet.obj
 0001:00012070       ??_ECHttpConnection@@UAEPAXI@Z 5f813070 f i inet.obj
 0001:000120a0       ??_GCHttpFile@@UAEPAXI@Z   5f8130a0 f i inet.obj
 0001:000120a0       ??_ECHttpFile@@UAEPAXI@Z   5f8130a0 f i inet.obj
 0001:000120d0       ??_ECGopherFile@@UAEPAXI@Z 5f8130d0 f i inet.obj
 0001:000120d0       ??_GCGopherFile@@UAEPAXI@Z 5f8130d0 f i inet.obj
 0001:00012100       ??_GCFtpFileFind@@UAEPAXI@Z 5f813100 f i inet.obj
 0001:00012100       ??_ECFtpFileFind@@UAEPAXI@Z 5f813100 f i inet.obj
 0001:00012130       ??_ECGopherFileFind@@UAEPAXI@Z 5f813130 f i inet.obj
 0001:00012130       ??_GCGopherFileFind@@UAEPAXI@Z 5f813130 f i inet.obj
 0001:00012160       ??_GCGopherLocator@@UAEPAXI@Z 5f813160 f i inet.obj
 0001:00012160       ??_ECGopherLocator@@UAEPAXI@Z 5f813160 f i inet.obj
 0001:00012190       ??_GCInternetException@@UAEPAXI@Z 5f813190 f i inet.obj
 0001:00012190       ??_ECInternetException@@UAEPAXI@Z 5f813190 f i inet.obj
 0001:000121c0       ??0CSessionMapPtrToPtr@@QAE@XZ 5f8131c0 f i inet.obj
 0001:00012220       ??_GCSessionMapPtrToPtr@@UAEPAXI@Z 5f813220 f i inet.obj
 0001:00012220       ??_ECSessionMapPtrToPtr@@UAEPAXI@Z 5f813220 f i inet.obj
 0001:00012250       ??1CSessionMapPtrToPtr@@UAE@XZ 5f813250 f i inet.obj
 0001:000122b0       ??0CFileFind@@QAE@XZ       5f8132b0 f   filefind.obj
 0001:0001232e       ??1CFileFind@@UAE@XZ       5f81332e f   filefind.obj
 0001:0001238e       ?Close@CFileFind@@QAEXXZ   5f81338e f   filefind.obj
 0001:00012412       ?CloseContext@CFileFind@@MAEXXZ 5f813412 f   filefind.obj
 0001:0001242a       ?FindFile@CFileFind@@UAEHPBGK@Z 5f81342a f   filefind.obj
 0001:000125ac       ?MatchesMask@CFileFind@@UBEHK@Z 5f8135ac f   filefind.obj
 0001:0001260d       ?GetLastAccessTime@CFileFind@@UBEHPAU_FILETIME@@@Z 5f81360d f   filefind.obj
 0001:000126a2       ?GetLastWriteTime@CFileFind@@UBEHPAU_FILETIME@@@Z 5f8136a2 f   filefind.obj
 0001:00012737       ?GetCreationTime@CFileFind@@UBEHPAU_FILETIME@@@Z 5f813737 f   filefind.obj
 0001:000127ac       ?GetLastAccessTime@CFileFind@@UBEHAAVCTime@@@Z 5f8137ac f   filefind.obj
 0001:00012826       ?GetLastWriteTime@CFileFind@@UBEHAAVCTime@@@Z 5f813826 f   filefind.obj
 0001:000128a0       ?GetCreationTime@CFileFind@@UBEHAAVCTime@@@Z 5f8138a0 f   filefind.obj
 0001:0001291a       ?IsDots@CFileFind@@UBEHXZ  5f81391a f   filefind.obj
 0001:000129c8       ?FindNextFileW@CFileFind@@UAEHXZ 5f8139c8 f   filefind.obj
 0001:00012a6c       ?GetFileURL@CFileFind@@UBE?AVCString@@XZ 5f813a6c f   filefind.obj
 0001:00012b48       ?GetRoot@CFileFind@@UBE?AVCString@@XZ 5f813b48 f   filefind.obj
 0001:00012bb5       ?GetFilePath@CFileFind@@UBE?AVCString@@XZ 5f813bb5 f   filefind.obj
 0001:00012cdf       ?GetFileTitle@CFileFind@@UBE?AVCString@@XZ 5f813cdf f   filefind.obj
 0001:00012dd2       ?GetFileName@CFileFind@@UBE?AVCString@@XZ 5f813dd2 f   filefind.obj
 0001:00012e91       ?GetLength@CFileFind@@QBEKXZ 5f813e91 f   filefind.obj
 0001:00012eee       ?GetLength64@CFileFind@@QBE_JXZ 5f813eee f   filefind.obj
 0001:00012f5d       ?Dump@CFileFind@@MBEXAAVCDumpContext@@@Z 5f813f5d f   filefind.obj
 0001:00012f91       ?AssertValid@CFileFind@@MBEXXZ 5f813f91 f   filefind.obj
 0001:00013010       ??_GCFileFind@@UAEPAXI@Z   5f814010 f i filefind.obj
 0001:00013040       ?IsEmpty@CSimpleList@@QBEHXZ 5f814040 f i dllinit.obj
 0001:00013060       ??0type_info@@AAE@ABV0@@Z  5f814060 f   msvcrtd:ti_inst.obj
 0001:00013080       ??_Etype_info@@UAEPAXI@Z   5f814080 f i msvcrtd:ti_inst.obj
 0001:00013080       ??_Gtype_info@@UAEPAXI@Z   5f814080 f i msvcrtd:ti_inst.obj
 0001:000130b0       ??4type_info@@AAEAAV0@ABV0@@Z 5f8140b0 f   msvcrtd:ti_inst.obj
 0001:000130c0       ___CxxFrameHandler         5f8140c0 f   msvcrtd:MSVCRTD.dll
 0001:000130d0       __onexit                   5f8140d0 f   msvcrtd:atonexit.obj
 0001:00013110       _atexit                    5f814110 f   msvcrtd:atonexit.obj
 0001:00013128       __CxxThrowException@8      5f814128 f   msvcrtd:MSVCRTD.dll
 0001:0001312e       __CrtDbgReport             5f81412e f   msvcrtd:MSVCRTD.dll
 0001:00013140       __chkstk                   5f814140     msvcrtd:chkstk.obj
 0001:00013140       __alloca_probe             5f814140     msvcrtd:chkstk.obj
 0001:00013170       __gcvt                     5f814170 f   msvcrtd:MSVCRTD.dll
 0001:00013176       _memcpy                    5f814176 f   msvcrtd:MSVCRTD.dll
 0001:0001317c       _memmove                   5f81417c f   msvcrtd:MSVCRTD.dll
 0001:00013182       __purecall                 5f814182 f   msvcrtd:MSVCRTD.dll
 0001:00013188       _memcmp                    5f814188 f   msvcrtd:MSVCRTD.dll
 0001:0001318e       __except_handler3          5f81418e f   msvcrtd:MSVCRTD.dll
 0001:00013194       __CrtSetReportMode         5f814194 f   msvcrtd:MSVCRTD.dll
 0001:0001319a       __CrtSetReportHook         5f81419a f   msvcrtd:MSVCRTD.dll
 0001:000131a0       __CrtSetDumpClient         5f8141a0 f   msvcrtd:MSVCRTD.dll
 0001:000131a6       __CrtSetDbgFlag            5f8141a6 f   msvcrtd:MSVCRTD.dll
 0001:000131ac       __CrtDumpMemoryLeaks       5f8141ac f   msvcrtd:MSVCRTD.dll
 0001:000131b2       __vsnwprintf               5f8141b2 f   msvcrtd:MSVCRTD.dll
 0001:000131b8       __free_dbg                 5f8141b8 f   msvcrtd:MSVCRTD.dll
 0001:000131be       __malloc_dbg               5f8141be f   msvcrtd:MSVCRTD.dll
 0001:000131c4       __CrtSetAllocHook          5f8141c4 f   msvcrtd:MSVCRTD.dll
 0001:000131ca       __CrtSetBreakAlloc         5f8141ca f   msvcrtd:MSVCRTD.dll
 0001:000131d0       __CrtCheckMemory           5f8141d0 f   msvcrtd:MSVCRTD.dll
 0001:000131d6       __CrtIsMemoryBlock         5f8141d6 f   msvcrtd:MSVCRTD.dll
 0001:000131dc       _memset                    5f8141dc f   msvcrtd:MSVCRTD.dll
 0001:000131e2       __CrtMemDifference         5f8141e2 f   msvcrtd:MSVCRTD.dll
 0001:000131e8       __CrtMemDumpStatistics     5f8141e8 f   msvcrtd:MSVCRTD.dll
 0001:000131ee       __CrtMemCheckpoint         5f8141ee f   msvcrtd:MSVCRTD.dll
 0001:000131f4       __CrtMemDumpAllObjectsSince 5f8141f4 f   msvcrtd:MSVCRTD.dll
 0001:000131fa       __CrtDoForAllClientObjects 5f8141fa f   msvcrtd:MSVCRTD.dll
 0001:00013200       _abort                     5f814200 f   msvcrtd:MSVCRTD.dll
 0001:00013206       _wcscmp                    5f814206 f   msvcrtd:MSVCRTD.dll
 0001:0001320c       __wcsicmp                  5f81420c f   msvcrtd:MSVCRTD.dll
 0001:00013212       _wcscoll                   5f814212 f   msvcrtd:MSVCRTD.dll
 0001:00013218       __get_osfhandle            5f814218 f   msvcrtd:MSVCRTD.dll
 0001:0001321e       ___doserrno                5f81421e f   msvcrtd:MSVCRTD.dll
 0001:00013224       __fdopen                   5f814224 f   msvcrtd:MSVCRTD.dll
 0001:0001322a       __open_osfhandle           5f81422a f   msvcrtd:MSVCRTD.dll
 0001:00013230       _clearerr                  5f814230 f   msvcrtd:MSVCRTD.dll
 0001:00013236       _fread                     5f814236 f   msvcrtd:MSVCRTD.dll
 0001:0001323c       _fwrite                    5f81423c f   msvcrtd:MSVCRTD.dll
 0001:00013242       _fputws                    5f814242 f   msvcrtd:MSVCRTD.dll
 0001:00013248       _fgetws                    5f814248 f   msvcrtd:MSVCRTD.dll
 0001:0001324e       _ftell                     5f81424e f   msvcrtd:MSVCRTD.dll
 0001:00013254       _fseek                     5f814254 f   msvcrtd:MSVCRTD.dll
 0001:0001325a       _fflush                    5f81425a f   msvcrtd:MSVCRTD.dll
 0001:00013260       _fclose                    5f814260 f   msvcrtd:MSVCRTD.dll
 0001:00013266       _malloc                    5f814266 f   msvcrtd:MSVCRTD.dll
 0001:0001326c       _realloc                   5f81426c f   msvcrtd:MSVCRTD.dll
 0001:00013272       _free                      5f814272 f   msvcrtd:MSVCRTD.dll
 0001:00013278       _wcschr                    5f814278 f   msvcrtd:MSVCRTD.dll
 0001:0001327e       _wcspbrk                   5f81427e f   msvcrtd:MSVCRTD.dll
 0001:00013284       __wcsupr                   5f814284 f   msvcrtd:MSVCRTD.dll
 0001:0001328a       __wcslwr                   5f81428a f   msvcrtd:MSVCRTD.dll
 0001:00013290       __wcsrev                   5f814290 f   msvcrtd:MSVCRTD.dll
 0001:00013296       _wcsspn                    5f814296 f   msvcrtd:MSVCRTD.dll
 0001:0001329c       _wcscspn                   5f81429c f   msvcrtd:MSVCRTD.dll
 0001:000132a2       _wcsrchr                   5f8142a2 f   msvcrtd:MSVCRTD.dll
 0001:000132a8       _wcsstr                    5f8142a8 f   msvcrtd:MSVCRTD.dll
 0001:000132ae       _vswprintf                 5f8142ae f   msvcrtd:MSVCRTD.dll
 0001:000132b4       _wcslen                    5f8142b4 f   msvcrtd:MSVCRTD.dll
 0001:000132ba       _iswdigit                  5f8142ba f   msvcrtd:MSVCRTD.dll
 0001:000132c0       __wtoi                     5f8142c0 f   msvcrtd:MSVCRTD.dll
 0001:000132c6       _iswspace                  5f8142c6 f   msvcrtd:MSVCRTD.dll
 0001:000132cc       _mktime                    5f8142cc f   msvcrtd:MSVCRTD.dll
 0001:000132d2       _time                      5f8142d2 f   msvcrtd:MSVCRTD.dll
 0001:000132d8       _gmtime                    5f8142d8 f   msvcrtd:MSVCRTD.dll
 0001:000132de       _localtime                 5f8142de f   msvcrtd:MSVCRTD.dll
 0001:000132e4       _ctime                     5f8142e4 f   msvcrtd:MSVCRTD.dll
 0001:000132ea       _wcsftime                  5f8142ea f   msvcrtd:MSVCRTD.dll
 0001:000132f0       __msize                    5f8142f0 f   msvcrtd:MSVCRTD.dll
 0001:000132f6       _calloc                    5f8142f6 f   msvcrtd:MSVCRTD.dll
 0001:00013300       __alldiv                   5f814300 f   msvcrtd:lldiv.obj
 0001:000133b0       __allshr                   5f8143b0 f   msvcrtd:llshr.obj
 0001:000133e0       __allmul                   5f8143e0 f   msvcrtd:llmul.obj
 0001:00013414       _abs                       5f814414 f   msvcrtd:MSVCRTD.dll
 0001:0001341a       _wcstoul                   5f81441a f   msvcrtd:MSVCRTD.dll
 0001:00013420       _wcstol                    5f814420 f   msvcrtd:MSVCRTD.dll
 0001:00013426       _swprintf                  5f814426 f   msvcrtd:MSVCRTD.dll
 0001:0001342c       _wcstod                    5f81442c f   msvcrtd:MSVCRTD.dll
 0001:00013432       __expand                   5f814432 f   msvcrtd:MSVCRTD.dll
 0001:00013438       __wcsdup                   5f814438 f   msvcrtd:MSVCRTD.dll
 0001:0001343e       __endthreadex              5f81443e f   msvcrtd:MSVCRTD.dll
 0001:00013444       __beginthreadex            5f814444 f   msvcrtd:MSVCRTD.dll
 0001:0001344a       ___p___wargv               5f81444a f   msvcrtd:MSVCRTD.dll
 0001:00013450       ___p___argc                5f814450 f   msvcrtd:MSVCRTD.dll
 0001:00013460       ??_L@YGXPAXIHP6EX0@Z1@Z    5f814460 f   msvcrtd:ehvecctr.obj
 0001:00013500       ??_M@YGXPAXIHP6EX0@Z@Z     5f814500 f   msvcrtd:ehvecdtr.obj
 0001:000135b0       ?__ArrayUnwind@@YGXPAXIHP6EX0@Z@Z 5f8145b0 f   msvcrtd:ehvecdtr.obj
 0001:0001365c       __wtol                     5f81465c f   msvcrtd:MSVCRTD.dll
 0001:00013662       _wcscpy                    5f814662 f   msvcrtd:MSVCRTD.dll
 0001:00013668       __wfullpath                5f814668 f   msvcrtd:MSVCRTD.dll
 0001:0001366e       __wsplitpath               5f81466e f   msvcrtd:MSVCRTD.dll
 0001:00013680       __CRT_INIT@12              5f814680 f   msvcrtd:crtdll.obj
 0001:00013790       __DllMainCRTStartup@12     5f814790 f   msvcrtd:crtdll.obj
 0001:00013884       ??1type_info@@UAE@XZ       5f814884 f   msvcrtd:MSVCRTD.dll
 0001:0001388a       ___dllonexit               5f81488a f   msvcrtd:MSVCRTD.dll
 0001:00013890       ?terminate@@YAXXZ          5f814890 f   msvcrtd:MSVCRTD.dll
 0001:00013896       __initterm                 5f814896 f   msvcrtd:MSVCRTD.dll
 0001:0001389c       _SetLastError@4            5f81489c f   kernel32:KERNEL32.dll
 0001:000138a2       _GetLastError@0            5f8148a2 f   kernel32:KERNEL32.dll
 0001:000138a8       _lstrcpynW@12              5f8148a8 f   kernel32:KERNEL32.dll
 0001:000138ae       _IsBadStringPtrW@8         5f8148ae f   kernel32:KERNEL32.dll
 0001:000138b4       _IsBadStringPtrA@8         5f8148b4 f   kernel32:KERNEL32.dll
 0001:000138ba       _IsBadWritePtr@8           5f8148ba f   kernel32:KERNEL32.dll
 0001:000138c0       _IsBadReadPtr@8            5f8148c0 f   kernel32:KERNEL32.dll
 0001:000138c6       _lstrlenW@4                5f8148c6 f   kernel32:KERNEL32.dll
 0001:000138cc       _lstrcmpA@8                5f8148cc f   kernel32:KERNEL32.dll
 0001:000138d2       _lstrlenA@4                5f8148d2 f   kernel32:KERNEL32.dll
 0001:000138d8       _GetPrivateProfileIntW@16  5f8148d8 f   kernel32:KERNEL32.dll
 0001:000138de       _SetThreadPriority@8       5f8148de f   kernel32:KERNEL32.dll
 0001:000138e4       _GetThreadPriority@4       5f8148e4 f   kernel32:KERNEL32.dll
 0001:000138ea       _ResumeThread@4            5f8148ea f   kernel32:KERNEL32.dll
 0001:000138f0       _SuspendThread@4           5f8148f0 f   kernel32:KERNEL32.dll
 0001:000138f6       _DuplicateHandle@28        5f8148f6 f   kernel32:KERNEL32.dll
 0001:000138fc       _GetCurrentProcess@0       5f8148fc f   kernel32:KERNEL32.dll
 0001:00013902       _CreateFileW@28            5f814902 f   kernel32:KERNEL32.dll
 0001:00013908       _ReadFile@20               5f814908 f   kernel32:KERNEL32.dll
 0001:0001390e       _WriteFile@20              5f81490e f   kernel32:KERNEL32.dll
 0001:00013914       _SetFilePointer@16         5f814914 f   kernel32:KERNEL32.dll
 0001:0001391a       _FlushFileBuffers@4        5f81491a f   kernel32:KERNEL32.dll
 0001:00013920       _CloseHandle@4             5f814920 f   kernel32:KERNEL32.dll
 0001:00013926       _LockFile@20               5f814926 f   kernel32:KERNEL32.dll
 0001:0001392c       _UnlockFile@20             5f81492c f   kernel32:KERNEL32.dll
 0001:00013932       _SetEndOfFile@4            5f814932 f   kernel32:KERNEL32.dll
 0001:00013938       _MoveFileW@8               5f814938 f   kernel32:KERNEL32.dll
 0001:0001393e       _DeleteFileW@4             5f81493e f   kernel32:KERNEL32.dll
 0001:00013944       _FreeLibrary@4             5f814944 f   kernel32:KERNEL32.dll
 0001:0001394a       _GetProcAddress@8          5f81494a f   kernel32:KERNEL32.dll
 0001:00013950       _LoadLibraryW@4            5f814950 f   kernel32:KERNEL32.dll
 0001:00013956       _lstrcpyW@8                5f814956 f   kernel32:KERNEL32.dll
[...]
 0003:000021e0       ?afxDump@@3VCDumpContext@@A 5f8c51e0     dumpinit.obj
 0003:000021e8       ?_afxDiagnosticInit@@3HA   5f8c51e8     dumpinit.obj
 0003:000021f8       ?_afxMemoryLeakOverride@@3HA 5f8c51f8     afxmem.obj
 0003:00002224       ?afxChNil@@3GA             5f8c5224     strcore.obj
 0003:00002228       ?_afxThreadState@@3V?$CThreadLocal@V_AFX_THREAD_STATE@@@@A 5f8c5228     afxstate.obj
 0003:0000222c       ?_afxBaseModuleState@@3V?$CProcessLocal@V_AFX_BASE_MODULE_STATE@@@@A 5f8c522c     afxstate.obj
 0003:00002230       ?_afxThreadData@@3PAVCThreadSlotData@@A 5f8c5230     afxtls.obj
 0003:00002238       ?__afxThreadData@@3PAEA    5f8c5238     afxtls.obj
 0003:00002278       ?_afxMsgCache@@3PAUAFX_MSG_CACHE@@A 5f8c5278     wincore.obj
 0003:00003a78       ?wndTop@CWnd@@2V1@B        5f8c6a78     wincore.obj
 0003:00003ab8       ?wndTopMost@CWnd@@2V1@B    5f8c6ab8     wincore.obj
 0003:00003af8       ?wndNoTopMost@CWnd@@2V1@B  5f8c6af8     wincore.obj
 0003:00003b38       ?wndBottom@CWnd@@2V1@B     5f8c6b38     wincore.obj
 0003:00003b78       ?m_nMsgDragList@CWnd@@1IB  5f8c6b78     wincore.obj
 0003:00003b80       ?rectDefault@CFrameWnd@@2VCRect@@B 5f8c6b80     winfrm.obj
 0003:00003bf8       ?_afxChecklistState@@3V?$CProcessLocal@V_AFX_CHECKLIST_STATE@@@@A 5f8c6bf8     winctrl3.obj
 0003:00003bfc       ?_afxRichEditState@@3V?$CProcessLocal@V_AFX_RICHEDIT_STATE@@@@A 5f8c6bfc     winctrl4.obj
 0003:00003c14       ?_afxNMsgSETRGB@@3IB       5f8c6c14     dlgcomm.obj
 0003:00003c18       ?_afxClrState@@3V?$CProcessLocal@V_AFX_COLOR_STATE@@@@A 5f8c6c18     dlgclr.obj
 0003:00003c1c       ?_afxPropPageFontInfo@@3V?$CProcessLocal@U_AFX_PROPPAGEFONTINFO@@@@A 5f8c6c1c     ccdata.obj
 0003:00003c20       ?_afxExtDllState@@3V?$CProcessLocal@V_AFX_EXTDLL_STATE@@@@A 5f8c6c20     ccdata.obj
 0003:00003c28       ?_simpleUserException@@3VCUserException@@A 5f8c6c28     wingdi.obj
 0003:00003d48       ?_simpleResourceException@@3VCResourceException@@A 5f8c6d48     wingdi.obj
 0003:00003e70       ?afxData@@3UAUX_DATA@@A    5f8c6e70     auxdata.obj
 0003:00004148       ?_afxEditState@@3V?$CProcessLocal@V_AFX_EDIT_STATE@@@@A 5f8c7148     viewedit.obj
 0003:00004158       ?_afxMailState@@3V?$CProcessLocal@V_AFX_MAIL_STATE@@@@A 5f8c7158     docmapi.obj
 0003:0000415c       ?_afxWinState@@3V?$CProcessLocal@V_AFX_WIN_STATE@@@@A 5f8c715c     appcore.obj
 0003:00004160       ?pStaticDocManager@CDocManager@@2PAV1@A 5f8c7160     appcore.obj
 0003:00004164       ?pStaticList@CDocManager@@2PAVCPtrList@@A 5f8c7164     appcore.obj
 0003:00004168       ?_afxCtl3dState@@3V?$CProcessLocal@V_AFX_CTL3D_STATE@@@@A 5f8c7168     app3d.obj
 0003:0000416c       ?_afxCtl3dThread@@3V?$CThreadLocal@V_AFX_CTL3D_THREAD@@@@A 5f8c716c     app3d.obj
 0003:00004170       ?_afxSessionMap@@3VCSessionMapPtrToPtr@@A 5f8c7170     inet.obj
 0003:000041c8       __adjust_fdiv              5f8c71c8     <common>
 0003:000041cc       ___onexitend               5f8c71cc     <common>
 0003:000041d0       ___onexitbegin             5f8c71d0     <common>

 entry point at        0001:00013790

 Static symbols

 0001:00098090       ?_AfxForceVectorDelete@@YAXXZ 5f899090 f   dllinit.obj
 0001:0000bb02       ?_AfxParseURLWorker@@YGHPBGPAUURL_COMPONENTSW@@AAKAAGK@Z 5f80cb02 f   inet.obj
 0001:0000cb43       ?_AfxQueryCStringInternetOption@@YAHPAXKAAVCString@@@Z 5f80db43 f   inet.obj
 0001:0008f01e       _$E354                     5f89001e f   inet.obj
 0001:0008f02d       _$E351                     5f89002d f   inet.obj
 0001:0008f03c       _$E353                     5f89003c f   inet.obj
 0001:0008f04e       _$E352                     5f89004e f   inet.obj
 0001:0003b39a       ?AbbreviateName@@YAXPAGHH@Z 5f83c39a f   filelist.obj
 0001:0008ee56       _$E354                     5f88fe56 f   app3d.obj
 0001:0008ee65       _$E351                     5f88fe65 f   app3d.obj
 0001:0008ee6a       _$E353                     5f88fe6a f   app3d.obj
 0001:0008ee7c       _$E352                     5f88fe7c f   app3d.obj
 0001:0008ee8b       _$E359                     5f88fe8b f   app3d.obj
 0001:0008ee9a       _$E356                     5f88fe9a f   app3d.obj
 0001:0008ee9f       _$E358                     5f88fe9f f   app3d.obj
 0001:0008eeb1       _$E357                     5f88feb1 f   app3d.obj
 0001:0008d430       _$E354                     5f88e430 f   appcore.obj
 0001:0008d43f       _$E351                     5f88e43f f   appcore.obj
 0001:0008d444       _$E353                     5f88e444 f   appcore.obj
 0001:0008d456       _$E352                     5f88e456 f   appcore.obj
 0001:00039a0d       ?IsHelpKey@@YGHPAUtagMSG@@@Z 5f83aa0d f   thrdcore.obj
 0001:00039a88       ?IsEnterKey@@YAHPAUtagMSG@@@Z 5f83aa88 f   thrdcore.obj
 0001:00039ab8       ?IsButtonUp@@YAHPAUtagMSG@@@Z 5f83aab8 f   thrdcore.obj
 0001:0008c2e0       _$E354                     5f88d2e0 f   docmapi.obj
 0001:0008c2ef       _$E351                     5f88d2ef f   docmapi.obj
 0001:0008c2f4       _$E353                     5f88d2f4 f   docmapi.obj
 0001:0008c306       _$E352                     5f88d306 f   docmapi.obj
 0001:0006ff40       _$E352                     5f870f40 f   viewedit.obj
 0001:0006ff4a       _$E351                     5f870f4a f   viewedit.obj
 0001:0006ff5f       _$E357                     5f870f5f f   viewedit.obj
 0001:0006ff6e       _$E354                     5f870f6e f   viewedit.obj
 0001:0006ff73       _$E356                     5f870f73 f   viewedit.obj
 0001:0006ff85       _$E355                     5f870f85 f   viewedit.obj
 0001:0007126c       ?EndOfLine@@YGIPBGII@Z     5f87226c f   viewedit.obj
 0001:000712eb       ?NextLine@@YGIPBGII@Z      5f8722eb f   viewedit.obj
 0001:00071388       ?ClipLine@@YGIPAVCDC@@QAHHHPBGII@Z 5f872388 f   viewedit.obj
 0001:0008c065       _$E362                     5f88d065 f   viewedit.obj
 0001:0008c074       _$E359                     5f88d074 f   viewedit.obj
 0001:0008c079       _$E361                     5f88d079 f   viewedit.obj
 0001:0008c08b       _$E360                     5f88d08b f   viewedit.obj
 0001:0005addb       ?CanSplitRowCol@@YGHPAUCRowColInfo@CSplitterWnd@@HH@Z 5f85bddb f   winsplit.obj
 0001:0005ce54       ?LayoutRowCol@@YGXPAUCRowColInfo@CSplitterWnd@@HHH@Z 5f85de54 f   winsplit.obj
 0001:0005d13f       ?DeferClientPos@@YGXPAUAFX_SIZEPARENTPARAMS@@PAVCWnd@@HHHHH@Z 5f85e13f f   winsplit.obj
 0001:0008be7f       ?SetRegKey@@YGHPBG00@Z     5f88ce7f f   docmgr.obj
 0001:000585a7       ?AppendFilterSuffix@@YAXAAVCString@@AAUtagOFNW@@PAVCDocTemplate@@PAV1@@Z 5f8595a7 f   docmgr.obj
 0001:000379e3       ?DispatchCmdMsg@@YAHPAVCCmdTarget@@IHP81@AEXXZPAXIPAUAFX_CMDHANDLERINFO@@@Z 5f8389e3 f   cmdtarg.obj
 0001:0008acf0       ?_AfxLoadDotBitmap@@YGXXZ  5f88bcf0 f   cmdtarg.obj
 0001:00077bdd       ?TraceDDE@@YGXPBGPBUtagMSG@@@Z 5f878bdd f   afxtrace.obj
 0001:0008a730       _$E354                     5f88b730 f   auxdata.obj
 0001:0008a73f       _$E351                     5f88b73f f   auxdata.obj
 0001:0008a74e       _$E353                     5f88b74e f   auxdata.obj
 0001:0008a760       _$E352                     5f88b760 f   auxdata.obj
 0001:00035e93       ?afxMapHMENU@@YAPAVCHandleMap@@H@Z 5f836e93 f   winmenu.obj
 0001:0006f270       _$E354                     5f870270 f   wingdix.obj
 0001:0006f27f       _$E351                     5f87027f f   wingdix.obj
 0001:0006f284       _$E353                     5f870284 f   wingdix.obj
 0001:0006f296       _$E352                     5f870296 f   wingdix.obj
 0001:0003ddd9       ?afxMapHDC@@YAPAVCHandleMap@@H@Z 5f83edd9 f   wingdi.obj
 0001:0004093b       ?afxMapHGDIOBJ@@YAPAVCHandleMap@@H@Z 5f84193b f   wingdi.obj
 0001:0008a43a       _$E354                     5f88b43a f   wingdi.obj
 0001:0008a449       _$E351                     5f88b449 f   wingdi.obj
 0001:0008a45f       _$E353                     5f88b45f f   wingdi.obj
 0001:0008a471       _$E352                     5f88b471 f   wingdi.obj
 0001:0008a49a       _$E359                     5f88b49a f   wingdi.obj
 0001:0008a4a9       _$E356                     5f88b4a9 f   wingdi.obj
 0001:0008a4bf       _$E358                     5f88b4bf f   wingdi.obj
 0001:0008a4d1       _$E357                     5f88b4d1 f   wingdi.obj
 0001:0003527e       ?HasFont@@YAHPBUDLGTEMPLATE@@@Z 5f83627e f   dlgtempl.obj
 0001:000352af       ?IsDialogEx@@YAHPBUDLGTEMPLATE@@@Z 5f8362af f   dlgtempl.obj
 0001:000355c1       ?FontAttrSize@@YAHH@Z      5f8365c1 f   dlgtempl.obj
 0001:00035b62       ?ConvertDialogUnitsToPixels@@YAXPBGGHHPAUtagSIZE@@@Z 5f836b62 f   dlgtempl.obj
 0001:00089dba       _$E354                     5f88adba f   ccdata.obj
 0001:00089dc9       _$E351                     5f88adc9 f   ccdata.obj
 0001:00089dce       _$E353                     5f88adce f   ccdata.obj
 0001:00089de0       _$E352                     5f88ade0 f   ccdata.obj
 0001:00089fdb       _$E359                     5f88afdb f   ccdata.obj
 0001:00089fea       _$E356                     5f88afea f   ccdata.obj
 0001:00089fef       _$E358                     5f88afef f   ccdata.obj
 0001:0008a001       _$E357                     5f88b001 f   ccdata.obj
 0001:0008919a       _$E354                     5f88a19a f   dlgclr.obj
 0001:000891a9       _$E351                     5f88a1a9 f   dlgclr.obj
 0001:000891ae       _$E353                     5f88a1ae f   dlgclr.obj
 0001:000891c0       _$E352                     5f88a1c0 f   dlgclr.obj
 0001:00017200       _$E352                     5f818200 f   dlgcomm.obj
 0001:0001720a       _$E351                     5f81820a f   dlgcomm.obj
 0001:0001721f       _$E355                     5f81821f f   dlgcomm.obj
 0001:00017229       _$E354                     5f818229 f   dlgcomm.obj
 0001:0001723e       _$E358                     5f81823e f   dlgcomm.obj
 0001:00017248       _$E357                     5f818248 f   dlgcomm.obj
 0001:0001725d       _$E361                     5f81825d f   dlgcomm.obj
 0001:00017267       _$E360                     5f818267 f   dlgcomm.obj
 0001:0001727c       _$E364                     5f81827c f   dlgcomm.obj
 0001:00017286       _$E363                     5f818286 f   dlgcomm.obj
 0001:0001729b       _$E367                     5f81829b f   dlgcomm.obj
 0001:000172a5       _$E366                     5f8182a5 f   dlgcomm.obj
 0001:0006d132       ?_ChangePropPageFont@@YAPAUDLGTEMPLATE@@PBU1@H@Z 5f86e132 f   dlgprop.obj
 0001:00057af8       ?AfxSimpleFloatParse@@YGHPBGAAN@Z 5f858af8 f   dlgfloat.obj
 0001:00057c81       ?FailMinMaxReal@@YGXPAVCDataExchange@@NNHI@Z 5f858c81 f   dlgfloat.obj
 0001:000569a5       ?DDX_TextWithFormat@@YAXPAVCDataExchange@@HPBGIZZ 5f8579a5 f   dlgdata.obj
 0001:00056a2e       ?AfxSimpleScanf@@YGHPBG0PAD@Z 5f857a2e f   dlgdata.obj
 0001:0005748f       ?FailMinMaxWithFormat@@YGXPAVCDataExchange@@JJPBGI@Z 5f85848f f   dlgdata.obj
 0001:0000b75f       _$E354                     5f80c75f f   winctrl4.obj
 0001:0000b76e       _$E351                     5f80c76e f   winctrl4.obj
 0001:0000b773       _$E353                     5f80c773 f   winctrl4.obj
 0001:0000b785       _$E352                     5f80c785 f   winctrl4.obj
 0001:00088f6a       _$E354                     5f889f6a f   winctrl3.obj
 0001:00088f79       _$E351                     5f889f79 f   winctrl3.obj
 0001:00088f7e       _$E353                     5f889f7e f   winctrl3.obj
 0001:00088f90       _$E352                     5f889f90 f   winctrl3.obj
 0001:00004d17       ?afxMapHIMAGELIST@@YAPAVCHandleMap@@H@Z 5f805d17 f   winctrl2.obj
 0001:00068d60       _$E354                     5f869d60 f   trckrect.obj
 0001:00068d6f       _$E351                     5f869d6f f   trckrect.obj
 0001:00068d74       _$E353                     5f869d74 f   trckrect.obj
 0001:00068d86       _$E352                     5f869d86 f   trckrect.obj
 0001:00091a37       ?ComputeNextTab@@YAHHIPAHHH@Z 5f892a37 f   dcprev.obj
 0001:00092827       ?MultMultDivDiv@@YGJHHHHH@Z 5f893827 f   dcprev.obj
 0001:00088c85       _$E352                     5f889c85 f   dockstat.obj
 0001:00088c8f       _$E351                     5f889c8f f   dockstat.obj
 0001:000531ce       ?AdjustRectangle@@YAXAAVCRect@@VCPoint@@@Z 5f8541ce f   dockcont.obj
 0001:00067320       _$E354                     5f868320 f   winmini.obj
 0001:0006732f       _$E351                     5f86832f f   winmini.obj
 0001:00067334       _$E353                     5f868334 f   winmini.obj
 0001:00067346       _$E352                     5f868346 f   winmini.obj
 0001:00068752       ?DrawFrame@@YAXPAVCDC@@PBUtagRECT@@HHAAVCBrush@@@Z 5f869752 f   winmini.obj
 0001:000025ef       ?RelayToolTipMessage@@YGXPAVCToolTipCtrl@@PAUtagMSG@@@Z 5f8035ef f   tooltip.obj
 0001:0004aca3       ?MapClientArea@@YGKPAUHWND__@@UtagPOINT@@@Z 5f84bca3 f   winfrmx.obj
 0001:0004ad71       ?MapNonClientArea@@YGKH@Z  5f84bd71 f   winfrmx.obj
 0001:000608a0       _$E352                     5f8618a0 f   winfrm.obj
 0001:000608aa       _$E351                     5f8618aa f   winfrm.obj
 0001:000608c7       _$E355                     5f8618c7 f   winfrm.obj
 0001:000608d1       _$E354                     5f8618d1 f   winfrm.obj
 0001:0002c890       _$E360                     5f82d890 f   wincore.obj
 0001:0002c89a       _$E359                     5f82d89a f   wincore.obj
 0001:0002c8af       _$E366                     5f82d8af f   wincore.obj
 0001:0002c8be       _$E362                     5f82d8be f   wincore.obj
 0001:0002c8cf       _$E365                     5f82d8cf f   wincore.obj
 0001:0002c8e1       _$E363                     5f82d8e1 f   wincore.obj
 0001:0002c90d       _$E371                     5f82d90d f   wincore.obj
 0001:0002c91c       _$E368                     5f82d91c f   wincore.obj
 0001:0002c92d       _$E370                     5f82d92d f   wincore.obj
 0001:0002c93f       _$E369                     5f82d93f f   wincore.obj
 0001:0002c96b       _$E376                     5f82d96b f   wincore.obj
 0001:0002c97a       _$E373                     5f82d97a f   wincore.obj
 0001:0002c98b       _$E375                     5f82d98b f   wincore.obj
 0001:0002c99d       _$E374                     5f82d99d f   wincore.obj
 0001:0002c9c9       _$E381                     5f82d9c9 f   wincore.obj
 0001:0002c9d8       _$E378                     5f82d9d8 f   wincore.obj
 0001:0002c9e9       _$E380                     5f82d9e9 f   wincore.obj
 0001:0002c9fb       _$E379                     5f82d9fb f   wincore.obj
 0001:0002cadc       ?_AfxModifyStyle@@YGHPAUHWND__@@HKKI@Z 5f82dadc f   wincore.obj
 0001:0002cd30       ?_AfxPreInitDialog@@YGXPAVCWnd@@PAUtagRECT@@PAK@Z 5f82dd30 f   wincore.obj
 0001:0002cd90       ?_AfxPostInitDialog@@YGXPAVCWnd@@ABUtagRECT@@K@Z 5f82dd90 f   wincore.obj
 0001:0002ced5       ?afxMapHWND@@YAPAVCHandleMap@@H@Z 5f82ded5 f   wincore.obj
 0001:0002d44c       ?_AfxHandleActivate@@YGXPAVCWnd@@I0@Z 5f82e44c f   wincore.obj
 0001:0002d4d0       ?_AfxHandleSetCursor@@YGHPAVCWnd@@II@Z 5f82e4d0 f   wincore.obj
 0001:0002ecae       ?FindPopupMenuFromID@@YAPAVCMenu@@PAV1@I@Z 5f82fcae f   wincore.obj
 0001:00032afc       ?RegisterWithIcon@@YGHPAUtagWNDCLASSW@@PBGI@Z 5f833afc f   wincore.obj
 0001:00085218       _$E354                     5f886218 f   afxstate.obj
 0001:00085227       _$E351                     5f886227 f   afxstate.obj
 0001:0008522c       _$E353                     5f88622c f   afxstate.obj
 0001:0008523e       _$E352                     5f88623e f   afxstate.obj
 0001:00085773       _$E359                     5f886773 f   afxstate.obj
 0001:00085782       _$E356                     5f886782 f   afxstate.obj
 0001:00085787       _$E358                     5f886787 f   afxstate.obj
 0001:00085799       _$E357                     5f886799 f   afxstate.obj
 0001:00085007       _$E352                     5f886007 f   map_wo.obj
 0001:00085011       _$E351                     5f886011 f   map_wo.obj
 0001:00025385       ?DestructElement@@YAXPAVCString@@@Z 5f826385 f   map_ss.obj
 0001:0002552f       ?ConstructElement@@YAXPAVCString@@@Z 5f82652f f   map_ss.obj
 0001:00084f67       _$E352                     5f885f67 f   map_ss.obj
 0001:00084f71       _$E351                     5f885f71 f   map_ss.obj
 0001:00024986       ?DestructElement@@YAXPAVCString@@@Z 5f825986 f   map_sp.obj
 0001:00023e26       ?DestructElement@@YAXPAVCString@@@Z 5f824e26 f   map_so.obj
 0001:00084ea7       _$E352                     5f885ea7 f   map_so.obj
 0001:00084eb1       _$E351                     5f885eb1 f   map_so.obj
 0001:00021bb0       ?DestructElement@@YAXPAVCString@@@Z 5f822bb0 f   list_s.obj
 0001:00021d50       ?ConstructElement@@YAXPAVCString@@@Z 5f822d50 f   list_s.obj
 0001:00084dc7       _$E352                     5f885dc7 f   list_s.obj
 0001:00084dd1       _$E351                     5f885dd1 f   list_s.obj
 0001:00084d07       _$E352                     5f885d07 f   list_o.obj
 0001:00084d11       _$E351                     5f885d11 f   list_o.obj
 0001:00084c75       _$E352                     5f885c75 f   array_w.obj
 0001:00084c7f       _$E351                     5f885c7f f   array_w.obj
 0001:0001dc6d       ?DestructElements@@YAXPAVCString@@H@Z 5f81ec6d f   array_s.obj
 0001:0001dcbc       ?DestructElement@@YAXPAVCString@@@Z 5f81ecbc f   array_s.obj
 0001:0001dff3       ?ConstructElements@@YAXPAVCString@@H@Z 5f81eff3 f   array_s.obj
 0001:0001e042       ?ConstructElement@@YAXPAVCString@@@Z 5f81f042 f   array_s.obj
 0001:0001e0eb       ?CopyElements@@YAXPAVCString@@0H@Z 5f81f0eb f   array_s.obj
 0001:00084bc5       _$E352                     5f885bc5 f   array_s.obj
 0001:00084bcf       _$E351                     5f885bcf f   array_s.obj
 0001:00084b35       _$E352                     5f885b35 f   array_o.obj
 0001:00084b3f       _$E351                     5f885b3f f   array_o.obj
 0001:00084a85       _$E352                     5f885a85 f   array_d.obj
 0001:00084a8f       _$E351                     5f885a8f f   array_d.obj
 0001:000849f5       _$E352                     5f8859f5 f   array_b.obj
 0001:000849ff       _$E351                     5f8859ff f   array_b.obj
 0001:000292ee       ?IsDirSep@@YAHG@Z          5f82a2ee f   filecore.obj
 0001:00027b75       ?_AfxDoForAllObjectsProxy@@YAXPAX0@Z 5f828b75 f   afxmem.obj
 0001:00014740       _$E352                     5f815740 f   dumpinit.obj
 0001:0001474a       _$E351                     5f81574a f   dumpinit.obj
 0001:0001475b       _$E355                     5f81575b f   dumpinit.obj
 0001:00014765       _$E354                     5f815765 f   dumpinit.obj
 0001:00014ace       _$E360                     5f815ace f   dumpinit.obj
 0001:00014add       _$E357                     5f815add f   dumpinit.obj
 0001:00014ae2       _$E359                     5f815ae2 f   dumpinit.obj
 0001:00014af4       _$E358                     5f815af4 f   dumpinit.obj
 0001:0003b889       ?ReadStringLength@@YGIAAVCArchive@@@Z 5f83c889 f   arccore.obj
 0001:00084754       _$E354                     5f885754 f   except.obj
 0001:00084763       _$E351                     5f885763 f   except.obj
 0001:00084779       _$E353                     5f885779 f   except.obj
 0001:0008478b       _$E352                     5f88578b f   except.obj
 0001:000847b4       _$E359                     5f8857b4 f   except.obj
 0001:000847c3       _$E356                     5f8857c3 f   except.obj
 0001:000847d9       _$E358                     5f8857d9 f   except.obj
 0001:000847eb       _$E357                     5f8857eb f   except.obj
 0001:00013630       ?ArrayUnwindFilter@@YAHPAU_EXCEPTION_POINTERS@@@Z 5f814630 f   msvcrtd:ehvecdtr.obj
 0001:00013140       _$$$00001                  5f814140 f   msvcrtd:chkstk.obj
