 MFC42D

 Timestamp is 345e99fa (Mon Nov 03 19:43:54 1997)

 Preferred load address is 5f400000

 Start         Length     Name                   Class
 0001:00000000 000146beH .text                   CODE
 0001:000146c0 00006513H .text$AFX_AUX           CODE
 0001:0001abe0 00007cd6H .text$AFX_COL1          CODE
 0001:000228c0 00004568H .text$AFX_COL2          CODE
 0001:00026e30 000146d0H .text$AFX_CORE1         CODE
 0001:0003b500 0000debbH .text$AFX_CORE2         CODE
 0001:000493c0 00016f1fH .text$AFX_CORE3         CODE
 0001:000602e0 0001308dH .text$AFX_CORE4         CODE
 0001:00073370 00004791H .text$AFX_DBG1          CODE
 0001:00077b10 0000c8dbH .text$AFX_DBG2          CODE
 0001:000843f0 0000b63bH .text$AFX_INIT          CODE
 0001:0008fa30 000007dbH .text$AFX_MAPI          CODE
 0001:00090210 000073b4H .text$AFX_PRNT          CODE
 0001:000975d0 000005e4H .text$AFX_TERM          CODE
 0001:00097bc0 00004449H .text$AFX_VDEL          CODE
 0001:0009c010 000033deH .text$x                 CODE
 0002:00000000 000009f8H .idata$5                DATA
 0002:000009f8 0000db7dH .rdata                  DATA
 0002:0000e578 000033d4H .rdata$r                DATA
 0002:00011950 000054f0H .xdata$x                DATA
 0002:00016e40 00000050H .idata$2                DATA
 0002:00016e90 00000014H .idata$3                DATA
 0002:00016ea4 000009f8H .idata$4                DATA
 0002:0001789c 00002870H .idata$6                DATA
 0002:0001a110 000048eeH .edata                  DATA
 0003:00000000 00000004H .CRT$XCA                DATA
 0003:00000004 0000000cH .CRT$XCC                DATA
 0003:00000010 00000028H .CRT$XCL                DATA
 0003:00000038 00000094H .CRT$XCU                DATA
 0003:000000cc 00000004H .CRT$XCZ                DATA
 0003:000000d0 00000004H .CRT$XIA                DATA
 0003:000000d4 00000004H .CRT$XIZ                DATA
 0003:000000e0 00001ec0H .data                   DATA
 0003:00001fa0 00002044H .bss                    DATA
 0004:00000000 00000e98H .rsrc$01                DATA
 0004:00000ea0 00006540H .rsrc$02                DATA

  Address         Publics by Value              Rva+Base     Lib:Object

 0001:00000000       ?GetHead@CSimpleList@@QBEPAXXZ 5f401000 f i objcore.obj
 0001:00000010       ??0CArchiveStream@@QAE@PAVCArchive@@@Z 5f401010 f   arcstrm.obj
 0001:0000003a       ?AddRef@CArchiveStream@@UAGKXZ 5f40103a f   arcstrm.obj
 0001:00000046       ?Release@CArchiveStream@@UAGKXZ 5f401046 f   arcstrm.obj
 0001:0000004f       ?QueryInterface@CArchiveStream@@UAGJABU_GUID@@PAPAX@Z 5f40104f f   arcstrm.obj
 0001:00000091       ?Read@CArchiveStream@@UAGJPAXKPAK@Z 5f401091 f   arcstrm.obj
 0001:00000191       ?Write@CArchiveStream@@UAGJPBXKPAK@Z 5f401191 f   arcstrm.obj
 0001:00000294       ?Seek@CArchiveStream@@UAGJT_LARGE_INTEGER@@KPAT_ULARGE_INTEGER@@@Z 5f401294 f   arcstrm.obj
 0001:000003bd       ?SetSize@CArchiveStream@@UAGJT_ULARGE_INTEGER@@@Z 5f4013bd f   arcstrm.obj
 0001:000003c9       ?CopyTo@CArchiveStream@@UAGJPAUIStream@@T_ULARGE_INTEGER@@PAT3@2@Z 5f4013c9 f   arcstrm.obj
 0001:000003d5       ?Commit@CArchiveStream@@UAGJK@Z 5f4013d5 f   arcstrm.obj
 0001:000003e1       ?Revert@CArchiveStream@@UAGJXZ 5f4013e1 f   arcstrm.obj
 0001:000003ed       ?LockRegion@CArchiveStream@@UAGJT_ULARGE_INTEGER@@0K@Z 5f4013ed f   arcstrm.obj
 0001:000003f9       ?UnlockRegion@CArchiveStream@@UAGJT_ULARGE_INTEGER@@0K@Z 5f4013f9 f   arcstrm.obj
 0001:00000405       ?Stat@CArchiveStream@@UAGJPAUtagSTATSTG@@K@Z 5f401405 f   arcstrm.obj
 0001:00000411       ?Clone@CArchiveStream@@UAGJPAPAUIStream@@@Z 5f401411 f   arcstrm.obj
 0001:00000420       ??0IStream@@QAE@XZ         5f401420 f i arcstrm.obj
 0001:00000440       ??0ISequentialStream@@QAE@XZ 5f401440 f i arcstrm.obj
 0001:00000460       ??0IUnknown@@QAE@XZ        5f401460 f i arcstrm.obj
 0001:00000480       ??8@YAHABU_GUID@@0@Z       5f401480 f i arcstrm.obj
 0001:000004a0       ??1CNoTrackObject@@UAE@XZ  5f4014a0 f i dumpinit.obj
 0001:000004c0       ??_ECNoTrackObject@@UAEPAXI@Z 5f4014c0 f i dumpinit.obj
 0001:000004c0       ??_GCNoTrackObject@@UAEPAXI@Z 5f4014c0 f i dumpinit.obj
 0001:000004f0       __tcscmp                   5f4014f0 f i afxinl1.obj
 0001:00000510       __tcsicmp                  5f401510 f i afxinl1.obj
 0001:00000530       __tcscoll                  5f401530 f i afxinl1.obj
 0001:00000550       ?DrawState@@YGHPAUHDC__@@PAUHBRUSH__@@P6GH0JIHH@ZJIHHHHI@Z 5f401550 f i afxinl2.obj
 0001:00000590       ?GetNextWindow@@YAPAUHWND__@@PAU1@I@Z 5f401590 f i afxinl3.obj
 0001:000005b0       __tcsinc                   5f4015b0 f i filecore.obj
 0001:000005d0       ??0AFX_COM@@QAE@XZ         5f4015d0 f i filecore.obj
 0001:000005f0       ?data@CStringData@@QAEPADXZ 5f4015f0 f i strcore.obj
 0001:00000610       __tcschr                   5f401610 f i strcore.obj
 0001:00000630       __tcspbrk                  5f401630 f i strcore.obj
 0001:00000650       __tcsupr                   5f401650 f i strcore.obj
 0001:00000670       __tcslwr                   5f401670 f i strcore.obj
 0001:00000690       __tcsrev                   5f401690 f i strcore.obj
 0001:000006b0       __tcsspn                   5f4016b0 f i strex.obj
 0001:000006d0       __tcscspn                  5f4016d0 f i strex.obj
 0001:000006f0       __tcsrchr                  5f4016f0 f i strex.obj
 0001:00000710       __tcsstr                   5f401710 f i strex.obj
 0001:00000730       __tclen                    5f401730 f i strex.obj
 0001:00000750       ?Construct@CSimpleList@@QAEXH@Z 5f401750 f i afxstate.obj
 0001:00000790       ??0CTypeLibCache@@QAE@XZ   5f401790 f i afxstate.obj
 0001:000007d0       ??0CSimpleList@@QAE@H@Z    5f4017d0 f i afxstate.obj
 0001:00000800       ??1CHandleMap@@QAE@XZ      5f401800 f i afxstate.obj
 0001:00000860       ??2@YAPAXIPAX@Z            5f401860 f i afxstate.obj
 0001:00000870       ?GetNextPtr@CSimpleList@@QBEPAPAXPAX@Z 5f401870 f i afxtls.obj
 0001:000008b0       ??2CThreadSlotData@@SGPAXIPAX@Z 5f4018b0 f i afxtls.obj
 0001:000008c0       ??0CSyncObject@@QAE@PBD@Z  5f4018c0 f   mtcore.obj
 0001:00000936       ??1CSyncObject@@UAE@XZ     5f401936 f   mtcore.obj
 0001:000009ae       ?Lock@CSyncObject@@UAEHK@Z 5f4019ae f   mtcore.obj
 0001:000009d9       ?Dump@CSyncObject@@UBEXAAVCDumpContext@@@Z 5f4019d9 f   mtcore.obj
 0001:00000a34       ?AssertValid@CSyncObject@@UBEXXZ 5f401a34 f   mtcore.obj
 0001:00000a47       ??BCSyncObject@@QBEPAXXZ   5f401a47 f   mtcore.obj
 0001:00000a58       ?Unlock@CSemaphore@@UAEHXZ 5f401a58 f   mtcore.obj
 0001:00000a72       ?SetEvent@CEvent@@QAEHXZ   5f401a72 f   mtcore.obj
 0001:00000ab0       ?PulseEvent@CEvent@@QAEHXZ 5f401ab0 f   mtcore.obj
 0001:00000aee       ?ResetEvent@CEvent@@QAEHXZ 5f401aee f   mtcore.obj
 0001:00000b2c       ??1CSingleLock@@QAE@XZ     5f401b2c f   mtcore.obj
 0001:00000b3f       ?IsLocked@CSingleLock@@QAEHXZ 5f401b3f f   mtcore.obj
 0001:00000b50       ?IsLocked@CMultiLock@@QAEHK@Z 5f401b50 f   mtcore.obj
 0001:00000b97       ??0CCriticalSection@@QAE@XZ 5f401b97 f   mtcore.obj
 0001:00000bf2       ??BCCriticalSection@@QAEPAU_RTL_CRITICAL_SECTION@@XZ 5f401bf2 f   mtcore.obj
 0001:00000c03       ??1CCriticalSection@@UAE@XZ 5f401c03 f   mtcore.obj
 0001:00000c59       ?Lock@CCriticalSection@@QAEHXZ 5f401c59 f   mtcore.obj
 0001:00000c76       ?Lock@CCriticalSection@@UAEHK@Z 5f401c76 f   mtcore.obj
 0001:00000c8b       ?Unlock@CCriticalSection@@UAEHXZ 5f401c8b f   mtcore.obj
 0001:00000cb0       ??_GCSyncObject@@UAEPAXI@Z 5f401cb0 f i mtcore.obj
 0001:00000cb0       ??_ECSyncObject@@UAEPAXI@Z 5f401cb0 f i mtcore.obj
 0001:00000ce0       ??_GCCriticalSection@@UAEPAXI@Z 5f401ce0 f i mtcore.obj
 0001:00000d10       ?Unlock@CSyncObject@@UAEHJPAJ@Z 5f401d10 f i mtcore.obj
 0001:00000d30       ??0CSemaphore@@QAE@JJPBDPAU_SECURITY_ATTRIBUTES@@@Z 5f401d30 f   mtex.obj
 0001:00000dee       ??1CSemaphore@@UAE@XZ      5f401dee f   mtex.obj
 0001:00000e0a       ?Unlock@CSemaphore@@UAEHJPAJ@Z 5f401e0a f   mtex.obj
 0001:00000e2c       ??0CMutex@@QAE@HPBDPAU_SECURITY_ATTRIBUTES@@@Z 5f401e2c f   mtex.obj
 0001:00000ea4       ??1CMutex@@UAE@XZ          5f401ea4 f   mtex.obj
 0001:00000ec0       ?Unlock@CMutex@@UAEHXZ     5f401ec0 f   mtex.obj
 0001:00000ed8       ??0CEvent@@QAE@HHPBDPAU_SECURITY_ATTRIBUTES@@@Z 5f401ed8 f   mtex.obj
 0001:00000f54       ??1CEvent@@UAE@XZ          5f401f54 f   mtex.obj
 0001:00000f70       ?Unlock@CEvent@@UAEHXZ     5f401f70 f   mtex.obj
 0001:00000f80       ??0CSingleLock@@QAE@PAVCSyncObject@@H@Z 5f401f80 f   mtex.obj
 0001:00001009       ?Lock@CSingleLock@@QAEHK@Z 5f402009 f   mtex.obj
 0001:00001083       ?Unlock@CSingleLock@@QAEHXZ 5f402083 f   mtex.obj
 0001:000010e2       ?Unlock@CSingleLock@@QAEHJPAJ@Z 5f4020e2 f   mtex.obj
 0001:0000114b       ??0CMultiLock@@QAE@QAPAVCSyncObject@@KH@Z 5f40214b f   mtex.obj
 0001:000012fc       ??1CMultiLock@@QAE@XZ      5f4022fc f   mtex.obj
 0001:00001346       ?Lock@CMultiLock@@QAEKKHK@Z 5f402346 f   mtex.obj
 0001:00001420       ?Unlock@CMultiLock@@QAEHXZ 5f402420 f   mtex.obj
 0001:0000148e       ?Unlock@CMultiLock@@QAEHJPAJ@Z 5f40248e f   mtex.obj
 0001:00001540       ??_GCSemaphore@@UAEPAXI@Z  5f402540 f i mtex.obj
 0001:00001570       ??_GCMutex@@UAEPAXI@Z      5f402570 f i mtex.obj
 0001:000015a0       ??_GCEvent@@UAEPAXI@Z      5f4025a0 f i mtex.obj
 0001:000015d0       ?LookupPermanent@CHandleMap@@QAEPAVCObject@@PAX@Z 5f4025d0 f i wincore.obj
 0001:000015f0       ?LookupTemporary@CHandleMap@@QAEPAVCObject@@PAX@Z 5f4025f0 f i wincore.obj
 0001:00001610       ?UnlockResource@@YGHPAX@Z  5f402610 f i wincore.obj
 0001:00001620       ?GetWindowTask@@YAPAUHTASK__@@PAUHWND__@@@Z 5f402620 f i winfrmx.obj
 0001:00001640       ?_GetBaseMessageMap@CToolTipCtrl@@KGPBUAFX_MSGMAP@@XZ 5f402640 f   tooltip.obj
 0001:0000164a       ?GetMessageMap@CToolTipCtrl@@MBEPBUAFX_MSGMAP@@XZ 5f40264a f   tooltip.obj
 0001:0000165a       ??0CToolTipCtrl@@QAE@XZ    5f40265a f   tooltip.obj
 0001:000016b3       ?Create@CToolTipCtrl@@QAEHPAVCWnd@@K@Z 5f4026b3 f   tooltip.obj
 0001:00001715       ??1CToolTipCtrl@@UAE@XZ    5f402715 f   tooltip.obj
 0001:00001775       ?DestroyToolTipCtrl@CToolTipCtrl@@QAEHXZ 5f402775 f   tooltip.obj
 0001:000017d4       ?OnAddTool@CToolTipCtrl@@IAEJIJ@Z 5f4027d4 f   tooltip.obj
 0001:00001879       ?OnDisableModal@CToolTipCtrl@@IAEJIJ@Z 5f402879 f   tooltip.obj
 0001:00001899       ?OnWindowFromPoint@CToolTipCtrl@@IAEJIJ@Z 5f402899 f   tooltip.obj
 0001:00001975       ?AddTool@CToolTipCtrl@@QAEHPAVCWnd@@PBDPBUtagRECT@@I@Z 5f402975 f   tooltip.obj
 0001:00001a65       ?AddTool@CToolTipCtrl@@QAEHPAVCWnd@@IPBUtagRECT@@I@Z 5f402a65 f   tooltip.obj
 0001:00001ba1       ?DelTool@CToolTipCtrl@@QAEXPAVCWnd@@I@Z 5f402ba1 f   tooltip.obj
 0001:00001c2d       ?GetText@CToolTipCtrl@@QBEXAAVCString@@PAVCWnd@@I@Z 5f402c2d f   tooltip.obj
 0001:00001cd3       ?GetToolInfo@CToolTipCtrl@@QBEHAAVCToolInfo@@PAVCWnd@@I@Z 5f402cd3 f   tooltip.obj
 0001:00001d69       ?HitTest@CToolTipCtrl@@QBEHPAVCWnd@@VCPoint@@PAUtagTOOLINFOA@@@Z 5f402d69 f   tooltip.obj
 0001:00001e4e       ?SetToolRect@CToolTipCtrl@@QAEXPAVCWnd@@IPBUtagRECT@@@Z 5f402e4e f   tooltip.obj
 0001:00001f0c       ?UpdateTipText@CToolTipCtrl@@QAEXPBDPAVCWnd@@I@Z 5f402f0c f   tooltip.obj
 0001:00001f9e       ?UpdateTipText@CToolTipCtrl@@QAEXIPAVCWnd@@I@Z 5f402f9e f   tooltip.obj
 0001:00002053       ?FillInToolInfo@CToolTipCtrl@@QBEXAAUtagTOOLINFOA@@PAVCWnd@@I@Z 5f403053 f   tooltip.obj
 0001:000020cd       ?EnableToolTips@CWnd@@QAEHH@Z 5f4030cd f   tooltip.obj
 0001:000021c1       ?_FilterToolTipMessage@CWnd@@SGXPAUtagMSG@@PAV1@@Z 5f4031c1 f   tooltip.obj
 0001:000021d4       ?FilterToolTipMessage@CWnd@@QAEXPAUtagMSG@@@Z 5f4031d4 f   tooltip.obj
 0001:000027a0       ??_GCToolTipCtrl@@UAEPAXI@Z 5f4037a0 f i tooltip.obj
 0001:000027d0       ??1CDragListBox@@UAE@XZ    5f4037d0 f   winctrl2.obj
 0001:00002821       ?PreSubclassWindow@CDragListBox@@UAEXXZ 5f403821 f   winctrl2.obj
 0001:0000288d       ?BeginDrag@CDragListBox@@UAEHVCPoint@@@Z 5f40388d f   winctrl2.obj
 0001:000028ca       ?CancelDrag@CDragListBox@@UAEXVCPoint@@@Z 5f4038ca f   winctrl2.obj
 0001:000028e7       ?Dragging@CDragListBox@@UAEIVCPoint@@@Z 5f4038e7 f   winctrl2.obj
 0001:0000293f       ?Dropped@CDragListBox@@UAEXHVCPoint@@@Z 5f40393f f   winctrl2.obj
 0001:00002a84       ?DrawInsert@CDragListBox@@UAEXH@Z 5f403a84 f   winctrl2.obj
 0001:00002ac0       ?DrawSingle@CDragListBox@@QAEXH@Z 5f403ac0 f   winctrl2.obj
 0001:00002bc6       ?OnChildNotify@CDragListBox@@MAEHIIJPAJ@Z 5f403bc6 f   winctrl2.obj
 0001:00002d2b       ?_GetBaseMessageMap@CToolBarCtrl@@KGPBUAFX_MSGMAP@@XZ 5f403d2b f   winctrl2.obj
 0001:00002d35       ?GetMessageMap@CToolBarCtrl@@MBEPBUAFX_MSGMAP@@XZ 5f403d35 f   winctrl2.obj
 0001:00002d45       ?Create@CToolBarCtrl@@QAEHKABUtagRECT@@PAVCWnd@@I@Z 5f403d45 f   winctrl2.obj
 0001:00002dc7       ??1CToolBarCtrl@@UAE@XZ    5f403dc7 f   winctrl2.obj
 0001:00002e18       ?AddBitmap@CToolBarCtrl@@QAEHHPAVCBitmap@@@Z 5f403e18 f   winctrl2.obj
 0001:00002e84       ?AddBitmap@CToolBarCtrl@@QAEHHI@Z 5f403e84 f   winctrl2.obj
 0001:00002f1c       ?SaveState@CToolBarCtrl@@QAEXPAUHKEY__@@PBD1@Z 5f403f1c f   winctrl2.obj
 0001:00002f86       ?RestoreState@CToolBarCtrl@@QAEXPAUHKEY__@@PBD1@Z 5f403f86 f   winctrl2.obj
 0001:00002ff0       ?AddString@CToolBarCtrl@@QAEHI@Z 5f403ff0 f   winctrl2.obj
 0001:0000308d       ?OnCreate@CToolBarCtrl@@IAEHPAUtagCREATESTRUCTA@@@Z 5f40408d f   winctrl2.obj
 0001:000030bc       ?Create@CStatusBarCtrl@@QAEHKABUtagRECT@@PAVCWnd@@I@Z 5f4040bc f   winctrl2.obj
 0001:0000313e       ??1CStatusBarCtrl@@UAE@XZ  5f40413e f   winctrl2.obj
 0001:0000318f       ?GetText@CStatusBarCtrl@@QBEHPBDHPAH@Z 5f40418f f   winctrl2.obj
 0001:00003234       ?GetText@CStatusBarCtrl@@QBE?AVCString@@HPAH@Z 5f404234 f   winctrl2.obj
 0001:00003360       ?GetTextLength@CStatusBarCtrl@@QBEHHPAH@Z 5f404360 f   winctrl2.obj
 0001:00003403       ?GetBorders@CStatusBarCtrl@@QBEHAAH00@Z 5f404403 f   winctrl2.obj
 0001:0000347f       ?DrawItem@CStatusBarCtrl@@UAEXPAUtagDRAWITEMSTRUCT@@@Z 5f40447f f   winctrl2.obj
 0001:000034b5       ?OnChildNotify@CStatusBarCtrl@@MAEHIIJPAJ@Z 5f4044b5 f   winctrl2.obj
 0001:0000351f       ?_GetBaseMessageMap@CListCtrl@@KGPBUAFX_MSGMAP@@XZ 5f40451f f   winctrl2.obj
 0001:00003529       ?GetMessageMap@CListCtrl@@MBEPBUAFX_MSGMAP@@XZ 5f404529 f   winctrl2.obj
 0001:00003539       ?Create@CListCtrl@@QAEHKABUtagRECT@@PAVCWnd@@I@Z 5f404539 f   winctrl2.obj
 0001:000035bb       ??1CListCtrl@@UAE@XZ       5f4045bb f   winctrl2.obj
 0001:0000360c       ?GetItemRect@CListCtrl@@QBEHHPAUtagRECT@@I@Z 5f40460c f   winctrl2.obj
 0001:0000366c       ?InsertColumn@CListCtrl@@QAEHHPBDHHH@Z 5f40466c f   winctrl2.obj
 0001:000036c8       ?InsertItem@CListCtrl@@QAEHIHPBDIIHJ@Z 5f4046c8 f   winctrl2.obj
 0001:00003745       ?HitTest@CListCtrl@@QBEHVCPoint@@PAI@Z 5f404745 f   winctrl2.obj
 0001:000037bd       ?SetItem@CListCtrl@@QAEHHHIPBDHIIJ@Z 5f4047bd f   winctrl2.obj
 0001:00003845       ?GetItemText@CListCtrl@@QBE?AVCString@@HH@Z 5f404845 f   winctrl2.obj
 0001:0000394a       ?GetItemText@CListCtrl@@QBEHHHPADH@Z 5f40494a f   winctrl2.obj
 0001:000039c6       ?GetItemData@CListCtrl@@QBEKH@Z 5f4049c6 f   winctrl2.obj
 0001:00003a5c       ?DrawItem@CListCtrl@@UAEXPAUtagDRAWITEMSTRUCT@@@Z 5f404a5c f   winctrl2.obj
 0001:00003a92       ?OnChildNotify@CListCtrl@@MAEHIIJPAJ@Z 5f404a92 f   winctrl2.obj
 0001:00003afc       ?RemoveImageList@CListCtrl@@IAEXH@Z 5f404afc f   winctrl2.obj
 0001:00003b41       ?OnNcDestroy@CListCtrl@@IAEXXZ 5f404b41 f   winctrl2.obj
 0001:00003b72       ?CreateDragImage@CListCtrl@@QAEPAVCImageList@@HPAUtagPOINT@@@Z 5f404b72 f   winctrl2.obj
 0001:00003c3a       ?_GetBaseMessageMap@CTreeCtrl@@KGPBUAFX_MSGMAP@@XZ 5f404c3a f   winctrl2.obj
 0001:00003c44       ?GetMessageMap@CTreeCtrl@@MBEPBUAFX_MSGMAP@@XZ 5f404c44 f   winctrl2.obj
 0001:00003c54       ?Create@CTreeCtrl@@QAEHKABUtagRECT@@PAVCWnd@@I@Z 5f404c54 f   winctrl2.obj
 0001:00003cd6       ??1CTreeCtrl@@UAE@XZ       5f404cd6 f   winctrl2.obj
 0001:00003d27       ?GetItemRect@CTreeCtrl@@QBEHPAU_TREEITEM@@PAUtagRECT@@H@Z 5f404d27 f   winctrl2.obj
 0001:00003d87       ?GetItemText@CTreeCtrl@@QBE?AVCString@@PAU_TREEITEM@@@Z 5f404d87 f   winctrl2.obj
 0001:00003e8b       ?GetItemImage@CTreeCtrl@@QBEHPAU_TREEITEM@@AAH1@Z 5f404e8b f   winctrl2.obj
 0001:00003f0c       ?GetItemState@CTreeCtrl@@QBEIPAU_TREEITEM@@I@Z 5f404f0c f   winctrl2.obj
 0001:00003f9f       ?GetItemData@CTreeCtrl@@QBEKPAU_TREEITEM@@@Z 5f404f9f f   winctrl2.obj
 0001:00004025       ?ItemHasChildren@CTreeCtrl@@QBEHPAU_TREEITEM@@@Z 5f405025 f   winctrl2.obj
 0001:0000408d       ?SetItem@CTreeCtrl@@QAEHPAU_TREEITEM@@IPBDHHIIJ@Z 5f40508d f   winctrl2.obj
 0001:00004115       ?InsertItem@CTreeCtrl@@QAEPAU_TREEITEM@@IPBDHHIIJPAU2@1@Z 5f405115 f   winctrl2.obj
 0001:000041a3       ?HitTest@CTreeCtrl@@QBEPAU_TREEITEM@@VCPoint@@PAI@Z 5f4051a3 f   winctrl2.obj
 0001:0000421b       ?RemoveImageList@CTreeCtrl@@IAEXH@Z 5f40521b f   winctrl2.obj
 0001:00004260       ?OnDestroy@CTreeCtrl@@QAEXXZ 5f405260 f   winctrl2.obj
 0001:00004287       ?CreateDragImage@CTreeCtrl@@QAEPAVCImageList@@PAU_TREEITEM@@@Z 5f405287 f   winctrl2.obj
 0001:0000434d       ?Create@CSpinButtonCtrl@@QAEHKABUtagRECT@@PAVCWnd@@I@Z 5f40534d f   winctrl2.obj
 0001:000043cf       ??1CSpinButtonCtrl@@UAE@XZ 5f4053cf f   winctrl2.obj
 0001:00004420       ?GetRange@CSpinButtonCtrl@@QBEXAAH0@Z 5f405420 f   winctrl2.obj
 0001:00004496       ?Create@CSliderCtrl@@QAEHKABUtagRECT@@PAVCWnd@@I@Z 5f405496 f   winctrl2.obj
 0001:00004518       ??1CSliderCtrl@@UAE@XZ     5f405518 f   winctrl2.obj
 0001:00004569       ?GetRange@CSliderCtrl@@QBEXAAH0@Z 5f405569 f   winctrl2.obj
 0001:000045c1       ?SetRange@CSliderCtrl@@QAEXHHH@Z 5f4055c1 f   winctrl2.obj
 0001:000045ee       ?GetSelection@CSliderCtrl@@QBEXAAH0@Z 5f4055ee f   winctrl2.obj
 0001:00004662       ?SetSelection@CSliderCtrl@@QAEXHH@Z 5f405662 f   winctrl2.obj
 0001:000046d0       ?Create@CProgressCtrl@@QAEHKABUtagRECT@@PAVCWnd@@I@Z 5f4056d0 f   winctrl2.obj
 0001:00004752       ??1CProgressCtrl@@UAE@XZ   5f405752 f   winctrl2.obj
 0001:000047a3       ?Create@CHeaderCtrl@@QAEHKABUtagRECT@@PAVCWnd@@I@Z 5f4057a3 f   winctrl2.obj
 0001:00004825       ??1CHeaderCtrl@@UAE@XZ     5f405825 f   winctrl2.obj
 0001:00004876       ?DrawItem@CHeaderCtrl@@UAEXPAUtagDRAWITEMSTRUCT@@@Z 5f405876 f   winctrl2.obj
 0001:000048ac       ?OnChildNotify@CHeaderCtrl@@MAEHIIJPAJ@Z 5f4058ac f   winctrl2.obj
 0001:00004916       ?Create@CHotKeyCtrl@@QAEHKABUtagRECT@@PAVCWnd@@I@Z 5f405916 f   winctrl2.obj
 0001:00004998       ??1CHotKeyCtrl@@UAE@XZ     5f405998 f   winctrl2.obj
 0001:000049e9       ?GetHotKey@CHotKeyCtrl@@QBEXAAG0@Z 5f4059e9 f   winctrl2.obj
 0001:00004a6a       ?_GetBaseMessageMap@CTabCtrl@@KGPBUAFX_MSGMAP@@XZ 5f405a6a f   winctrl2.obj
 0001:00004a74       ?GetMessageMap@CTabCtrl@@MBEPBUAFX_MSGMAP@@XZ 5f405a74 f   winctrl2.obj
 0001:00004a84       ?Create@CTabCtrl@@QAEHKABUtagRECT@@PAVCWnd@@I@Z 5f405a84 f   winctrl2.obj
 0001:00004b06       ??1CTabCtrl@@UAE@XZ        5f405b06 f   winctrl2.obj
 0001:00004b57       ?DrawItem@CTabCtrl@@UAEXPAUtagDRAWITEMSTRUCT@@@Z 5f405b57 f   winctrl2.obj
 0001:00004b8d       ?OnChildNotify@CTabCtrl@@MAEHIIJPAJ@Z 5f405b8d f   winctrl2.obj
 0001:00004bf7       ?OnDestroy@CTabCtrl@@IAEXXZ 5f405bf7 f   winctrl2.obj
 0001:00004c3e       ?Create@CAnimateCtrl@@QAEHKABUtagRECT@@PAVCWnd@@I@Z 5f405c3e f   winctrl2.obj
 0001:00004cc0       ??1CAnimateCtrl@@UAE@XZ    5f405cc0 f   winctrl2.obj
 0001:00004d11       ??1CRichEditCtrl@@UAE@XZ   5f405d11 f   winctrl2.obj
 0001:00004d62       ??0CImageList@@QAE@XZ      5f405d62 f   winctrl2.obj
 0001:00004d8b       ??1CImageList@@UAE@XZ      5f405d8b f   winctrl2.obj
 0001:00004ddc       ?Detach@CImageList@@QAEPAU_IMAGELIST@@XZ 5f405ddc f   winctrl2.obj
 0001:00004eba       ?DeleteImageList@CImageList@@QAEHXZ 5f405eba f   winctrl2.obj
 0001:00004ee1       ?DeleteTempMap@CImageList@@SGXXZ 5f405ee1 f   winctrl2.obj
 0001:00004f04       ?FromHandle@CImageList@@SGPAV1@PAU_IMAGELIST@@@Z 5f405f04 f   winctrl2.obj
 0001:00004f80       ?FromHandlePermanent@CImageList@@SGPAV1@PAU_IMAGELIST@@@Z 5f405f80 f   winctrl2.obj
 0001:00004fe9       ?Create@CImageList@@QAEHHHIHH@Z 5f405fe9 f   winctrl2.obj
 0001:00005019       ?Create@CImageList@@QAEHIHHK@Z 5f406019 f   winctrl2.obj
 0001:00005089       ?Create@CImageList@@QAEHPBDHHK@Z 5f406089 f   winctrl2.obj
 0001:000050c5       ?Create@CImageList@@QAEHAAV1@H0HHH@Z 5f4060c5 f   winctrl2.obj
 0001:000050ff       ?Attach@CImageList@@QAEHPAU_IMAGELIST@@@Z 5f4060ff f   winctrl2.obj
 0001:000051b3       ?Read@CImageList@@QAEHPAVCArchive@@@Z 5f4061b3 f   winctrl2.obj
 0001:00005259       ?Write@CImageList@@QAEHPAVCArchive@@@Z 5f406259 f   winctrl2.obj
 0001:000052f4       ?Dump@CImageList@@UBEXAAVCDumpContext@@@Z 5f4062f4 f   winctrl2.obj
 0001:00005335       ?AssertValid@CImageList@@UBEXXZ 5f406335 f   winctrl2.obj
 0001:000053f7       ??0CDragListBox@@QAE@XZ    5f4063f7 f   winctrl2.obj
 0001:00005420       ?ItemFromPt@CDragListBox@@QBEHVCPoint@@H@Z 5f406420 f   winctrl2.obj
 0001:00005482       ??0CToolBarCtrl@@QAE@XZ    5f406482 f   winctrl2.obj
 0001:000054a1       ?EnableButton@CToolBarCtrl@@QAEHHH@Z 5f4064a1 f   winctrl2.obj
 0001:000054fb       ?CheckButton@CToolBarCtrl@@QAEHHH@Z 5f4064fb f   winctrl2.obj
 0001:00005555       ?PressButton@CToolBarCtrl@@QAEHHH@Z 5f406555 f   winctrl2.obj
 0001:000055af       ?HideButton@CToolBarCtrl@@QAEHHH@Z 5f4065af f   winctrl2.obj
 0001:00005609       ?Indeterminate@CToolBarCtrl@@QAEHHH@Z 5f406609 f   winctrl2.obj
 0001:00005663       ?IsButtonEnabled@CToolBarCtrl@@QBEHH@Z 5f406663 f   winctrl2.obj
 0001:000056b6       ?IsButtonChecked@CToolBarCtrl@@QBEHH@Z 5f4066b6 f   winctrl2.obj
 0001:00005709       ?IsButtonPressed@CToolBarCtrl@@QBEHH@Z 5f406709 f   winctrl2.obj
 0001:0000575c       ?IsButtonHidden@CToolBarCtrl@@QBEHH@Z 5f40675c f   winctrl2.obj
 0001:000057af       ?IsButtonIndeterminate@CToolBarCtrl@@QBEHH@Z 5f4067af f   winctrl2.obj
 0001:00005802       ?SetState@CToolBarCtrl@@QAEHHI@Z 5f406802 f   winctrl2.obj
 0001:0000585c       ?GetState@CToolBarCtrl@@QBEHH@Z 5f40685c f   winctrl2.obj
 0001:000058af       ?AddButtons@CToolBarCtrl@@QAEHHPAU_TBBUTTON@@@Z 5f4068af f   winctrl2.obj
 0001:00005904       ?InsertButton@CToolBarCtrl@@QAEHHPAU_TBBUTTON@@@Z 5f406904 f   winctrl2.obj
 0001:00005959       ?DeleteButton@CToolBarCtrl@@QAEHH@Z 5f406959 f   winctrl2.obj
 0001:000059ac       ?GetButton@CToolBarCtrl@@QBEHHPAU_TBBUTTON@@@Z 5f4069ac f   winctrl2.obj
 0001:00005a01       ?GetButtonCount@CToolBarCtrl@@QBEHXZ 5f406a01 f   winctrl2.obj
 0001:00005a50       ?CommandToIndex@CToolBarCtrl@@QBEII@Z 5f406a50 f   winctrl2.obj
 0001:00005aa3       ?Customize@CToolBarCtrl@@QAEXXZ 5f406aa3 f   winctrl2.obj
 0001:00005af2       ?AddStrings@CToolBarCtrl@@QAEHPBD@Z 5f406af2 f   winctrl2.obj
 0001:00005b45       ?GetItemRect@CToolBarCtrl@@QBEHHPAUtagRECT@@@Z 5f406b45 f   winctrl2.obj
 0001:00005b9a       ?SetButtonStructSize@CToolBarCtrl@@QAEXH@Z 5f406b9a f   winctrl2.obj
 0001:00005bed       ?SetButtonSize@CToolBarCtrl@@QAEHVCSize@@@Z 5f406bed f   winctrl2.obj
 0001:00005c53       ?SetBitmapSize@CToolBarCtrl@@QAEHVCSize@@@Z 5f406c53 f   winctrl2.obj
 0001:00005cb9       ?AutoSize@CToolBarCtrl@@QAEXXZ 5f406cb9 f   winctrl2.obj
 0001:00005d08       ?GetToolTips@CToolBarCtrl@@QBEPAVCToolTipCtrl@@XZ 5f406d08 f   winctrl2.obj
 0001:00005d5d       ?SetToolTips@CToolBarCtrl@@QAEXPAVCToolTipCtrl@@@Z 5f406d5d f   winctrl2.obj
 0001:00005db3       ?SetOwner@CToolBarCtrl@@QAEXPAVCWnd@@@Z 5f406db3 f   winctrl2.obj
 0001:00005e09       ?SetRows@CToolBarCtrl@@QAEXHHPAUtagRECT@@@Z 5f406e09 f   winctrl2.obj
 0001:00005e72       ?GetRows@CToolBarCtrl@@QBEHXZ 5f406e72 f   winctrl2.obj
 0001:00005ec1       ?SetCmdID@CToolBarCtrl@@QAEHHI@Z 5f406ec1 f   winctrl2.obj
 0001:00005f16       ?GetBitmapFlags@CToolBarCtrl@@QBEIXZ 5f406f16 f   winctrl2.obj
 0001:00005f65       ??0CStatusBarCtrl@@QAE@XZ  5f406f65 f   winctrl2.obj
 0001:00005f84       ?SetText@CStatusBarCtrl@@QAEHPBDHH@Z 5f406f84 f   winctrl2.obj
 0001:00005ffc       ?SetParts@CStatusBarCtrl@@QAEHHPAH@Z 5f406ffc f   winctrl2.obj
 0001:00006051       ?GetParts@CStatusBarCtrl@@QBEHHPAH@Z 5f407051 f   winctrl2.obj
 0001:000060a6       ?GetBorders@CStatusBarCtrl@@QBEHPAH@Z 5f4070a6 f   winctrl2.obj
 0001:000060f9       ?SetMinHeight@CStatusBarCtrl@@QAEXH@Z 5f4070f9 f   winctrl2.obj
 0001:0000614c       ?SetSimple@CStatusBarCtrl@@QAEHH@Z 5f40714c f   winctrl2.obj
 0001:0000619f       ?GetRect@CStatusBarCtrl@@QBEHHPAUtagRECT@@@Z 5f40719f f   winctrl2.obj
 0001:000061f4       ??0CListCtrl@@QAE@XZ       5f4071f4 f   winctrl2.obj
 0001:00006213       ?GetBkColor@CListCtrl@@QBEKXZ 5f407213 f   winctrl2.obj
 0001:00006262       ?SetBkColor@CListCtrl@@QAEHK@Z 5f407262 f   winctrl2.obj
 0001:000062b5       ?GetImageList@CListCtrl@@QBEPAVCImageList@@H@Z 5f4072b5 f   winctrl2.obj
 0001:0000630e       ?SetImageList@CListCtrl@@QAEPAVCImageList@@PAV2@H@Z 5f40730e f   winctrl2.obj
 0001:0000636e       ?GetItemCount@CListCtrl@@QBEHXZ 5f40736e f   winctrl2.obj
 0001:000063bd       ?GetItem@CListCtrl@@QBEHPAUtagLVITEMA@@@Z 5f4073bd f   winctrl2.obj
 0001:00006410       ?SetItem@CListCtrl@@QAEHPBUtagLVITEMA@@@Z 5f407410 f   winctrl2.obj
 0001:00006463       ?SetItemState@CListCtrl@@QAEHHII@Z 5f407463 f   winctrl2.obj
 0001:000064bf       ?SetItemText@CListCtrl@@QAEHHHPBD@Z 5f4074bf f   winctrl2.obj
 0001:0000651b       ?SetItemData@CListCtrl@@QAEHHK@Z 5f40751b f   winctrl2.obj
 0001:00006575       ?InsertItem@CListCtrl@@QAEHPBUtagLVITEMA@@@Z 5f407575 f   winctrl2.obj
 0001:000065cb       ?InsertItem@CListCtrl@@QAEHHPBD@Z 5f4075cb f   winctrl2.obj
 0001:00006623       ?InsertItem@CListCtrl@@QAEHHPBDH@Z 5f407623 f   winctrl2.obj
 0001:0000667d       ?DeleteItem@CListCtrl@@QAEHH@Z 5f40767d f   winctrl2.obj
 0001:000066d3       ?DeleteAllItems@CListCtrl@@QAEHXZ 5f4076d3 f   winctrl2.obj
 0001:00006725       ?GetCallbackMask@CListCtrl@@QBEIXZ 5f407725 f   winctrl2.obj
 0001:00006777       ?SetCallbackMask@CListCtrl@@QAEHI@Z 5f407777 f   winctrl2.obj
 0001:000067cd       ?GetNextItem@CListCtrl@@QBEHHH@Z 5f4077cd f   winctrl2.obj
 0001:0000682a       ?FindItem@CListCtrl@@QBEHPAUtagLVFINDINFOA@@H@Z 5f40782a f   winctrl2.obj
 0001:00006882       ?HitTest@CListCtrl@@QBEHPAUtagLVHITTESTINFO@@@Z 5f407882 f   winctrl2.obj
 0001:000068d8       ?SetItemPosition@CListCtrl@@QAEHHUtagPOINT@@@Z 5f4078d8 f   winctrl2.obj
 0001:00006930       ?GetItemPosition@CListCtrl@@QBEHHPAUtagPOINT@@@Z 5f407930 f   winctrl2.obj
 0001:00006988       ?GetStringWidth@CListCtrl@@QBEHPBD@Z 5f407988 f   winctrl2.obj
 0001:000069de       ?EnsureVisible@CListCtrl@@QAEHHH@Z 5f4079de f   winctrl2.obj
 0001:00006a3b       ?Scroll@CListCtrl@@QAEHVCSize@@@Z 5f407a3b f   winctrl2.obj
 0001:00006a93       ?RedrawItems@CListCtrl@@QAEHHH@Z 5f407a93 f   winctrl2.obj
 0001:00006aeb       ?Arrange@CListCtrl@@QAEHI@Z 5f407aeb f   winctrl2.obj
 0001:00006b41       ?EditLabel@CListCtrl@@QAEPAVCEdit@@H@Z 5f407b41 f   winctrl2.obj
 0001:00006b9d       ?GetEditControl@CListCtrl@@QBEPAVCEdit@@XZ 5f407b9d f   winctrl2.obj
 0001:00006bf5       ?GetColumn@CListCtrl@@QBEHHPAUtagLVCOLUMNA@@@Z 5f407bf5 f   winctrl2.obj
 0001:00006c4d       ?SetColumn@CListCtrl@@QAEHHPBUtagLVCOLUMNA@@@Z 5f407c4d f   winctrl2.obj
 0001:00006ca5       ?InsertColumn@CListCtrl@@QAEHHPBUtagLVCOLUMNA@@@Z 5f407ca5 f   winctrl2.obj
 0001:00006cfd       ?DeleteColumn@CListCtrl@@QAEHH@Z 5f407cfd f   winctrl2.obj
 0001:00006d53       ?GetColumnWidth@CListCtrl@@QBEHH@Z 5f407d53 f   winctrl2.obj
 0001:00006da9       ?SetColumnWidth@CListCtrl@@QAEHHH@Z 5f407da9 f   winctrl2.obj
 0001:00006e06       ?GetViewRect@CListCtrl@@QBEHPAUtagRECT@@@Z 5f407e06 f   winctrl2.obj
 0001:00006e5c       ?GetTextColor@CListCtrl@@QBEKXZ 5f407e5c f   winctrl2.obj
 0001:00006eae       ?SetTextColor@CListCtrl@@QAEHK@Z 5f407eae f   winctrl2.obj
 0001:00006f04       ?GetTextBkColor@CListCtrl@@QBEKXZ 5f407f04 f   winctrl2.obj
 0001:00006f56       ?SetTextBkColor@CListCtrl@@QAEHK@Z 5f407f56 f   winctrl2.obj
 0001:00006fac       ?GetTopIndex@CListCtrl@@QBEHXZ 5f407fac f   winctrl2.obj
 0001:00006ffe       ?GetCountPerPage@CListCtrl@@QBEHXZ 5f407ffe f   winctrl2.obj
 0001:00007050       ?GetOrigin@CListCtrl@@QBEHPAUtagPOINT@@@Z 5f408050 f   winctrl2.obj
 0001:000070a6       ?Update@CListCtrl@@QAEHH@Z 5f4080a6 f   winctrl2.obj
 0001:000070fc       ?SetItemState@CListCtrl@@QAEHHPAUtagLVITEMA@@@Z 5f4080fc f   winctrl2.obj
 0001:00007154       ?GetItemState@CListCtrl@@QBEIHI@Z 5f408154 f   winctrl2.obj
 0001:000071ac       ?SetItemCount@CListCtrl@@QAEXH@Z 5f4081ac f   winctrl2.obj
 0001:00007202       ?SortItems@CListCtrl@@QAEHP6GHJJJ@ZK@Z 5f408202 f   winctrl2.obj
 0001:0000725a       ?GetSelectedCount@CListCtrl@@QBEIXZ 5f40825a f   winctrl2.obj
 0001:000072ac       ??0CTreeCtrl@@QAE@XZ       5f4082ac f   winctrl2.obj
 0001:000072cb       ?InsertItem@CTreeCtrl@@QAEPAU_TREEITEM@@PAUtagTVINSERTSTRUCTA@@@Z 5f4082cb f   winctrl2.obj
 0001:00007321       ?InsertItem@CTreeCtrl@@QAEPAU_TREEITEM@@PBDHHPAU2@1@Z 5f408321 f   winctrl2.obj
 0001:00007383       ?InsertItem@CTreeCtrl@@QAEPAU_TREEITEM@@PBDPAU2@1@Z 5f408383 f   winctrl2.obj
 0001:000073e1       ?DeleteItem@CTreeCtrl@@QAEHPAU_TREEITEM@@@Z 5f4083e1 f   winctrl2.obj
 0001:00007437       ?DeleteAllItems@CTreeCtrl@@QAEHXZ 5f408437 f   winctrl2.obj
 0001:0000748c       ?Expand@CTreeCtrl@@QAEHPAU_TREEITEM@@I@Z 5f40848c f   winctrl2.obj
 0001:000074e4       ?GetCount@CTreeCtrl@@QBEIXZ 5f4084e4 f   winctrl2.obj
 0001:00007536       ?GetIndent@CTreeCtrl@@QBEIXZ 5f408536 f   winctrl2.obj
 0001:00007588       ?SetIndent@CTreeCtrl@@QAEXI@Z 5f408588 f   winctrl2.obj
 0001:000075de       ?GetImageList@CTreeCtrl@@QBEPAVCImageList@@I@Z 5f4085de f   winctrl2.obj
 0001:0000763a       ?SetImageList@CTreeCtrl@@QAEPAVCImageList@@PAV2@H@Z 5f40863a f   winctrl2.obj
 0001:0000769d       ?GetNextItem@CTreeCtrl@@QBEPAU_TREEITEM@@PAU2@I@Z 5f40869d f   winctrl2.obj
 0001:000076f5       ?GetChildItem@CTreeCtrl@@QBEPAU_TREEITEM@@PAU2@@Z 5f4086f5 f   winctrl2.obj
 0001:0000774b       ?GetNextSiblingItem@CTreeCtrl@@QBEPAU_TREEITEM@@PAU2@@Z 5f40874b f   winctrl2.obj
 0001:000077a1       ?GetPrevSiblingItem@CTreeCtrl@@QBEPAU_TREEITEM@@PAU2@@Z 5f4087a1 f   winctrl2.obj
 0001:000077f7       ?GetParentItem@CTreeCtrl@@QBEPAU_TREEITEM@@PAU2@@Z 5f4087f7 f   winctrl2.obj
 0001:0000784d       ?GetFirstVisibleItem@CTreeCtrl@@QBEPAU_TREEITEM@@XZ 5f40884d f   winctrl2.obj
 0001:0000789f       ?GetNextVisibleItem@CTreeCtrl@@QBEPAU_TREEITEM@@PAU2@@Z 5f40889f f   winctrl2.obj
 0001:000078f5       ?GetPrevVisibleItem@CTreeCtrl@@QBEPAU_TREEITEM@@PAU2@@Z 5f4088f5 f   winctrl2.obj
 0001:0000794b       ?GetSelectedItem@CTreeCtrl@@QBEPAU_TREEITEM@@XZ 5f40894b f   winctrl2.obj
 0001:0000799d       ?GetDropHilightItem@CTreeCtrl@@QBEPAU_TREEITEM@@XZ 5f40899d f   winctrl2.obj
 0001:000079ef       ?GetRootItem@CTreeCtrl@@QBEPAU_TREEITEM@@XZ 5f4089ef f   winctrl2.obj
 0001:00007a41       ?Select@CTreeCtrl@@QAEHPAU_TREEITEM@@I@Z 5f408a41 f   winctrl2.obj
 0001:00007a99       ?SelectItem@CTreeCtrl@@QAEHPAU_TREEITEM@@@Z 5f408a99 f   winctrl2.obj
 0001:00007aef       ?SelectDropTarget@CTreeCtrl@@QAEHPAU_TREEITEM@@@Z 5f408aef f   winctrl2.obj
 0001:00007b45       ?SelectSetFirstVisible@CTreeCtrl@@QAEHPAU_TREEITEM@@@Z 5f408b45 f   winctrl2.obj
 0001:00007b9b       ?GetItem@CTreeCtrl@@QBEHPAUtagTVITEMA@@@Z 5f408b9b f   winctrl2.obj
 0001:00007bf1       ?SetItem@CTreeCtrl@@QAEHPAUtagTVITEMA@@@Z 5f408bf1 f   winctrl2.obj
 0001:00007c47       ?SetItemText@CTreeCtrl@@QAEHPAU_TREEITEM@@PBD@Z 5f408c47 f   winctrl2.obj
 0001:00007ca1       ?SetItemImage@CTreeCtrl@@QAEHPAU_TREEITEM@@HH@Z 5f408ca1 f   winctrl2.obj
 0001:00007cfd       ?SetItemState@CTreeCtrl@@QAEHPAU_TREEITEM@@II@Z 5f408cfd f   winctrl2.obj
 0001:00007d59       ?SetItemData@CTreeCtrl@@QAEHPAU_TREEITEM@@K@Z 5f408d59 f   winctrl2.obj
 0001:00007db3       ?EditLabel@CTreeCtrl@@QAEPAVCEdit@@PAU_TREEITEM@@@Z 5f408db3 f   winctrl2.obj
 0001:00007e0f       ?HitTest@CTreeCtrl@@QBEPAU_TREEITEM@@PAUtagTVHITTESTINFO@@@Z 5f408e0f f   winctrl2.obj
 0001:00007e65       ?GetEditControl@CTreeCtrl@@QBEPAVCEdit@@XZ 5f408e65 f   winctrl2.obj
 0001:00007ebd       ?GetVisibleCount@CTreeCtrl@@QBEIXZ 5f408ebd f   winctrl2.obj
 0001:00007f0f       ?SortChildren@CTreeCtrl@@QAEHPAU_TREEITEM@@@Z 5f408f0f f   winctrl2.obj
 0001:00007f65       ?EnsureVisible@CTreeCtrl@@QAEHPAU_TREEITEM@@@Z 5f408f65 f   winctrl2.obj
 0001:00007fbb       ?SortChildrenCB@CTreeCtrl@@QAEHPAUtagTVSORTCB@@@Z 5f408fbb f   winctrl2.obj
 0001:00008011       ??0CHotKeyCtrl@@QAE@XZ     5f409011 f   winctrl2.obj
 0001:00008030       ?SetHotKey@CHotKeyCtrl@@QAEXGG@Z 5f409030 f   winctrl2.obj
 0001:0000809e       ?GetHotKey@CHotKeyCtrl@@QBEKXZ 5f40909e f   winctrl2.obj
 0001:000080f0       ?SetRules@CHotKeyCtrl@@QAEXGG@Z 5f4090f0 f   winctrl2.obj
 0001:00008153       ?Activate@CToolTipCtrl@@QAEXH@Z 5f409153 f   winctrl2.obj
 0001:000081a9       ?SetToolInfo@CToolTipCtrl@@QAEXPAUtagTOOLINFOA@@@Z 5f4091a9 f   winctrl2.obj
 0001:000081ff       ?RelayEvent@CToolTipCtrl@@QAEXPAUtagMSG@@@Z 5f4091ff f   winctrl2.obj
 0001:00008255       ?SetDelayTime@CToolTipCtrl@@QAEXI@Z 5f409255 f   winctrl2.obj
 0001:000082ab       ?GetToolCount@CToolTipCtrl@@QBEHXZ 5f4092ab f   winctrl2.obj
 0001:000082fd       ??0CSpinButtonCtrl@@QAE@XZ 5f4092fd f   winctrl2.obj
 0001:0000831c       ?GetAccel@CSpinButtonCtrl@@QBEIHPAU_UDACCEL@@@Z 5f40931c f   winctrl2.obj
 0001:00008379       ?GetBase@CSpinButtonCtrl@@QBEIXZ 5f409379 f   winctrl2.obj
 0001:000083d0       ?GetBuddy@CSpinButtonCtrl@@QBEPAVCWnd@@XZ 5f4093d0 f   winctrl2.obj
 0001:00008428       ?GetPos@CSpinButtonCtrl@@QBEHXZ 5f409428 f   winctrl2.obj
 0001:0000847a       ?GetRange@CSpinButtonCtrl@@QBEKXZ 5f40947a f   winctrl2.obj
 0001:000084cc       ?SetAccel@CSpinButtonCtrl@@QAEHHPAU_UDACCEL@@@Z 5f4094cc f   winctrl2.obj
 0001:00008529       ?SetBase@CSpinButtonCtrl@@QAEHH@Z 5f409529 f   winctrl2.obj
 0001:0000857f       ?SetBuddy@CSpinButtonCtrl@@QAEPAVCWnd@@PAV2@@Z 5f40957f f   winctrl2.obj
 0001:000085de       ?SetPos@CSpinButtonCtrl@@QAEHH@Z 5f4095de f   winctrl2.obj
 0001:0000863c       ?SetRange@CSpinButtonCtrl@@QAEXHH@Z 5f40963c f   winctrl2.obj
 0001:000086a5       ??0CSliderCtrl@@QAE@XZ     5f4096a5 f   winctrl2.obj
 0001:000086c4       ?GetLineSize@CSliderCtrl@@QBEHXZ 5f4096c4 f   winctrl2.obj
 0001:00008716       ?SetLineSize@CSliderCtrl@@QAEHH@Z 5f409716 f   winctrl2.obj
 0001:0000876c       ?GetPageSize@CSliderCtrl@@QBEHXZ 5f40976c f   winctrl2.obj
 0001:000087be       ?SetPageSize@CSliderCtrl@@QAEHH@Z 5f4097be f   winctrl2.obj
 0001:00008814       ?GetRangeMax@CSliderCtrl@@QBEHXZ 5f409814 f   winctrl2.obj
 0001:00008866       ?GetRangeMin@CSliderCtrl@@QBEHXZ 5f409866 f   winctrl2.obj
 0001:000088b8       ?SetRangeMin@CSliderCtrl@@QAEXHH@Z 5f4098b8 f   winctrl2.obj
 0001:00008910       ?SetRangeMax@CSliderCtrl@@QAEXHH@Z 5f409910 f   winctrl2.obj
 0001:00008968       ?ClearSel@CSliderCtrl@@QAEXH@Z 5f409968 f   winctrl2.obj
 0001:000089be       ?GetChannelRect@CSliderCtrl@@QBEXPAUtagRECT@@@Z 5f4099be f   winctrl2.obj
 0001:00008a14       ?GetThumbRect@CSliderCtrl@@QBEXPAUtagRECT@@@Z 5f409a14 f   winctrl2.obj
 0001:00008a6a       ?GetPos@CSliderCtrl@@QBEHXZ 5f409a6a f   winctrl2.obj
 0001:00008abc       ?SetPos@CSliderCtrl@@QAEXH@Z 5f409abc f   winctrl2.obj
 0001:00008b12       ?VerifyPos@CSliderCtrl@@QAEXXZ 5f409b12 f   winctrl2.obj
 0001:00008b64       ?ClearTics@CSliderCtrl@@QAEXH@Z 5f409b64 f   winctrl2.obj
 0001:00008bba       ?GetNumTics@CSliderCtrl@@QBEIXZ 5f409bba f   winctrl2.obj
 0001:00008c0c       ?GetTicArray@CSliderCtrl@@QBEPAKXZ 5f409c0c f   winctrl2.obj
 0001:00008c5e       ?GetTic@CSliderCtrl@@QBEHH@Z 5f409c5e f   winctrl2.obj
 0001:00008cb4       ?GetTicPos@CSliderCtrl@@QBEHH@Z 5f409cb4 f   winctrl2.obj
 0001:00008d0a       ?SetTic@CSliderCtrl@@QAEHH@Z 5f409d0a f   winctrl2.obj
 0001:00008d60       ?SetTicFreq@CSliderCtrl@@QAEXH@Z 5f409d60 f   winctrl2.obj
 0001:00008db6       ??0CProgressCtrl@@QAE@XZ   5f409db6 f   winctrl2.obj
 0001:00008dd5       ?SetRange@CProgressCtrl@@QAEXHH@Z 5f409dd5 f   winctrl2.obj
 0001:00008e3e       ?SetPos@CProgressCtrl@@QAEHH@Z 5f409e3e f   winctrl2.obj
 0001:00008e99       ?OffsetPos@CProgressCtrl@@QAEHH@Z 5f409e99 f   winctrl2.obj
 0001:00008ef4       ?SetStep@CProgressCtrl@@QAEHH@Z 5f409ef4 f   winctrl2.obj
 0001:00008f4f       ?StepIt@CProgressCtrl@@QAEHXZ 5f409f4f f   winctrl2.obj
 0001:00008fa6       ??0CHeaderCtrl@@QAE@XZ     5f409fa6 f   winctrl2.obj
 0001:00008fc5       ?GetItemCount@CHeaderCtrl@@QBEHXZ 5f409fc5 f   winctrl2.obj
 0001:00009017       ?InsertItem@CHeaderCtrl@@QAEHHPAU_HD_ITEMA@@@Z 5f40a017 f   winctrl2.obj
 0001:0000906f       ?DeleteItem@CHeaderCtrl@@QAEHH@Z 5f40a06f f   winctrl2.obj
 0001:000090c5       ?GetItem@CHeaderCtrl@@QBEHHPAU_HD_ITEMA@@@Z 5f40a0c5 f   winctrl2.obj
 0001:0000911d       ?SetItem@CHeaderCtrl@@QAEHHPAU_HD_ITEMA@@@Z 5f40a11d f   winctrl2.obj
 0001:00009175       ?Layout@CHeaderCtrl@@QAEHPAU_HD_LAYOUT@@@Z 5f40a175 f   winctrl2.obj
 0001:000091cb       ??BCImageList@@QBEPAU_IMAGELIST@@XZ 5f40a1cb f   winctrl2.obj
 0001:000091dc       ?GetSafeHandle@CImageList@@QBEPAU_IMAGELIST@@XZ 5f40a1dc f   winctrl2.obj
 0001:00009204       ?GetImageCount@CImageList@@QBEHXZ 5f40a204 f   winctrl2.obj
 0001:00009245       ?Add@CImageList@@QAEHPAVCBitmap@@0@Z 5f40a245 f   winctrl2.obj
 0001:0000929a       ?Add@CImageList@@QAEHPAVCBitmap@@K@Z 5f40a29a f   winctrl2.obj
 0001:000092ea       ?Remove@CImageList@@QAEHH@Z 5f40a2ea f   winctrl2.obj
 0001:00009331       ?Replace@CImageList@@QAEHHPAVCBitmap@@0@Z 5f40a331 f   winctrl2.obj
 0001:0000938a       ?Add@CImageList@@QAEHPAUHICON__@@@Z 5f40a38a f   winctrl2.obj
 0001:000093d3       ?Replace@CImageList@@QAEHHPAUHICON__@@@Z 5f40a3d3 f   winctrl2.obj
 0001:0000941e       ?ExtractIconA@CImageList@@QAEPAUHICON__@@H@Z 5f40a41e f   winctrl2.obj
 0001:00009467       ?Draw@CImageList@@QAEHPAVCDC@@HUtagPOINT@@I@Z 5f40a467 f   winctrl2.obj
 0001:000094e3       ?SetBkColor@CImageList@@QAEKK@Z 5f40a4e3 f   winctrl2.obj
 0001:0000952a       ?GetBkColor@CImageList@@QBEKXZ 5f40a52a f   winctrl2.obj
 0001:0000956b       ?SetOverlayImage@CImageList@@QAEHHH@Z 5f40a56b f   winctrl2.obj
 0001:000095b6       ?GetImageInfo@CImageList@@QBEHHPAU_IMAGEINFO@@@Z 5f40a5b6 f   winctrl2.obj
 0001:00009601       ?BeginDrag@CImageList@@QAEHHVCPoint@@@Z 5f40a601 f   winctrl2.obj
 0001:00009650       ?EndDrag@CImageList@@SGXXZ 5f40a650 f   winctrl2.obj
 0001:0000965b       ?DragMove@CImageList@@SGHVCPoint@@@Z 5f40a65b f   winctrl2.obj
 0001:00009670       ?SetDragCursorImage@CImageList@@QAEHHVCPoint@@@Z 5f40a670 f   winctrl2.obj
 0001:000096bf       ?DragShowNolock@CImageList@@SGHH@Z 5f40a6bf f   winctrl2.obj
 0001:000096d0       ?GetDragImage@CImageList@@SGPAV1@PAUtagPOINT@@0@Z 5f40a6d0 f   winctrl2.obj
 0001:000096eb       ?DragEnter@CImageList@@SGHPAVCWnd@@VCPoint@@@Z 5f40a6eb f   winctrl2.obj
 0001:00009709       ?DragLeave@CImageList@@SGHPAVCWnd@@@Z 5f40a709 f   winctrl2.obj
 0001:0000971f       ??0CTabCtrl@@QAE@XZ        5f40a71f f   winctrl2.obj
 0001:0000973e       ?GetImageList@CTabCtrl@@QBEPAVCImageList@@XZ 5f40a73e f   winctrl2.obj
 0001:00009796       ?SetImageList@CTabCtrl@@QAEPAVCImageList@@PAV2@@Z 5f40a796 f   winctrl2.obj
 0001:000097f7       ?GetItemCount@CTabCtrl@@QBEHXZ 5f40a7f7 f   winctrl2.obj
 0001:00009849       ?GetItem@CTabCtrl@@QBEHHPAUtagTCITEMA@@@Z 5f40a849 f   winctrl2.obj
 0001:000098a1       ?SetItem@CTabCtrl@@QAEHHPAUtagTCITEMA@@@Z 5f40a8a1 f   winctrl2.obj
 0001:000098f9       ?InsertItem@CTabCtrl@@QAEHHPAUtagTCITEMA@@@Z 5f40a8f9 f   winctrl2.obj
 0001:00009951       ?DeleteItem@CTabCtrl@@QAEHH@Z 5f40a951 f   winctrl2.obj
 0001:000099a7       ?DeleteAllItems@CTabCtrl@@QAEHXZ 5f40a9a7 f   winctrl2.obj
 0001:000099f9       ?GetItemRect@CTabCtrl@@QBEHHPAUtagRECT@@@Z 5f40a9f9 f   winctrl2.obj
 0001:00009a51       ?GetCurSel@CTabCtrl@@QBEHXZ 5f40aa51 f   winctrl2.obj
 0001:00009aa3       ?SetCurSel@CTabCtrl@@QAEHH@Z 5f40aaa3 f   winctrl2.obj
 0001:00009af9       ?HitTest@CTabCtrl@@QBEHPAUtagTCHITTESTINFO@@@Z 5f40aaf9 f   winctrl2.obj
 0001:00009b4f       ?AdjustRect@CTabCtrl@@QAEXHPAUtagRECT@@@Z 5f40ab4f f   winctrl2.obj
 0001:00009ba7       ?SetItemSize@CTabCtrl@@QAE?AVCSize@@V2@@Z 5f40aba7 f   winctrl2.obj
 0001:00009c1c       ?RemoveImage@CTabCtrl@@QAEXH@Z 5f40ac1c f   winctrl2.obj
 0001:00009c72       ?SetPadding@CTabCtrl@@QAEXVCSize@@@Z 5f40ac72 f   winctrl2.obj
 0001:00009cdb       ?GetRowCount@CTabCtrl@@QBEHXZ 5f40acdb f   winctrl2.obj
 0001:00009d2d       ?GetTooltips@CTabCtrl@@QBEPAVCToolTipCtrl@@XZ 5f40ad2d f   winctrl2.obj
 0001:00009d85       ?SetTooltips@CTabCtrl@@QAEXPAVCToolTipCtrl@@@Z 5f40ad85 f   winctrl2.obj
 0001:00009dde       ?GetCurFocus@CTabCtrl@@QBEHXZ 5f40adde f   winctrl2.obj
 0001:00009e30       ??0CAnimateCtrl@@QAE@XZ    5f40ae30 f   winctrl2.obj
 0001:00009e4f       ?Open@CAnimateCtrl@@QAEHPBD@Z 5f40ae4f f   winctrl2.obj
 0001:00009ea5       ?Open@CAnimateCtrl@@QAEHI@Z 5f40aea5 f   winctrl2.obj
 0001:00009efb       ?Play@CAnimateCtrl@@QAEHIII@Z 5f40aefb f   winctrl2.obj
 0001:00009f66       ?Stop@CAnimateCtrl@@QAEHXZ 5f40af66 f   winctrl2.obj
 0001:00009fb8       ?Close@CAnimateCtrl@@QAEHXZ 5f40afb8 f   winctrl2.obj
 0001:0000a00a       ?Seek@CAnimateCtrl@@QAEHI@Z 5f40b00a f   winctrl2.obj
 0001:0000a073       ??0CRichEditCtrl@@QAE@XZ   5f40b073 f   winctrl2.obj
 0001:0000a092       ?CanUndo@CRichEditCtrl@@QBEHXZ 5f40b092 f   winctrl2.obj
 0001:0000a0e4       ?GetLineCount@CRichEditCtrl@@QBEHXZ 5f40b0e4 f   winctrl2.obj
 0001:0000a136       ?GetModify@CRichEditCtrl@@QBEHXZ 5f40b136 f   winctrl2.obj
 0001:0000a188       ?SetModify@CRichEditCtrl@@QAEXH@Z 5f40b188 f   winctrl2.obj
 0001:0000a1de       ?GetRect@CRichEditCtrl@@QBEXPAUtagRECT@@@Z 5f40b1de f   winctrl2.obj
 0001:0000a234       ?GetCharPos@CRichEditCtrl@@QBE?AVCPoint@@J@Z 5f40b234 f   winctrl2.obj
 0001:0000a2a7       ?SetOptions@CRichEditCtrl@@QAEXGK@Z 5f40b2a7 f   winctrl2.obj
 0001:0000a305       ?EmptyUndoBuffer@CRichEditCtrl@@QAEXXZ 5f40b305 f   winctrl2.obj
 0001:0000a357       ?ReplaceSel@CRichEditCtrl@@QAEXPBDH@Z 5f40b357 f   winctrl2.obj
 0001:0000a3af       ?SetRect@CRichEditCtrl@@QAEXPBUtagRECT@@@Z 5f40b3af f   winctrl2.obj
 0001:0000a405       ?Undo@CRichEditCtrl@@QAEHXZ 5f40b405 f   winctrl2.obj
 0001:0000a457       ?Clear@CRichEditCtrl@@QAEXXZ 5f40b457 f   winctrl2.obj
 0001:0000a4a9       ?Copy@CRichEditCtrl@@QAEXXZ 5f40b4a9 f   winctrl2.obj
 0001:0000a4fb       ?Cut@CRichEditCtrl@@QAEXXZ 5f40b4fb f   winctrl2.obj
 0001:0000a54d       ?Paste@CRichEditCtrl@@QAEXXZ 5f40b54d f   winctrl2.obj
 0001:0000a59f       ?SetReadOnly@CRichEditCtrl@@QAEHH@Z 5f40b59f f   winctrl2.obj
 0001:0000a5f5       ?GetFirstVisibleLine@CRichEditCtrl@@QBEHXZ 5f40b5f5 f   winctrl2.obj
 0001:0000a647       ?DisplayBand@CRichEditCtrl@@QAEHPAUtagRECT@@@Z 5f40b647 f   winctrl2.obj
 0001:0000a69d       ?GetSel@CRichEditCtrl@@QBEXAAU_charrange@@@Z 5f40b69d f   winctrl2.obj
 0001:0000a6f3       ?LimitText@CRichEditCtrl@@QAEXJ@Z 5f40b6f3 f   winctrl2.obj
 0001:0000a749       ?LineFromChar@CRichEditCtrl@@QBEJJ@Z 5f40b749 f   winctrl2.obj
 0001:0000a79f       ?SetSel@CRichEditCtrl@@QAEXAAU_charrange@@@Z 5f40b79f f   winctrl2.obj
 0001:0000a7f5       ?FindTextA@CRichEditCtrl@@QBEJKPAU_findtextexa@@@Z 5f40b7f5 f   winctrl2.obj
 0001:0000a84d       ?FormatRange@CRichEditCtrl@@QAEJPAU_formatrange@@H@Z 5f40b84d f   winctrl2.obj
 0001:0000a8a5       ?GetEventMask@CRichEditCtrl@@QBEJXZ 5f40b8a5 f   winctrl2.obj
 0001:0000a8f7       ?GetLimitText@CRichEditCtrl@@QBEJXZ 5f40b8f7 f   winctrl2.obj
 0001:0000a949       ?GetSelText@CRichEditCtrl@@QBEJPAD@Z 5f40b949 f   winctrl2.obj
 0001:0000a99f       ?HideSelection@CRichEditCtrl@@QAEXHH@Z 5f40b99f f   winctrl2.obj
 0001:0000a9f7       ?RequestResize@CRichEditCtrl@@QAEXXZ 5f40b9f7 f   winctrl2.obj
 0001:0000aa49       ?GetSelectionType@CRichEditCtrl@@QBEGXZ 5f40ba49 f   winctrl2.obj
 0001:0000aa9b       ?SetBackgroundColor@CRichEditCtrl@@QAEKHK@Z 5f40ba9b f   winctrl2.obj
 0001:0000aaf3       ?SetEventMask@CRichEditCtrl@@QAEKK@Z 5f40baf3 f   winctrl2.obj
 0001:0000ab49       ?SetOLECallback@CRichEditCtrl@@QAEHPAUIRichEditOleCallback@@@Z 5f40bb49 f   winctrl2.obj
 0001:0000ab9f       ?SetTargetDevice@CRichEditCtrl@@QAEHPAUHDC__@@J@Z 5f40bb9f f   winctrl2.obj
 0001:0000abf7       ?SetTargetDevice@CRichEditCtrl@@QAEHAAVCDC@@J@Z 5f40bbf7 f   winctrl2.obj
 0001:0000ac52       ?StreamIn@CRichEditCtrl@@QAEJHAAU_editstream@@@Z 5f40bc52 f   winctrl2.obj
 0001:0000acaa       ?StreamOut@CRichEditCtrl@@QAEJHAAU_editstream@@@Z 5f40bcaa f   winctrl2.obj
 0001:0000ad02       ?GetTextLength@CRichEditCtrl@@QBEJXZ 5f40bd02 f   winctrl2.obj
 0001:0000ad60       ??_GCDragListBox@@UAEPAXI@Z 5f40bd60 f i winctrl2.obj
 0001:0000ad90       ??_GCToolBarCtrl@@UAEPAXI@Z 5f40bd90 f i winctrl2.obj
 0001:0000adc0       ??_GCStatusBarCtrl@@UAEPAXI@Z 5f40bdc0 f i winctrl2.obj
 0001:0000adf0       ??_GCListCtrl@@UAEPAXI@Z   5f40bdf0 f i winctrl2.obj
 0001:0000ae20       ??_GCTreeCtrl@@UAEPAXI@Z   5f40be20 f i winctrl2.obj
 0001:0000ae50       ??_GCSpinButtonCtrl@@UAEPAXI@Z 5f40be50 f i winctrl2.obj
 0001:0000ae80       ??_GCSliderCtrl@@UAEPAXI@Z 5f40be80 f i winctrl2.obj
 0001:0000aeb0       ??_GCProgressCtrl@@UAEPAXI@Z 5f40beb0 f i winctrl2.obj
 0001:0000aee0       ??_GCHeaderCtrl@@UAEPAXI@Z 5f40bee0 f i winctrl2.obj
 0001:0000af10       ??_GCHotKeyCtrl@@UAEPAXI@Z 5f40bf10 f i winctrl2.obj
 0001:0000af40       ??_GCTabCtrl@@UAEPAXI@Z    5f40bf40 f i winctrl2.obj
 0001:0000af70       ??_GCAnimateCtrl@@UAEPAXI@Z 5f40bf70 f i winctrl2.obj
 0001:0000afa0       ??_GCRichEditCtrl@@UAEPAXI@Z 5f40bfa0 f i winctrl2.obj
 0001:0000afd0       ??_GCImageList@@UAEPAXI@Z  5f40bfd0 f i winctrl2.obj
 0001:0000b000       ??1_AFX_RICHEDIT_STATE@@UAE@XZ 5f40c000 f   winctrl4.obj
 0001:0000b05f       ?AfxGetRichEditState@@YAPAV_AFX_RICHEDIT_STATE@@XZ 5f40c05f f   winctrl4.obj
 0001:0000b06e       ?AfxInitRichEdit@@YGHXZ    5f40c06e f   winctrl4.obj
 0001:0000b10a       ?Create@CRichEditCtrl@@QAEHKABUtagRECT@@PAVCWnd@@I@Z 5f40c10a f   winctrl4.obj
 0001:0000b150       ?GetLine@CRichEditCtrl@@QBEHHPAD@Z 5f40c150 f   winctrl4.obj
 0001:0000b1a5       ?LineIndex@CRichEditCtrl@@QBEHH@Z 5f40c1a5 f   winctrl4.obj
 0001:0000b1f8       ?LineLength@CRichEditCtrl@@QBEHH@Z 5f40c1f8 f   winctrl4.obj
 0001:0000b24b       ?LineScroll@CRichEditCtrl@@QAEXHH@Z 5f40c24b f   winctrl4.obj
 0001:0000b2a0       ?SetSel@CRichEditCtrl@@QAEXJJ@Z 5f40c2a0 f   winctrl4.obj
 0001:0000b301       ?CanPaste@CRichEditCtrl@@QBEHI@Z 5f40c301 f   winctrl4.obj
 0001:0000b386       ?PasteSpecial@CRichEditCtrl@@QAEXIKPAUHMETAFILE__@@@Z 5f40c386 f   winctrl4.obj
 0001:0000b3ec       ?GetLine@CRichEditCtrl@@QBEHHPADH@Z 5f40c3ec f   winctrl4.obj
 0001:0000b44c       ?GetSel@CRichEditCtrl@@QBEXAAJ0@Z 5f40c44c f   winctrl4.obj
 0001:0000b4b4       ?GetSelText@CRichEditCtrl@@QBE?AVCString@@XZ 5f40c4b4 f   winctrl4.obj
 0001:0000b576       ?GetIRichEditOle@CRichEditCtrl@@QBEPAUIRichEditOle@@XZ 5f40c576 f   winctrl4.obj
 0001:0000b5d6       ?SetDefaultCharFormat@CRichEditCtrl@@QAEHAAU_charformat@@@Z 5f40c5d6 f   winctrl4.obj
 0001:0000b635       ?SetSelectionCharFormat@CRichEditCtrl@@QAEHAAU_charformat@@@Z 5f40c635 f   winctrl4.obj
 0001:0000b694       ?SetWordCharFormat@CRichEditCtrl@@QAEHAAU_charformat@@@Z 5f40c694 f   winctrl4.obj
 0001:0000b6f3       ?GetDefaultCharFormat@CRichEditCtrl@@QBEKAAU_charformat@@@Z 5f40c6f3 f   winctrl4.obj
 0001:0000b752       ?GetSelectionCharFormat@CRichEditCtrl@@QBEKAAU_charformat@@@Z 5f40c752 f   winctrl4.obj
 0001:0000b7b1       ?GetParaFormat@CRichEditCtrl@@QBEKAAU_paraformat@@@Z 5f40c7b1 f   winctrl4.obj
 0001:0000b810       ?SetParaFormat@CRichEditCtrl@@QAEHAAU_paraformat@@@Z 5f40c810 f   winctrl4.obj
 0001:0000b8b0       ??_E_AFX_RICHEDIT_STATE@@UAEPAXI@Z 5f40c8b0 f i winctrl4.obj
 0001:0000b8b0       ??_G_AFX_RICHEDIT_STATE@@UAEPAXI@Z 5f40c8b0 f i winctrl4.obj
 0001:0000b8e0       ??1?$CProcessLocal@V_AFX_RICHEDIT_STATE@@@@QAE@XZ 5f40c8e0 f i winctrl4.obj
 0001:0000b900       ?GetData@?$CProcessLocal@V_AFX_RICHEDIT_STATE@@@@QAEPAV_AFX_RICHEDIT_STATE@@XZ 5f40c900 f i winctrl4.obj
 0001:0000b950       ??B?$CProcessLocal@V_AFX_RICHEDIT_STATE@@@@QAEPAV_AFX_RICHEDIT_STATE@@XZ 5f40c950 f i winctrl4.obj
 0001:0000b970       ?CreateObject@?$CProcessLocal@V_AFX_RICHEDIT_STATE@@@@SGPAVCNoTrackObject@@XZ 5f40c970 f i winctrl4.obj
 0001:0000b9e0       ??0_AFX_RICHEDIT_STATE@@QAE@XZ 5f40c9e0 f i winctrl4.obj
 0001:0000ba00       ??_9@$BNA@AE               5f40ca00 f i dlgcore.obj
 0001:0000ba10       ??_9@$BMM@AE               5f40ca10 f i dlgcore.obj
 0001:0000ba20       ?T2A@@YAPADPAD@Z           5f40ca20 f i dlgfnt.obj
 0001:0000ba30       ?A2T@@YAPADPAD@Z           5f40ca30 f i dlgfnt.obj
 0001:0000ba40       _FindTextA@4               5f40ca40 f i dlgfr.obj
 0001:0000ba60       ?IsEqualGUID@@YAHABU_GUID@@0@Z 5f40ca60 f i cmdtarg.obj
 0001:0000ba80       ??_9@$BOI@AE               5f40ca80 f i viewcore.obj
 0001:0000ba90       __tcsdec                   5f40ca90 f i viewedit.obj
 0001:0000bab0       ?GetSize@CRecentFileList@@QBEHXZ 5f40cab0 f i appcore.obj
 0001:0000bad0       ??ACRecentFileList@@QAEAAVCString@@H@Z 5f40cad0 f i appcore.obj
 0001:0000bb20       ?T2CA@@YAPBDPBD@Z          5f40cb20 f i appcore.obj
 0001:0000bb30       ?AfxParseURLEx@@YGHPBDAAKAAVCString@@2AAG22K@Z 5f40cb30 f   inet.obj
 0001:0000bf09       ?AfxParseURL@@YGHPBDAAKAAVCString@@2AAG@Z 5f40cf09 f   inet.obj
 0001:0000bfc7       ?AfxGetInternetHandleType@@YGKPAX@Z 5f40cfc7 f   inet.obj
 0001:0000c002       ?AfxInternetStatusCallbackDebug@@YGXPAXKK0K@Z 5f40d002 f   inet.obj
 0001:0000c237       ?AfxInternetStatusCallback@@YGXPAXKK0K@Z 5f40d237 f   inet.obj
 0001:0000c297       ??1CInternetSession@@UAE@XZ 5f40d297 f   inet.obj
 0001:0000c2e8       ??0CInternetSession@@QAE@PBDKK00K@Z 5f40d2e8 f   inet.obj
 0001:0000c3af       ?Close@CInternetSession@@UAEXXZ 5f40d3af f   inet.obj
 0001:0000c3fe       ?GetGopherConnection@CInternetSession@@QAEPAVCGopherConnection@@PBD00G@Z 5f40d3fe f   inet.obj
 0001:0000c4af       ?GetFtpConnection@CInternetSession@@QAEPAVCFtpConnection@@PBD00GH@Z 5f40d4af f   inet.obj
 0001:0000c564       ?GetHttpConnection@CInternetSession@@QAEPAVCHttpConnection@@PBDG00@Z 5f40d564 f   inet.obj
 0001:0000c615       ?GetHttpConnection@CInternetSession@@QAEPAVCHttpConnection@@PBDKG00@Z 5f40d615 f   inet.obj
 0001:0000c6ca       ?OpenURL@CInternetSession@@QAEPAVCStdioFile@@PBDKK0K@Z 5f40d6ca f   inet.obj
 0001:0000ca79       ?SetOption@CInternetSession@@QAEHKPAXKK@Z 5f40da79 f   inet.obj
 0001:0000cb3a       ?QueryOption@CInternetSession@@QBEHKPAXPAK@Z 5f40db3a f   inet.obj
 0001:0000cbee       ?QueryOption@CInternetSession@@QBEHKAAK@Z 5f40dbee f   inet.obj
 0001:0000cc1d       ?QueryOption@CInternetSession@@QBEHKAAVCString@@@Z 5f40dc1d f   inet.obj
 0001:0000ccec       ?OnStatusCallback@CInternetSession@@UAEXKKPAXK@Z 5f40dcec f   inet.obj
 0001:0000cd48       ?EnableStatusCallback@CInternetSession@@QAEHH@Z 5f40dd48 f   inet.obj
 0001:0000ce57       ?Dump@CInternetSession@@UBEXAAVCDumpContext@@@Z 5f40de57 f   inet.obj
 0001:0000cea6       ??0CInternetFile@@IAE@PAX0PBD1KH@Z 5f40dea6 f   inet.obj
 0001:0000cfe8       ??0CInternetFile@@IAE@PAXPBDPAVCInternetConnection@@H@Z 5f40dfe8 f   inet.obj
 0001:0000d180       ?QueryOption@CInternetFile@@QBEHKPAXPAK@Z 5f40e180 f   inet.obj
 0001:0000d257       ?QueryOption@CInternetFile@@QBEHKAAK@Z 5f40e257 f   inet.obj
 0001:0000d2af       ?QueryOption@CInternetFile@@QBEHKAAVCString@@@Z 5f40e2af f   inet.obj
 0001:0000d322       ?SetOption@CInternetFile@@QAEHKPAXKK@Z 5f40e322 f   inet.obj
 0001:0000d3e3       ?SetReadBufferSize@CInternetFile@@QAEHI@Z 5f40e3e3 f   inet.obj
 0001:0000d522       ?SetWriteBufferSize@CInternetFile@@QAEHI@Z 5f40e522 f   inet.obj
 0001:0000d611       ?Seek@CInternetFile@@UAEJJI@Z 5f40e611 f   inet.obj
 0001:0000d760       ??1CInternetFile@@UAE@XZ   5f40e760 f   inet.obj
 0001:0000d83c       ?Abort@CInternetFile@@UAEXXZ 5f40e83c f   inet.obj
 0001:0000d879       ?Flush@CInternetFile@@UAEXXZ 5f40e879 f   inet.obj
 0001:0000d8ec       ?Close@CInternetFile@@UAEXXZ 5f40e8ec f   inet.obj
 0001:0000d989       ?Read@CInternetFile@@UAEIPAXI@Z 5f40e989 f   inet.obj
 0001:0000dc23       ?Write@CInternetFile@@UAEXPBXI@Z 5f40ec23 f   inet.obj
 0001:0000ddb0       ?WriteString@CInternetFile@@UAEXPBD@Z 5f40edb0 f   inet.obj
 0001:0000de6d       ?ReadString@CInternetFile@@UAEPADPADI@Z 5f40ee6d f   inet.obj
 0001:0000e011       ?ReadString@CInternetFile@@UAEHAAVCString@@@Z 5f40f011 f   inet.obj
 0001:0000e14d       ?GetLength@CInternetFile@@UBEKXZ 5f40f14d f   inet.obj
 0001:0000e1c9       ?LockRange@CInternetFile@@UAEXKK@Z 5f40f1c9 f   inet.obj
 0001:0000e217       ?UnlockRange@CInternetFile@@UAEXKK@Z 5f40f217 f   inet.obj
 0001:0000e265       ?SetLength@CInternetFile@@UAEXK@Z 5f40f265 f   inet.obj
 0001:0000e2b3       ?Duplicate@CInternetFile@@UBEPAVCFile@@XZ 5f40f2b3 f   inet.obj
 0001:0000e301       ?AssertValid@CInternetFile@@MBEXXZ 5f40f301 f   inet.obj
 0001:0000e43e       ?Dump@CInternetFile@@MBEXAAVCDumpContext@@@Z 5f40f43e f   inet.obj
 0001:0000e493       ??0CInternetConnection@@QAE@PAVCInternetSession@@PBDGK@Z 5f40f493 f   inet.obj
 0001:0000e585       ??1CInternetConnection@@UAE@XZ 5f40f585 f   inet.obj
 0001:0000e62c       ?SetOption@CInternetConnection@@QAEHKPAXKK@Z 5f40f62c f   inet.obj
 0001:0000e6ed       ?QueryOption@CInternetConnection@@QBEHKPAXPAK@Z 5f40f6ed f   inet.obj
 0001:0000e7a1       ?QueryOption@CInternetConnection@@QBEHKAAK@Z 5f40f7a1 f   inet.obj
 0001:0000e7d0       ?QueryOption@CInternetConnection@@QBEHKAAVCString@@@Z 5f40f7d0 f   inet.obj
 0001:0000e820       ?Close@CInternetConnection@@MAEXXZ 5f40f820 f   inet.obj
 0001:0000e85c       ?Dump@CInternetConnection@@UBEXAAVCDumpContext@@@Z 5f40f85c f   inet.obj
 0001:0000e890       ?AssertValid@CInternetConnection@@UBEXXZ 5f40f890 f   inet.obj
 0001:0000e8a3       ??1CFtpConnection@@UAE@XZ  5f40f8a3 f   inet.obj
 0001:0000e8f7       ??0CFtpConnection@@QAE@PAVCInternetSession@@PAXPBDK@Z 5f40f8f7 f   inet.obj
 0001:0000ea18       ??0CFtpConnection@@QAE@PAVCInternetSession@@PBD11KGH@Z 5f40fa18 f   inet.obj
 0001:0000eb59       ?Close@CFtpConnection@@UAEXXZ 5f40fb59 f   inet.obj
 0001:0000eb6c       ?Remove@CFtpConnection@@QAEHPBD@Z 5f40fb6c f   inet.obj
 0001:0000ebc6       ?Rename@CFtpConnection@@QAEHPBD0@Z 5f40fbc6 f   inet.obj
 0001:0000ec24       ?CreateDirectoryA@CFtpConnection@@QAEHPBD@Z 5f40fc24 f   inet.obj
 0001:0000ec7e       ?RemoveDirectoryA@CFtpConnection@@QAEHPBD@Z 5f40fc7e f   inet.obj
 0001:0000ecd8       ?SetCurrentDirectoryA@CFtpConnection@@QAEHPBD@Z 5f40fcd8 f   inet.obj
 0001:0000ed32       ?GetCurrentDirectoryA@CFtpConnection@@QBEHPADPAK@Z 5f40fd32 f   inet.obj
 0001:0000edb0       ?GetCurrentDirectoryAsURL@CFtpConnection@@QBEHAAVCString@@@Z 5f40fdb0 f   inet.obj
 0001:0000ee97       ?GetCurrentDirectoryAsURL@CFtpConnection@@QBEHPADPAK@Z 5f40fe97 f   inet.obj
 0001:0000ef90       ?GetCurrentDirectoryA@CFtpConnection@@QBEHAAVCString@@@Z 5f40ff90 f   inet.obj
 0001:0000f02a       ?OpenFile@CFtpConnection@@QAEPAVCInternetFile@@PBDKKK@Z 5f41002a f   inet.obj
 0001:0000f17d       ?PutFile@CFtpConnection@@QAEHPBD0KK@Z 5f41017d f   inet.obj
 0001:0000f232       ?GetFile@CFtpConnection@@QAEHPBD0HKKK@Z 5f410232 f   inet.obj
 0001:0000f313       ?Dump@CFtpConnection@@UBEXAAVCDumpContext@@@Z 5f410313 f   inet.obj
 0001:0000f346       ?AssertValid@CFtpConnection@@UBEXXZ 5f410346 f   inet.obj
 0001:0000f3ae       ??1CGopherConnection@@UAE@XZ 5f4103ae f   inet.obj
 0001:0000f3ca       ??0CGopherConnection@@QAE@PAVCInternetSession@@PBD11KG@Z 5f4103ca f   inet.obj
 0001:0000f4fc       ??0CGopherConnection@@QAE@PAVCInternetSession@@PAXPBDK@Z 5f4104fc f   inet.obj
 0001:0000f61f       ?CreateLocator@CGopherConnection@@SA?AVCGopherLocator@@PBD@Z 5f41061f f   inet.obj
 0001:0000f692       ?CreateLocator@CGopherConnection@@SA?AVCGopherLocator@@PBD00KG@Z 5f410692 f   inet.obj
 0001:0000f746       ?CreateLocator@CGopherConnection@@QAE?AVCGopherLocator@@PBD0K@Z 5f410746 f   inet.obj
 0001:0000f81a       ?GetAttribute@CGopherConnection@@QAEHAAVCGopherLocator@@VCString@@AAV3@@Z 5f41081a f   inet.obj
 0001:0000f8d4       ?OpenFile@CGopherConnection@@QAEPAVCGopherFile@@AAVCGopherLocator@@KPBDK@Z 5f4108d4 f   inet.obj
 0001:0000f9d0       ?Close@CGopherConnection@@UAEXXZ 5f4109d0 f   inet.obj
 0001:0000f9e3       ?Dump@CGopherConnection@@UBEXAAVCDumpContext@@@Z 5f4109e3 f   inet.obj
 0001:0000fa16       ?AssertValid@CGopherConnection@@UBEXXZ 5f410a16 f   inet.obj
 0001:0000fa7e       ??1CHttpConnection@@UAE@XZ 5f410a7e f   inet.obj
 0001:0000fad2       ??0CHttpConnection@@QAE@PAVCInternetSession@@PAXPBDK@Z 5f410ad2 f   inet.obj
 0001:0000fc04       ??0CHttpConnection@@QAE@PAVCInternetSession@@PBDG11K@Z 5f410c04 f   inet.obj
 0001:0000fd25       ??0CHttpConnection@@QAE@PAVCInternetSession@@PBDKG11K@Z 5f410d25 f   inet.obj
 0001:0000fe48       ?Close@CHttpConnection@@UAEXXZ 5f410e48 f   inet.obj
 0001:0000fe5b       ?OpenRequest@CHttpConnection@@QAEPAVCHttpFile@@PBD00KPAPBD0K@Z 5f410e5b f   inet.obj
 0001:0000ff67       ?OpenRequest@CHttpConnection@@QAEPAVCHttpFile@@HPBD0KPAPBD0K@Z 5f410f67 f   inet.obj
 0001:0001001e       ?Dump@CHttpConnection@@UBEXAAVCDumpContext@@@Z 5f41101e f   inet.obj
 0001:00010051       ?AssertValid@CHttpConnection@@UBEXXZ 5f411051 f   inet.obj
 0001:000100b9       ??0CHttpFile@@IAE@PAX0PBD11K@Z 5f4110b9 f   inet.obj
 0001:00010169       ??0CHttpFile@@IAE@PAXPBD1PAVCHttpConnection@@@Z 5f411169 f   inet.obj
 0001:00010264       ??1CHttpFile@@UAE@XZ       5f411264 f   inet.obj
 0001:000102c7       ?Close@CHttpFile@@UAEXXZ   5f4112c7 f   inet.obj
 0001:000102da       ?ErrorDlg@CHttpFile@@QAEKPAVCWnd@@KKPAPAX@Z 5f4112da f   inet.obj
 0001:00010344       ?GetVerb@CHttpFile@@QBE?AVCString@@XZ 5f411344 f   inet.obj
 0001:000103b1       ?GetObjectA@CHttpFile@@QBE?AVCString@@XZ 5f4113b1 f   inet.obj
 0001:0001041e       ?GetFileURL@CHttpFile@@UBE?AVCString@@XZ 5f41141e f   inet.obj
 0001:00010535       ?AddRequestHeaders@CHttpFile@@QAEHPBDKH@Z 5f411535 f   inet.obj
 0001:000105e1       ?AddRequestHeaders@CHttpFile@@QAEHAAVCString@@K@Z 5f4115e1 f   inet.obj
 0001:0001060c       ?SendRequest@CHttpFile@@QAEHPBDKPAXK@Z 5f41160c f   inet.obj
 0001:000106da       ?SendRequest@CHttpFile@@QAEHAAVCString@@PAXK@Z 5f4116da f   inet.obj
 0001:0001076b       ?QueryInfo@CHttpFile@@QBEHKPAXPAK1@Z 5f41176b f   inet.obj
 0001:00010826       ?QueryInfo@CHttpFile@@QBEHKAAKPAK@Z 5f411826 f   inet.obj
 0001:00010854       ?QueryInfo@CHttpFile@@QBEHKPAU_SYSTEMTIME@@PAK@Z 5f411854 f   inet.obj
 0001:0001088d       ?QueryInfoStatusCode@CHttpFile@@QBEHAAK@Z 5f41188d f   inet.obj
 0001:00010916       ?QueryInfo@CHttpFile@@QBEHKAAVCString@@PAK@Z 5f411916 f   inet.obj
 0001:00010a0c       ?Dump@CHttpFile@@MBEXAAVCDumpContext@@@Z 5f411a0c f   inet.obj
 0001:00010a4d       ?AssertValid@CHttpFile@@MBEXXZ 5f411a4d f   inet.obj
 0001:00010a60       ??0CGopherFile@@IAE@PAXAAVCGopherLocator@@PAVCGopherConnection@@@Z 5f411a60 f   inet.obj
 0001:00010b09       ??0CGopherFile@@IAE@PAX0PBDKK@Z 5f411b09 f   inet.obj
 0001:00010b82       ??1CGopherFile@@UAE@XZ     5f411b82 f   inet.obj
 0001:00010bd6       ?Close@CGopherFile@@UAEXXZ 5f411bd6 f   inet.obj
 0001:00010be9       ?Write@CGopherFile@@UAEXPBXI@Z 5f411be9 f   inet.obj
 0001:00010c24       ?WriteString@CGopherFile@@UAEXPBD@Z 5f411c24 f   inet.obj
 0001:00010c5f       ?Dump@CGopherFile@@UBEXAAVCDumpContext@@@Z 5f411c5f f   inet.obj
 0001:00010c78       ?AssertValid@CGopherFile@@UBEXXZ 5f411c78 f   inet.obj
 0001:00010c8b       ??0CFtpFileFind@@QAE@PAVCFtpConnection@@K@Z 5f411c8b f   inet.obj
 0001:00010d54       ??1CFtpFileFind@@UAE@XZ    5f411d54 f   inet.obj
 0001:00010d70       ?FindFile@CFtpFileFind@@UAEHPBDK@Z 5f411d70 f   inet.obj
 0001:00010fca       ?FindNextFileA@CFtpFileFind@@UAEHXZ 5f411fca f   inet.obj
 0001:0001106e       ?CloseContext@CFtpFileFind@@MAEXXZ 5f41206e f   inet.obj
 0001:000110a2       ?GetFileURL@CFtpFileFind@@UBE?AVCString@@XZ 5f4120a2 f   inet.obj
 0001:000111c3       ?Dump@CFtpFileFind@@UBEXAAVCDumpContext@@@Z 5f4121c3 f   inet.obj
 0001:000111f7       ?AssertValid@CFtpFileFind@@UBEXXZ 5f4121f7 f   inet.obj
 0001:0001120a       ??0CGopherFileFind@@QAE@PAVCGopherConnection@@K@Z 5f41220a f   inet.obj
 0001:000112cc       ??1CGopherFileFind@@UAE@XZ 5f4122cc f   inet.obj
 0001:000112e8       ?FindFile@CGopherFileFind@@UAEHPBDK@Z 5f4122e8 f   inet.obj
 0001:00011369       ?FindFile@CGopherFileFind@@UAEHAAVCGopherLocator@@PBDK@Z 5f412369 f   inet.obj
 0001:00011402       ?FindNextFileA@CGopherFileFind@@UAEHXZ 5f412402 f   inet.obj
 0001:000114a6       ?CloseContext@CGopherFileFind@@MAEXXZ 5f4124a6 f   inet.obj
 0001:000114da       ?GetFileName@CGopherFileFind@@UBE?AVCString@@XZ 5f4124da f   inet.obj
 0001:00011508       ?GetFilePath@CGopherFileFind@@UBE?AVCString@@XZ 5f412508 f   inet.obj
 0001:00011536       ?GetFileTitle@CGopherFileFind@@UBE?AVCString@@XZ 5f412536 f   inet.obj
 0001:00011564       ?IsDots@CGopherFileFind@@UBEHXZ 5f412564 f   inet.obj
 0001:00011571       ?GetLastWriteTime@CGopherFileFind@@UBEHPAU_FILETIME@@@Z 5f412571 f   inet.obj
 0001:0001160c       ?GetLastAccessTime@CGopherFileFind@@UBEHPAU_FILETIME@@@Z 5f41260c f   inet.obj
 0001:00011628       ?GetCreationTime@CGopherFileFind@@UBEHPAU_FILETIME@@@Z 5f412628 f   inet.obj
 0001:00011644       ?GetLastWriteTime@CGopherFileFind@@UBEHAAVCTime@@@Z 5f412644 f   inet.obj
 0001:000116c1       ?GetCreationTime@CGopherFileFind@@UBEHAAVCTime@@@Z 5f4126c1 f   inet.obj
 0001:000116dd       ?GetLastAccessTime@CGopherFileFind@@UBEHAAVCTime@@@Z 5f4126dd f   inet.obj
 0001:000116f9       ?GetFileURL@CGopherFileFind@@UBE?AVCString@@XZ 5f4126f9 f   inet.obj
 0001:00011727       ?GetRoot@CGopherFileFind@@UBE?AVCString@@XZ 5f412727 f   inet.obj
 0001:00011755       ?GetLocator@CGopherFileFind@@QBE?AVCGopherLocator@@XZ 5f412755 f   inet.obj
 0001:000117d5       ?GetScreenName@CGopherFileFind@@QBE?AVCString@@XZ 5f4127d5 f   inet.obj
 0001:00011891       ?GetLength@CGopherFileFind@@UBEKXZ 5f412891 f   inet.obj
 0001:000118c8       ?GetLength64@CGopherFileFind@@UBE_JXZ 5f4128c8 f   inet.obj
 0001:00011916       ?Dump@CGopherFileFind@@UBEXAAVCDumpContext@@@Z 5f412916 f   inet.obj
 0001:0001194a       ?AssertValid@CGopherFileFind@@UBEXXZ 5f41294a f   inet.obj
 0001:0001195d       ??0CGopherLocator@@AAE@PBDK@Z 5f41295d f   inet.obj
 0001:000119fa       ??1CGopherLocator@@UAE@XZ  5f4129fa f   inet.obj
 0001:00011a4e       ?AfxThrowInternetException@@YGXKK@Z 5f412a4e f   inet.obj
 0001:00011af8       ?GetErrorMessage@CInternetException@@UAEHPADIPAI@Z 5f412af8 f   inet.obj
 0001:00011c9b       ??0CInternetException@@QAE@K@Z 5f412c9b f   inet.obj
 0001:00011cc5       ??1CInternetException@@UAE@XZ 5f412cc5 f   inet.obj
 0001:00011ce1       ?Dump@CInternetException@@UBEXAAVCDumpContext@@@Z 5f412ce1 f   inet.obj
 0001:00011d30       ?GetContext@CInternetSession@@QBEKXZ 5f412d30 f   inet.obj
 0001:00011d41       ?GetServerName@CInternetConnection@@QBE?AVCString@@XZ 5f412d41 f   inet.obj
 0001:00011d72       ?GetSession@CInternetConnection@@QBEPAVCInternetSession@@XZ 5f412d72 f   inet.obj
 0001:00011d83       ??BCInternetSession@@QBEPAXXZ 5f412d83 f   inet.obj
 0001:00011d94       ?SetOption@CInternetSession@@QAEHKKK@Z 5f412d94 f   inet.obj
 0001:00011db7       ??BCGopherLocator@@QBEPBDXZ 5f412db7 f   inet.obj
 0001:00011dcd       ?GetLocatorType@CGopherLocator@@QBEHAAK@Z 5f412dcd f   inet.obj
 0001:00011df0       ??0CGopherLocator@@QAE@ABV0@@Z 5f412df0 f   inet.obj
 0001:00011e6b       ??BCInternetConnection@@QBEPAXXZ 5f412e6b f   inet.obj
 0001:00011e7c       ?GetContext@CInternetConnection@@QBEKXZ 5f412e7c f   inet.obj
 0001:00011e8d       ?SetOption@CInternetConnection@@QAEHKKK@Z 5f412e8d f   inet.obj
 0001:00011eb0       ?GetContext@CInternetFile@@QBEKXZ 5f412eb0 f   inet.obj
 0001:00011ec1       ??BCInternetFile@@QBEPAXXZ 5f412ec1 f   inet.obj
 0001:00011ed2       ?SetOption@CInternetFile@@QAEHKKK@Z 5f412ed2 f   inet.obj
 0001:00011f00       ?Lookup@CSessionMapPtrToPtr@@QAEHPAXAAPAVCInternetSession@@@Z 5f412f00 f i inet.obj
 0001:00011f40       ??_GCInternetSession@@UAEPAXI@Z 5f412f40 f i inet.obj
 0001:00011f70       ?SetAt@CSessionMapPtrToPtr@@QAEXPAXPAVCInternetSession@@@Z 5f412f70 f i inet.obj
 0001:00011fb0       ?RemoveKey@CSessionMapPtrToPtr@@QAEXPAX@Z 5f412fb0 f i inet.obj
 0001:00011ff0       ??_ECInternetFile@@UAEPAXI@Z 5f412ff0 f i inet.obj
 0001:00011ff0       ??_GCInternetFile@@UAEPAXI@Z 5f412ff0 f i inet.obj
 0001:00012020       ?A2CT@@YAPBDPBD@Z          5f413020 f i inet.obj
 0001:00012030       ??_GCInternetConnection@@UAEPAXI@Z 5f413030 f i inet.obj
 0001:00012030       ??_ECInternetConnection@@UAEPAXI@Z 5f413030 f i inet.obj
 0001:00012060       ??_GCFtpConnection@@UAEPAXI@Z 5f413060 f i inet.obj
 0001:00012060       ??_ECFtpConnection@@UAEPAXI@Z 5f413060 f i inet.obj
 0001:00012090       ??_GCGopherConnection@@UAEPAXI@Z 5f413090 f i inet.obj
 0001:00012090       ??_ECGopherConnection@@UAEPAXI@Z 5f413090 f i inet.obj
 0001:000120c0       ??_GCHttpConnection@@UAEPAXI@Z 5f4130c0 f i inet.obj
 0001:000120c0       ??_ECHttpConnection@@UAEPAXI@Z 5f4130c0 f i inet.obj
 0001:000120f0       ??_ECHttpFile@@UAEPAXI@Z   5f4130f0 f i inet.obj
 0001:000120f0       ??_GCHttpFile@@UAEPAXI@Z   5f4130f0 f i inet.obj
 0001:00012120       ??_ECGopherFile@@UAEPAXI@Z 5f413120 f i inet.obj
 0001:00012120       ??_GCGopherFile@@UAEPAXI@Z 5f413120 f i inet.obj
 0001:00012150       ??_GCFtpFileFind@@UAEPAXI@Z 5f413150 f i inet.obj
 0001:00012150       ??_ECFtpFileFind@@UAEPAXI@Z 5f413150 f i inet.obj
 0001:00012180       ??_ECGopherFileFind@@UAEPAXI@Z 5f413180 f i inet.obj
 0001:00012180       ??_GCGopherFileFind@@UAEPAXI@Z 5f413180 f i inet.obj
 0001:000121b0       ??_GCGopherLocator@@UAEPAXI@Z 5f4131b0 f i inet.obj
 0001:000121b0       ??_ECGopherLocator@@UAEPAXI@Z 5f4131b0 f i inet.obj
 0001:000121e0       ??_ECInternetException@@UAEPAXI@Z 5f4131e0 f i inet.obj
 0001:000121e0       ??_GCInternetException@@UAEPAXI@Z 5f4131e0 f i inet.obj
 0001:00012210       ??0CSessionMapPtrToPtr@@QAE@XZ 5f413210 f i inet.obj
 0001:00012270       ??_ECSessionMapPtrToPtr@@UAEPAXI@Z 5f413270 f i inet.obj
 0001:00012270       ??_GCSessionMapPtrToPtr@@UAEPAXI@Z 5f413270 f i inet.obj
 0001:000122a0       ??1CSessionMapPtrToPtr@@UAE@XZ 5f4132a0 f i inet.obj
 0001:00012300       ??0CFileFind@@QAE@XZ       5f413300 f   filefind.obj
 0001:0001237c       ??1CFileFind@@UAE@XZ       5f41337c f   filefind.obj
 0001:000123dc       ?Close@CFileFind@@QAEXXZ   5f4133dc f   filefind.obj
 0001:00012460       ?CloseContext@CFileFind@@MAEXXZ 5f413460 f   filefind.obj
 0001:00012478       ?FindFile@CFileFind@@UAEHPBDK@Z 5f413478 f   filefind.obj
 0001:000125f5       ?MatchesMask@CFileFind@@UBEHK@Z 5f4135f5 f   filefind.obj
 0001:00012656       ?GetLastAccessTime@CFileFind@@UBEHPAU_FILETIME@@@Z 5f413656 f   filefind.obj
 0001:000126eb       ?GetLastWriteTime@CFileFind@@UBEHPAU_FILETIME@@@Z 5f4136eb f   filefind.obj
 0001:00012780       ?GetCreationTime@CFileFind@@UBEHPAU_FILETIME@@@Z 5f413780 f   filefind.obj
 0001:000127f5       ?GetLastAccessTime@CFileFind@@UBEHAAVCTime@@@Z 5f4137f5 f   filefind.obj
 0001:0001286f       ?GetLastWriteTime@CFileFind@@UBEHAAVCTime@@@Z 5f41386f f   filefind.obj
 0001:000128e9       ?GetCreationTime@CFileFind@@UBEHAAVCTime@@@Z 5f4138e9 f   filefind.obj
 0001:00012963       ?IsDots@CFileFind@@UBEHXZ  5f413963 f   filefind.obj
 0001:00012a09       ?FindNextFileA@CFileFind@@UAEHXZ 5f413a09 f   filefind.obj
 0001:00012aad       ?GetFileURL@CFileFind@@UBE?AVCString@@XZ 5f413aad f   filefind.obj
 0001:00012b89       ?GetRoot@CFileFind@@UBE?AVCString@@XZ 5f413b89 f   filefind.obj
 0001:00012bf6       ?GetFilePath@CFileFind@@UBE?AVCString@@XZ 5f413bf6 f   filefind.obj
 0001:00012d1b       ?GetFileTitle@CFileFind@@UBE?AVCString@@XZ 5f413d1b f   filefind.obj
 0001:00012e0e       ?GetFileName@CFileFind@@UBE?AVCString@@XZ 5f413e0e f   filefind.obj
 0001:00012ecd       ?GetLength@CFileFind@@QBEKXZ 5f413ecd f   filefind.obj
 0001:00012f2a       ?GetLength64@CFileFind@@QBE_JXZ 5f413f2a f   filefind.obj
 0001:00012f99       ?Dump@CFileFind@@MBEXAAVCDumpContext@@@Z 5f413f99 f   filefind.obj
 0001:00012fcd       ?AssertValid@CFileFind@@MBEXXZ 5f413fcd f   filefind.obj
 0001:00013050       ??_GCFileFind@@UAEPAXI@Z   5f414050 f i filefind.obj
 0001:00013080       ??6CHttpServerContext@@QAEAAV0@ABVCLongBinary@@@Z 5f414080 f   isapimix.obj
 0001:000130ce       ??6CHttpServerContext@@QAEAAV0@ABVCByteArray@@@Z 5f4140ce f   isapimix.obj
 0001:0001311c       ??6CHtmlStream@@QAEAAV0@ABVCByteArray@@@Z 5f41411c f   isapimix.obj
 0001:00013163       ??6CHtmlStream@@QAEAAV0@ABVCLongBinary@@@Z 5f414163 f   isapimix.obj
 0001:000131c0       ?IsEmpty@CSimpleList@@QBEHXZ 5f4141c0 f i dllinit.obj
 0001:000131e0       ??0type_info@@AAE@ABV0@@Z  5f4141e0 f   msvcrtd:ti_inst.obj
 0001:00013200       ??_Etype_info@@UAEPAXI@Z   5f414200 f i msvcrtd:ti_inst.obj
 0001:00013200       ??_Gtype_info@@UAEPAXI@Z   5f414200 f i msvcrtd:ti_inst.obj
 0001:00013230       ??4type_info@@AAEAAV0@ABV0@@Z 5f414230 f   msvcrtd:ti_inst.obj
 0001:00013240       ___CxxFrameHandler         5f414240 f   msvcrtd:MSVCRTD.dll
 0001:00013250       __onexit                   5f414250 f   msvcrtd:atonexit.obj
 0001:00013290       _atexit                    5f414290 f   msvcrtd:atonexit.obj
 0001:000132a8       __CxxThrowException@8      5f4142a8 f   msvcrtd:MSVCRTD.dll
 0001:000132ae       __CrtDbgReport             5f4142ae f   msvcrtd:MSVCRTD.dll
 0001:000132b4       __gcvt                     5f4142b4 f   msvcrtd:MSVCRTD.dll
 0001:000132ba       _memcpy                    5f4142ba f   msvcrtd:MSVCRTD.dll
 0001:000132c0       _memmove                   5f4142c0 f   msvcrtd:MSVCRTD.dll
 0001:000132c6       __purecall                 5f4142c6 f   msvcrtd:MSVCRTD.dll
 0001:000132cc       _memcmp                    5f4142cc f   msvcrtd:MSVCRTD.dll
 0001:000132d2       __except_handler3          5f4142d2 f   msvcrtd:MSVCRTD.dll
 0001:000132d8       __CrtSetReportMode         5f4142d8 f   msvcrtd:MSVCRTD.dll
 0001:000132de       __CrtSetReportHook         5f4142de f   msvcrtd:MSVCRTD.dll
 0001:000132e4       __CrtSetDumpClient         5f4142e4 f   msvcrtd:MSVCRTD.dll
 0001:000132ea       __CrtSetDbgFlag            5f4142ea f   msvcrtd:MSVCRTD.dll
 0001:000132f0       __CrtDumpMemoryLeaks       5f4142f0 f   msvcrtd:MSVCRTD.dll
 0001:000132f6       __vsnprintf                5f4142f6 f   msvcrtd:MSVCRTD.dll
 0001:000132fc       __free_dbg                 5f4142fc f   msvcrtd:MSVCRTD.dll
 0001:00013302       __malloc_dbg               5f414302 f   msvcrtd:MSVCRTD.dll
 0001:00013308       __CrtSetAllocHook          5f414308 f   msvcrtd:MSVCRTD.dll
 0001:0001330e       __CrtSetBreakAlloc         5f41430e f   msvcrtd:MSVCRTD.dll
 0001:00013314       __CrtCheckMemory           5f414314 f   msvcrtd:MSVCRTD.dll
 0001:0001331a       __CrtIsMemoryBlock         5f41431a f   msvcrtd:MSVCRTD.dll
 0001:00013320       _memset                    5f414320 f   msvcrtd:MSVCRTD.dll
 0001:00013326       __CrtMemDifference         5f414326 f   msvcrtd:MSVCRTD.dll
 0001:0001332c       __CrtMemDumpStatistics     5f41432c f   msvcrtd:MSVCRTD.dll
 0001:00013332       __CrtMemCheckpoint         5f414332 f   msvcrtd:MSVCRTD.dll
 0001:00013338       __CrtMemDumpAllObjectsSince 5f414338 f   msvcrtd:MSVCRTD.dll
 0001:0001333e       __CrtDoForAllClientObjects 5f41433e f   msvcrtd:MSVCRTD.dll
 0001:00013344       _abort                     5f414344 f   msvcrtd:MSVCRTD.dll
 0001:0001334a       __mbscmp                   5f41434a f   msvcrtd:MSVCRTD.dll
 0001:00013350       __mbsicmp                  5f414350 f   msvcrtd:MSVCRTD.dll
 0001:00013356       __mbscoll                  5f414356 f   msvcrtd:MSVCRTD.dll
 0001:00013360       __chkstk                   5f414360     msvcrtd:chkstk.obj
 0001:00013360       __alloca_probe             5f414360     msvcrtd:chkstk.obj
 0001:00013390       __mbsinc                   5f414390 f   msvcrtd:MSVCRTD.dll
 0001:00013396       __get_osfhandle            5f414396 f   msvcrtd:MSVCRTD.dll
 0001:0001339c       ___doserrno                5f41439c f   msvcrtd:MSVCRTD.dll
 0001:000133a2       __fdopen                   5f4143a2 f   msvcrtd:MSVCRTD.dll
 0001:000133a8       __open_osfhandle           5f4143a8 f   msvcrtd:MSVCRTD.dll
 0001:000133ae       _clearerr                  5f4143ae f   msvcrtd:MSVCRTD.dll
 0001:000133b4       _fread                     5f4143b4 f   msvcrtd:MSVCRTD.dll
 0001:000133ba       _fwrite                    5f4143ba f   msvcrtd:MSVCRTD.dll
 0001:000133c0       _fputs                     5f4143c0 f   msvcrtd:MSVCRTD.dll
 0001:000133c6       _fgets                     5f4143c6 f   msvcrtd:MSVCRTD.dll
 0001:000133cc       _ftell                     5f4143cc f   msvcrtd:MSVCRTD.dll
 0001:000133d2       _fseek                     5f4143d2 f   msvcrtd:MSVCRTD.dll
 0001:000133d8       _fflush                    5f4143d8 f   msvcrtd:MSVCRTD.dll
 0001:000133de       _fclose                    5f4143de f   msvcrtd:MSVCRTD.dll
 0001:000133e4       _malloc                    5f4143e4 f   msvcrtd:MSVCRTD.dll
 0001:000133ea       _realloc                   5f4143ea f   msvcrtd:MSVCRTD.dll
 0001:000133f0       _free                      5f4143f0 f   msvcrtd:MSVCRTD.dll
 0001:000133f6       _wcslen                    5f4143f6 f   msvcrtd:MSVCRTD.dll
 0001:000133fc       __mbschr                   5f4143fc f   msvcrtd:MSVCRTD.dll
 0001:00013402       __mbspbrk                  5f414402 f   msvcrtd:MSVCRTD.dll
 0001:00013408       __mbsupr                   5f414408 f   msvcrtd:MSVCRTD.dll
 0001:0001340e       __mbslwr                   5f41440e f   msvcrtd:MSVCRTD.dll
 0001:00013414       __mbsrev                   5f414414 f   msvcrtd:MSVCRTD.dll
 0001:0001341a       __mbsspn                   5f41441a f   msvcrtd:MSVCRTD.dll
 0001:00013420       __mbscspn                  5f414420 f   msvcrtd:MSVCRTD.dll
 0001:00013426       __mbsrchr                  5f414426 f   msvcrtd:MSVCRTD.dll
 0001:0001342c       __mbsstr                   5f41442c f   msvcrtd:MSVCRTD.dll
 0001:00013432       _vsprintf                  5f414432 f   msvcrtd:MSVCRTD.dll
 0001:00013438       __ismbcdigit               5f414438 f   msvcrtd:MSVCRTD.dll
 0001:0001343e       _atoi                      5f41443e f   msvcrtd:MSVCRTD.dll
 0001:00013444       __mbclen                   5f414444 f   msvcrtd:MSVCRTD.dll
 0001:0001344a       __ismbcspace               5f41444a f   msvcrtd:MSVCRTD.dll
 0001:00013450       _mktime                    5f414450 f   msvcrtd:MSVCRTD.dll
 0001:00013456       _time                      5f414456 f   msvcrtd:MSVCRTD.dll
 0001:0001345c       _gmtime                    5f41445c f   msvcrtd:MSVCRTD.dll
 0001:00013462       _localtime                 5f414462 f   msvcrtd:MSVCRTD.dll
 0001:00013468       _ctime                     5f414468 f   msvcrtd:MSVCRTD.dll
 0001:0001346e       _strftime                  5f41446e f   msvcrtd:MSVCRTD.dll
 0001:00013474       __msize                    5f414474 f   msvcrtd:MSVCRTD.dll
 0001:0001347a       _calloc                    5f41447a f   msvcrtd:MSVCRTD.dll
 0001:00013480       __alldiv                   5f414480 f   msvcrtd:lldiv.obj
 0001:00013530       __allshr                   5f414530 f   msvcrtd:llshr.obj
 0001:00013560       __allmul                   5f414560 f   msvcrtd:llmul.obj
 0001:00013594       _abs                       5f414594 f   msvcrtd:MSVCRTD.dll
 0001:0001359a       _strtoul                   5f41459a f   msvcrtd:MSVCRTD.dll
 0001:000135a0       _strtol                    5f4145a0 f   msvcrtd:MSVCRTD.dll
 0001:000135a6       _sprintf                   5f4145a6 f   msvcrtd:MSVCRTD.dll
 0001:000135ac       _strtod                    5f4145ac f   msvcrtd:MSVCRTD.dll
 0001:000135b2       __expand                   5f4145b2 f   msvcrtd:MSVCRTD.dll
 0001:000135b8       __strdup                   5f4145b8 f   msvcrtd:MSVCRTD.dll
 0001:000135be       __mbsdec                   5f4145be f   msvcrtd:MSVCRTD.dll
 0001:000135c4       __endthreadex              5f4145c4 f   msvcrtd:MSVCRTD.dll
 0001:000135ca       __beginthreadex            5f4145ca f   msvcrtd:MSVCRTD.dll
 0001:000135d0       ___p___argv                5f4145d0 f   msvcrtd:MSVCRTD.dll
 0001:000135d6       ___p___argc                5f4145d6 f   msvcrtd:MSVCRTD.dll
 0001:000135e0       ??_L@YGXPAXIHP6EX0@Z1@Z    5f4145e0 f   msvcrtd:ehvecctr.obj
 0001:00013680       ??_M@YGXPAXIHP6EX0@Z@Z     5f414680 f   msvcrtd:ehvecdtr.obj
 0001:00013730       ?__ArrayUnwind@@YGXPAXIHP6EX0@Z@Z 5f414730 f   msvcrtd:ehvecdtr.obj
 0001:000137dc       _strlen                    5f4147dc f   msvcrtd:MSVCRTD.dll
 0001:000137e2       _atol                      5f4147e2 f   msvcrtd:MSVCRTD.dll
 0001:000137e8       _strcpy                    5f4147e8 f   msvcrtd:MSVCRTD.dll
 0001:000137ee       __fullpath                 5f4147ee f   msvcrtd:MSVCRTD.dll
 0001:000137f4       __splitpath                5f4147f4 f   msvcrtd:MSVCRTD.dll
 0001:00013800       __CRT_INIT@12              5f414800 f   msvcrtd:crtdll.obj
 0001:00013910       __DllMainCRTStartup@12     5f414910 f   msvcrtd:crtdll.obj
 0001:00013a04       ??1type_info@@UAE@XZ       5f414a04 f   msvcrtd:MSVCRTD.dll
 0001:00013a0a       ___dllonexit               5f414a0a f   msvcrtd:MSVCRTD.dll
 0001:00013a10       ?terminate@@YAXXZ          5f414a10 f   msvcrtd:MSVCRTD.dll
 0001:00013a16       __initterm                 5f414a16 f   msvcrtd:MSVCRTD.dll
 0001:00013a1c       _SetLastError@4            5f414a1c f   kernel32:KERNEL32.dll
 0001:00013a22       _GetLastError@0            5f414a22 f   kernel32:KERNEL32.dll
 0001:00013a28       _lstrcpynA@12              5f414a28 f   kernel32:KERNEL32.dll
 0001:00013a2e       _IsBadStringPtrW@8         5f414a2e f   kernel32:KERNEL32.dll
 0001:00013a34       _IsBadStringPtrA@8         5f414a34 f   kernel32:KERNEL32.dll
 0001:00013a3a       _IsBadWritePtr@8           5f414a3a f   kernel32:KERNEL32.dll
 0001:00013a40       _IsBadReadPtr@8            5f414a40 f   kernel32:KERNEL32.dll
 0001:00013a46       _lstrlenA@4                5f414a46 f   kernel32:KERNEL32.dll
 0001:00013a4c       _lstrcmpA@8                5f414a4c f   kernel32:KERNEL32.dll
 0001:00013a52       _GetPrivateProfileIntA@16  5f414a52 f   kernel32:KERNEL32.dll
 0001:00013a58       _SetThreadPriority@8       5f414a58 f   kernel32:KERNEL32.dll
 0001:00013a5e       _GetThreadPriority@4       5f414a5e f   kernel32:KERNEL32.dll
 0001:00013a64       _ResumeThread@4            5f414a64 f   kernel32:KERNEL32.dll
 0001:00013a6a       _SuspendThread@4           5f414a6a f   kernel32:KERNEL32.dll
[...]
 0003:000020f0       ?afxDump@@3VCDumpContext@@A 5f4c20f0     dumpinit.obj
 0003:000020f8       ?_afxDiagnosticInit@@3HA   5f4c20f8     dumpinit.obj
 0003:00002108       ?_afxMemoryLeakOverride@@3HA 5f4c2108     afxmem.obj
 0003:00002134       ?afxChNil@@3DA             5f4c2134     strcore.obj
 0003:00002138       ?_afxDBCS@@3HB             5f4c2138     afxdbcs.obj
 0003:0000213c       ?_afxThreadState@@3V?$CThreadLocal@V_AFX_THREAD_STATE@@@@A 5f4c213c     afxstate.obj
 0003:00002140       ?_afxBaseModuleState@@3V?$CProcessLocal@V_AFX_BASE_MODULE_STATE@@@@A 5f4c2140     afxstate.obj
 0003:00002148       ?_afxThreadData@@3PAVCThreadSlotData@@A 5f4c2148     afxtls.obj
 0003:00002150       ?__afxThreadData@@3PAEA    5f4c2150     afxtls.obj
 0003:00002190       ?_afxMsgCache@@3PAUAFX_MSG_CACHE@@A 5f4c2190     wincore.obj
 0003:00003990       ?wndTop@CWnd@@2V1@B        5f4c3990     wincore.obj
 0003:000039d0       ?wndTopMost@CWnd@@2V1@B    5f4c39d0     wincore.obj
 0003:00003a10       ?wndNoTopMost@CWnd@@2V1@B  5f4c3a10     wincore.obj
 0003:00003a50       ?wndBottom@CWnd@@2V1@B     5f4c3a50     wincore.obj
 0003:00003a90       ?m_nMsgDragList@CWnd@@1IB  5f4c3a90     wincore.obj
 0003:00003a98       ?rectDefault@CFrameWnd@@2VCRect@@B 5f4c3a98     winfrm.obj
 0003:00003b10       ?_afxChecklistState@@3V?$CProcessLocal@V_AFX_CHECKLIST_STATE@@@@A 5f4c3b10     winctrl3.obj
 0003:00003b14       ?_afxRichEditState@@3V?$CProcessLocal@V_AFX_RICHEDIT_STATE@@@@A 5f4c3b14     winctrl4.obj
 0003:00003b2c       ?_afxNMsgSETRGB@@3IB       5f4c3b2c     dlgcomm.obj
 0003:00003b30       ?_afxClrState@@3V?$CProcessLocal@V_AFX_COLOR_STATE@@@@A 5f4c3b30     dlgclr.obj
 0003:00003b34       ?_afxPropPageFontInfo@@3V?$CProcessLocal@U_AFX_PROPPAGEFONTINFO@@@@A 5f4c3b34     ccdata.obj
 0003:00003b38       ?_afxExtDllState@@3V?$CProcessLocal@V_AFX_EXTDLL_STATE@@@@A 5f4c3b38     ccdata.obj
 0003:00003b40       ?_simpleUserException@@3VCUserException@@A 5f4c3b40     wingdi.obj
 0003:00003be0       ?_simpleResourceException@@3VCResourceException@@A 5f4c3be0     wingdi.obj
 0003:00003c88       ?afxData@@3UAUX_DATA@@A    5f4c3c88     auxdata.obj
 0003:00003f60       ?_afxEditState@@3V?$CProcessLocal@V_AFX_EDIT_STATE@@@@A 5f4c3f60     viewedit.obj
 0003:00003f68       ?_afxMailState@@3V?$CProcessLocal@V_AFX_MAIL_STATE@@@@A 5f4c3f68     docmapi.obj
 0003:00003f6c       ?_afxWinState@@3V?$CProcessLocal@V_AFX_WIN_STATE@@@@A 5f4c3f6c     appcore.obj
 0003:00003f70       ?pStaticDocManager@CDocManager@@2PAV1@A 5f4c3f70     appcore.obj
 0003:00003f74       ?pStaticList@CDocManager@@2PAVCPtrList@@A 5f4c3f74     appcore.obj
 0003:00003f78       ?_afxCtl3dState@@3V?$CProcessLocal@V_AFX_CTL3D_STATE@@@@A 5f4c3f78     app3d.obj
 0003:00003f7c       ?_afxCtl3dThread@@3V?$CThreadLocal@V_AFX_CTL3D_THREAD@@@@A 5f4c3f7c     app3d.obj
 0003:00003f80       ?_afxSessionMap@@3VCSessionMapPtrToPtr@@A 5f4c3f80     inet.obj
 0003:00003fd8       __adjust_fdiv              5f4c3fd8     <common>
 0003:00003fdc       ___onexitend               5f4c3fdc     <common>
 0003:00003fe0       ___onexitbegin             5f4c3fe0     <common>

 entry point at        0001:00013910

 Static symbols

 0001:00097bc0       ?_AfxForceVectorDelete@@YAXXZ 5f498bc0 f   dllinit.obj
 0001:0000bc32       ?_AfxParseURLWorker@@YGHPBDPAUURL_COMPONENTSA@@AAKAAGK@Z 5f40cc32 f   inet.obj
 0001:0000cc6d       ?_AfxQueryCStringInternetOption@@YAHPAXKAAVCString@@@Z 5f40dc6d f   inet.obj
 0001:0008ebee       _$E354                     5f48fbee f   inet.obj
 0001:0008ebfd       _$E351                     5f48fbfd f   inet.obj
 0001:0008ec0c       _$E353                     5f48fc0c f   inet.obj
 0001:0008ec1e       _$E352                     5f48fc1e f   inet.obj
 0001:0003b20d       ?AbbreviateName@@YAXPADHH@Z 5f43c20d f   filelist.obj
 0001:0008ea26       _$E354                     5f48fa26 f   app3d.obj
 0001:0008ea35       _$E351                     5f48fa35 f   app3d.obj
 0001:0008ea3a       _$E353                     5f48fa3a f   app3d.obj
 0001:0008ea4c       _$E352                     5f48fa4c f   app3d.obj
 0001:0008ea5b       _$E359                     5f48fa5b f   app3d.obj
 0001:0008ea6a       _$E356                     5f48fa6a f   app3d.obj
 0001:0008ea6f       _$E358                     5f48fa6f f   app3d.obj
 0001:0008ea81       _$E357                     5f48fa81 f   app3d.obj
 0001:0008d00f       _$E354                     5f48e00f f   appcore.obj
 0001:0008d01e       _$E351                     5f48e01e f   appcore.obj
 0001:0008d023       _$E353                     5f48e023 f   appcore.obj
 0001:0008d035       _$E352                     5f48e035 f   appcore.obj
 0001:0003988d       ?IsHelpKey@@YGHPAUtagMSG@@@Z 5f43a88d f   thrdcore.obj
 0001:00039908       ?IsEnterKey@@YAHPAUtagMSG@@@Z 5f43a908 f   thrdcore.obj
 0001:00039938       ?IsButtonUp@@YAHPAUtagMSG@@@Z 5f43a938 f   thrdcore.obj
 0001:0008bfe0       _$E354                     5f48cfe0 f   docmapi.obj
 0001:0008bfef       _$E351                     5f48cfef f   docmapi.obj
 0001:0008bff4       _$E353                     5f48cff4 f   docmapi.obj
 0001:0008c006       _$E352                     5f48d006 f   docmapi.obj
 0001:0006fcc0       _$E352                     5f470cc0 f   viewedit.obj
 0001:0006fcca       _$E351                     5f470cca f   viewedit.obj
 0001:00070f27       ?EndOfLine@@YGIPBDII@Z     5f471f27 f   viewedit.obj
 0001:00070f9c       ?NextLine@@YGIPBDII@Z      5f471f9c f   viewedit.obj
 0001:0007102d       ?ClipLine@@YGIPAVCDC@@QAHHHPBDII@Z 5f47202d f   viewedit.obj
 0001:0008bd65       _$E357                     5f48cd65 f   viewedit.obj
 0001:0008bd74       _$E354                     5f48cd74 f   viewedit.obj
 0001:0008bd79       _$E356                     5f48cd79 f   viewedit.obj
 0001:0008bd8b       _$E355                     5f48cd8b f   viewedit.obj
 0001:0005ab8b       ?CanSplitRowCol@@YGHPAUCRowColInfo@CSplitterWnd@@HH@Z 5f45bb8b f   winsplit.obj
 0001:0005cc04       ?LayoutRowCol@@YGXPAUCRowColInfo@CSplitterWnd@@HHH@Z 5f45dc04 f   winsplit.obj
 0001:0005ceef       ?DeferClientPos@@YGXPAUAFX_SIZEPARENTPARAMS@@PAVCWnd@@HHHHH@Z 5f45deef f   winsplit.obj
 0001:0008bb88       ?SetRegKey@@YGHPBD00@Z     5f48cb88 f   docmgr.obj
 0001:00058357       ?AppendFilterSuffix@@YAXAAVCString@@AAUtagOFNA@@PAVCDocTemplate@@PAV1@@Z 5f459357 f   docmgr.obj
 0001:00037863       ?DispatchCmdMsg@@YAHPAVCCmdTarget@@IHP81@AEXXZPAXIPAUAFX_CMDHANDLERINFO@@@Z 5f438863 f   cmdtarg.obj
 0001:0008aa00       ?_AfxLoadDotBitmap@@YGXXZ  5f48ba00 f   cmdtarg.obj
 0001:000778ad       ?TraceDDE@@YGXPBDPBUtagMSG@@@Z 5f4788ad f   afxtrace.obj
 0001:0008a440       _$E354                     5f48b440 f   auxdata.obj
 0001:0008a44f       _$E351                     5f48b44f f   auxdata.obj
 0001:0008a45e       _$E353                     5f48b45e f   auxdata.obj
 0001:0008a470       _$E352                     5f48b470 f   auxdata.obj
 0001:00035d13       ?afxMapHMENU@@YAPAVCHandleMap@@H@Z 5f436d13 f   winmenu.obj
 0001:0006eff0       _$E354                     5f46fff0 f   wingdix.obj
 0001:0006efff       _$E351                     5f46ffff f   wingdix.obj
 0001:0006f004       _$E353                     5f470004 f   wingdix.obj
 0001:0006f016       _$E352                     5f470016 f   wingdix.obj
 0001:0003dc19       ?afxMapHDC@@YAPAVCHandleMap@@H@Z 5f43ec19 f   wingdi.obj
 0001:0004077b       ?afxMapHGDIOBJ@@YAPAVCHandleMap@@H@Z 5f44177b f   wingdi.obj
 0001:0008a14a       _$E354                     5f48b14a f   wingdi.obj
 0001:0008a159       _$E351                     5f48b159 f   wingdi.obj
 0001:0008a16f       _$E353                     5f48b16f f   wingdi.obj
 0001:0008a181       _$E352                     5f48b181 f   wingdi.obj
 0001:0008a1aa       _$E359                     5f48b1aa f   wingdi.obj
 0001:0008a1b9       _$E356                     5f48b1b9 f   wingdi.obj
 0001:0008a1cf       _$E358                     5f48b1cf f   wingdi.obj
 0001:0008a1e1       _$E357                     5f48b1e1 f   wingdi.obj
 0001:000350ce       ?HasFont@@YAHPBUDLGTEMPLATE@@@Z 5f4360ce f   dlgtempl.obj
 0001:000350ff       ?IsDialogEx@@YAHPBUDLGTEMPLATE@@@Z 5f4360ff f   dlgtempl.obj
 0001:00035411       ?FontAttrSize@@YAHH@Z      5f436411 f   dlgtempl.obj
 0001:000359dc       ?ConvertDialogUnitsToPixels@@YAXPBDGHHPAUtagSIZE@@@Z 5f4369dc f   dlgtempl.obj
 0001:00089aca       _$E354                     5f48aaca f   ccdata.obj
 0001:00089ad9       _$E351                     5f48aad9 f   ccdata.obj
 0001:00089ade       _$E353                     5f48aade f   ccdata.obj
 0001:00089af0       _$E352                     5f48aaf0 f   ccdata.obj
 0001:00089cea       _$E359                     5f48acea f   ccdata.obj
 0001:00089cf9       _$E356                     5f48acf9 f   ccdata.obj
 0001:00089cfe       _$E358                     5f48acfe f   ccdata.obj
 0001:00089d10       _$E357                     5f48ad10 f   ccdata.obj
 0001:00088eaa       _$E354                     5f489eaa f   dlgclr.obj
 0001:00088eb9       _$E351                     5f489eb9 f   dlgclr.obj
 0001:00088ebe       _$E353                     5f489ebe f   dlgclr.obj
 0001:00088ed0       _$E352                     5f489ed0 f   dlgclr.obj
 0001:000171e0       _$E352                     5f4181e0 f   dlgcomm.obj
 0001:000171ea       _$E351                     5f4181ea f   dlgcomm.obj
 0001:000171ff       _$E355                     5f4181ff f   dlgcomm.obj
 0001:00017209       _$E354                     5f418209 f   dlgcomm.obj
 0001:0001721e       _$E358                     5f41821e f   dlgcomm.obj
 0001:00017228       _$E357                     5f418228 f   dlgcomm.obj
 0001:0001723d       _$E361                     5f41823d f   dlgcomm.obj
 0001:00017247       _$E360                     5f418247 f   dlgcomm.obj
 0001:0001725c       _$E364                     5f41825c f   dlgcomm.obj
 0001:00017266       _$E363                     5f418266 f   dlgcomm.obj
 0001:0001727b       _$E367                     5f41827b f   dlgcomm.obj
 0001:00017285       _$E366                     5f418285 f   dlgcomm.obj
 0001:0006ceb2       ?_ChangePropPageFont@@YAPAUDLGTEMPLATE@@PBU1@H@Z 5f46deb2 f   dlgprop.obj
 0001:000578d8       ?AfxSimpleFloatParse@@YGHPBDAAN@Z 5f4588d8 f   dlgfloat.obj
 0001:00057a51       ?FailMinMaxReal@@YGXPAVCDataExchange@@NNHI@Z 5f458a51 f   dlgfloat.obj
 0001:000567c5       ?DDX_TextWithFormat@@YAXPAVCDataExchange@@HPBDIZZ 5f4577c5 f   dlgdata.obj
 0001:0005684e       ?AfxSimpleScanf@@YGHPBD0PAD@Z 5f45784e f   dlgdata.obj
 0001:0005728e       ?FailMinMaxWithFormat@@YGXPAVCDataExchange@@JJPBDI@Z 5f45828e f   dlgdata.obj
 0001:0000b86f       _$E354                     5f40c86f f   winctrl4.obj
 0001:0000b87e       _$E351                     5f40c87e f   winctrl4.obj
 0001:0000b883       _$E353                     5f40c883 f   winctrl4.obj
 0001:0000b895       _$E352                     5f40c895 f   winctrl4.obj
 0001:00088c7a       _$E354                     5f489c7a f   winctrl3.obj
 0001:00088c89       _$E351                     5f489c89 f   winctrl3.obj
 0001:00088c8e       _$E353                     5f489c8e f   winctrl3.obj
 0001:00088ca0       _$E352                     5f489ca0 f   winctrl3.obj
 0001:00004e27       ?afxMapHIMAGELIST@@YAPAVCHandleMap@@H@Z 5f405e27 f   winctrl2.obj
 0001:00068ae0       _$E354                     5f469ae0 f   trckrect.obj
 0001:00068aef       _$E351                     5f469aef f   trckrect.obj
 0001:00068af4       _$E353                     5f469af4 f   trckrect.obj
 0001:00068b06       _$E352                     5f469b06 f   trckrect.obj
 0001:00091582       ?ComputeNextTab@@YAHHIPAHHH@Z 5f492582 f   dcprev.obj
 0001:0009236e       ?MultMultDivDiv@@YGJHHHHH@Z 5f49336e f   dcprev.obj
 0001:00088995       _$E352                     5f489995 f   dockstat.obj
 0001:0008899f       _$E351                     5f48999f f   dockstat.obj
 0001:00052fee       ?AdjustRectangle@@YAXAAVCRect@@VCPoint@@@Z 5f453fee f   dockcont.obj
 0001:000670b0       _$E354                     5f4680b0 f   winmini.obj
 0001:000670bf       _$E351                     5f4680bf f   winmini.obj
 0001:000670c4       _$E353                     5f4680c4 f   winmini.obj
 0001:000670d6       _$E352                     5f4680d6 f   winmini.obj
 0001:000684d2       ?DrawFrame@@YAXPAVCDC@@PBUtagRECT@@HHAAVCBrush@@@Z 5f4694d2 f   winmini.obj
 0001:000026ff       ?RelayToolTipMessage@@YGXPAVCToolTipCtrl@@PAUtagMSG@@@Z 5f4036ff f   tooltip.obj
 0001:0004aad3       ?MapClientArea@@YGKPAUHWND__@@UtagPOINT@@@Z 5f44bad3 f   winfrmx.obj
 0001:0004aba1       ?MapNonClientArea@@YGKH@Z  5f44bba1 f   winfrmx.obj
 0001:00060630       _$E352                     5f461630 f   winfrm.obj
 0001:0006063a       _$E351                     5f46163a f   winfrm.obj
 0001:00060657       _$E355                     5f461657 f   winfrm.obj
 0001:00060661       _$E354                     5f461661 f   winfrm.obj
 0001:0002c740       _$E360                     5f42d740 f   wincore.obj
 0001:0002c74a       _$E359                     5f42d74a f   wincore.obj
 0001:0002c75f       _$E366                     5f42d75f f   wincore.obj
 0001:0002c76e       _$E362                     5f42d76e f   wincore.obj
 0001:0002c77f       _$E365                     5f42d77f f   wincore.obj
 0001:0002c791       _$E363                     5f42d791 f   wincore.obj
 0001:0002c7bd       _$E371                     5f42d7bd f   wincore.obj
 0001:0002c7cc       _$E368                     5f42d7cc f   wincore.obj
 0001:0002c7dd       _$E370                     5f42d7dd f   wincore.obj
 0001:0002c7ef       _$E369                     5f42d7ef f   wincore.obj
 0001:0002c81b       _$E376                     5f42d81b f   wincore.obj
 0001:0002c82a       _$E373                     5f42d82a f   wincore.obj
 0001:0002c83b       _$E375                     5f42d83b f   wincore.obj
 0001:0002c84d       _$E374                     5f42d84d f   wincore.obj
 0001:0002c879       _$E381                     5f42d879 f   wincore.obj
 0001:0002c888       _$E378                     5f42d888 f   wincore.obj
 0001:0002c899       _$E380                     5f42d899 f   wincore.obj
 0001:0002c8ab       _$E379                     5f42d8ab f   wincore.obj
 0001:0002c98c       ?_AfxModifyStyle@@YGHPAUHWND__@@HKKI@Z 5f42d98c f   wincore.obj
 0001:0002cbe0       ?_AfxPreInitDialog@@YGXPAVCWnd@@PAUtagRECT@@PAK@Z 5f42dbe0 f   wincore.obj
 0001:0002cc40       ?_AfxPostInitDialog@@YGXPAVCWnd@@ABUtagRECT@@K@Z 5f42dc40 f   wincore.obj
 0001:0002cd85       ?afxMapHWND@@YAPAVCHandleMap@@H@Z 5f42dd85 f   wincore.obj
 0001:0002d2fc       ?_AfxHandleActivate@@YGXPAVCWnd@@I0@Z 5f42e2fc f   wincore.obj
 0001:0002d380       ?_AfxHandleSetCursor@@YGHPAVCWnd@@II@Z 5f42e380 f   wincore.obj
 0001:0002eb0d       ?FindPopupMenuFromID@@YAPAVCMenu@@PAV1@I@Z 5f42fb0d f   wincore.obj
 0001:00032957       ?RegisterWithIcon@@YGHPAUtagWNDCLASSA@@PBDI@Z 5f433957 f   wincore.obj
 0001:00084f28       _$E354                     5f485f28 f   afxstate.obj
 0001:00084f37       _$E351                     5f485f37 f   afxstate.obj
 0001:00084f3c       _$E353                     5f485f3c f   afxstate.obj
 0001:00084f4e       _$E352                     5f485f4e f   afxstate.obj
 0001:00085483       _$E359                     5f486483 f   afxstate.obj
 0001:00085492       _$E356                     5f486492 f   afxstate.obj
 0001:00085497       _$E358                     5f486497 f   afxstate.obj
 0001:000854a9       _$E357                     5f4864a9 f   afxstate.obj
 0001:00084d40       _$E352                     5f485d40 f   afxdbcs.obj
 0001:00084d4a       _$E351                     5f485d4a f   afxdbcs.obj
 0001:00084d59       ?AfxInitDBCS@@YGHXZ        5f485d59 f   afxdbcs.obj
 0001:00084cd7       _$E352                     5f485cd7 f   map_wo.obj
 0001:00084ce1       _$E351                     5f485ce1 f   map_wo.obj
 0001:000251f5       ?DestructElement@@YAXPAVCString@@@Z 5f4261f5 f   map_ss.obj
 0001:0002539f       ?ConstructElement@@YAXPAVCString@@@Z 5f42639f f   map_ss.obj
 0001:00084c37       _$E352                     5f485c37 f   map_ss.obj
 0001:00084c41       _$E351                     5f485c41 f   map_ss.obj
 0001:000247f6       ?DestructElement@@YAXPAVCString@@@Z 5f4257f6 f   map_sp.obj
 0001:00023c96       ?DestructElement@@YAXPAVCString@@@Z 5f424c96 f   map_so.obj
 0001:00084b77       _$E352                     5f485b77 f   map_so.obj
 0001:00084b81       _$E351                     5f485b81 f   map_so.obj
 0001:00021a20       ?DestructElement@@YAXPAVCString@@@Z 5f422a20 f   list_s.obj
 0001:00021bc0       ?ConstructElement@@YAXPAVCString@@@Z 5f422bc0 f   list_s.obj
 0001:00084a97       _$E352                     5f485a97 f   list_s.obj
 0001:00084aa1       _$E351                     5f485aa1 f   list_s.obj
 0001:000849d7       _$E352                     5f4859d7 f   list_o.obj
 0001:000849e1       _$E351                     5f4859e1 f   list_o.obj
 0001:00084945       _$E352                     5f485945 f   array_w.obj
 0001:0008494f       _$E351                     5f48594f f   array_w.obj
 0001:0001dadd       ?DestructElements@@YAXPAVCString@@H@Z 5f41eadd f   array_s.obj
 0001:0001db2c       ?DestructElement@@YAXPAVCString@@@Z 5f41eb2c f   array_s.obj
 0001:0001de63       ?ConstructElements@@YAXPAVCString@@H@Z 5f41ee63 f   array_s.obj
 0001:0001deb2       ?ConstructElement@@YAXPAVCString@@@Z 5f41eeb2 f   array_s.obj
 0001:0001df5b       ?CopyElements@@YAXPAVCString@@0H@Z 5f41ef5b f   array_s.obj
 0001:00084895       _$E352                     5f485895 f   array_s.obj
 0001:0008489f       _$E351                     5f48589f f   array_s.obj
 0001:00084805       _$E352                     5f485805 f   array_o.obj
 0001:0008480f       _$E351                     5f48580f f   array_o.obj
 0001:00084755       _$E352                     5f485755 f   array_d.obj
 0001:0008475f       _$E351                     5f48575f f   array_d.obj
 0001:000846c5       _$E352                     5f4856c5 f   array_b.obj
 0001:000846cf       _$E351                     5f4856cf f   array_b.obj
 0001:00029189       ?IsDirSep@@YAHD@Z          5f42a189 f   filecore.obj
 0001:000279d5       ?_AfxDoForAllObjectsProxy@@YAXPAX0@Z 5f4289d5 f   afxmem.obj
 0001:00014890       _$E352                     5f415890 f   dumpinit.obj
 0001:0001489a       _$E351                     5f41589a f   dumpinit.obj
 0001:000148ab       _$E355                     5f4158ab f   dumpinit.obj
 0001:000148b5       _$E354                     5f4158b5 f   dumpinit.obj
 0001:00014c1e       _$E360                     5f415c1e f   dumpinit.obj
 0001:00014c2d       _$E357                     5f415c2d f   dumpinit.obj
 0001:00014c32       _$E359                     5f415c32 f   dumpinit.obj
 0001:00014c44       _$E358                     5f415c44 f   dumpinit.obj
 0001:0003b6de       ?ReadStringLength@@YGIAAVCArchive@@@Z 5f43c6de f   arccore.obj
 0001:00084424       _$E354                     5f485424 f   except.obj
 0001:00084433       _$E351                     5f485433 f   except.obj
 0001:00084449       _$E353                     5f485449 f   except.obj
 0001:0008445b       _$E352                     5f48545b f   except.obj
 0001:00084484       _$E359                     5f485484 f   except.obj
 0001:00084493       _$E356                     5f485493 f   except.obj
 0001:000844a9       _$E358                     5f4854a9 f   except.obj
 0001:000844bb       _$E357                     5f4854bb f   except.obj
 0001:000137b0       ?ArrayUnwindFilter@@YAHPAU_EXCEPTION_POINTERS@@@Z 5f4147b0 f   msvcrtd:ehvecdtr.obj
 0001:00013360       _$$$00001                  5f414360 f   msvcrtd:chkstk.obj
