 MFCD42D

 Timestamp is 345e9a4c (Mon Nov 03 19:45:16 1997)

 Preferred load address is 5f700000

 Start         Length     Name                   Class
 0001:00000000 00028fd2H .text                   CODE
 0001:00028fe0 0000047aH .text$AFX_INIT          CODE
 0001:00029460 00000523H .text$AFX_VDEL          CODE
 0001:00029990 00001820H .text$x                 CODE
 0002:00000000 000004d8H .idata$5                DATA
 0002:000004d8 000072f8H .rdata                  DATA
 0002:000077d0 000007acH .rdata$r                DATA
 0002:00007f80 00002fb8H .xdata$x                DATA
 0002:0000af38 00000064H .idata$2                DATA
 0002:0000af9c 00000014H .idata$3                DATA
 0002:0000afb0 000004d8H .idata$4                DATA
 0002:0000b488 000002beH .idata$6                DATA
 0002:0000b750 00000b98H .edata                  DATA
 0003:00000000 00000004H .CRT$XCA                DATA
 0003:00000004 00000004H .CRT$XCL                DATA
 0003:00000008 00000008H .CRT$XCU                DATA
 0003:00000010 00000004H .CRT$XCZ                DATA
 0003:00000014 00000004H .CRT$XIA                DATA
 0003:00000018 00000004H .CRT$XIZ                DATA
 0003:00000020 000005b8H .data                   DATA
 0003:000005d8 0000005cH .bss                    DATA
 0004:00000000 00000100H .rsrc$01                DATA
 0004:00000100 00001018H .rsrc$02                DATA

  Address         Publics by Value              Rva+Base     Lib:Object

 0001:00000000       ?GetHead@CSimpleList@@QBEPAXXZ 5f701000 f i dlldb.obj
 0001:00000010       ?AfxThunkSQLAllocConnect@@YGFPAXPAPAX@Z 5f701010 f   dbcore.obj
 0001:0000014a       ?AfxThunkSQLAllocEnv@@YGFPAPAX@Z 5f70114a f   dbcore.obj
 0001:0000016a       ?AfxThunkSQLAllocStmt@@YGFPAXPAPAX@Z 5f70116a f   dbcore.obj
 0001:0000018e       ?AfxThunkSQLBindCol@@YGFPAXGF0JPAJ@Z 5f70118e f   dbcore.obj
 0001:000001c4       ?AfxThunkSQLCancel@@YGFPAX@Z 5f7011c4 f   dbcore.obj
 0001:000001e4       ?AfxThunkSQLDescribeCol@@YGFPAXGPAEFPAF2PAK22@Z 5f7011e4 f   dbcore.obj
 0001:00000226       ?AfxThunkSQLDisconnect@@YGFPAX@Z 5f701226 f   dbcore.obj
 0001:00000246       ?AfxThunkSQLDriverConnect@@YGFPAXPAUHWND__@@PAEF2FPAFG@Z 5f701246 f   dbcore.obj
 0001:00000285       ?AfxThunkSQLError@@YGFPAX00PAEPAJ1FPAF@Z 5f701285 f   dbcore.obj
 0001:000002c2       ?AfxThunkSQLExecDirect@@YGFPAXPAEJ@Z 5f7012c2 f   dbcore.obj
 0001:000002ea       ?AfxThunkSQLExecute@@YGFPAX@Z 5f7012ea f   dbcore.obj
 0001:0000030a       ?AfxThunkSQLExtendedFetch@@YGFPAXGJPAKPAG@Z 5f70130a f   dbcore.obj
 0001:0000033b       ?AfxThunkSQLFetch@@YGFPAX@Z 5f70133b f   dbcore.obj
 0001:0000035b       ?AfxThunkSQLFreeConnect@@YGFPAX@Z 5f70135b f   dbcore.obj
 0001:0000037b       ?AfxThunkSQLFreeEnv@@YGFPAX@Z 5f70137b f   dbcore.obj
 0001:0000039b       ?AfxThunkSQLFreeStmt@@YGFPAXG@Z 5f70139b f   dbcore.obj
 0001:000003c0       ?AfxThunkSQLGetCursorName@@YGFPAXPAEFPAF@Z 5f7013c0 f   dbcore.obj
 0001:000003ed       ?AfxThunkSQLGetData@@YGFPAXGF0JPAJ@Z 5f7013ed f   dbcore.obj
 0001:00000423       ?AfxThunkSQLGetFunctions@@YGFPAXGPAG@Z 5f701423 f   dbcore.obj
 0001:0000044c       ?AfxThunkSQLGetInfo@@YGFPAXG0FPAF@Z 5f70144c f   dbcore.obj
 0001:0000047e       ?AfxThunkSQLMoreResults@@YGFPAX@Z 5f70147e f   dbcore.obj
 0001:0000049e       ?AfxThunkSQLNumResultCols@@YGFPAXPAF@Z 5f70149e f   dbcore.obj
 0001:000004c2       ?AfxThunkSQLParamData@@YGFPAXPAPAX@Z 5f7014c2 f   dbcore.obj
 0001:000004e6       ?AfxThunkSQLPrepare@@YGFPAXPAEJ@Z 5f7014e6 f   dbcore.obj
 0001:0000050e       ?AfxThunkSQLPutData@@YGFPAX0J@Z 5f70150e f   dbcore.obj
 0001:00000536       ?AfxThunkSQLRowCount@@YGFPAXPAJ@Z 5f701536 f   dbcore.obj
 0001:0000055a       ?AfxThunkSQLSetConnectOption@@YGFPAXGK@Z 5f70155a f   dbcore.obj
 0001:00000583       ?AfxThunkSQLSetPos@@YGFPAXGGG@Z 5f701583 f   dbcore.obj
 0001:000005b2       ?AfxThunkSQLSetStmtOption@@YGFPAXGK@Z 5f7015b2 f   dbcore.obj
 0001:000005db       ?AfxThunkSQLTransact@@YGFPAX0G@Z 5f7015db f   dbcore.obj
 0001:00000604       ?AfxThunkSQLBindParameter@@YGFPAXGFFFKF0JPAJ@Z 5f701604 f   dbcore.obj
 0001:0000064d       ?AfxThunkSQLNumParams@@YGFPAXPAF@Z 5f70164d f   dbcore.obj
 0001:00000671       ?AfxThunkSQLGetStmtOption@@YGFPAXG0@Z 5f701671 f   dbcore.obj
 0001:0000069a       ??1_AFX_DB_STATE@@UAE@XZ   5f70169a f   dbcore.obj
 0001:000006f9       ?AfxThrowDBException@@YGXFPAVCDatabase@@PAX@Z 5f7016f9 f   dbcore.obj
 0001:000007dd       ??0CDBException@@QAE@F@Z   5f7017dd f   dbcore.obj
 0001:00000850       ??1CDBException@@UAE@XZ    5f701850 f   dbcore.obj
 0001:000008b3       ?BuildErrorString@CDBException@@UAEXPAVCDatabase@@PAXH@Z 5f7018b3 f   dbcore.obj
 0001:00000c8c       ?GetErrorMessage@CDBException@@UAEHPADIPAI@Z 5f701c8c f   dbcore.obj
 0001:00000d0b       ?TraceErrorMessage@CDBException@@QBEXPBD@Z 5f701d0b f   dbcore.obj
 0001:00000e18       ?Empty@CDBException@@QAEXXZ 5f701e18 f   dbcore.obj
 0001:00000e39       ??0CDatabase@@QAE@XZ       5f701e39 f   dbcore.obj
 0001:00000f05       ??1CDatabase@@UAE@XZ       5f701f05 f   dbcore.obj
 0001:00000f87       ?Open@CDatabase@@UAEHPBDHH0H@Z 5f701f87 f   dbcore.obj
 0001:00001166       ?OpenEx@CDatabase@@UAEHPBDK@Z 5f702166 f   dbcore.obj
 0001:000012db       ?ExecuteSQL@CDatabase@@QAEXPBD@Z 5f7022db f   dbcore.obj
 0001:0000151f       ?Cancel@CDatabase@@QAEXXZ  5f70251f f   dbcore.obj
 0001:00001573       ?Close@CDatabase@@UAEXXZ   5f702573 f   dbcore.obj
 0001:000016e5       ?Free@CDatabase@@IAEXXZ    5f7026e5 f   dbcore.obj
 0001:00001820       ?OnSetOptions@CDatabase@@UAEXPAX@Z 5f702820 f   dbcore.obj
 0001:000018af       ?GetDatabaseName@CDatabase@@QBE?AVCString@@XZ 5f7028af f   dbcore.obj
 0001:00001954       ?BeginTrans@CDatabase@@QAEHXZ 5f702954 f   dbcore.obj
 0001:00001a02       ?CommitTrans@CDatabase@@QAEHXZ 5f702a02 f   dbcore.obj
 0001:00001ae6       ?Rollback@CDatabase@@QAEHXZ 5f702ae6 f   dbcore.obj
 0001:00001bca       ?Check@CDatabase@@UBEHF@Z  5f702bca f   dbcore.obj
 0001:00001be7       ?CheckHstmt@CDatabase@@QBGHFPAX@Z 5f702be7 f   dbcore.obj
 0001:00001c9f       ?ReplaceBrackets@CDatabase@@QAEXPAD@Z 5f702c9f f   dbcore.obj
 0001:00001df4       ?AllocConnect@CDatabase@@IAEXK@Z 5f702df4 f   dbcore.obj
 0001:00002027       ?Connect@CDatabase@@IAEHK@Z 5f703027 f   dbcore.obj
 0001:00002192       ?VerifyConnect@CDatabase@@IAEXXZ 5f703192 f   dbcore.obj
 0001:0000225e       ?GetConnectInfo@CDatabase@@IAEXXZ 5f70325e f   dbcore.obj
 0001:0000268f       ?BindParameters@CDatabase@@UAEXPAX@Z 5f70368f f   dbcore.obj
 0001:0000269c       ?AssertValid@CDatabase@@UBEXXZ 5f70369c f   dbcore.obj
 0001:000026af       ?Dump@CDatabase@@UBEXAAVCDumpContext@@@Z 5f7036af f   dbcore.obj
 0001:000027ef       ??0CRecordset@@QAE@PAVCDatabase@@@Z 5f7037ef f   dbcore.obj
 0001:00002c3f       ??1CRecordset@@UAE@XZ      5f703c3f f   dbcore.obj
 0001:00002e6b       ?Open@CRecordset@@UAEHIPBDK@Z 5f703e6b f   dbcore.obj
 0001:00003142       ?Close@CRecordset@@UAEXXZ  5f704142 f   dbcore.obj
 0001:00003540       ?IsOpen@CRecordset@@QBEHXZ 5f704540 f   dbcore.obj
 0001:00003684       ?IsFieldDirty@CRecordset@@QAEHPAX@Z 5f704684 f   dbcore.obj
 0001:000037ce       ?IsFieldNull@CRecordset@@QAEHPAX@Z 5f7047ce f   dbcore.obj
 0001:00003856       ?IsFieldNullable@CRecordset@@QAEHPAX@Z 5f704856 f   dbcore.obj
 0001:000038e1       ?CanBookmark@CRecordset@@QBEHXZ 5f7048e1 f   dbcore.obj
 0001:0000396c       ?Move@CRecordset@@UAEXJG@Z 5f70496c f   dbcore.obj
 0001:00003b05       ?CheckRowsetError@CRecordset@@UAEXF@Z 5f704b05 f   dbcore.obj
 0001:00003c91       ?GetBookmark@CRecordset@@QAEXAAVCDBVariant@@@Z 5f704c91 f   dbcore.obj
 0001:00003d7d       ?SetBookmark@CRecordset@@QAEXABVCDBVariant@@@Z 5f704d7d f   dbcore.obj
 0001:00003e1c       ?SetRowsetSize@CRecordset@@UAEXK@Z 5f704e1c f   dbcore.obj
 0001:00003fa4       ?AddNew@CRecordset@@UAEXXZ 5f704fa4 f   dbcore.obj
 0001:000040be       ?Edit@CRecordset@@UAEXXZ   5f7050be f   dbcore.obj
 0001:00004289       ?Update@CRecordset@@UAEHXZ 5f705289 f   dbcore.obj
 0001:0000434b       ?Delete@CRecordset@@UAEXXZ 5f70534b f   dbcore.obj
 0001:000043ff       ?CancelUpdate@CRecordset@@QAEXXZ 5f7053ff f   dbcore.obj
 0001:0000447e       ?FlushResultSet@CRecordset@@QBEHXZ 5f70547e f   dbcore.obj
 0001:000044f7       ?GetODBCFieldInfo@CRecordset@@QAEXPBDAAUCODBCFieldInfo@@@Z 5f7054f7 f   dbcore.obj
 0001:000045ba       ?GetODBCFieldInfo@CRecordset@@QAEXFAAUCODBCFieldInfo@@@Z 5f7055ba f   dbcore.obj
 0001:00004690       ?GetFieldValue@CRecordset@@QAEXPBDAAVCDBVariant@@F@Z 5f705690 f   dbcore.obj
 0001:00004760       ?GetFieldValue@CRecordset@@QAEXFAAVCDBVariant@@F@Z 5f705760 f   dbcore.obj
 0001:00004980       ?GetFieldValue@CRecordset@@QAEXPBDAAVCString@@@Z 5f705980 f   dbcore.obj
 0001:00004a43       ?GetFieldValue@CRecordset@@QAEXFAAVCString@@@Z 5f705a43 f   dbcore.obj
 0001:00004bd3       ?SetFieldDirty@CRecordset@@QAEXPAXH@Z 5f705bd3 f   dbcore.obj
 0001:00004c8c       ?SetFieldNull@CRecordset@@QAEXPAXH@Z 5f705c8c f   dbcore.obj
 0001:00004dbf       ?SetParamNull@CRecordset@@QAEXHH@Z 5f705dbf f   dbcore.obj
 0001:00004e3e       ?SetLockingMode@CRecordset@@QAEXI@Z 5f705e3e f   dbcore.obj
 0001:00004eb5       ?Requery@CRecordset@@UAEHXZ 5f705eb5 f   dbcore.obj
 0001:00005127       ?Cancel@CRecordset@@QAEXXZ 5f706127 f   dbcore.obj
 0001:00005197       ?GetDefaultConnect@CRecordset@@UAE?AVCString@@XZ 5f706197 f   dbcore.obj
 0001:000051d9       ?GetDefaultSQL@CRecordset@@UAE?AVCString@@XZ 5f7061d9 f   dbcore.obj
 0001:0000521b       ?DoFieldExchange@CRecordset@@UAEXPAVCFieldExchange@@@Z 5f70621b f   dbcore.obj
 0001:0000523b       ?DoBulkFieldExchange@CRecordset@@UAEXPAVCFieldExchange@@@Z 5f70623b f   dbcore.obj
 0001:00005284       ?OnSetOptions@CRecordset@@UAEXPAX@Z 5f706284 f   dbcore.obj
 0001:00005340       ?Check@CRecordset@@UBEHF@Z 5f706340 f   dbcore.obj
 0001:0000547a       ?PreBindFields@CRecordset@@UAEXXZ 5f70647a f   dbcore.obj
 0001:00005485       ?SetState@CRecordset@@IAEXHPBDK@Z 5f706485 f   dbcore.obj
 0001:000055d4       ?AllocHstmt@CRecordset@@IAEHXZ 5f7065d4 f   dbcore.obj
 0001:0000599d       ?BuildSQL@CRecordset@@IAEXPBD@Z 5f70699d f   dbcore.obj
 0001:00005b19       ?PrepareAndExecute@CRecordset@@IAEXXZ 5f706b19 f   dbcore.obj
 0001:00005e8d       ?VerifyDriverBehavior@CRecordset@@IAEXXZ 5f706e8d f   dbcore.obj
 0001:00005fe7       ?VerifyCursorSupport@CRecordset@@IAEKXZ 5f706fe7 f   dbcore.obj
 0001:000060e1       ?AllocAndCacheFieldInfo@CRecordset@@IAEXXZ 5f7070e1 f   dbcore.obj
 0001:0000635d       ?AllocRowset@CRecordset@@IAEXXZ 5f70735d f   dbcore.obj
 0001:000063b9       ?FreeRowset@CRecordset@@IAEXXZ 5f7073b9 f   dbcore.obj
 0001:00006443       ?EnableBookmarks@CRecordset@@IAEXXZ 5f707443 f   dbcore.obj
 0001:000064c5       ?SetUpdateMethod@CRecordset@@IAEXXZ 5f7074c5 f   dbcore.obj
 0001:00006515       ?SetConcurrencyAndCursorType@CRecordset@@IAEXPAXK@Z 5f707515 f   dbcore.obj
 0001:00006713       ?IsSQLUpdatable@CRecordset@@QAEHPBD@Z 5f707713 f   dbcore.obj
 0001:00006778       ?IsSelectQueryUpdatable@CRecordset@@QAEHPBD@Z 5f707778 f   dbcore.obj
 0001:00006a14       ?IsJoin@CRecordset@@SGHPBD@Z 5f707a14 f   dbcore.obj
 0001:00006a4f       ?FindSQLToken@CRecordset@@SGPBDPBD0@Z 5f707a4f f   dbcore.obj
 0001:00006c81       ?InitRecord@CRecordset@@QAEXXZ 5f707c81 f   dbcore.obj
 0001:00006d00       ?ResetCursor@CRecordset@@QAEXXZ 5f707d00 f   dbcore.obj
 0001:00006d59       ?CheckRowsetCurrencyStatus@CRecordset@@QAEXGJ@Z 5f707d59 f   dbcore.obj
 0001:00006e95       ?FetchData@CRecordset@@QAEFGJPAK@Z 5f707e95 f   dbcore.obj
 0001:00006f84       ?SkipDeletedRecords@CRecordset@@QAEXGJPAKPAF@Z 5f707f84 f   dbcore.obj
 0001:00007191       ?SetRowsetCurrencyStatus@CRecordset@@UAEXFGJK@Z 5f708191 f   dbcore.obj
 0001:000074bb       ?RefreshRowset@CRecordset@@QAEXGG@Z 5f7084bb f   dbcore.obj
 0001:0000757f       ?SetRowsetCursorPosition@CRecordset@@QAEXGG@Z 5f70857f f   dbcore.obj
 0001:0000760a       ?BuildSelectSQL@CRecordset@@IAEXXZ 5f70860a f   dbcore.obj
 0001:00007852       ?AppendFilterAndSortSQL@CRecordset@@IAEXXZ 5f708852 f   dbcore.obj
 0001:000078cb       ?IsRecordsetUpdatable@CRecordset@@IAEHXZ 5f7088cb f   dbcore.obj
 0001:000079a4       ?ExecuteSetPosUpdate@CRecordset@@IAEXXZ 5f7089a4 f   dbcore.obj
 0001:00007ab1       ?PrepareUpdateHstmt@CRecordset@@IAEXXZ 5f708ab1 f   dbcore.obj
 0001:00007c46       ?BuildUpdateSQL@CRecordset@@IAEXXZ 5f708c46 f   dbcore.obj
 0001:00008027       ?ExecuteUpdateSQL@CRecordset@@IAEXXZ 5f709027 f   dbcore.obj
 0001:000081b2       ?SendLongBinaryData@CRecordset@@IAEXPAX@Z 5f7091b2 f   dbcore.obj
 0001:000083c3       ?AllocStatusArrays@CRecordset@@QAEXXZ 5f7093c3 f   dbcore.obj
 0001:00008590       ?GetBoundFieldIndex@CRecordset@@QAEHPAX@Z 5f709590 f   dbcore.obj
 0001:000085be       ?GetBoundParamIndex@CRecordset@@QAEHPAX@Z 5f7095be f   dbcore.obj
 0001:000085ec       ?GetFieldIndexByName@CRecordset@@QAEFPBD@Z 5f7095ec f   dbcore.obj
 0001:00008673       ?GetFieldLengthBuffer@CRecordset@@QAEPAJKH@Z 5f709673 f   dbcore.obj
 0001:000086f7       ?GetFieldStatus@CRecordset@@QAEEK@Z 5f7096f7 f   dbcore.obj
 0001:0000873e       ?SetFieldStatus@CRecordset@@QAEXKE@Z 5f70973e f   dbcore.obj
 0001:00008797       ?ClearFieldStatus@CRecordset@@QAEXXZ 5f709797 f   dbcore.obj
 0001:000087bd       ?IsFieldStatusDirty@CRecordset@@QBEHK@Z 5f7097bd f   dbcore.obj
 0001:00008809       ?SetDirtyFieldStatus@CRecordset@@QAEXK@Z 5f709809 f   dbcore.obj
 0001:00008861       ?ClearDirtyFieldStatus@CRecordset@@QAEXK@Z 5f709861 f   dbcore.obj
 0001:000088b9       ?IsFieldStatusNull@CRecordset@@QBEHK@Z 5f7098b9 f   dbcore.obj
 0001:00008905       ?SetNullFieldStatus@CRecordset@@QAEXK@Z 5f709905 f   dbcore.obj
 0001:0000895d       ?ClearNullFieldStatus@CRecordset@@QAEXK@Z 5f70995d f   dbcore.obj
 0001:000089b5       ?IsParamStatusNull@CRecordset@@QBEHK@Z 5f7099b5 f   dbcore.obj
 0001:00008a01       ?SetNullParamStatus@CRecordset@@QAEXK@Z 5f709a01 f   dbcore.obj
 0001:00008a59       ?ClearNullParamStatus@CRecordset@@QAEXK@Z 5f709a59 f   dbcore.obj
 0001:00008ab1       ?IsFieldNullable@CRecordset@@QBEHK@Z 5f709ab1 f   dbcore.obj
 0001:00008b28       ?BindParams@CRecordset@@QAEIPAX@Z 5f709b28 f   dbcore.obj
 0001:00008b9b       ?RebindParams@CRecordset@@QAEXPAX@Z 5f709b9b f   dbcore.obj
 0001:00008c14       ?BindFieldsToColumns@CRecordset@@QAEIXZ 5f709c14 f   dbcore.obj
 0001:00008cfd       ?BindFieldsForUpdate@CRecordset@@QAEXXZ 5f709cfd f   dbcore.obj
 0001:00008d5d       ?UnbindFieldsForUpdate@CRecordset@@QAEXXZ 5f709d5d f   dbcore.obj
 0001:00008dbd       ?Fixups@CRecordset@@QAEXXZ 5f709dbd f   dbcore.obj
 0001:00008e54       ?AppendNames@CRecordset@@QAEIPAVCString@@PBD@Z 5f709e54 f   dbcore.obj
 0001:00008f42       ?AppendNamesValues@CRecordset@@QAEIPAXPAVCString@@PBD@Z 5f709f42 f   dbcore.obj
 0001:00009035       ?AppendValues@CRecordset@@QAEIPAXPAVCString@@PBD@Z 5f70a035 f   dbcore.obj
 0001:00009128       ?StoreFields@CRecordset@@QAEXXZ 5f70a128 f   dbcore.obj
 0001:00009193       ?LoadFields@CRecordset@@QAEXXZ 5f70a193 f   dbcore.obj
 0001:00009206       ?MarkForUpdate@CRecordset@@QAEXXZ 5f70a206 f   dbcore.obj
 0001:00009245       ?MarkForAddNew@CRecordset@@QAEXXZ 5f70a245 f   dbcore.obj
 0001:00009284       ?AllocDataCache@CRecordset@@QAEXXZ 5f70a284 f   dbcore.obj
 0001:000092c3       ?FreeDataCache@CRecordset@@QAEXXZ 5f70a2c3 f   dbcore.obj
 0001:00009476       ?DumpFields@CRecordset@@QBEXAAVCDumpContext@@@Z 5f70a476 f   dbcore.obj
 0001:000094aa       ?UpdateInsertDelete@CRecordset@@IAEHXZ 5f70a4aa f   dbcore.obj
 0001:00009841       ?GetLBFetchSize@CRecordset@@MAEJJ@Z 5f70a841 f   dbcore.obj
 0001:00009853       ?GetLBReallocSize@CRecordset@@MAEJJ@Z 5f70a853 f   dbcore.obj
 0001:00009865       ?GetDefaultFieldType@CRecordset@@SGFF@Z 5f70a865 f   dbcore.obj
 0001:00009956       ?GetDataBuffer@CRecordset@@SGPAXAAVCDBVariant@@FPAHFK@Z 5f70a956 f   dbcore.obj
 0001:00009c39       ?GetTextLen@CRecordset@@SGHFK@Z 5f70ac39 f   dbcore.obj
 0001:00009cab       ?GetData@CRecordset@@SGJPAVCDatabase@@PAXFF1HF@Z 5f70acab f   dbcore.obj
 0001:00009e46       ?GetLongCharDataAndCleanup@CRecordset@@SGXPAVCDatabase@@PAXFJPAPAXHAAVCString@@F@Z 5f70ae46 f   dbcore.obj
 0001:00009fb9       ?GetLongBinaryDataAndCleanup@CRecordset@@SGXPAVCDatabase@@PAXFJPAPAXHAAVCDBVariant@@F@Z 5f70afb9 f   dbcore.obj
 0001:0000a182       ?AssertValid@CRecordset@@UBEXXZ 5f70b182 f   dbcore.obj
 0001:0000a1af       ?Dump@CRecordset@@UBEXAAVCDumpContext@@@Z 5f70b1af f   dbcore.obj
 0001:0000a430       ?AfxSetCurrentRecord@@YGXPAJJF@Z 5f70b430 f   dbcore.obj
 0001:0000a455       ?AfxSetRecordCount@@YGXPAJJJHF@Z 5f70b455 f   dbcore.obj
 0001:0000a498       ?AfxSetRecordCount@@YGXPAJJHF@Z 5f70b498 f   dbcore.obj
 0001:0000a4df       ?IsOpen@CDatabase@@QBEHXZ  5f70b4df f   dbcore.obj
 0001:0000a506       ?CanUpdate@CDatabase@@QBEHXZ 5f70b506 f   dbcore.obj
 0001:0000a540       ?CanTransact@CDatabase@@QBEHXZ 5f70b540 f   dbcore.obj
 0001:0000a57a       ?SetLoginTimeout@CDatabase@@QAEXK@Z 5f70b57a f   dbcore.obj
 0001:0000a5a0       ?SetQueryTimeout@CDatabase@@QAEXK@Z 5f70b5a0 f   dbcore.obj
 0001:0000a5c6       ?GetConnect@CDatabase@@QBEABVCString@@XZ 5f70b5c6 f   dbcore.obj
 0001:0000a5e7       ?GetBookmarkPersistence@CDatabase@@QBEKXZ 5f70b5e7 f   dbcore.obj
 0001:0000a608       ?GetCursorCommitBehavior@CDatabase@@QBEHXZ 5f70b608 f   dbcore.obj
 0001:0000a62a       ?GetCursorRollbackBehavior@CDatabase@@QBEHXZ 5f70b62a f   dbcore.obj
 0001:0000a64c       ?ThrowDBException@CDatabase@@MAEXF@Z 5f70b64c f   dbcore.obj
 0001:0000a67e       ?SetSynchronousMode@CDatabase@@QAEXH@Z 5f70b67e f   dbcore.obj
 0001:0000a6ad       ?GetSQL@CRecordset@@QBEABVCString@@XZ 5f70b6ad f   dbcore.obj
 0001:0000a6e9       ?GetTableName@CRecordset@@QBEABVCString@@XZ 5f70b6e9 f   dbcore.obj
 0001:0000a725       ?IsBOF@CRecordset@@QBEHXZ  5f70b725 f   dbcore.obj
 0001:0000a762       ?IsEOF@CRecordset@@QBEHXZ  5f70b762 f   dbcore.obj
 0001:0000a79f       ?IsDeleted@CRecordset@@QBEHXZ 5f70b79f f   dbcore.obj
 0001:0000a7dc       ?CanUpdate@CRecordset@@QBEHXZ 5f70b7dc f   dbcore.obj
 0001:0000a819       ?CanScroll@CRecordset@@QBEHXZ 5f70b819 f   dbcore.obj
 0001:0000a856       ?CanAppend@CRecordset@@QBEHXZ 5f70b856 f   dbcore.obj
 0001:0000a893       ?CanRestart@CRecordset@@QBEHXZ 5f70b893 f   dbcore.obj
 0001:0000a8d7       ?CanTransact@CRecordset@@QBEHXZ 5f70b8d7 f   dbcore.obj
 0001:0000a917       ?GetODBCFieldCount@CRecordset@@QBEFXZ 5f70b917 f   dbcore.obj
 0001:0000a952       ?GetRowsetSize@CRecordset@@QBEKXZ 5f70b952 f   dbcore.obj
 0001:0000a98f       ?GetRowsFetched@CRecordset@@QBEKXZ 5f70b98f f   dbcore.obj
 0001:0000a9cc       ?GetRowStatus@CRecordset@@QBEGG@Z 5f70b9cc f   dbcore.obj
 0001:0000aa3c       ?GetRecordCount@CRecordset@@QBEJXZ 5f70ba3c f   dbcore.obj
 0001:0000aa79       ?GetStatus@CRecordset@@QBEXAAUCRecordsetStatus@@@Z 5f70ba79 f   dbcore.obj
 0001:0000aacc       ?ThrowDBException@CRecordset@@UAEXFPAX@Z 5f70bacc f   dbcore.obj
 0001:0000ab17       ?MoveNext@CRecordset@@QAEXXZ 5f70bb17 f   dbcore.obj
 0001:0000ab5a       ?MovePrev@CRecordset@@QAEXXZ 5f70bb5a f   dbcore.obj
 0001:0000ab9d       ?MoveFirst@CRecordset@@QAEXXZ 5f70bb9d f   dbcore.obj
 0001:0000abe0       ?MoveLast@CRecordset@@QAEXXZ 5f70bbe0 f   dbcore.obj
 0001:0000ac23       ?SetAbsolutePosition@CRecordset@@QAEXJ@Z 5f70bc23 f   dbcore.obj
 0001:0000ac70       ??_G_AFX_DB_STATE@@UAEPAXI@Z 5f70bc70 f i dbcore.obj
 0001:0000ac70       ??_E_AFX_DB_STATE@@UAEPAXI@Z 5f70bc70 f i dbcore.obj
 0001:0000aca0       ??1CNoTrackObject@@UAE@XZ  5f70bca0 f i dbcore.obj
 0001:0000acc0       ??_GCNoTrackObject@@UAEPAXI@Z 5f70bcc0 f i dbcore.obj
 0001:0000acc0       ??_ECNoTrackObject@@UAEPAXI@Z 5f70bcc0 f i dbcore.obj
 0001:0000acf0       ??_GCDBException@@UAEPAXI@Z 5f70bcf0 f i dbcore.obj
 0001:0000acf0       ??_ECDBException@@UAEPAXI@Z 5f70bcf0 f i dbcore.obj
 0001:0000ad20       __tcsnicmp                 5f70bd20 f i dbcore.obj
 0001:0000ad40       __tcsinc                   5f70bd40 f i dbcore.obj
 0001:0000ad60       ??_ECRecordset@@UAEPAXI@Z  5f70bd60 f i dbcore.obj
 0001:0000ad60       ??_GCRecordset@@UAEPAXI@Z  5f70bd60 f i dbcore.obj
 0001:0000ad90       ??_ECODBCFieldInfo@@QAEPAXI@Z 5f70bd90 f i dbcore.obj
 0001:0000adf0       ??1CODBCFieldInfo@@QAE@XZ  5f70bdf0 f i dbcore.obj
 0001:0000ae10       ?T2A@@YAPADPAD@Z           5f70be10 f i dbcore.obj
 0001:0000ae10       ?T2CA@@YAPBDPBD@Z          5f70be10 f i dbcore.obj
 0001:0000ae20       ??0CODBCFieldInfo@@QAE@XZ  5f70be20 f i dbcore.obj
 0001:0000ae40       __tcsstr                   5f70be40 f i dbcore.obj
 0001:0000ae60       ??_GCString@@QAEPAXI@Z     5f70be60 f i dbcore.obj
 0001:0000ae90       ??0CFieldExchange@@QAE@IPAVCRecordset@@PAX@Z 5f70be90 f   dbrfx.obj
 0001:0000af6d       ?IsFieldType@CFieldExchange@@QAEHPAI@Z 5f70bf6d f   dbrfx.obj
 0001:0000b06d       ?Default@CFieldExchange@@QAEXPBDPAXPAJHII@Z 5f70c06d f   dbrfx.obj
 0001:0000b655       ?RFX_Text@@YGXPAVCFieldExchange@@PBDAAVCString@@HHF@Z 5f70c655 f   dbrfx.obj
 0001:0000bd3d       ?RFX_Int@@YGXPAVCFieldExchange@@PBDAAH@Z 5f70cd3d f   dbrfx.obj
 0001:0000bfda       ?RFX_Long@@YGXPAVCFieldExchange@@PBDAAJ@Z 5f70cfda f   dbrfx.obj
 0001:0000c277       ?RFX_Byte@@YGXPAVCFieldExchange@@PBDAAE@Z 5f70d277 f   dbrfx.obj
 0001:0000c516       ?RFX_Bool@@YGXPAVCFieldExchange@@PBDAAH@Z 5f70d516 f   dbrfx.obj
 0001:0000c7bb       ?RFX_Binary@@YGXPAVCFieldExchange@@PBDAAVCByteArray@@H@Z 5f70d7bb f   dbrfx.obj
 0001:0000cc64       ?RFX_Date@@YGXPAVCFieldExchange@@PBDAAVCTime@@@Z 5f70dc64 f   dbrfx.obj
 0001:0000d799       ?RFX_Date@@YGXPAVCFieldExchange@@PBDAAUtagTIMESTAMP_STRUCT@@@Z 5f70e799 f   dbrfx.obj
 0001:0000dcbe       ?RFX_LongBinary@@YGXPAVCFieldExchange@@PBDAAVCLongBinary@@@Z 5f70ecbe f   dbrfx.obj
 0001:0000e287       ?GetLongBinarySize@CFieldExchange@@QAEJH@Z 5f70f287 f   dbrfx.obj
 0001:0000e3c1       ?GetLongBinaryData@CFieldExchange@@QAEXHAAVCLongBinary@@PAJ@Z 5f70f3c1 f   dbrfx.obj
 0001:0000e613       ?ReallocLongBinary@CFieldExchange@@QAEPAEAAVCLongBinary@@JJ@Z 5f70f613 f   dbrfx.obj
 0001:0000e718       ?AfxStoreField@@YGXAAVCRecordset@@IPAX@Z 5f70f718 f   dbrfx.obj
 0001:0000e826       ?AfxLoadField@@YGXAAVCRecordset@@IPAXPAJ@Z 5f70f826 f   dbrfx.obj
 0001:0000e932       ?AfxCompareValueByRef@@YGHPAX0H@Z 5f70f932 f   dbrfx.obj
 0001:0000ebe2       ?AfxCopyValueByRef@@YGXPAX0PAJH@Z 5f70fbe2 f   dbrfx.obj
 0001:0000ee33       ?RFX_Text_Bulk@@YGXPAVCFieldExchange@@PBDPAPADPAPAJH@Z 5f70fe33 f   dbrfx.obj
 0001:0000efb7       ?RFX_Bool_Bulk@@YGXPAVCFieldExchange@@PBDPAPAHPAPAJ@Z 5f70ffb7 f   dbrfx.obj
 0001:0000f138       ?RFX_Int_Bulk@@YGXPAVCFieldExchange@@PBDPAPAHPAPAJ@Z 5f710138 f   dbrfx.obj
 0001:0000f2b9       ?RFX_Long_Bulk@@YGXPAVCFieldExchange@@PBDPAPAJ2@Z 5f7102b9 f   dbrfx.obj
 0001:0000f43a       ?RFX_Date_Bulk@@YGXPAVCFieldExchange@@PBDPAPAUtagTIMESTAMP_STRUCT@@PAPAJ@Z 5f71043a f   dbrfx.obj
 0001:0000f5bb       ?RFX_Byte_Bulk@@YGXPAVCFieldExchange@@PBDPAPAEPAPAJ@Z 5f7105bb f   dbrfx.obj
 0001:0000f739       ?RFX_Binary_Bulk@@YGXPAVCFieldExchange@@PBDPAPAEPAPAJH@Z 5f710739 f   dbrfx.obj
 0001:0000f8bd       ?AfxRFXBulkDefault@@YGXPAVCFieldExchange@@PBDPAXPAJHI@Z 5f7108bd f   dbrfx.obj
 0001:0000f9bb       ?SetFieldType@CFieldExchange@@QAEXI@Z 5f7109bb f   dbrfx.obj
 0001:0000fa10       ?SetLength@CDBByteArray@@QAEXH@Z 5f710a10 f i dbrfx.obj
 0001:0000fa50       ?_GetBaseMessageMap@CRecordView@@KGPBUAFX_MSGMAP@@XZ 5f710a50 f   dbview.obj
 0001:0000fa5a       ?GetMessageMap@CRecordView@@MBEPBUAFX_MSGMAP@@XZ 5f710a5a f   dbview.obj
 0001:0000fa6a       ??0CRecordView@@IAE@PBD@Z  5f710a6a f   dbview.obj
 0001:0000fa8f       ??0CRecordView@@IAE@I@Z    5f710a8f f   dbview.obj
 0001:0000fab4       ??1CRecordView@@UAE@XZ     5f710ab4 f   dbview.obj
 0001:0000fad0       ?OnInitialUpdate@CRecordView@@UAEXXZ 5f710ad0 f   dbview.obj
 0001:0000fb73       ?IsOnFirstRecord@CRecordView@@QAEHXZ 5f710b73 f   dbview.obj
 0001:0000fbb2       ?IsOnLastRecord@CRecordView@@QAEHXZ 5f710bb2 f   dbview.obj
 0001:0000fc0f       ?OnMove@CRecordView@@UAEHI@Z 5f710c0f f   dbview.obj
 0001:0000fd39       ?OnUpdateRecordFirst@CRecordView@@IAEXPAVCCmdUI@@@Z 5f710d39 f   dbview.obj
 0001:0000fdb3       ?OnUpdateRecordPrev@CRecordView@@IAEXPAVCCmdUI@@@Z 5f710db3 f   dbview.obj
 0001:0000fdcc       ?OnUpdateRecordNext@CRecordView@@IAEXPAVCCmdUI@@@Z 5f710dcc f   dbview.obj
 0001:0000fe3a       ?OnUpdateRecordLast@CRecordView@@IAEXPAVCCmdUI@@@Z 5f710e3a f   dbview.obj
 0001:0000feb4       ?AfxFieldText@@YGHPAVCDataExchange@@HPAXPAVCRecordset@@@Z 5f710eb4 f   dbview.obj
 0001:0000ff90       ?DDX_FieldText@@YGXPAVCDataExchange@@HAAHPAVCRecordset@@@Z 5f710f90 f   dbview.obj
 0001:0000ffc1       ?DDX_FieldText@@YGXPAVCDataExchange@@HAAEPAVCRecordset@@@Z 5f710fc1 f   dbview.obj
 0001:0000fff2       ?DDX_FieldText@@YGXPAVCDataExchange@@HAAIPAVCRecordset@@@Z 5f710ff2 f   dbview.obj
 0001:00010023       ?DDX_FieldText@@YGXPAVCDataExchange@@HAAJPAVCRecordset@@@Z 5f711023 f   dbview.obj
 0001:00010054       ?DDX_FieldText@@YGXPAVCDataExchange@@HAAKPAVCRecordset@@@Z 5f711054 f   dbview.obj
 0001:00010085       ?DDX_FieldText@@YGXPAVCDataExchange@@HAAVCString@@PAVCRecordset@@@Z 5f711085 f   dbview.obj
 0001:00010211       ?DDX_FieldLBString@@YGXPAVCDataExchange@@HAAVCString@@PAVCRecordset@@@Z 5f711211 f   dbview.obj
 0001:0001038c       ?DDX_FieldLBStringExact@@YGXPAVCDataExchange@@HAAVCString@@PAVCRecordset@@@Z 5f71138c f   dbview.obj
 0001:00010456       ?DDX_FieldLBIndex@@YGXPAVCDataExchange@@HAAHPAVCRecordset@@@Z 5f711456 f   dbview.obj
 0001:000104c2       ?DDX_FieldCBString@@YGXPAVCDataExchange@@HAAVCString@@PAVCRecordset@@@Z 5f7114c2 f   dbview.obj
 0001:00010689       ?DDX_FieldCBStringExact@@YGXPAVCDataExchange@@HAAVCString@@PAVCRecordset@@@Z 5f711689 f   dbview.obj
 0001:00010753       ?DDX_FieldCBIndex@@YGXPAVCDataExchange@@HAAHPAVCRecordset@@@Z 5f711753 f   dbview.obj
 0001:000107bf       ?DDX_FieldScroll@@YGXPAVCDataExchange@@HAAHPAVCRecordset@@@Z 5f7117bf f   dbview.obj
 0001:0001082b       ?DDX_FieldCheck@@YGXPAVCDataExchange@@HAAHPAVCRecordset@@@Z 5f71182b f   dbview.obj
 0001:00010998       ?DDX_FieldRadio@@YGXPAVCDataExchange@@HAAHPAVCRecordset@@@Z 5f711998 f   dbview.obj
 0001:00010a33       ?AssertValid@CRecordView@@UBEXXZ 5f711a33 f   dbview.obj
 0001:00010a46       ?Dump@CRecordView@@UBEXAAVCDumpContext@@@Z 5f711a46 f   dbview.obj
 0001:00010aa8       ?OnMove@CRecordView@@IAEXHH@Z 5f711aa8 f   dbview.obj
 0001:00010ad0       ??_GCRecordView@@UAEPAXI@Z 5f711ad0 f i dbview.obj
 0001:00010ad0       ??_ECRecordView@@UAEPAXI@Z 5f711ad0 f i dbview.obj
 0001:00010b00       ??1CFormView@@UAE@XZ       5f711b00 f i dbview.obj
 0001:00010b20       ??_9@$BBBE@AE              5f711b20 f i dbview.obj
 0001:00010b30       ?RFX_Single@@YGXPAVCFieldExchange@@PBDAAM@Z 5f711b30 f   dbflt.obj
 0001:00010ddc       ?RFX_Double@@YGXPAVCFieldExchange@@PBDAAN@Z 5f711ddc f   dbflt.obj
 0001:000110be       ?RFX_Single_Bulk@@YGXPAVCFieldExchange@@PBDPAPAMPAPAJ@Z 5f7120be f   dbflt.obj
 0001:0001122b       ?RFX_Double_Bulk@@YGXPAVCFieldExchange@@PBDPAPANPAPAJ@Z 5f71222b f   dbflt.obj
 0001:00011398       ?DDX_FieldText@@YGXPAVCDataExchange@@HAAMPAVCRecordset@@@Z 5f712398 f   dbflt.obj
 0001:000113d6       ?DDX_FieldText@@YGXPAVCDataExchange@@HAANPAVCRecordset@@@Z 5f7123d6 f   dbflt.obj
 0001:00011420       ??0CLongBinary@@QAE@XZ     5f712420 f   dblong.obj
 0001:00011449       ??1CLongBinary@@UAE@XZ     5f712449 f   dblong.obj
 0001:000114b2       ?AssertValid@CLongBinary@@UBEXXZ 5f7124b2 f   dblong.obj
 0001:000114c5       ?Dump@CLongBinary@@UBEXAAVCDumpContext@@@Z 5f7124c5 f   dblong.obj
 0001:00011530       ??0CDBVariant@@QAE@XZ      5f712530 f   dbvar.obj
 0001:00011551       ?Clear@CDBVariant@@QAEXXZ  5f712551 f   dbvar.obj
 0001:000115f5       ??1CDBVariant@@UAE@XZ      5f7125f5 f   dbvar.obj
 0001:00011620       ??_ECDBVariant@@UAEPAXI@Z  5f712620 f i dbvar.obj
 0001:00011620       ??_GCDBVariant@@UAEPAXI@Z  5f712620 f i dbvar.obj
 0001:00011650       ??0_AFX_DAO_STATE@@QAE@XZ  5f712650 f   daocore.obj
 0001:000116bd       ??1_AFX_DAO_STATE@@UAE@XZ  5f7126bd f   daocore.obj
 0001:000117b3       ?AfxDaoCheck@@YGXJPBD0HHH@Z 5f7127b3 f   daocore.obj
 0001:0001183a       ?AfxDaoTrace@@YGXJPBD0H@Z  5f71283a f   daocore.obj
 0001:0001189e       ?Dump@CDaoErrorInfo@@UBEXAAVCDumpContext@@@Z 5f71289e f   daocore.obj
 0001:00011954       ?Dump@CDaoWorkspaceInfo@@UBEXAAVCDumpContext@@@Z 5f712954 f   daocore.obj
 0001:000119d5       ?Dump@CDaoDatabaseInfo@@UBEXAAVCDumpContext@@@Z 5f7129d5 f   daocore.obj
 0001:00011ac2       ?Dump@CDaoTableDefInfo@@UBEXAAVCDumpContext@@@Z 5f712ac2 f   daocore.obj
 0001:00011c13       ?Dump@CDaoFieldInfo@@UBEXAAVCDumpContext@@@Z 5f712c13 f   daocore.obj
 0001:00011dba       ?Dump@CDaoIndexFieldInfo@@UBEXAAVCDumpContext@@@Z 5f712dba f   daocore.obj
 0001:00011e14       ??0CDaoIndexInfo@@QAE@XZ   5f712e14 f   daocore.obj
 0001:00011e53       ??1CDaoIndexInfo@@UAE@XZ   5f712e53 f   daocore.obj
 0001:00011ee8       ?Dump@CDaoIndexInfo@@UBEXAAVCDumpContext@@@Z 5f712ee8 f   daocore.obj
 0001:00012052       ?Dump@CDaoRelationFieldInfo@@UBEXAAVCDumpContext@@@Z 5f713052 f   daocore.obj
 0001:000120ab       ??0CDaoRelationInfo@@QAE@XZ 5f7130ab f   daocore.obj
 0001:00012131       ??1CDaoRelationInfo@@UAE@XZ 5f713131 f   daocore.obj
 0001:000121e4       ?Dump@CDaoRelationInfo@@UBEXAAVCDumpContext@@@Z 5f7131e4 f   daocore.obj
 0001:000122e0       ?Dump@CDaoQueryDefInfo@@UBEXAAVCDumpContext@@@Z 5f7132e0 f   daocore.obj
 0001:0001241a       ?Dump@CDaoParameterInfo@@UBEXAAVCDumpContext@@@Z 5f71341a f   daocore.obj
 0001:000124e3       ?_GetBaseClass@CDaoException@@KGPAUCRuntimeClass@@XZ 5f7134e3 f   daocore.obj
 0001:000124ed       ?GetRuntimeClass@CDaoException@@UBEPAUCRuntimeClass@@XZ 5f7134ed f   daocore.obj
 0001:000124fd       ??0CDaoException@@QAE@XZ   5f7134fd f   daocore.obj
 0001:0001253a       ??1CDaoException@@UAE@XZ   5f71353a f   daocore.obj
 0001:00012604       ?GetErrorCount@CDaoException@@QAEFXZ 5f713604 f   daocore.obj
 0001:00012667       ?GetErrorInfo@CDaoException@@QAEXH@Z 5f713667 f   daocore.obj
 0001:00012798       ?GetErrorMessage@CDaoException@@UAEHPADIPAI@Z 5f713798 f   daocore.obj
 0001:000128d4       ?InitErrorsCollection@CDaoException@@IAEXXZ 5f7138d4 f   daocore.obj
 0001:00012930       ?FillErrorInfo@CDaoException@@IAEXXZ 5f713930 f   daocore.obj
 0001:00012b3d       ?AfxThrowDaoException@@YGXHJ@Z 5f713b3d f   daocore.obj
 0001:00012cb7       ?_GetBaseClass@CDaoWorkspace@@KGPAUCRuntimeClass@@XZ 5f713cb7 f   daocore.obj
 0001:00012cc1       ?GetRuntimeClass@CDaoWorkspace@@UBEPAUCRuntimeClass@@XZ 5f713cc1 f   daocore.obj
 0001:00012cd1       ??0CDaoWorkspace@@QAE@XZ   5f713cd1 f   daocore.obj
 0001:00012d66       ??1CDaoWorkspace@@UAE@XZ   5f713d66 f   daocore.obj
 0001:00012e05       ?Create@CDaoWorkspace@@UAEXPBD00@Z 5f713e05 f   daocore.obj
 0001:00012f83       ?Append@CDaoWorkspace@@UAEXXZ 5f713f83 f   daocore.obj
 0001:000130fa       ?Open@CDaoWorkspace@@UAEXPBD@Z 5f7140fa f   daocore.obj
 0001:000132e4       ?Close@CDaoWorkspace@@UAEXXZ 5f7142e4 f   daocore.obj
 0001:00013426       ?GetVersion@CDaoWorkspace@@SG?AVCString@@XZ 5f714426 f   daocore.obj
 0001:000134d5       ?GetIniPath@CDaoWorkspace@@SG?AVCString@@XZ 5f7144d5 f   daocore.obj
 0001:00013584       ?SetIniPath@CDaoWorkspace@@SGXPBD@Z 5f714584 f   daocore.obj
 0001:00013618       ?SetDefaultUser@CDaoWorkspace@@SGXPBD@Z 5f714618 f   daocore.obj
 0001:000136ac       ?SetDefaultPassword@CDaoWorkspace@@SGXPBD@Z 5f7146ac f   daocore.obj
 0001:00013740       ?GetLoginTimeout@CDaoWorkspace@@SGFXZ 5f714740 f   daocore.obj
 0001:00013793       ?SetLoginTimeout@CDaoWorkspace@@SGXF@Z 5f714793 f   daocore.obj
 0001:000137e3       ?GetName@CDaoWorkspace@@QAE?AVCString@@XZ 5f7147e3 f   daocore.obj
 0001:000138bc       ?GetUserNameA@CDaoWorkspace@@QAE?AVCString@@XZ 5f7148bc f   daocore.obj
 0001:00013995       ?SetIsolateODBCTrans@CDaoWorkspace@@QAEXH@Z 5f714995 f   daocore.obj
 0001:00013a11       ?GetIsolateODBCTrans@CDaoWorkspace@@QAEHXZ 5f714a11 f   daocore.obj
 0001:00013a95       ?CompactDatabase@CDaoWorkspace@@SGXPBD00H0@Z 5f714a95 f   daocore.obj
 0001:00013ce2       ?CompactDatabase@CDaoWorkspace@@SGXPBD00H@Z 5f714ce2 f   daocore.obj
 0001:00013d00       ?RepairDatabase@CDaoWorkspace@@SGXPBD@Z 5f714d00 f   daocore.obj
 0001:00013d94       ?Idle@CDaoWorkspace@@SGXH@Z 5f714d94 f   daocore.obj
 0001:00013e63       ?GetWorkspaceCount@CDaoWorkspace@@QAEFXZ 5f714e63 f   daocore.obj
 0001:00013ec7       ?GetWorkspaceInfo@CDaoWorkspace@@QAEXHAAUCDaoWorkspaceInfo@@K@Z 5f714ec7 f   daocore.obj
 0001:00013fcb       ?GetWorkspaceInfo@CDaoWorkspace@@QAEXPBDAAUCDaoWorkspaceInfo@@K@Z 5f714fcb f   daocore.obj
 0001:000140cf       ?GetDatabaseCount@CDaoWorkspace@@QAEFXZ 5f7150cf f   daocore.obj
 0001:00014133       ?GetDatabaseInfo@CDaoWorkspace@@QAEXHAAUCDaoDatabaseInfo@@K@Z 5f715133 f   daocore.obj
 0001:00014237       ?GetDatabaseInfo@CDaoWorkspace@@QAEXPBDAAUCDaoDatabaseInfo@@K@Z 5f715237 f   daocore.obj
 0001:0001433b       ?BeginTrans@CDaoWorkspace@@QAEXXZ 5f71533b f   daocore.obj
 0001:000143d3       ?CommitTrans@CDaoWorkspace@@QAEXXZ 5f7153d3 f   daocore.obj
 0001:000144c6       ?Rollback@CDaoWorkspace@@QAEXXZ 5f7154c6 f   daocore.obj
 0001:0001455e       ?InitializeEngine@CDaoWorkspace@@KAXXZ 5f71555e f   daocore.obj
 0001:00014568       ?InitWorkspacesCollection@CDaoWorkspace@@IAEXXZ 5f715568 f   daocore.obj
 0001:000145d0       ?FillWorkspaceInfo@CDaoWorkspace@@IAEXPAUDAOWorkspace@@AAUCDaoWorkspaceInfo@@K@Z 5f7155d0 f   daocore.obj
 0001:0001475a       ?InitDatabasesCollection@CDaoWorkspace@@IAEXXZ 5f71575a f   daocore.obj
 0001:000147aa       ?FillDatabaseInfo@CDaoWorkspace@@IAEXPAUDAODatabase@@AAUCDaoDatabaseInfo@@K@Z 5f7157aa f   daocore.obj
 0001:00014a15       ?ThrowDaoException@CDaoWorkspace@@MAEXH@Z 5f715a15 f   daocore.obj
 0001:00014a40       ?AssertValid@CDaoWorkspace@@UBEXXZ 5f715a40 f   daocore.obj
 0001:00014a53       ?Dump@CDaoWorkspace@@UBEXAAVCDumpContext@@@Z 5f715a53 f   daocore.obj
 0001:00014add       ?_GetBaseClass@CDaoDatabase@@KGPAUCRuntimeClass@@XZ 5f715add f   daocore.obj
 0001:00014ae7       ?GetRuntimeClass@CDaoDatabase@@UBEPAUCRuntimeClass@@XZ 5f715ae7 f   daocore.obj
 0001:00014af7       ??0CDaoDatabase@@QAE@PAVCDaoWorkspace@@@Z 5f715af7 f   daocore.obj
 0001:00014bc3       ??1CDaoDatabase@@UAE@XZ    5f715bc3 f   daocore.obj
 0001:00014cae       ?Create@CDaoDatabase@@UAEXPBD0H@Z 5f715cae f   daocore.obj
 0001:00014e22       ?Open@CDaoDatabase@@UAEXPBDHH0@Z 5f715e22 f   daocore.obj
 0001:00015063       ?Close@CDaoDatabase@@UAEXXZ 5f716063 f   daocore.obj
 0001:00015255       ?CanUpdate@CDaoDatabase@@QAEHXZ 5f716255 f   daocore.obj
 0001:000152ff       ?CanTransact@CDaoDatabase@@QAEHXZ 5f7162ff f   daocore.obj
 0001:000153a9       ?GetName@CDaoDatabase@@QAE?AVCString@@XZ 5f7163a9 f   daocore.obj
 0001:000154a7       ?GetConnect@CDaoDatabase@@QAE?AVCString@@XZ 5f7164a7 f   daocore.obj
 0001:000155a5       ?GetVersion@CDaoDatabase@@QAE?AVCString@@XZ 5f7165a5 f   daocore.obj
 0001:000156a3       ?GetQueryTimeout@CDaoDatabase@@QAEFXZ 5f7166a3 f   daocore.obj
 0001:00015745       ?SetQueryTimeout@CDaoDatabase@@QAEXF@Z 5f716745 f   daocore.obj
 0001:000157e4       ?GetRecordsAffected@CDaoDatabase@@QAEJXZ 5f7167e4 f   daocore.obj
 0001:00015885       ?DeleteTableDef@CDaoDatabase@@QAEXPBD@Z 5f716885 f   daocore.obj
 0001:00015956       ?DeleteQueryDef@CDaoDatabase@@QAEXPBD@Z 5f716956 f   daocore.obj
 0001:00015a27       ?CreateRelation@CDaoDatabase@@QAEXPBD00J00@Z 5f716a27 f   daocore.obj
 0001:00015afe       ?CreateRelation@CDaoDatabase@@QAEXAAUCDaoRelationInfo@@@Z 5f716afe f   daocore.obj
 0001:000160be       ?DeleteRelation@CDaoDatabase@@QAEXPBD@Z 5f7170be f   daocore.obj
 0001:0001618f       ?Execute@CDaoDatabase@@QAEXPBDH@Z 5f71718f f   daocore.obj
 0001:000162a9       ?GetTableDefCount@CDaoDatabase@@QAEFXZ 5f7172a9 f   daocore.obj
 0001:0001630d       ?GetTableDefInfo@CDaoDatabase@@QAEXHAAUCDaoTableDefInfo@@K@Z 5f71730d f   daocore.obj
 0001:00016411       ?GetTableDefInfo@CDaoDatabase@@QAEXPBDAAUCDaoTableDefInfo@@K@Z 5f717411 f   daocore.obj
 0001:00016515       ?GetRelationCount@CDaoDatabase@@QAEFXZ 5f717515 f   daocore.obj
 0001:00016579       ?GetRelationInfo@CDaoDatabase@@QAEXHAAUCDaoRelationInfo@@K@Z 5f717579 f   daocore.obj
 0001:0001667d       ?GetRelationInfo@CDaoDatabase@@QAEXPBDAAUCDaoRelationInfo@@K@Z 5f71767d f   daocore.obj
 0001:00016781       ?GetQueryDefCount@CDaoDatabase@@QAEFXZ 5f717781 f   daocore.obj
 0001:000167e5       ?GetQueryDefInfo@CDaoDatabase@@QAEXHAAUCDaoQueryDefInfo@@K@Z 5f7177e5 f   daocore.obj
 0001:000168e9       ?GetQueryDefInfo@CDaoDatabase@@QAEXPBDAAUCDaoQueryDefInfo@@K@Z 5f7178e9 f   daocore.obj
 0001:000169ed       ?InitWorkspace@CDaoDatabase@@IAEXXZ 5f7179ed f   daocore.obj
 0001:00016aa1       ?InitTableDefsCollection@CDaoDatabase@@IAEXXZ 5f717aa1 f   daocore.obj
 0001:00016af1       ?FillTableDefInfo@CDaoDatabase@@IAEXPAU_DAOTableDef@@AAUCDaoTableDefInfo@@K@Z 5f717af1 f   daocore.obj
 0001:00016e1d       ?InitRelationsCollection@CDaoDatabase@@IAEXXZ 5f717e1d f   daocore.obj
 0001:00016e6d       ?FillRelationInfo@CDaoDatabase@@IAEXPAU_DAORelation@@AAUCDaoRelationInfo@@K@Z 5f717e6d f   daocore.obj
 0001:00017367       ?InitQueryDefsCollection@CDaoDatabase@@IAEXXZ 5f718367 f   daocore.obj
 0001:000173b7       ?FillQueryDefInfo@CDaoDatabase@@IAEXPAU_DAOQueryDef@@AAUCDaoQueryDefInfo@@K@Z 5f7183b7 f   daocore.obj
 0001:00017677       ?ThrowDaoException@CDaoDatabase@@MAEXH@Z 5f718677 f   daocore.obj
 0001:000176a2       ?AssertValid@CDaoDatabase@@UBEXXZ 5f7186a2 f   daocore.obj
 0001:000176b5       ?Dump@CDaoDatabase@@UBEXAAVCDumpContext@@@Z 5f7186b5 f   daocore.obj
 0001:00017724       ?_GetBaseClass@CDaoTableDef@@KGPAUCRuntimeClass@@XZ 5f718724 f   daocore.obj
 0001:0001772e       ?GetRuntimeClass@CDaoTableDef@@UBEPAUCRuntimeClass@@XZ 5f71872e f   daocore.obj
 0001:0001773e       ??0CDaoTableDef@@QAE@PAVCDaoDatabase@@@Z 5f71873e f   daocore.obj
 0001:0001779a       ??1CDaoTableDef@@UAE@XZ    5f71879a f   daocore.obj
 0001:00017814       ?Create@CDaoTableDef@@UAEXPBDJ00@Z 5f718814 f   daocore.obj
 0001:00017aaa       ?Append@CDaoTableDef@@UAEXXZ 5f718aaa f   daocore.obj
 0001:00017c12       ?Open@CDaoTableDef@@UAEXPBD@Z 5f718c12 f   daocore.obj
 0001:00017e00       ?Close@CDaoTableDef@@UAEXXZ 5f718e00 f   daocore.obj
 0001:00017eb3       ?CanUpdate@CDaoTableDef@@QAEHXZ 5f718eb3 f   daocore.obj
 0001:00017f5d       ?SetName@CDaoTableDef@@QAEXPBD@Z 5f718f5d f   daocore.obj
 0001:00018049       ?GetName@CDaoTableDef@@QAE?AVCString@@XZ 5f719049 f   daocore.obj
 0001:00018147       ?SetSourceTableName@CDaoTableDef@@QAEXPBD@Z 5f719147 f   daocore.obj
 0001:00018233       ?GetSourceTableName@CDaoTableDef@@QAE?AVCString@@XZ 5f719233 f   daocore.obj
 0001:00018331       ?SetConnect@CDaoTableDef@@QAEXPBD@Z 5f719331 f   daocore.obj
 0001:0001841d       ?GetConnect@CDaoTableDef@@QAE?AVCString@@XZ 5f71941d f   daocore.obj
 0001:0001851b       ?SetAttributes@CDaoTableDef@@QAEXJ@Z 5f71951b f   daocore.obj
 0001:000185c2       ?GetAttributes@CDaoTableDef@@QAEJXZ 5f7195c2 f   daocore.obj
 0001:00018663       ?GetDateCreated@CDaoTableDef@@QAE?AVCOleDateTime@@XZ 5f719663 f   daocore.obj
 0001:00018753       ?GetDateLastUpdated@CDaoTableDef@@QAE?AVCOleDateTime@@XZ 5f719753 f   daocore.obj
 0001:00018843       ?SetValidationRule@CDaoTableDef@@QAEXPBD@Z 5f719843 f   daocore.obj
 0001:0001892f       ?GetValidationRule@CDaoTableDef@@QAE?AVCString@@XZ 5f71992f f   daocore.obj
 0001:00018a2d       ?SetValidationText@CDaoTableDef@@QAEXPBD@Z 5f719a2d f   daocore.obj
 0001:00018b19       ?GetValidationText@CDaoTableDef@@QAE?AVCString@@XZ 5f719b19 f   daocore.obj
 0001:00018c17       ?GetRecordCount@CDaoTableDef@@QAEJXZ 5f719c17 f   daocore.obj
 0001:00018cb8       ?CreateField@CDaoTableDef@@QAEXPBDFJJ@Z 5f719cb8 f   daocore.obj
 0001:00018d5e       ?CreateField@CDaoTableDef@@QAEXAAUCDaoFieldInfo@@@Z 5f719d5e f   daocore.obj
 0001:00018fd9       ?DeleteField@CDaoTableDef@@QAEXPBD@Z 5f719fd9 f   daocore.obj
 0001:000190a4       ?DeleteField@CDaoTableDef@@QAEXH@Z 5f71a0a4 f   daocore.obj
 0001:00019126       ?CreateIndex@CDaoTableDef@@QAEXAAUCDaoIndexInfo@@@Z 5f71a126 f   daocore.obj
 0001:000192bf       ?DeleteIndex@CDaoTableDef@@QAEXPBD@Z 5f71a2bf f   daocore.obj
 0001:0001938a       ?DeleteIndex@CDaoTableDef@@QAEXH@Z 5f71a38a f   daocore.obj
 0001:0001940c       ?GetFieldCount@CDaoTableDef@@QAEFXZ 5f71a40c f   daocore.obj
 0001:00019470       ?GetFieldInfo@CDaoTableDef@@QAEXHAAUCDaoFieldInfo@@K@Z 5f71a470 f   daocore.obj
 0001:00019574       ?GetFieldInfo@CDaoTableDef@@QAEXPBDAAUCDaoFieldInfo@@K@Z 5f71a574 f   daocore.obj
 0001:00019678       ?GetIndexCount@CDaoTableDef@@QAEFXZ 5f71a678 f   daocore.obj
 0001:000196dc       ?GetIndexInfo@CDaoTableDef@@QAEXHAAUCDaoIndexInfo@@K@Z 5f71a6dc f   daocore.obj
 0001:000197e0       ?GetIndexInfo@CDaoTableDef@@QAEXPBDAAUCDaoIndexInfo@@K@Z 5f71a7e0 f   daocore.obj
 0001:000198e4       ?RefreshLink@CDaoTableDef@@QAEXXZ 5f71a8e4 f   daocore.obj
 0001:0001997c       ?InitFieldsCollection@CDaoTableDef@@IAEXXZ 5f71a97c f   daocore.obj
 0001:000199cc       ?InitIndexesCollection@CDaoTableDef@@IAEXXZ 5f71a9cc f   daocore.obj
 0001:00019a1c       ?ThrowDaoException@CDaoTableDef@@MAEXH@Z 5f71aa1c f   daocore.obj
 0001:00019a47       ?AssertValid@CDaoTableDef@@UBEXXZ 5f71aa47 f   daocore.obj
 0001:00019a5a       ?Dump@CDaoTableDef@@UBEXAAVCDumpContext@@@Z 5f71aa5a f   daocore.obj
 0001:00019ac9       ?_GetBaseClass@CDaoQueryDef@@KGPAUCRuntimeClass@@XZ 5f71aac9 f   daocore.obj
 0001:00019ad3       ?GetRuntimeClass@CDaoQueryDef@@UBEPAUCRuntimeClass@@XZ 5f71aad3 f   daocore.obj
 0001:00019ae3       ??0CDaoQueryDef@@QAE@PAVCDaoDatabase@@@Z 5f71aae3 f   daocore.obj
 0001:00019b3f       ??1CDaoQueryDef@@UAE@XZ    5f71ab3f f   daocore.obj
 0001:00019bb9       ?Create@CDaoQueryDef@@UAEXPBD0@Z 5f71abb9 f   daocore.obj
 0001:00019e0e       ?Append@CDaoQueryDef@@UAEXXZ 5f71ae0e f   daocore.obj
 0001:00019f76       ?Open@CDaoQueryDef@@UAEXPBD@Z 5f71af76 f   daocore.obj
 0001:0001a16a       ?Close@CDaoQueryDef@@UAEXXZ 5f71b16a f   daocore.obj
 0001:0001a244       ?CanUpdate@CDaoQueryDef@@QAEHXZ 5f71b244 f   daocore.obj
 0001:0001a2cd       ?GetName@CDaoQueryDef@@QAE?AVCString@@XZ 5f71b2cd f   daocore.obj
 0001:0001a3a9       ?SetName@CDaoQueryDef@@QAEXPBD@Z 5f71b3a9 f   daocore.obj
 0001:0001a472       ?GetSQL@CDaoQueryDef@@QAE?AVCString@@XZ 5f71b472 f   daocore.obj
 0001:0001a54e       ?SetSQL@CDaoQueryDef@@QAEXPBD@Z 5f71b54e f   daocore.obj
 0001:0001a617       ?GetType@CDaoQueryDef@@QAEFXZ 5f71b617 f   daocore.obj
 0001:0001a696       ?GetDateCreated@CDaoQueryDef@@QAE?AVCOleDateTime@@XZ 5f71b696 f   daocore.obj
 0001:0001a763       ?GetDateLastUpdated@CDaoQueryDef@@QAE?AVCOleDateTime@@XZ 5f71b763 f   daocore.obj
 0001:0001a830       ?GetConnect@CDaoQueryDef@@QAE?AVCString@@XZ 5f71b830 f   daocore.obj
 0001:0001a90c       ?SetConnect@CDaoQueryDef@@QAEXPBD@Z 5f71b90c f   daocore.obj
 0001:0001a9d5       ?GetODBCTimeout@CDaoQueryDef@@QAEFXZ 5f71b9d5 f   daocore.obj
 0001:0001aa54       ?SetODBCTimeout@CDaoQueryDef@@QAEXF@Z 5f71ba54 f   daocore.obj
 0001:0001aad9       ?GetReturnsRecords@CDaoQueryDef@@QAEHXZ 5f71bad9 f   daocore.obj
 0001:0001ab62       ?SetReturnsRecords@CDaoQueryDef@@QAEXH@Z 5f71bb62 f   daocore.obj
 0001:0001abea       ?GetRecordsAffected@CDaoQueryDef@@QAEJXZ 5f71bbea f   daocore.obj
 0001:0001ac68       ?Execute@CDaoQueryDef@@UAEXH@Z 5f71bc68 f   daocore.obj
 0001:0001ad60       ?GetParamValue@CDaoQueryDef@@UAE?AVCOleVariant@@PBD@Z 5f71bd60 f   daocore.obj
 0001:0001af60       ?GetParamValue@CDaoQueryDef@@UAE?AVCOleVariant@@H@Z 5f71bf60 f   daocore.obj
 0001:0001b160       ?SetParamValue@CDaoQueryDef@@UAEXPBDABVCOleVariant@@@Z 5f71c160 f   daocore.obj
 0001:0001b365       ?SetParamValue@CDaoQueryDef@@UAEXHABVCOleVariant@@@Z 5f71c365 f   daocore.obj
 0001:0001b56a       ?SetParamValueNull@CDaoQueryDef@@QAEXPBD@Z 5f71c56a f   daocore.obj
 0001:0001b5e1       ?SetParamValueNull@CDaoQueryDef@@QAEXH@Z 5f71c5e1 f   daocore.obj
 0001:0001b658       ?GetFieldCount@CDaoQueryDef@@QAEFXZ 5f71c658 f   daocore.obj
 0001:0001b6bc       ?GetFieldInfo@CDaoQueryDef@@QAEXHAAUCDaoFieldInfo@@K@Z 5f71c6bc f   daocore.obj
 0001:0001b7c0       ?GetFieldInfo@CDaoQueryDef@@QAEXPBDAAUCDaoFieldInfo@@K@Z 5f71c7c0 f   daocore.obj
 0001:0001b8c4       ?GetParameterCount@CDaoQueryDef@@QAEFXZ 5f71c8c4 f   daocore.obj
 0001:0001b928       ?GetParameterInfo@CDaoQueryDef@@QAEXHAAUCDaoParameterInfo@@K@Z 5f71c928 f   daocore.obj
 0001:0001ba2c       ?GetParameterInfo@CDaoQueryDef@@QAEXPBDAAUCDaoParameterInfo@@K@Z 5f71ca2c f   daocore.obj
 0001:0001bb30       ?InitFieldsCollection@CDaoQueryDef@@IAEXXZ 5f71cb30 f   daocore.obj
 0001:0001bb80       ?InitParametersCollection@CDaoQueryDef@@IAEXXZ 5f71cb80 f   daocore.obj
 0001:0001bbd0       ?FillParameterInfo@CDaoQueryDef@@IAEXPAUDAOParameter@@AAUCDaoParameterInfo@@K@Z 5f71cbd0 f   daocore.obj
 0001:0001bd8a       ?ThrowDaoException@CDaoQueryDef@@MAEXH@Z 5f71cd8a f   daocore.obj
 0001:0001bdb5       ?AssertValid@CDaoQueryDef@@UBEXXZ 5f71cdb5 f   daocore.obj
 0001:0001bdc8       ?Dump@CDaoQueryDef@@UBEXAAVCDumpContext@@@Z 5f71cdc8 f   daocore.obj
 0001:0001be37       ?_GetBaseClass@CDaoRecordset@@KGPAUCRuntimeClass@@XZ 5f71ce37 f   daocore.obj
 0001:0001be41       ?GetRuntimeClass@CDaoRecordset@@UBEPAUCRuntimeClass@@XZ 5f71ce41 f   daocore.obj
 0001:0001be51       ??0CDaoRecordset@@QAE@PAVCDaoDatabase@@@Z 5f71ce51 f   daocore.obj
 0001:0001bfbe       ??1CDaoRecordset@@UAE@XZ   5f71cfbe f   daocore.obj
 0001:0001c0df       ?Open@CDaoRecordset@@UAEXHPBDH@Z 5f71d0df f   daocore.obj
 0001:0001ca33       ?Open@CDaoRecordset@@UAEXPAVCDaoQueryDef@@HH@Z 5f71da33 f   daocore.obj
 0001:0001cd23       ?Open@CDaoRecordset@@UAEXPAVCDaoTableDef@@HH@Z 5f71dd23 f   daocore.obj
 0001:0001cfc4       ?Close@CDaoRecordset@@UAEXXZ 5f71dfc4 f   daocore.obj
 0001:0001d2bb       ?Requery@CDaoRecordset@@UAEXXZ 5f71e2bb f   daocore.obj
 0001:0001d53f       ?GetDefaultDBName@CDaoRecordset@@UAE?AVCString@@XZ 5f71e53f f   daocore.obj
 0001:0001d581       ?GetDefaultSQL@CDaoRecordset@@UAE?AVCString@@XZ 5f71e581 f   daocore.obj
 0001:0001d5c3       ?DoFieldExchange@CDaoRecordset@@UAEXPAVCDaoFieldExchange@@@Z 5f71e5c3 f   daocore.obj
 0001:0001d5e3       ?IsBOF@CDaoRecordset@@QAEHXZ 5f71e5e3 f   daocore.obj
 0001:0001d66c       ?IsEOF@CDaoRecordset@@QAEHXZ 5f71e66c f   daocore.obj
 0001:0001d6f5       ?IsDeleted@CDaoRecordset@@QBEHXZ 5f71e6f5 f   daocore.obj
 0001:0001d745       ?CanScroll@CDaoRecordset@@QBEHXZ 5f71e745 f   daocore.obj
 0001:0001d795       ?CanUpdate@CDaoRecordset@@QBEHXZ 5f71e795 f   daocore.obj
 0001:0001d81e       ?CanAppend@CDaoRecordset@@QBEHXZ 5f71e81e f   daocore.obj
 0001:0001d86e       ?CanRestart@CDaoRecordset@@QAEHXZ 5f71e86e f   daocore.obj
 0001:0001d918       ?CanTransact@CDaoRecordset@@QAEHXZ 5f71e918 f   daocore.obj
 0001:0001d9a1       ?CanBookmark@CDaoRecordset@@QAEHXZ 5f71e9a1 f   daocore.obj
 0001:0001da2a       ?GetName@CDaoRecordset@@QAE?AVCString@@XZ 5f71ea2a f   daocore.obj
 0001:0001db28       ?GetType@CDaoRecordset@@QAEFXZ 5f71eb28 f   daocore.obj
 0001:0001dbca       ?GetEditMode@CDaoRecordset@@QAEFXZ 5f71ebca f   daocore.obj
 0001:0001dc6f       ?GetSQL@CDaoRecordset@@QBE?AVCString@@XZ 5f71ec6f f   daocore.obj
 0001:0001dd02       ?GetDateCreated@CDaoRecordset@@QAE?AVCOleDateTime@@XZ 5f71ed02 f   daocore.obj
 0001:0001ddf2       ?GetDateLastUpdated@CDaoRecordset@@QAE?AVCOleDateTime@@XZ 5f71edf2 f   daocore.obj
 0001:0001dee2       ?GetLastModifiedBookmark@CDaoRecordset@@QAE?AVCOleVariant@@XZ 5f71eee2 f   daocore.obj
 0001:0001dfe0       ?GetValidationRule@CDaoRecordset@@QAE?AVCString@@XZ 5f71efe0 f   daocore.obj
 0001:0001e0e1       ?GetValidationText@CDaoRecordset@@QAE?AVCString@@XZ 5f71f0e1 f   daocore.obj
 0001:0001e1df       ?GetCurrentIndex@CDaoRecordset@@QAE?AVCString@@XZ 5f71f1df f   daocore.obj
 0001:0001e2dd       ?SetCurrentIndex@CDaoRecordset@@QAEXPBD@Z 5f71f2dd f   daocore.obj
 0001:0001e3c8       ?GetRecordCount@CDaoRecordset@@QAEJXZ 5f71f3c8 f   daocore.obj
 0001:0001e469       ?SetFieldDirty@CDaoRecordset@@QAEXPAXH@Z 5f71f469 f   daocore.obj
 0001:0001e545       ?IsFieldDirty@CDaoRecordset@@QAEHPAX@Z 5f71f545 f   daocore.obj
 0001:0001e63d       ?SetFieldNull@CDaoRecordset@@QAEXPAXH@Z 5f71f63d f   daocore.obj
 0001:0001e755       ?IsFieldNull@CDaoRecordset@@QAEHPAX@Z 5f71f755 f   daocore.obj
 0001:0001e838       ?IsFieldNullable@CDaoRecordset@@QAEHPAX@Z 5f71f838 f   daocore.obj
 0001:0001e9ab       ?GetFieldCount@CDaoRecordset@@QAEFXZ 5f71f9ab f   daocore.obj
 0001:0001ea0f       ?GetFieldInfo@CDaoRecordset@@QAEXHAAUCDaoFieldInfo@@K@Z 5f71fa0f f   daocore.obj
 0001:0001eb13       ?GetFieldInfo@CDaoRecordset@@QAEXPBDAAUCDaoFieldInfo@@K@Z 5f71fb13 f   daocore.obj
 0001:0001ec17       ?GetIndexCount@CDaoRecordset@@QAEFXZ 5f71fc17 f   daocore.obj
 0001:0001ec7b       ?GetIndexInfo@CDaoRecordset@@QAEXHAAUCDaoIndexInfo@@K@Z 5f71fc7b f   daocore.obj
 0001:0001ed7f       ?GetIndexInfo@CDaoRecordset@@QAEXPBDAAUCDaoIndexInfo@@K@Z 5f71fd7f f   daocore.obj
 0001:0001ee83       ?GetBookmark@CDaoRecordset@@QAE?AVCOleVariant@@XZ 5f71fe83 f   daocore.obj
 0001:0001ef81       ?SetBookmark@CDaoRecordset@@QAEXVCOleVariant@@@Z 5f71ff81 f   daocore.obj
 0001:0001f05c       ?GetAbsolutePosition@CDaoRecordset@@QAEJXZ 5f72005c f   daocore.obj
 0001:0001f100       ?SetAbsolutePosition@CDaoRecordset@@QAEXJ@Z 5f720100 f   daocore.obj
 0001:0001f1a9       ?GetPercentPosition@CDaoRecordset@@QAEMXZ 5f7201a9 f   daocore.obj
 0001:0001f24d       ?SetPercentPosition@CDaoRecordset@@QAEXM@Z 5f72024d f   daocore.obj
 0001:0001f2f6       ?MoveNext@CDaoRecordset@@QAEXXZ 5f7202f6 f   daocore.obj
 0001:0001f321       ?MovePrev@CDaoRecordset@@QAEXXZ 5f720321 f   daocore.obj
 0001:0001f34c       ?MoveFirst@CDaoRecordset@@QAEXXZ 5f72034c f   daocore.obj
 0001:0001f37a       ?MoveLast@CDaoRecordset@@QAEXXZ 5f72037a f   daocore.obj
 0001:0001f3a8       ?Move@CDaoRecordset@@UAEXJ@Z 5f7203a8 f   daocore.obj
 0001:0001f5d7       ?FindNext@CDaoRecordset@@QAEHPBD@Z 5f7205d7 f   daocore.obj
 0001:0001f608       ?FindPrev@CDaoRecordset@@QAEHPBD@Z 5f720608 f   daocore.obj
 0001:0001f639       ?FindFirst@CDaoRecordset@@QAEHPBD@Z 5f720639 f   daocore.obj
 0001:0001f66d       ?FindLast@CDaoRecordset@@QAEHPBD@Z 5f72066d f   daocore.obj
 0001:0001f6a1       ?Find@CDaoRecordset@@UAEHJPBD@Z 5f7206a1 f   daocore.obj
 0001:0001f89f       ?Seek@CDaoRecordset@@QAEHPBDPAVCOleVariant@@11@Z 5f72089f f   daocore.obj
 0001:0001fc50       ?Seek@CDaoRecordset@@QAEHPBDPAVCOleVariant@@G@Z 5f720c50 f   daocore.obj
 0001:0001ffc9       ?CancelUpdate@CDaoRecordset@@UAEXXZ 5f720fc9 f   daocore.obj
 0001:0002007e       ?SetLockingMode@CDaoRecordset@@QAEXH@Z 5f72107e f   daocore.obj
 0001:00020120       ?GetLockingMode@CDaoRecordset@@QAEHXZ 5f721120 f   daocore.obj
 0001:000201ca       ?SetCacheStart@CDaoRecordset@@QAEXVCOleVariant@@@Z 5f7211ca f   daocore.obj
 0001:000202a0       ?GetCacheStart@CDaoRecordset@@QAE?AVCOleVariant@@XZ 5f7212a0 f   daocore.obj
 0001:000203a1       ?SetCacheSize@CDaoRecordset@@QAEXJ@Z 5f7213a1 f   daocore.obj
 0001:00020442       ?GetCacheSize@CDaoRecordset@@QAEJXZ 5f721442 f   daocore.obj
 0001:000204e6       ?FillCache@CDaoRecordset@@QAEXPAJPAVCOleVariant@@@Z 5f7214e6 f   daocore.obj
 0001:0002068b       ?AddNew@CDaoRecordset@@UAEXXZ 5f72168b f   daocore.obj
 0001:00020780       ?Edit@CDaoRecordset@@UAEXXZ 5f721780 f   daocore.obj
 0001:00020872       ?Update@CDaoRecordset@@UAEXXZ 5f721872 f   daocore.obj
 0001:00020964       ?Delete@CDaoRecordset@@UAEXXZ 5f721964 f   daocore.obj
 0001:00020a33       ?GetFieldValue@CDaoRecordset@@UAE?AVCOleVariant@@PBD@Z 5f721a33 f   daocore.obj
 0001:00020aae       ?GetFieldValue@CDaoRecordset@@UAE?AVCOleVariant@@H@Z 5f721aae f   daocore.obj
 0001:00020b29       ?GetFieldValue@CDaoRecordset@@UAEXPBDAAVCOleVariant@@@Z 5f721b29 f   daocore.obj
 0001:00020c56       ?GetFieldValue@CDaoRecordset@@UAEXHAAVCOleVariant@@@Z 5f721c56 f   daocore.obj
 0001:00020d83       ?SetFieldValue@CDaoRecordset@@UAEXPBDABVCOleVariant@@@Z 5f721d83 f   daocore.obj
 0001:00020eda       ?SetFieldValue@CDaoRecordset@@UAEXHABVCOleVariant@@@Z 5f721eda f   daocore.obj
 0001:00021031       ?SetFieldValue@CDaoRecordset@@QAEXHPBD@Z 5f722031 f   daocore.obj
 0001:00021096       ?SetFieldValue@CDaoRecordset@@QAEXPBD0@Z 5f722096 f   daocore.obj
 0001:000210fb       ?SetFieldValueNull@CDaoRecordset@@QAEXPBD@Z 5f7220fb f   daocore.obj
 0001:00021172       ?SetFieldValueNull@CDaoRecordset@@QAEXH@Z 5f722172 f   daocore.obj
 0001:000211e9       ?GetParamValue@CDaoRecordset@@UAE?AVCOleVariant@@PBD@Z 5f7221e9 f   daocore.obj
 0001:00021285       ?GetParamValue@CDaoRecordset@@UAE?AVCOleVariant@@H@Z 5f722285 f   daocore.obj
 0001:00021321       ?SetParamValue@CDaoRecordset@@UAEXPBDABVCOleVariant@@@Z 5f722321 f   daocore.obj
 0001:000213a9       ?SetParamValue@CDaoRecordset@@UAEXHABVCOleVariant@@@Z 5f7223a9 f   daocore.obj
 0001:00021431       ?SetParamValueNull@CDaoRecordset@@QAEXPBD@Z 5f722431 f   daocore.obj
 0001:000214a8       ?SetParamValueNull@CDaoRecordset@@QAEXH@Z 5f7224a8 f   daocore.obj
 0001:0002151f       ?GetFieldLength@CDaoRecordset@@QAEKH@Z 5f72251f f   daocore.obj
 0001:00021577       ?InitFieldsCollection@CDaoRecordset@@IAEXXZ 5f722577 f   daocore.obj
 0001:000215f6       ?InitIndexesCollection@CDaoRecordset@@IAEXXZ 5f7225f6 f   daocore.obj
 0001:00021678       ?BuildSQL@CDaoRecordset@@IAEXXZ 5f722678 f   daocore.obj
 0001:0002179c       ?AllocDatabase@CDaoRecordset@@IAEXXZ 5f72279c f   daocore.obj
 0001:0002189d       ?BuildSelectList@CDaoRecordset@@IAEXXZ 5f72289d f   daocore.obj
 0001:00021915       ?BuildParameterList@CDaoRecordset@@IAEXXZ 5f722915 f   daocore.obj
 0001:000219b0       ?BindFields@CDaoRecordset@@IAEXXZ 5f7229b0 f   daocore.obj
 0001:00021b35       ?BindParameters@CDaoRecordset@@IAEXXZ 5f722b35 f   daocore.obj
 0001:00021bb3       ?Fixup@CDaoRecordset@@IAEXXZ 5f722bb3 f   daocore.obj
 0001:00021bf2       ?AllocCache@CDaoRecordset@@IAEXXZ 5f722bf2 f   daocore.obj
 0001:00021c85       ?StoreFields@CDaoRecordset@@IAEXXZ 5f722c85 f   daocore.obj
 0001:00021cff       ?LoadFields@CDaoRecordset@@IAEXXZ 5f722cff f   daocore.obj
 0001:00021d5c       ?FreeCache@CDaoRecordset@@IAEXXZ 5f722d5c f   daocore.obj
 0001:00021e35       ?MarkForAddNew@CDaoRecordset@@IAEXXZ 5f722e35 f   daocore.obj
 0001:00021e74       ?MarkForEdit@CDaoRecordset@@IAEXXZ 5f722e74 f   daocore.obj
 0001:00021eb3       ?GetFieldIndex@CDaoRecordset@@IAEHPAX@Z 5f722eb3 f   daocore.obj
 0001:00021f20       ?SetDirtyFields@CDaoRecordset@@MAEXXZ 5f722f20 f   daocore.obj
 0001:00021f70       ?SetCursorAttributes@CDaoRecordset@@QAEXXZ 5f722f70 f   daocore.obj
 0001:00021fef       ?GetDataAndFixupNulls@CDaoRecordset@@QAEXXZ 5f722fef f   daocore.obj
 0001:000220f4       ?IsFieldStatusDirty@CDaoRecordset@@QAEHI@Z 5f7230f4 f   daocore.obj
 0001:0002212f       ?SetDirtyFieldStatus@CDaoRecordset@@QAEXI@Z 5f72312f f   daocore.obj
 0001:0002216a       ?ClearDirtyFieldStatus@CDaoRecordset@@QAEXI@Z 5f72316a f   daocore.obj
 0001:000221a5       ?IsFieldStatusNull@CDaoRecordset@@QAEHI@Z 5f7231a5 f   daocore.obj
 0001:000221de       ?SetNullFieldStatus@CDaoRecordset@@QAEXI@Z 5f7231de f   daocore.obj
 0001:00022219       ?ClearNullFieldStatus@CDaoRecordset@@QAEXI@Z 5f723219 f   daocore.obj
 0001:00022254       ?IsFieldStatusNullable@CDaoRecordset@@QAEHI@Z 5f723254 f   daocore.obj
 0001:0002228d       ?SetNullableFieldStatus@CDaoRecordset@@QAEXI@Z 5f72328d f   daocore.obj
 0001:000222c8       ?IsFieldStatusNullableKnown@CDaoRecordset@@QAEHI@Z 5f7232c8 f   daocore.obj
 0001:00022301       ?SetNullableKnownFieldStatus@CDaoRecordset@@QAEXI@Z 5f723301 f   daocore.obj
 0001:0002233c       ?ClearFieldStatusFlags@CDaoRecordset@@QAEXXZ 5f72333c f   daocore.obj
 0001:00022372       ?IsMatch@CDaoRecordset@@QAEHXZ 5f723372 f   daocore.obj
 0001:000223f6       ?StripBrackets@CDaoRecordset@@SAXPBDPAD@Z 5f7233f6 f   daocore.obj
 0001:00022499       ?ThrowDaoException@CDaoRecordset@@MAEXH@Z 5f723499 f   daocore.obj
 0001:000224c4       ?AssertValid@CDaoRecordset@@UBEXXZ 5f7234c4 f   daocore.obj
 0001:000224d7       ?Dump@CDaoRecordset@@UBEXAAVCDumpContext@@@Z 5f7234d7 f   daocore.obj
 0001:000226e6       ?AfxGetFieldInfo@@YAXPAU_DAOField@@AAUCDaoFieldInfo@@K@Z 5f7236e6 f   daocore.obj
 0001:00022b18       ?AfxSetFieldInfo@@YAXPAU_DAOField@@AAUCDaoFieldInfo@@@Z 5f723b18 f   daocore.obj
 0001:00022d8b       ?AfxGetDefaultValue@@YAXPAU_DAOField@@AAVCString@@@Z 5f723d8b f   daocore.obj
 0001:00022e6d       ?AfxSetDefaultValue@@YAXPAU_DAOField@@AAVCString@@@Z 5f723e6d f   daocore.obj
 0001:00022f70       ?AfxGetIndexInfo@@YAXPAU_DAOIndex@@AAUCDaoIndexInfo@@K@Z 5f723f70 f   daocore.obj
 0001:00023203       ?AfxSetIndexInfo@@YAXPAU_DAOIndex@@AAUCDaoIndexInfo@@@Z 5f724203 f   daocore.obj
 0001:0002332e       ?AfxGetIndexFields@@YAXPAU_DAOIndex@@PAPAUDAOIndexFields@@@Z 5f72432e f   daocore.obj
 0001:0002343d       ?AfxGetIndexFieldInfo@@YAXPAU_DAOIndex@@AAUCDaoIndexInfo@@@Z 5f72443d f   daocore.obj
 0001:0002385d       ?AfxSetIndexFieldInfo@@YAXPAU_DAOIndex@@AAUCDaoIndexInfo@@@Z 5f72485d f   daocore.obj
 0001:00023ab5       ?ThrowGetRowsDaoException@@YAXJ@Z 5f724ab5 f   daocore.obj
 0001:00023c75       ?AfxGetDaoState@@YAPAV_AFX_DAO_STATE@@XZ 5f724c75 f   daocore.obj
 0001:00023cdc       ?AfxDaoInit@@YGXXZ         5f724cdc f   daocore.obj
 0001:00023f27       ?AfxDaoGetEngine@@YGPAU_DAODBEngine@@XZ 5f724f27 f   daocore.obj
 0001:00023f34       ?AfxDaoTerm@@YGXXZ         5f724f34 f   daocore.obj
 0001:00023fe7       ?IsOpen@CDaoWorkspace@@QBEHXZ 5f724fe7 f   daocore.obj
 0001:00024008       ?IsNew@CDaoWorkspace@@QBEHXZ 5f725008 f   daocore.obj
 0001:00024029       ?IsOpen@CDaoDatabase@@QBEHXZ 5f725029 f   daocore.obj
 0001:0002404a       ?IsOpen@CDaoTableDef@@QBEHXZ 5f72504a f   daocore.obj
 0001:0002406b       ?IsOpen@CDaoQueryDef@@QBEHXZ 5f72506b f   daocore.obj
 0001:0002408c       ?IsOpen@CDaoRecordset@@QBEHXZ 5f72508c f   daocore.obj
 0001:000240b0       ??_E_AFX_DAO_STATE@@UAEPAXI@Z 5f7250b0 f i daocore.obj
 0001:000240b0       ??_G_AFX_DAO_STATE@@UAEPAXI@Z 5f7250b0 f i daocore.obj
 0001:000240e0       ??0AFX_INITOPTIONALVARIANT@@QAE@XZ 5f7250e0 f i daocore.obj
 0001:00024110       ??0AFX_INITNULLVARIANT@@QAE@XZ 5f725110 f i daocore.obj
 0001:00024130       ??_GCDaoIndexInfo@@UAEPAXI@Z 5f725130 f i daocore.obj
 0001:00024130       ??_ECDaoIndexInfo@@UAEPAXI@Z 5f725130 f i daocore.obj
 0001:00024160       ??_ECDaoIndexFieldInfo@@QAEPAXI@Z 5f725160 f i daocore.obj
 0001:000241c0       ??1CDaoIndexFieldInfo@@QAE@XZ 5f7251c0 f i daocore.obj
 0001:000241e0       ??_ECDaoRelationInfo@@UAEPAXI@Z 5f7251e0 f i daocore.obj
 0001:000241e0       ??_GCDaoRelationInfo@@UAEPAXI@Z 5f7251e0 f i daocore.obj
 0001:00024210       ??_ECDaoRelationFieldInfo@@QAEPAXI@Z 5f725210 f i daocore.obj
 0001:00024270       ??1CDaoRelationFieldInfo@@QAE@XZ 5f725270 f i daocore.obj
 0001:000242c0       ??_GCDaoErrorInfo@@QAEPAXI@Z 5f7252c0 f i daocore.obj
 0001:000242f0       ??1CDaoErrorInfo@@QAE@XZ   5f7252f0 f i daocore.obj
 0001:00024350       ??0CDaoErrorInfo@@QAE@XZ   5f725350 f i daocore.obj
 0001:000243c0       ??0CDaoRelationFieldInfo@@QAE@XZ 5f7253c0 f i daocore.obj
 0001:00024420       ??_GCDaoTableDef@@UAEPAXI@Z 5f725420 f i daocore.obj
 0001:00024420       ??_ECDaoTableDef@@UAEPAXI@Z 5f725420 f i daocore.obj
 0001:00024450       ??0CDaoFieldInfo@@QAE@XZ   5f725450 f i daocore.obj
 0001:00024500       ??1CDaoFieldInfo@@QAE@XZ   5f725500 f i daocore.obj
 0001:000245a0       ??_GCDaoQueryDef@@UAEPAXI@Z 5f7255a0 f i daocore.obj
 0001:000245a0       ??_ECDaoQueryDef@@UAEPAXI@Z 5f7255a0 f i daocore.obj
 0001:000245d0       ??0CDaoIndexFieldInfo@@QAE@XZ 5f7255d0 f i daocore.obj
 0001:00024600       ??_9@$BEM@AG               5f725600 f i daocore.obj
 0001:00024610       ??_9@$BHE@AG               5f725610 f i daocore.obj
 0001:00024620       ??_9@$BHI@AG               5f725620 f i daocore.obj
 0001:00024630       ??0CDaoFieldExchange@@QAE@IPAVCDaoRecordset@@PAX@Z 5f725630 f   daodfx.obj
 0001:0002469b       ?IsValidOperation@CDaoFieldExchange@@QAEHXZ 5f72569b f   daodfx.obj
 0001:00024719       ?AppendParamType@CDaoFieldExchange@@SGXAAVCString@@K@Z 5f725719 f   daodfx.obj
 0001:0002484a       ?GetCacheValue@CDaoFieldExchange@@SGPAUCDaoFieldCache@@PAVCDaoRecordset@@PAX@Z 5f72584a f   daodfx.obj
 0001:0002487a       ?SetNullValue@CDaoFieldExchange@@SGXPAXK@Z 5f72587a f   daodfx.obj
 0001:0002498a       ?IsNullValue@CDaoFieldExchange@@SGHPAXK@Z 5f72598a f   daodfx.obj
 0001:00024b20       ?AllocCacheValue@CDaoFieldExchange@@SGXAAPAUCDaoFieldCache@@K@Z 5f725b20 f   daodfx.obj
 0001:00024d97       ?DeleteCacheValue@CDaoFieldExchange@@SGXPAUCDaoFieldCache@@K@Z 5f725d97 f   daodfx.obj
 0001:00024f0c       ?CopyValue@CDaoFieldExchange@@SGXPAX0K@Z 5f725f0c f   daodfx.obj
 0001:000250a3       ?CompareValue@CDaoFieldExchange@@SGHPAX0K@Z 5f7260a3 f   daodfx.obj
 0001:000252f9       ?FillVariant@CDaoFieldExchange@@SGXPAXKPAPAVCOleVariant@@@Z 5f7262f9 f   daodfx.obj
 0001:000254e3       ?Default@CDaoFieldExchange@@QAEXPBDPAXKK@Z 5f7264e3 f   daodfx.obj
 0001:00025cb4       ?DFX_Text@@YGXPAVCDaoFieldExchange@@PBDAAVCString@@HK@Z 5f726cb4 f   daodfx.obj
 0001:00025e52       ?DFX_Binary@@YGXPAVCDaoFieldExchange@@PBDAAVCByteArray@@HK@Z 5f726e52 f   daodfx.obj
 0001:00025f63       ?DFX_LongBinary@@YGXPAVCDaoFieldExchange@@PBDAAVCLongBinary@@KK@Z 5f726f63 f   daodfx.obj
 0001:000260ae       ?DFX_Bool@@YGXPAVCDaoFieldExchange@@PBDAAHK@Z 5f7270ae f   daodfx.obj
 0001:0002620a       ?DFX_Byte@@YGXPAVCDaoFieldExchange@@PBDAAEK@Z 5f72720a f   daodfx.obj
 0001:00026330       ?DFX_Short@@YGXPAVCDaoFieldExchange@@PBDAAFK@Z 5f727330 f   daodfx.obj
 0001:00026457       ?DFX_Long@@YGXPAVCDaoFieldExchange@@PBDAAJK@Z 5f727457 f   daodfx.obj
 0001:0002657d       ?DFX_Currency@@YGXPAVCDaoFieldExchange@@PBDAAVCOleCurrency@@K@Z 5f72757d f   daodfx.obj
 0001:000266fd       ?DFX_Single@@YGXPAVCDaoFieldExchange@@PBDAAMK@Z 5f7276fd f   daodfx.obj
 0001:00026823       ?DFX_Double@@YGXPAVCDaoFieldExchange@@PBDAANK@Z 5f727823 f   daodfx.obj
 0001:00026944       ?DFX_DateTime@@YGXPAVCDaoFieldExchange@@PBDAAVCOleDateTime@@K@Z 5f727944 f   daodfx.obj
 0001:00026ac4       _DaoStringAllocCallback@12 5f727ac4 f   daodfx.obj
 0001:00026b8b       _DaoBinaryAllocCallback@12 5f727b8b f   daodfx.obj
 0001:00026c51       _DaoLongBinaryAllocCallback@12 5f727c51 f   daodfx.obj
 0001:00026d4a       ?AllocLongBinary@@YAXAAVCLongBinary@@K@Z 5f727d4a f   daodfx.obj
 0001:00026dd4       ?SetFieldType@CDaoFieldExchange@@QAEXI@Z 5f727dd4 f   daodfx.obj
 0001:00026e20       ??_GCOleVariant@@QAEPAXI@Z 5f727e20 f i daodfx.obj
 0001:00026e50       ?_GetBaseClass@CDaoRecordView@@KGPAUCRuntimeClass@@XZ 5f727e50 f   daoview.obj
 0001:00026e5a       ?GetRuntimeClass@CDaoRecordView@@UBEPAUCRuntimeClass@@XZ 5f727e5a f   daoview.obj
 0001:00026e6a       ?_GetBaseMessageMap@CDaoRecordView@@KGPBUAFX_MSGMAP@@XZ 5f727e6a f   daoview.obj
 0001:00026e74       ?GetMessageMap@CDaoRecordView@@MBEPBUAFX_MSGMAP@@XZ 5f727e74 f   daoview.obj
 0001:00026e84       ??0CDaoRecordView@@IAE@PBD@Z 5f727e84 f   daoview.obj
 0001:00026f48       ??0CDaoRecordView@@IAE@I@Z 5f727f48 f   daoview.obj
 0001:0002700c       ??1CDaoRecordView@@UAE@XZ  5f72800c f   daoview.obj
 0001:00027087       ?OnInitialUpdate@CDaoRecordView@@UAEXXZ 5f728087 f   daoview.obj
 0001:00027262       ?OnMove@CDaoRecordView@@UAEHI@Z 5f728262 f   daoview.obj
 0001:000277b4       ?IsOnFirstRecord@CDaoRecordView@@QAEHXZ 5f7287b4 f   daoview.obj
 0001:000277ea       ?IsOnLastRecord@CDaoRecordView@@QAEHXZ 5f7287ea f   daoview.obj
 0001:00027820       ?AfxFieldText@@YGHPAVCDataExchange@@HPAXPAVCDaoRecordset@@@Z 5f728820 f   daoview.obj
 0001:00027905       ?DDX_FieldText@@YGXPAVCDataExchange@@HAAHPAVCDaoRecordset@@@Z 5f728905 f   daoview.obj
 0001:00027936       ?DDX_FieldText@@YGXPAVCDataExchange@@HAAEPAVCDaoRecordset@@@Z 5f728936 f   daoview.obj
 0001:00027967       ?DDX_FieldText@@YGXPAVCDataExchange@@HAAFPAVCDaoRecordset@@@Z 5f728967 f   daoview.obj
 0001:00027998       ?DDX_FieldText@@YGXPAVCDataExchange@@HAAJPAVCDaoRecordset@@@Z 5f728998 f   daoview.obj
 0001:000279c9       ?DDX_FieldText@@YGXPAVCDataExchange@@HAAKPAVCDaoRecordset@@@Z 5f7289c9 f   daoview.obj
 0001:000279fa       ?DDX_FieldText@@YGXPAVCDataExchange@@HAAVCOleCurrency@@PAVCDaoRecordset@@@Z 5f7289fa f   daoview.obj
 0001:00027a2b       ?DDX_FieldText@@YGXPAVCDataExchange@@HAAMPAVCDaoRecordset@@@Z 5f728a2b f   daoview.obj
 0001:00027a5c       ?DDX_FieldText@@YGXPAVCDataExchange@@HAANPAVCDaoRecordset@@@Z 5f728a5c f   daoview.obj
 0001:00027a8d       ?DDX_FieldText@@YGXPAVCDataExchange@@HAAVCOleDateTime@@PAVCDaoRecordset@@@Z 5f728a8d f   daoview.obj
 0001:00027abe       ?DDX_FieldText@@YGXPAVCDataExchange@@HAAVCString@@PAVCDaoRecordset@@@Z 5f728abe f   daoview.obj
 0001:00027aef       ?DDX_FieldLBString@@YGXPAVCDataExchange@@HAAVCString@@PAVCDaoRecordset@@@Z 5f728aef f   daoview.obj
 0001:00027c49       ?DDX_FieldLBStringExact@@YGXPAVCDataExchange@@HAAVCString@@PAVCDaoRecordset@@@Z 5f728c49 f   daoview.obj
 0001:00027d13       ?DDX_FieldCBString@@YGXPAVCDataExchange@@HAAVCString@@PAVCDaoRecordset@@@Z 5f728d13 f   daoview.obj
 0001:00027e61       ?DDX_FieldCBStringExact@@YGXPAVCDataExchange@@HAAVCString@@PAVCDaoRecordset@@@Z 5f728e61 f   daoview.obj
 0001:00027f2b       ?DDX_FieldLBIndex@@YGXPAVCDataExchange@@HAAHPAVCDaoRecordset@@@Z 5f728f2b f   daoview.obj
 0001:00027f97       ?DDX_FieldCBIndex@@YGXPAVCDataExchange@@HAAHPAVCDaoRecordset@@@Z 5f728f97 f   daoview.obj
 0001:00028003       ?DDX_FieldScroll@@YGXPAVCDataExchange@@HAAHPAVCDaoRecordset@@@Z 5f729003 f   daoview.obj
 0001:0002806f       ?DDX_FieldCheck@@YGXPAVCDataExchange@@HAAHPAVCDaoRecordset@@@Z 5f72906f f   daoview.obj
 0001:000281dc       ?DDX_FieldRadio@@YGXPAVCDataExchange@@HAAHPAVCDaoRecordset@@@Z 5f7291dc f   daoview.obj
 0001:00028277       ?AssertValid@CDaoRecordView@@UBEXXZ 5f729277 f   daoview.obj
 0001:0002828a       ?Dump@CDaoRecordView@@UBEXAAVCDumpContext@@@Z 5f72928a f   daoview.obj
 0001:000283cb       ?OnUpdateRecordFirst@CDaoRecordView@@IAEXPAVCCmdUI@@@Z 5f7293cb f   daoview.obj
 0001:000283ff       ?OnUpdateRecordNext@CDaoRecordView@@IAEXPAVCCmdUI@@@Z 5f7293ff f   daoview.obj
 0001:00028433       ?OnUpdateRecordPrev@CDaoRecordView@@IAEXPAVCCmdUI@@@Z 5f729433 f   daoview.obj
 0001:00028467       ?OnUpdateRecordLast@CDaoRecordView@@IAEXPAVCCmdUI@@@Z 5f729467 f   daoview.obj
 0001:0002849b       ?OnMove@CDaoRecordView@@IAEXHH@Z 5f72949b f   daoview.obj
 0001:000284c0       ??_ECDaoRecordView@@UAEPAXI@Z 5f7294c0 f i daoview.obj
 0001:000284c0       ??_GCDaoRecordView@@UAEPAXI@Z 5f7294c0 f i daoview.obj
 0001:000284ec       ?AfxGetModuleState@@YGPAVAFX_MODULE_STATE@@XZ 5f7294ec f   MFC42D:MFC42D.DLL
 0001:000284f2       ??3CObject@@SGXPAX@Z       5f7294f2 f   MFC42D:MFC42D.DLL
 0001:000284f8       ?AfxTermThread@@YGXPAUHINSTANCE__@@@Z 5f7294f8 f   MFC42D:MFC42D.DLL
 0001:000284fe       ?AfxTermExtensionModule@@YGXAAUAFX_EXTENSION_MODULE@@H@Z 5f7294fe f   MFC42D:MFC42D.DLL
 0001:00028504       ??0CDynLinkLibrary@@QAE@AAUAFX_EXTENSION_MODULE@@H@Z 5f729504 f   MFC42D:MFC42D.DLL
 0001:0002850a       ??2CObject@@SGPAXI@Z       5f72950a f   MFC42D:MFC42D.DLL
 0001:00028510       ?AfxAssertFailedLine@@YGHPBDH@Z 5f729510 f   MFC42D:MFC42D.DLL
 0001:00028516       ?AfxInitExtensionModule@@YGHAAUAFX_EXTENSION_MODULE@@PAUHINSTANCE__@@@Z 5f729516 f   MFC42D:MFC42D.DLL
 0001:0002851c       ?AfxGetAppModuleState@@YGPAVAFX_MODULE_STATE@@XZ 5f72951c f   MFC42D:MFC42D.DLL
 0001:00028522       ??3@YAXPAX@Z               5f729522 f   MFC42D:MFC42D.DLL
 0001:00028528       ??2@YAPAXI@Z               5f729528 f   MFC42D:MFC42D.DLL
 0001:0002852e       ??3CException@@SGXPAX@Z    5f72952e f   MFC42D:MFC42D.DLL
 0001:00028534       ?AfxTrace@@YAXPBDZZ        5f729534 f   MFC42D:MFC42D.DLL
 0001:0002853a       ?IsKindOf@CObject@@QBEHPBUCRuntimeClass@@@Z 5f72953a f   MFC42D:MFC42D.DLL
 0001:00028540       ?AfxLoadDll@@YGPAUHINSTANCE__@@RAPAU1@PBD@Z 5f729540 f   MFC42D:MFC42D.DLL
 0001:00028546       ??3CNoTrackObject@@SGXPAX@Z 5f729546 f   MFC42D:MFC42D.DLL
 0001:0002854c       ?LoadStringA@CString@@QAEHI@Z 5f72954c f   MFC42D:MFC42D.DLL
 0001:00028552       ??2CObject@@SGPAXIPBDH@Z   5f729552 f   MFC42D:MFC42D.DLL
 0001:00028558       ?ReportError@CException@@UAEHII@Z 5f729558 f   MFC42D:MFC42D.DLL
 0001:0002855e       ?Dump@CObject@@UBEXAAVCDumpContext@@@Z 5f72955e f   MFC42D:MFC42D.DLL
 0001:00028564       ?AssertValid@CObject@@UBEXXZ 5f729564 f   MFC42D:MFC42D.DLL
 0001:0002856a       ?Serialize@CObject@@UAEXAAVCArchive@@@Z 5f72956a f   MFC42D:MFC42D.DLL
 0001:00028570       ??1CString@@QAE@XZ         5f729570 f   MFC42D:MFC42D.DLL
 0001:00028576       ??1CException@@UAE@XZ      5f729576 f   MFC42D:MFC42D.DLL
 0001:0002857c       ??0CString@@QAE@XZ         5f72957c f   MFC42D:MFC42D.DLL
 0001:00028582       ??0CException@@QAE@XZ      5f729582 f   MFC42D:MFC42D.DLL
 0001:00028588       ??H@YG?AVCString@@ABV0@PBD@Z 5f729588 f   MFC42D:MFC42D.DLL
 0001:0002858e       ??H@YG?AVCString@@PBDABV0@@Z 5f72958e f   MFC42D:MFC42D.DLL
 0001:00028594       ??4CString@@QAEABV0@ABV0@@Z 5f729594 f   MFC42D:MFC42D.DLL
 0001:0002859a       ?Right@CString@@QBE?AV1@H@Z 5f72959a f   MFC42D:MFC42D.DLL
 0001:000285a0       ?GetLength@CString@@QBEHXZ 5f7295a0 f   MFC42D:MFC42D.DLL
 0001:000285a6       ??YCString@@QAEABV0@ABV0@@Z 5f7295a6 f   MFC42D:MFC42D.DLL
 0001:000285ac       ?Left@CString@@QBE?AV1@H@Z 5f7295ac f   MFC42D:MFC42D.DLL
 0001:000285b2       ?Find@CString@@QBEHD@Z     5f7295b2 f   MFC42D:MFC42D.DLL
 0001:000285b8       ??ACString@@QBEDH@Z        5f7295b8 f   MFC42D:MFC42D.DLL
 0001:000285be       ?IsEmpty@CString@@QBEHXZ   5f7295be f   MFC42D:MFC42D.DLL
 0001:000285c4       ??YCString@@QAEABV0@PBD@Z  5f7295c4 f   MFC42D:MFC42D.DLL
 0001:000285ca       ??BCString@@QBEPBDXZ       5f7295ca f   MFC42D:MFC42D.DLL
 0001:000285d0       ??4CString@@QAEABV0@PBE@Z  5f7295d0 f   MFC42D:MFC42D.DLL
 0001:000285d6       ?AfxAssertValidObject@@YGXPBVCObject@@PBDH@Z 5f7295d6 f   MFC42D:MFC42D.DLL
 0001:000285dc       ?AfxIsValidString@@YGHPBDH@Z 5f7295dc f   MFC42D:MFC42D.DLL
 0001:000285e2       ??0CString@@QAE@PBD@Z      5f7295e2 f   MFC42D:MFC42D.DLL
 0001:000285e8       ?Empty@CString@@QAEXXZ     5f7295e8 f   MFC42D:MFC42D.DLL
 0001:000285ee       ??1CObject@@UAE@XZ         5f7295ee f   MFC42D:MFC42D.DLL
 0001:000285f4       ??0CPtrList@@QAE@H@Z       5f7295f4 f   MFC42D:MFC42D.DLL
 0001:000285fa       ??0CObject@@IAE@XZ         5f7295fa f   MFC42D:MFC42D.DLL
 0001:00028600       ??1CPtrList@@UAE@XZ        5f729600 f   MFC42D:MFC42D.DLL
 0001:00028606       ??4CString@@QAEABV0@PBD@Z  5f729606 f   MFC42D:MFC42D.DLL
 0001:0002860c       ?AfxUnlockGlobals@@YGXH@Z  5f72960c f   MFC42D:MFC42D.DLL
 0001:00028612       ?GetHead@CPtrList@@QAEAAPAXXZ 5f729612 f   MFC42D:MFC42D.DLL
 0001:00028618       ?IsEmpty@CPtrList@@QBEHXZ  5f729618 f   MFC42D:MFC42D.DLL
 0001:0002861e       ?AfxLockGlobals@@YGXH@Z    5f72961e f   MFC42D:MFC42D.DLL
 0001:00028624       ?Delete@CException@@QAEXXZ 5f729624 f   MFC42D:MFC42D.DLL
 0001:0002862a       ?AfxThrowMemoryException@@YGXXZ 5f72962a f   MFC42D:MFC42D.DLL
 0001:00028630       ?GetDesktopWindow@CWnd@@SGPAV1@XZ 5f729630 f   MFC42D:MFC42D.DLL
 0001:00028636       ?GetSafeOwner@CWnd@@SGPAV1@PAV1@PAPAUHWND__@@@Z 5f729636 f   MFC42D:MFC42D.DLL
 0001:0002863c       ?GetDepth@CDumpContext@@QBEHXZ 5f72963c f   MFC42D:MFC42D.DLL
 0001:00028642       ??6CDumpContext@@QAEAAV0@K@Z 5f729642 f   MFC42D:MFC42D.DLL
 0001:00028648       ??6CDumpContext@@QAEAAV0@H@Z 5f729648 f   MFC42D:MFC42D.DLL
 0001:0002864e       ??6@YGAAVCDumpContext@@AAV0@ABVCString@@@Z 5f72964e f   MFC42D:MFC42D.DLL
 0001:00028654       ??6CDumpContext@@QAEAAV0@PBX@Z 5f729654 f   MFC42D:MFC42D.DLL
 0001:0002865a       ??6CDumpContext@@QAEAAV0@PBD@Z 5f72965a f   MFC42D:MFC42D.DLL
 0001:00028660       ??1CMapPtrToPtr@@UAE@XZ    5f729660 f   MFC42D:MFC42D.DLL
 0001:00028666       ?AddHead@CPtrList@@QAEPAU__POSITION@@PAX@Z 5f729666 f   MFC42D:MFC42D.DLL
 0001:0002866c       ?AfxIsValidAddress@@YGHPBXIH@Z 5f72966c f   MFC42D:MFC42D.DLL
 0001:00028672       ??0CMapPtrToPtr@@QAE@H@Z   5f729672 f   MFC42D:MFC42D.DLL
 0001:00028678       ?RemoveAt@CPtrList@@QAEXPAU__POSITION@@@Z 5f729678 f   MFC42D:MFC42D.DLL
 0001:0002867e       ?Find@CPtrList@@QBEPAU__POSITION@@PAXPAU2@@Z 5f72967e f   MFC42D:MFC42D.DLL
 0001:00028684       ?Find@CString@@QBEHPBD@Z   5f729684 f   MFC42D:MFC42D.DLL
 0001:0002868a       ??2@YAPAXIPBDH@Z           5f72968a f   MFC42D:MFC42D.DLL
 0001:00028690       ?GetBufferSetLength@CString@@QAEPADH@Z 5f729690 f   MFC42D:MFC42D.DLL
 0001:00028696       ??9@YG_NABVCString@@0@Z    5f729696 f   MFC42D:MFC42D.DLL
 0001:0002869c       ?ReleaseBuffer@CString@@QAEXH@Z 5f72969c f   MFC42D:MFC42D.DLL
 0001:000286a2       ?GetBuffer@CString@@QAEPADH@Z 5f7296a2 f   MFC42D:MFC42D.DLL
 0001:000286a8       ?MakeUpper@CString@@QAEXXZ 5f7296a8 f   MFC42D:MFC42D.DLL
 0001:000286ae       ?SetAt@CString@@QAEXHD@Z   5f7296ae f   MFC42D:MFC42D.DLL
 0001:000286b4       ?Lookup@CMapPtrToPtr@@QBEHPAXAAPAX@Z 5f7296b4 f   MFC42D:MFC42D.DLL
 0001:000286ba       ??8@YG_NABVCString@@PBD@Z  5f7296ba f   MFC42D:MFC42D.DLL
 0001:000286c0       ??6CDumpContext@@QAEAAV0@PBVCObject@@@Z 5f7296c0 f   MFC42D:MFC42D.DLL
 0001:000286c6       ??6CDumpContext@@QAEAAV0@J@Z 5f7296c6 f   MFC42D:MFC42D.DLL
 0001:000286cc       ??6CDumpContext@@QAEAAV0@I@Z 5f7296cc f   MFC42D:MFC42D.DLL
 0001:000286d2       ??1CProcessLocalObject@@QAE@XZ 5f7296d2 f   MFC42D:MFC42D.DLL
 0001:000286d8       ?GetData@CProcessLocalObject@@QAEPAVCNoTrackObject@@P6GPAV2@XZ@Z 5f7296d8 f   MFC42D:MFC42D.DLL
 0001:000286de       ??2CNoTrackObject@@SGPAXI@Z 5f7296de f   MFC42D:MFC42D.DLL
 0001:000286e4       ?GetData@CByteArray@@QAEPAEXZ 5f7296e4 f   MFC42D:MFC42D.DLL
 0001:000286ea       ??YCString@@QAEABV0@D@Z    5f7296ea f   MFC42D:MFC42D.DLL
 0001:000286f0       ?SetAt@CMapPtrToPtr@@QAEXPAX0@Z 5f7296f0 f   MFC42D:MFC42D.DLL
 0001:000286f6       ?LockBuffer@CString@@QAEPADXZ 5f7296f6 f   MFC42D:MFC42D.DLL
 0001:000286fc       ??6CDumpContext@@QAEAAV0@E@Z 5f7296fc f   MFC42D:MFC42D.DLL
 0001:00028702       ??0CByteArray@@QAE@XZ      5f729702 f   MFC42D:MFC42D.DLL
 0001:00028708       ?SetSize@CByteArray@@QAEXHH@Z 5f729708 f   MFC42D:MFC42D.DLL
 0001:0002870e       ??ACByteArray@@QAEAAEH@Z   5f72970e f   MFC42D:MFC42D.DLL
 0001:00028714       ?GetSize@CByteArray@@QBEHXZ 5f729714 f   MFC42D:MFC42D.DLL
 0001:0002871a       ??6@YGAAVCDumpContext@@AAV0@VCTime@@@Z 5f72971a f   MFC42D:MFC42D.DLL
 0001:00028720       ??0CTime@@QAE@XZ           5f729720 f   MFC42D:MFC42D.DLL
 0001:00028726       ??9CTime@@QBEHV0@@Z        5f729726 f   MFC42D:MFC42D.DLL
 0001:0002872c       ??0CTime@@QAE@ABV0@@Z      5f72972c f   MFC42D:MFC42D.DLL
 0001:00028732       ??0CTime@@QAE@HHHHHHH@Z    5f729732 f   MFC42D:MFC42D.DLL
 0001:00028738       ??4CTime@@QAEABV0@ABV0@@Z  5f729738 f   MFC42D:MFC42D.DLL
 0001:0002873e       ??0CTime@@QAE@J@Z          5f72973e f   MFC42D:MFC42D.DLL
 0001:00028744       ?GetSecond@CTime@@QBEHXZ   5f729744 f   MFC42D:MFC42D.DLL
 0001:0002874a       ?GetMinute@CTime@@QBEHXZ   5f72974a f   MFC42D:MFC42D.DLL
 0001:00028750       ?GetHour@CTime@@QBEHXZ     5f729750 f   MFC42D:MFC42D.DLL
 0001:00028756       ?GetDay@CTime@@QBEHXZ      5f729756 f   MFC42D:MFC42D.DLL
 0001:0002875c       ?GetMonth@CTime@@QBEHXZ    5f72975c f   MFC42D:MFC42D.DLL
 0001:00028762       ?GetYear@CTime@@QBEHXZ     5f729762 f   MFC42D:MFC42D.DLL
 0001:00028768       ??6CDumpContext@@QAEAAV0@G@Z 5f729768 f   MFC42D:MFC42D.DLL
 0001:0002876e       ??8CTime@@QBEHV0@@Z        5f72976e f   MFC42D:MFC42D.DLL
 0001:00028774       ??8@YG_NABVCString@@0@Z    5f729774 f   MFC42D:MFC42D.DLL
 0001:0002877a       ?Copy@CByteArray@@QAEXABV1@@Z 5f72977a f   MFC42D:MFC42D.DLL
 0001:00028780       ?OnEndPrintPreview@CView@@MAEXPAVCDC@@PAUCPrintInfo@@UtagPOINT@@PAVCPreviewView@@@Z 5f729780 f   MFC42D:MFC42D.DLL
 0001:00028786       ?OnEndPrinting@CView@@MAEXPAVCDC@@PAUCPrintInfo@@@Z 5f729786 f   MFC42D:MFC42D.DLL
 0001:0002878c       ?OnPrint@CView@@MAEXPAVCDC@@PAUCPrintInfo@@@Z 5f72978c f   MFC42D:MFC42D.DLL
 0001:00028792       ?OnBeginPrinting@CView@@MAEXPAVCDC@@PAUCPrintInfo@@@Z 5f729792 f   MFC42D:MFC42D.DLL
 0001:00028798       ?OnPreparePrinting@CView@@MAEHPAUCPrintInfo@@@Z 5f729798 f   MFC42D:MFC42D.DLL
 0001:0002879e       ?OnDraw@CFormView@@MAEXPAVCDC@@@Z 5f72979e f   MFC42D:MFC42D.DLL
 0001:000287a4       ?OnUpdate@CView@@MAEXPAV1@JPAVCObject@@@Z 5f7297a4 f   MFC42D:MFC42D.DLL
 0001:000287aa       ?OnActivateFrame@CFormView@@MAEXIPAVCFrameWnd@@@Z 5f7297aa f   MFC42D:MFC42D.DLL
 0001:000287b0       ?OnActivateView@CFormView@@MAEXHPAVCView@@0@Z 5f7297b0 f   MFC42D:MFC42D.DLL
 0001:000287b6       ?OnPrepareDC@CScrollView@@UAEXPAVCDC@@PAUCPrintInfo@@@Z 5f7297b6 f   MFC42D:MFC42D.DLL
 0001:000287bc       ?OnDragScroll@CView@@UAEKKVCPoint@@@Z 5f7297bc f   MFC42D:MFC42D.DLL
 0001:000287c2       ?OnDropEx@CView@@UAEKPAVCOleDataObject@@KKVCPoint@@@Z 5f7297c2 f   MFC42D:MFC42D.DLL
 0001:000287c8       ?OnDrop@CView@@UAEHPAVCOleDataObject@@KVCPoint@@@Z 5f7297c8 f   MFC42D:MFC42D.DLL
 0001:000287ce       ?OnDragLeave@CView@@UAEXXZ 5f7297ce f   MFC42D:MFC42D.DLL
 0001:000287d4       ?OnDragOver@CView@@UAEKPAVCOleDataObject@@KVCPoint@@@Z 5f7297d4 f   MFC42D:MFC42D.DLL
 0001:000287da       ?OnDragEnter@CView@@UAEKPAVCOleDataObject@@KVCPoint@@@Z 5f7297da f   MFC42D:MFC42D.DLL
 0001:000287e0       ?OnScrollBy@CScrollView@@UAEHVCSize@@H@Z 5f7297e0 f   MFC42D:MFC42D.DLL
 0001:000287e6       ?OnScroll@CScrollView@@UAEHIIH@Z 5f7297e6 f   MFC42D:MFC42D.DLL
 0001:000287ec       ?IsSelected@CView@@UBEHPBVCObject@@@Z 5f7297ec f   MFC42D:MFC42D.DLL
 0001:000287f2       ?SetOccDialogInfo@CFormView@@MAEHPAU_AFX_OCC_DIALOG_INFO@@@Z 5f7297f2 f   MFC42D:MFC42D.DLL
 0001:000287f8       ?IsFrameWnd@CWnd@@UBEHXZ   5f7297f8 f   MFC42D:MFC42D.DLL
 0001:000287fe       ?CheckAutoCenter@CWnd@@UAEHXZ 5f7297fe f   MFC42D:MFC42D.DLL
 0001:00028804       ?OnChildNotify@CWnd@@MAEHIIJPAJ@Z 5f729804 f   MFC42D:MFC42D.DLL
 0001:0002880a       ?PostNcDestroy@CView@@MAEXXZ 5f72980a f   MFC42D:MFC42D.DLL
 0001:00028810       ?DefWindowProcA@CWnd@@MAEJIIJ@Z 5f729810 f   MFC42D:MFC42D.DLL
 0001:00028816       ?OnWndMsg@CWnd@@MAEHIIJPAJ@Z 5f729816 f   MFC42D:MFC42D.DLL
 0001:0002881c       ?WindowProc@CWnd@@MAEJIIJ@Z 5f72981c f   MFC42D:MFC42D.DLL
 0001:00028822       ?OnAmbientProperty@CWnd@@UAEHPAVCOleControlSite@@JPAUtagVARIANT@@@Z 5f729822 f   MFC42D:MFC42D.DLL
 0001:00028828       ?PreTranslateMessage@CFormView@@MAEHPAUtagMSG@@@Z 5f729828 f   MFC42D:MFC42D.DLL
 0001:0002882e       ?EndModalState@CWnd@@UAEXXZ 5f72982e f   MFC42D:MFC42D.DLL
 0001:00028834       ?BeginModalState@CWnd@@UAEXXZ 5f729834 f   MFC42D:MFC42D.DLL
[...]
 0002:00007290       _IID30_IDAORecordset       5f734290     daouuid:daouuid.obj
 0002:000072a0       _IID30_IDAORecordsetW      5f7342a0     daouuid:daouuid.obj
 0002:000072b0       _IID30_IDAORecordsets      5f7342b0     daouuid:daouuid.obj
 0002:000072c0       _IID30_IDAORecordsetsW     5f7342c0     daouuid:daouuid.obj
 0002:000072d0       _IID30_ICDAORecordset      5f7342d0     daouuid:daouuid.obj
 0002:000072e0       _IID30_ICDAOJETRecordset   5f7342e0     daouuid:daouuid.obj
 0002:000072f0       _IID30_IDAOSnapshot        5f7342f0     daouuid:daouuid.obj
 0002:00007300       _IID30_IDAOTable           5f734300     daouuid:daouuid.obj
 0002:00007310       _IID30_IDAODynaset         5f734310     daouuid:daouuid.obj
 0002:00007320       _IID30_IDAOWorkspace       5f734320     daouuid:daouuid.obj
 0002:00007330       _IID30_IDAOWorkspaceW      5f734330     daouuid:daouuid.obj
 0002:00007340       _IID30_IDAOWorkspaces      5f734340     daouuid:daouuid.obj
 0002:00007350       _IID30_IDAOWorkspacesW     5f734350     daouuid:daouuid.obj
 0002:00007360       _IID30_ICDAOJETWorkspace   5f734360     daouuid:daouuid.obj
 0002:00007370       _CLSID30_CDAOConnection    5f734370     daouuid:daouuid.obj
 0002:00007380       _IID30_IDAOConnection      5f734380     daouuid:daouuid.obj
 0002:00007390       _IID30_IDAOConnectionW     5f734390     daouuid:daouuid.obj
 0002:000073a0       _IID30_IDAOConnections     5f7343a0     daouuid:daouuid.obj
 0002:000073b0       _IID30_IDAOConnectionsW    5f7343b0     daouuid:daouuid.obj
 0002:000073c0       _CLSID30_CDAOTableDef      5f7343c0     daouuid:daouuid.obj
 0002:000073d0       _IID30_IDAOTableDef        5f7343d0     daouuid:daouuid.obj
 0002:000073e0       _IID30_IDAOTableDefW       5f7343e0     daouuid:daouuid.obj
 0002:000073f0       _IID30_IDAOTableDefs       5f7343f0     daouuid:daouuid.obj
 0002:00007400       _IID30_IDAOTableDefsW      5f734400     daouuid:daouuid.obj
 0002:00007410       _CLSID30_CDAOField         5f734410     daouuid:daouuid.obj
 0002:00007420       _IID30_IDAOField           5f734420     daouuid:daouuid.obj
 0002:00007430       _IID30_IDAOFieldW          5f734430     daouuid:daouuid.obj
 0002:00007440       _IID30_IDAOFields          5f734440     daouuid:daouuid.obj
 0002:00007450       _IID30_IDAOFieldsW         5f734450     daouuid:daouuid.obj
 0002:00007460       _IID30_ICDAOJETField       5f734460     daouuid:daouuid.obj
 0002:00007470       _CLSID30_CDAOIndex         5f734470     daouuid:daouuid.obj
 0002:00007480       _IID30_IDAOIndex           5f734480     daouuid:daouuid.obj
 0002:00007490       _IID30_IDAOIndexW          5f734490     daouuid:daouuid.obj
 0002:000074a0       _IID30_IDAOIndexes         5f7344a0     daouuid:daouuid.obj
 0002:000074b0       _IID30_IDAOIndexesW        5f7344b0     daouuid:daouuid.obj
 0002:000074c0       _IID30_IDAOIndexFields     5f7344c0     daouuid:daouuid.obj
 0002:000074d0       _IID30_IDAOIndexFieldsW    5f7344d0     daouuid:daouuid.obj
 0002:000074e0       _CLSID30_CDAOGroup         5f7344e0     daouuid:daouuid.obj
 0002:000074f0       _IID30_IDAOGroup           5f7344f0     daouuid:daouuid.obj
 0002:00007500       _IID30_IDAOGroupW          5f734500     daouuid:daouuid.obj
 0002:00007510       _IID30_IDAOGroups          5f734510     daouuid:daouuid.obj
 0002:00007520       _IID30_IDAOGroupsW         5f734520     daouuid:daouuid.obj
 0002:00007530       _CLSID30_CDAOUser          5f734530     daouuid:daouuid.obj
 0002:00007540       _IID30_IDAOUser            5f734540     daouuid:daouuid.obj
 0002:00007550       _IID30_IDAOUserW           5f734550     daouuid:daouuid.obj
 0002:00007560       _IID30_IDAOUsers           5f734560     daouuid:daouuid.obj
 0002:00007570       _IID30_IDAOUsersW          5f734570     daouuid:daouuid.obj
 0002:00007580       _IID30_IDAODatabase        5f734580     daouuid:daouuid.obj
 0002:00007590       _IID30_IDAODatabaseW       5f734590     daouuid:daouuid.obj
 0002:000075a0       _IID30_IDAODatabases       5f7345a0     daouuid:daouuid.obj
 0002:000075b0       _IID30_IDAODatabasesW      5f7345b0     daouuid:daouuid.obj
 0002:000075c0       _IID30_ICDAOJETDatabase    5f7345c0     daouuid:daouuid.obj
 0002:000075d0       _CLSID30_CDAOQueryDef      5f7345d0     daouuid:daouuid.obj
 0002:000075e0       _IID30_IDAOQueryDef        5f7345e0     daouuid:daouuid.obj
 0002:000075f0       _IID30_IDAOQueryDefW       5f7345f0     daouuid:daouuid.obj
 0002:00007600       _IID30_IDAOQueryDefs       5f734600     daouuid:daouuid.obj
 0002:00007610       _IID30_IDAOQueryDefsW      5f734610     daouuid:daouuid.obj
 0002:00007620       _IID30_IDAOParameter       5f734620     daouuid:daouuid.obj
 0002:00007630       _IID30_IDAOParameterW      5f734630     daouuid:daouuid.obj
 0002:00007640       _IID30_IDAOParameters      5f734640     daouuid:daouuid.obj
 0002:00007650       _IID30_IDAOParametersW     5f734650     daouuid:daouuid.obj
 0002:00007660       _CLSID30_CDAORelation      5f734660     daouuid:daouuid.obj
 0002:00007670       _IID30_IDAORelation        5f734670     daouuid:daouuid.obj
 0002:00007680       _IID30_IDAORelationW       5f734680     daouuid:daouuid.obj
 0002:00007690       _IID30_IDAORelations       5f734690     daouuid:daouuid.obj
 0002:000076a0       _IID30_IDAORelationsW      5f7346a0     daouuid:daouuid.obj
 0002:000076b0       _IID30_IDAOContainer       5f7346b0     daouuid:daouuid.obj
 0002:000076c0       _IID30_IDAOContainerW      5f7346c0     daouuid:daouuid.obj
 0002:000076d0       _IID30_IDAOContainers      5f7346d0     daouuid:daouuid.obj
 0002:000076e0       _IID30_IDAOContainersW     5f7346e0     daouuid:daouuid.obj
 0002:000076f0       _IID30_IDAODocument        5f7346f0     daouuid:daouuid.obj
 0002:00007700       _IID30_IDAODocumentW       5f734700     daouuid:daouuid.obj
 0002:00007710       _IID30_IDAODocuments       5f734710     daouuid:daouuid.obj
 0002:00007720       _IID30_IDAODocumentsW      5f734720     daouuid:daouuid.obj
 0002:00007730       _IID30_IDAOCollection      5f734730     daouuid:daouuid.obj
 0002:00007740       _IID30_IDAODynaCollection  5f734740     daouuid:daouuid.obj
 0002:00007750       _IID30_IDAOQueryCP         5f734750     daouuid:daouuid.obj
 0002:00007760       _IID30_IDAOQueryAS         5f734760     daouuid:daouuid.obj
 0002:00007770       _IID30_IDisconnect         5f734770     daouuid:daouuid.obj
 0002:00007780       _IID30_IDisconnectAll      5f734780     daouuid:daouuid.obj
 0002:00007790       _IID30_IDSCAdviseSink      5f734790     daouuid:daouuid.obj
 0002:000077a0       _IID30_IDSCConnectionPoint 5f7347a0     daouuid:daouuid.obj
 0002:000077b0       _IID30_IDBAdviseSink       5f7347b0     daouuid:daouuid.obj
 0002:000077c0       _IID30_IDBConnectionPoint  5f7347c0     daouuid:daouuid.obj
 0002:000077d0       ??_R1A@?0A@A@CNoTrackObject@@8 5f7347d0     dbcore.obj
 0002:000077e8       ??_R1A@?0A@A@_AFX_DB_STATE@@8 5f7347e8     dbcore.obj
 0002:00007800       ??_R2_AFX_DB_STATE@@8      5f734800     dbcore.obj
 0002:00007810       ??_R3_AFX_DB_STATE@@8      5f734810     dbcore.obj
 0002:00007820       ??_R4_AFX_DB_STATE@@6B@    5f734820     dbcore.obj
 0002:00007838       ??_R1A@?0A@A@CObject@@8    5f734838     dbcore.obj
 0002:00007850       ??_R1A@?0A@A@CException@@8 5f734850     dbcore.obj
 0002:00007868       ??_R1A@?0A@A@CDBException@@8 5f734868     dbcore.obj
 0002:00007880       ??_R2CDBException@@8       5f734880     dbcore.obj
 0002:00007890       ??_R3CDBException@@8       5f734890     dbcore.obj
 0002:000078a0       ??_R4CDBException@@6B@     5f7348a0     dbcore.obj
 0002:000078b4       ??_R2CNoTrackObject@@8     5f7348b4     dbcore.obj
 0002:000078c0       ??_R3CNoTrackObject@@8     5f7348c0     dbcore.obj
 0002:000078d0       ??_R4CNoTrackObject@@6B@   5f7348d0     dbcore.obj
 0002:000078e8       ??_R1A@?0A@A@CDatabase@@8  5f7348e8     dbcore.obj
 0002:00007900       ??_R2CDatabase@@8          5f734900     dbcore.obj
 0002:00007910       ??_R3CDatabase@@8          5f734910     dbcore.obj
 0002:00007920       ??_R4CDatabase@@6B@        5f734920     dbcore.obj
 0002:00007938       ??_R1A@?0A@A@CRecordset@@8 5f734938     dbcore.obj
 0002:00007950       ??_R2CRecordset@@8         5f734950     dbcore.obj
 0002:00007960       ??_R3CRecordset@@8         5f734960     dbcore.obj
 0002:00007970       ??_R4CRecordset@@6B@       5f734970     dbcore.obj
 0002:00007988       ??_R1A@?0A@A@CCmdTarget@@8 5f734988     dbview.obj
 0002:000079a0       ??_R1A@?0A@A@CWnd@@8       5f7349a0     dbview.obj
 0002:000079b8       ??_R1A@?0A@A@CView@@8      5f7349b8     dbview.obj
 0002:000079d0       ??_R1A@?0A@A@CScrollView@@8 5f7349d0     dbview.obj
 0002:000079e8       ??_R1A@?0A@A@CFormView@@8  5f7349e8     dbview.obj
 0002:00007a00       ??_R1A@?0A@A@CRecordView@@8 5f734a00     dbview.obj
 0002:00007a18       ??_R2CRecordView@@8        5f734a18     dbview.obj
 0002:00007a38       ??_R3CRecordView@@8        5f734a38     dbview.obj
 0002:00007a48       ??_R4CRecordView@@6B@      5f734a48     dbview.obj
 0002:00007a60       ??_R1A@?0A@A@CLongBinary@@8 5f734a60     dblong.obj
 0002:00007a78       ??_R2CLongBinary@@8        5f734a78     dblong.obj
 0002:00007a88       ??_R3CLongBinary@@8        5f734a88     dblong.obj
 0002:00007a98       ??_R4CLongBinary@@6B@      5f734a98     dblong.obj
 0002:00007ab0       ??_R1A@?0A@A@CDBVariant@@8 5f734ab0     dbvar.obj
 0002:00007ac8       ??_R2CDBVariant@@8         5f734ac8     dbvar.obj
 0002:00007ad0       ??_R3CDBVariant@@8         5f734ad0     dbvar.obj
 0002:00007ae0       ??_R4CDBVariant@@6B@       5f734ae0     dbvar.obj
 0002:00007af8       ??_R1A@?0A@A@_AFX_DAO_STATE@@8 5f734af8     daocore.obj
 0002:00007b10       ??_R2_AFX_DAO_STATE@@8     5f734b10     daocore.obj
 0002:00007b20       ??_R3_AFX_DAO_STATE@@8     5f734b20     daocore.obj
 0002:00007b30       ??_R4_AFX_DAO_STATE@@6B@   5f734b30     daocore.obj
 0002:00007b48       ??_R1A@?0A@A@CDaoIndexInfo@@8 5f734b48     daocore.obj
 0002:00007b60       ??_R2CDaoIndexInfo@@8      5f734b60     daocore.obj
 0002:00007b68       ??_R3CDaoIndexInfo@@8      5f734b68     daocore.obj
 0002:00007b78       ??_R4CDaoIndexInfo@@6B@    5f734b78     daocore.obj
 0002:00007b90       ??_R1A@?0A@A@CDaoRelationInfo@@8 5f734b90     daocore.obj
 0002:00007ba8       ??_R2CDaoRelationInfo@@8   5f734ba8     daocore.obj
 0002:00007bb0       ??_R3CDaoRelationInfo@@8   5f734bb0     daocore.obj
 0002:00007bc0       ??_R4CDaoRelationInfo@@6B@ 5f734bc0     daocore.obj
 0002:00007bd8       ??_R1A@?0A@A@CDaoException@@8 5f734bd8     daocore.obj
 0002:00007bf0       ??_R2CDaoException@@8      5f734bf0     daocore.obj
 0002:00007c00       ??_R3CDaoException@@8      5f734c00     daocore.obj
 0002:00007c10       ??_R4CDaoException@@6B@    5f734c10     daocore.obj
 0002:00007c28       ??_R1A@?0A@A@CDaoErrorInfo@@8 5f734c28     daocore.obj
 0002:00007c40       ??_R2CDaoErrorInfo@@8      5f734c40     daocore.obj
 0002:00007c48       ??_R3CDaoErrorInfo@@8      5f734c48     daocore.obj
 0002:00007c58       ??_R4CDaoErrorInfo@@6B@    5f734c58     daocore.obj
 0002:00007c70       ??_R1A@?0A@A@CDaoWorkspace@@8 5f734c70     daocore.obj
 0002:00007c88       ??_R2CDaoWorkspace@@8      5f734c88     daocore.obj
 0002:00007c98       ??_R3CDaoWorkspace@@8      5f734c98     daocore.obj
 0002:00007ca8       ??_R4CDaoWorkspace@@6B@    5f734ca8     daocore.obj
 0002:00007cc0       ??_R1A@?0A@A@CDaoDatabase@@8 5f734cc0     daocore.obj
 0002:00007cd8       ??_R2CDaoDatabase@@8       5f734cd8     daocore.obj
 0002:00007ce8       ??_R3CDaoDatabase@@8       5f734ce8     daocore.obj
 0002:00007cf8       ??_R4CDaoDatabase@@6B@     5f734cf8     daocore.obj
 0002:00007d10       ??_R1A@?0A@A@CDaoRelationFieldInfo@@8 5f734d10     daocore.obj
 0002:00007d28       ??_R2CDaoRelationFieldInfo@@8 5f734d28     daocore.obj
 0002:00007d30       ??_R3CDaoRelationFieldInfo@@8 5f734d30     daocore.obj
 0002:00007d40       ??_R4CDaoRelationFieldInfo@@6B@ 5f734d40     daocore.obj
 0002:00007d58       ??_R1A@?0A@A@CDaoTableDef@@8 5f734d58     daocore.obj
 0002:00007d70       ??_R2CDaoTableDef@@8       5f734d70     daocore.obj
 0002:00007d80       ??_R3CDaoTableDef@@8       5f734d80     daocore.obj
 0002:00007d90       ??_R4CDaoTableDef@@6B@     5f734d90     daocore.obj
 0002:00007da8       ??_R1A@?0A@A@CDaoFieldInfo@@8 5f734da8     daocore.obj
 0002:00007dc0       ??_R2CDaoFieldInfo@@8      5f734dc0     daocore.obj
 0002:00007dc8       ??_R3CDaoFieldInfo@@8      5f734dc8     daocore.obj
 0002:00007dd8       ??_R4CDaoFieldInfo@@6B@    5f734dd8     daocore.obj
 0002:00007df0       ??_R1A@?0A@A@CDaoQueryDef@@8 5f734df0     daocore.obj
 0002:00007e08       ??_R2CDaoQueryDef@@8       5f734e08     daocore.obj
 0002:00007e18       ??_R3CDaoQueryDef@@8       5f734e18     daocore.obj
 0002:00007e28       ??_R4CDaoQueryDef@@6B@     5f734e28     daocore.obj
 0002:00007e40       ??_R1A@?0A@A@CDaoRecordset@@8 5f734e40     daocore.obj
 0002:00007e58       ??_R2CDaoRecordset@@8      5f734e58     daocore.obj
 0002:00007e68       ??_R3CDaoRecordset@@8      5f734e68     daocore.obj
 0002:00007e78       ??_R4CDaoRecordset@@6B@    5f734e78     daocore.obj
 0002:00007e90       ??_R1A@?0A@A@CDaoIndexFieldInfo@@8 5f734e90     daocore.obj
 0002:00007ea8       ??_R2CDaoIndexFieldInfo@@8 5f734ea8     daocore.obj
 0002:00007eb0       ??_R3CDaoIndexFieldInfo@@8 5f734eb0     daocore.obj
 0002:00007ec0       ??_R4CDaoIndexFieldInfo@@6B@ 5f734ec0     daocore.obj
 0002:00007ed8       ??_R1A@?0A@A@CDaoRecordView@@8 5f734ed8     daoview.obj
 0002:00007ef0       ??_R2CDaoRecordView@@8     5f734ef0     daoview.obj
 0002:00007f10       ??_R3CDaoRecordView@@8     5f734f10     daoview.obj
 0002:00007f20       ??_R4CDaoRecordView@@6B@   5f734f20     daoview.obj
 0002:00007f38       ??_R1A@?0A@A@type_info@@8  5f734f38     msvcrtd:ti_inst.obj
 0002:00007f50       ??_R2type_info@@8          5f734f50     msvcrtd:ti_inst.obj
 0002:00007f58       ??_R3type_info@@8          5f734f58     msvcrtd:ti_inst.obj
 0002:00007f68       ??_R4type_info@@6B@        5f734f68     msvcrtd:ti_inst.obj
 0002:00008940       __CT??_R0PAX@84            5f735940     dbcore.obj
 0002:00008960       __CT??_R0PAVCObject@@@84   5f735960     dbcore.obj
 0002:00008980       __CT??_R0PAVCException@@@84 5f735980     dbcore.obj
 0002:000089a0       __CT??_R0PAVCDBException@@@84 5f7359a0     dbcore.obj
 0002:000089c0       __CTA4PAVCDBException@@    5f7359c0     dbcore.obj
 0002:000089d8       __TI4PAVCDBException@@     5f7359d8     dbcore.obj
 0002:0000ab38       __CT??_R0PAVCDaoException@@@84 5f737b38     daocore.obj
 0002:0000ab58       __CTA4PAVCDaoException@@   5f737b58     daocore.obj
 0002:0000ab70       __TI4PAVCDaoException@@    5f737b70     daocore.obj
 0002:0000af38       __IMPORT_DESCRIPTOR_MFC42D 5f737f38     MFC42D:MFC42D.DLL
 0002:0000af4c       __IMPORT_DESCRIPTOR_MFCO42D 5f737f4c     MFCO42D:MFCO42D.DLL
 0002:0000af60       __IMPORT_DESCRIPTOR_MSVCRTD 5f737f60     msvcrtd:MSVCRTD.dll
 0002:0000af74       __IMPORT_DESCRIPTOR_KERNEL32 5f737f74     kernel32:KERNEL32.dll
 0002:0000af88       __IMPORT_DESCRIPTOR_USER32 5f737f88     user32:USER32.dll
 0002:0000af9c       __NULL_IMPORT_DESCRIPTOR   5f737f9c     MFC42D:MFC42D.DLL
 0003:00000000       ___xc_a                    5f73a000     msvcrtd:cinitexe.obj
 0003:00000010       ___xc_z                    5f73a010     msvcrtd:cinitexe.obj
 0003:00000014       ___xi_a                    5f73a014     msvcrtd:cinitexe.obj
 0003:00000018       ___xi_z                    5f73a018     msvcrtd:cinitexe.obj
 0003:0000002c       __pRawDllMain              5f73a02c     dlldb.obj
 0003:00000030       ?_afxForceVectorDelete_mfcd@@3P6AXXZA 5f73a030     dlldb.obj
 0003:00000048       ?_afxODBC@@3UAFX_ODBC_CALL@@A 5f73a048     dbcore.obj
 0003:000000e0       ??_R0PAVCException@@@8     5f73a0e0     dbcore.obj
 0003:00000100       ??_R0?AVCNoTrackObject@@@8 5f73a100     dbcore.obj
 0003:00000120       ??_R0?AV_AFX_DB_STATE@@@8  5f73a120     dbcore.obj
 0003:00000140       ??_R0PAX@8                 5f73a140     dbcore.obj
 0003:00000150       ??_R0PAVCObject@@@8        5f73a150     dbcore.obj
 0003:00000168       ??_R0PAVCDBException@@@8   5f73a168     dbcore.obj
 0003:00000188       ??_R0?AVCObject@@@8        5f73a188     dbcore.obj
 0003:000001a0       ??_R0?AVCException@@@8     5f73a1a0     dbcore.obj
 0003:000001c0       ??_R0?AVCDBException@@@8   5f73a1c0     dbcore.obj
 0003:000001e0       ??_R0?AVCDatabase@@@8      5f73a1e0     dbcore.obj
 0003:000001f8       ??_R0?AVCRecordset@@@8     5f73a1f8     dbcore.obj
 0003:00000258       ??_R0?AVCCmdTarget@@@8     5f73a258     dbview.obj
 0003:00000278       ??_R0?AVCWnd@@@8           5f73a278     dbview.obj
 0003:00000290       ??_R0?AVCView@@@8          5f73a290     dbview.obj
 0003:000002a8       ??_R0?AVCScrollView@@@8    5f73a2a8     dbview.obj
 0003:000002c8       ??_R0?AVCFormView@@@8      5f73a2c8     dbview.obj
 0003:000002e0       ??_R0?AVCRecordView@@@8    5f73a2e0     dbview.obj
 0003:00000320       ??_R0?AVCLongBinary@@@8    5f73a320     dblong.obj
 0003:00000350       ??_R0?AVCDBVariant@@@8     5f73a350     dbvar.obj
 0003:00000390       ??_R0?AV_AFX_DAO_STATE@@@8 5f73a390     daocore.obj
 0003:000003b0       ??_R0?AUCDaoIndexInfo@@@8  5f73a3b0     daocore.obj
 0003:000003d0       ??_R0?AUCDaoRelationInfo@@@8 5f73a3d0     daocore.obj
 0003:000003f0       ??_R0?AVCDaoException@@@8  5f73a3f0     daocore.obj
 0003:00000410       ??_R0?AUCDaoErrorInfo@@@8  5f73a410     daocore.obj
 0003:00000430       ??_R0PAVCDaoException@@@8  5f73a430     daocore.obj
 0003:00000450       ??_R0?AVCDaoWorkspace@@@8  5f73a450     daocore.obj
 0003:00000470       ??_R0?AVCDaoDatabase@@@8   5f73a470     daocore.obj
 0003:00000490       ??_R0?AUCDaoRelationFieldInfo@@@8 5f73a490     daocore.obj
 0003:000004b8       ??_R0?AVCDaoTableDef@@@8   5f73a4b8     daocore.obj
 0003:000004d8       ??_R0?AUCDaoFieldInfo@@@8  5f73a4d8     daocore.obj
 0003:000004f8       ??_R0?AVCDaoQueryDef@@@8   5f73a4f8     daocore.obj
 0003:00000518       ??_R0?AVCDaoRecordset@@@8  5f73a518     daocore.obj
 0003:00000538       ??_R0?AUCDaoIndexFieldInfo@@@8 5f73a538     daocore.obj
 0003:000005a0       ??_R0?AVCDaoRecordView@@@8 5f73a5a0     daoview.obj
 0003:000005c0       ??_R0?AVtype_info@@@8      5f73a5c0     msvcrtd:ti_inst.obj
 0003:000005ec       ?_afxDbState@@3V?$CProcessLocal@V_AFX_DB_STATE@@@@A 5f73a5ec     dbcore.obj
 0003:000005f0       ?bTraceSql@@3HA            5f73a5f0     dbcore.obj
 0003:00000628       __adjust_fdiv              5f73a628     <common>
 0003:0000062c       ___onexitend               5f73a62c     <common>
 0003:00000630       ___onexitbegin             5f73a630     <common>

 entry point at        0001:00028ec0

 Static symbols

 0001:00011781       _$E352                     5f712781 f   daocore.obj
 0001:0001178b       _$E351                     5f71278b f   daocore.obj
 0001:0001179a       _$E355                     5f71279a f   daocore.obj
 0001:000117a4       _$E354                     5f7127a4 f   daocore.obj
 0001:00000034       ?AfxOdbcLoad@@YGXPAP6GHXZPBD@Z 5f701034 f   dbcore.obj
 0001:0002929e       _$E355                     5f72a29e f   dbcore.obj
 0001:000292ad       _$E352                     5f72a2ad f   dbcore.obj
 0001:000292b2       _$E354                     5f72a2b2 f   dbcore.obj
 0001:000292c4       _$E353                     5f72a2c4 f   dbcore.obj
 0001:00029460       ?_AfxForceVectorDelete@@YAXXZ 5f72a460 f   dlldb.obj
 0001:00028cb0       ?ArrayUnwindFilter@@YAHPAU_EXCEPTION_POINTERS@@@Z 5f729cb0 f   msvcrtd:ehvecdtr.obj

 46 bytes saved through ICF

