 MFCD42UD

 Timestamp is 345e9bbc (Mon Nov 03 19:51:24 1997)

 Preferred load address is 5f700000

 Start         Length     Name                   Class
 0001:00000000 00029aa2H .text                   CODE
 0001:00029ab0 0000047aH .text$AFX_INIT          CODE
 0001:00029f30 00000523H .text$AFX_VDEL          CODE
 0001:0002a460 000018d0H .text$x                 CODE
 0002:00000000 000004e4H .idata$5                DATA
 0002:000004e8 00008600H .rdata                  DATA
 0002:00008ae8 000007acH .rdata$r                DATA
 0002:00009298 00003090H .xdata$x                DATA
 0002:0000c328 00000064H .idata$2                DATA
 0002:0000c38c 00000014H .idata$3                DATA
 0002:0000c3a0 000004e4H .idata$4                DATA
 0002:0000c884 000002c0H .idata$6                DATA
 0002:0000cb50 00000b91H .edata                  DATA
 0003:00000000 00000004H .CRT$XCA                DATA
 0003:00000004 00000004H .CRT$XCL                DATA
 0003:00000008 00000008H .CRT$XCU                DATA
 0003:00000010 00000004H .CRT$XCZ                DATA
 0003:00000014 00000004H .CRT$XIA                DATA
 0003:00000018 00000004H .CRT$XIZ                DATA
 0003:00000020 000005c0H .data                   DATA
 0003:000005e0 0000005cH .bss                    DATA
 0004:00000000 00000100H .rsrc$01                DATA
 0004:00000100 00001018H .rsrc$02                DATA

  Address         Publics by Value              Rva+Base     Lib:Object

 0001:00000000       ?GetHead@CSimpleList@@QBEPAXXZ 5f701000 f i dlldb.obj
 0001:00000010       ?AfxThunkSQLAllocConnect@@YGFPAXPAPAX@Z 5f701010 f   dbcore.obj
 0001:0000014a       ?AfxThunkSQLAllocEnv@@YGFPAPAX@Z 5f70114a f   dbcore.obj
 0001:0000016a       ?AfxThunkSQLAllocStmt@@YGFPAXPAPAX@Z 5f70116a f   dbcore.obj
 0001:0000018e       ?AfxThunkSQLBindCol@@YGFPAXGF0JPAJ@Z 5f70118e f   dbcore.obj
 0001:000001c4       ?AfxThunkSQLCancel@@YGFPAX@Z 5f7011c4 f   dbcore.obj
 0001:000001e4       ?AfxThunkSQLDescribeCol@@YGFPAXGPAEFPAF2PAK22@Z 5f7011e4 f   dbcore.obj
 0001:00000226       ?AfxThunkSQLDisconnect@@YGFPAX@Z 5f701226 f   dbcore.obj
 0001:00000246       ?AfxThunkSQLDriverConnect@@YGFPAXPAUHWND__@@PAEF2FPAFG@Z 5f701246 f   dbcore.obj
 0001:00000285       ?AfxThunkSQLError@@YGFPAX00PAEPAJ1FPAF@Z 5f701285 f   dbcore.obj
 0001:000002c2       ?AfxThunkSQLExecDirect@@YGFPAXPAEJ@Z 5f7012c2 f   dbcore.obj
 0001:000002ea       ?AfxThunkSQLExecute@@YGFPAX@Z 5f7012ea f   dbcore.obj
 0001:0000030a       ?AfxThunkSQLExtendedFetch@@YGFPAXGJPAKPAG@Z 5f70130a f   dbcore.obj
 0001:0000033b       ?AfxThunkSQLFetch@@YGFPAX@Z 5f70133b f   dbcore.obj
 0001:0000035b       ?AfxThunkSQLFreeConnect@@YGFPAX@Z 5f70135b f   dbcore.obj
 0001:0000037b       ?AfxThunkSQLFreeEnv@@YGFPAX@Z 5f70137b f   dbcore.obj
 0001:0000039b       ?AfxThunkSQLFreeStmt@@YGFPAXG@Z 5f70139b f   dbcore.obj
 0001:000003c0       ?AfxThunkSQLGetCursorName@@YGFPAXPAEFPAF@Z 5f7013c0 f   dbcore.obj
 0001:000003ed       ?AfxThunkSQLGetData@@YGFPAXGF0JPAJ@Z 5f7013ed f   dbcore.obj
 0001:00000423       ?AfxThunkSQLGetFunctions@@YGFPAXGPAG@Z 5f701423 f   dbcore.obj
 0001:0000044c       ?AfxThunkSQLGetInfo@@YGFPAXG0FPAF@Z 5f70144c f   dbcore.obj
 0001:0000047e       ?AfxThunkSQLMoreResults@@YGFPAX@Z 5f70147e f   dbcore.obj
 0001:0000049e       ?AfxThunkSQLNumResultCols@@YGFPAXPAF@Z 5f70149e f   dbcore.obj
 0001:000004c2       ?AfxThunkSQLParamData@@YGFPAXPAPAX@Z 5f7014c2 f   dbcore.obj
 0001:000004e6       ?AfxThunkSQLPrepare@@YGFPAXPAEJ@Z 5f7014e6 f   dbcore.obj
 0001:0000050e       ?AfxThunkSQLPutData@@YGFPAX0J@Z 5f70150e f   dbcore.obj
 0001:00000536       ?AfxThunkSQLRowCount@@YGFPAXPAJ@Z 5f701536 f   dbcore.obj
 0001:0000055a       ?AfxThunkSQLSetConnectOption@@YGFPAXGK@Z 5f70155a f   dbcore.obj
 0001:00000583       ?AfxThunkSQLSetPos@@YGFPAXGGG@Z 5f701583 f   dbcore.obj
 0001:000005b2       ?AfxThunkSQLSetStmtOption@@YGFPAXGK@Z 5f7015b2 f   dbcore.obj
 0001:000005db       ?AfxThunkSQLTransact@@YGFPAX0G@Z 5f7015db f   dbcore.obj
 0001:00000604       ?AfxThunkSQLBindParameter@@YGFPAXGFFFKF0JPAJ@Z 5f701604 f   dbcore.obj
 0001:0000064d       ?AfxThunkSQLNumParams@@YGFPAXPAF@Z 5f70164d f   dbcore.obj
 0001:00000671       ?AfxThunkSQLGetStmtOption@@YGFPAXG0@Z 5f701671 f   dbcore.obj
 0001:0000069a       ??1_AFX_DB_STATE@@UAE@XZ   5f70169a f   dbcore.obj
 0001:000006f9       ?AfxThrowDBException@@YGXFPAVCDatabase@@PAX@Z 5f7016f9 f   dbcore.obj
 0001:000007dd       ??0CDBException@@QAE@F@Z   5f7017dd f   dbcore.obj
 0001:00000850       ??1CDBException@@UAE@XZ    5f701850 f   dbcore.obj
 0001:000008b3       ?BuildErrorString@CDBException@@UAEXPAVCDatabase@@PAXH@Z 5f7018b3 f   dbcore.obj
 0001:00000c90       ?GetErrorMessage@CDBException@@UAEHPAGIPAI@Z 5f701c90 f   dbcore.obj
 0001:00000d12       ?TraceErrorMessage@CDBException@@QBEXPBG@Z 5f701d12 f   dbcore.obj
 0001:00000e1f       ?Empty@CDBException@@QAEXXZ 5f701e1f f   dbcore.obj
 0001:00000e40       ??0CDatabase@@QAE@XZ       5f701e40 f   dbcore.obj
 0001:00000f0c       ??1CDatabase@@UAE@XZ       5f701f0c f   dbcore.obj
 0001:00000f8e       ?Open@CDatabase@@UAEHPBGHH0H@Z 5f701f8e f   dbcore.obj
 0001:0000116e       ?OpenEx@CDatabase@@UAEHPBGK@Z 5f70216e f   dbcore.obj
 0001:000012e3       ?ExecuteSQL@CDatabase@@QAEXPBG@Z 5f7022e3 f   dbcore.obj
 0001:00001565       ?Cancel@CDatabase@@QAEXXZ  5f702565 f   dbcore.obj
 0001:000015b9       ?Close@CDatabase@@UAEXXZ   5f7025b9 f   dbcore.obj
 0001:0000172b       ?Free@CDatabase@@IAEXXZ    5f70272b f   dbcore.obj
 0001:00001866       ?OnSetOptions@CDatabase@@UAEXPAX@Z 5f702866 f   dbcore.obj
 0001:000018f5       ?GetDatabaseName@CDatabase@@QBE?AVCString@@XZ 5f7028f5 f   dbcore.obj
 0001:0000199a       ?BeginTrans@CDatabase@@QAEHXZ 5f70299a f   dbcore.obj
 0001:00001a48       ?CommitTrans@CDatabase@@QAEHXZ 5f702a48 f   dbcore.obj
 0001:00001b2c       ?Rollback@CDatabase@@QAEHXZ 5f702b2c f   dbcore.obj
 0001:00001c10       ?Check@CDatabase@@UBEHF@Z  5f702c10 f   dbcore.obj
 0001:00001c2d       ?CheckHstmt@CDatabase@@QBGHFPAX@Z 5f702c2d f   dbcore.obj
 0001:00001ce5       ?ReplaceBrackets@CDatabase@@QAEXPAG@Z 5f702ce5 f   dbcore.obj
 0001:00001e58       ?AllocConnect@CDatabase@@IAEXK@Z 5f702e58 f   dbcore.obj
 0001:0000208b       ?Connect@CDatabase@@IAEHK@Z 5f70308b f   dbcore.obj
 0001:000022b7       ?VerifyConnect@CDatabase@@IAEXXZ 5f7032b7 f   dbcore.obj
 0001:00002383       ?GetConnectInfo@CDatabase@@IAEXXZ 5f703383 f   dbcore.obj
 0001:000027b4       ?BindParameters@CDatabase@@UAEXPAX@Z 5f7037b4 f   dbcore.obj
 0001:000027c1       ?AssertValid@CDatabase@@UBEXXZ 5f7037c1 f   dbcore.obj
 0001:000027d4       ?Dump@CDatabase@@UBEXAAVCDumpContext@@@Z 5f7037d4 f   dbcore.obj
 0001:00002914       ??0CRecordset@@QAE@PAVCDatabase@@@Z 5f703914 f   dbcore.obj
 0001:00002d64       ??1CRecordset@@UAE@XZ      5f703d64 f   dbcore.obj
 0001:00002f90       ?Open@CRecordset@@UAEHIPBGK@Z 5f703f90 f   dbcore.obj
 0001:00003267       ?Close@CRecordset@@UAEXXZ  5f704267 f   dbcore.obj
 0001:00003665       ?IsOpen@CRecordset@@QBEHXZ 5f704665 f   dbcore.obj
 0001:000037a9       ?IsFieldDirty@CRecordset@@QAEHPAX@Z 5f7047a9 f   dbcore.obj
 0001:000038f3       ?IsFieldNull@CRecordset@@QAEHPAX@Z 5f7048f3 f   dbcore.obj
 0001:0000397b       ?IsFieldNullable@CRecordset@@QAEHPAX@Z 5f70497b f   dbcore.obj
 0001:00003a06       ?CanBookmark@CRecordset@@QBEHXZ 5f704a06 f   dbcore.obj
 0001:00003a91       ?Move@CRecordset@@UAEXJG@Z 5f704a91 f   dbcore.obj
 0001:00003c2a       ?CheckRowsetError@CRecordset@@UAEXF@Z 5f704c2a f   dbcore.obj
 0001:00003db6       ?GetBookmark@CRecordset@@QAEXAAVCDBVariant@@@Z 5f704db6 f   dbcore.obj
 0001:00003ea2       ?SetBookmark@CRecordset@@QAEXABVCDBVariant@@@Z 5f704ea2 f   dbcore.obj
 0001:00003f41       ?SetRowsetSize@CRecordset@@UAEXK@Z 5f704f41 f   dbcore.obj
 0001:000040c9       ?AddNew@CRecordset@@UAEXXZ 5f7050c9 f   dbcore.obj
 0001:000041e3       ?Edit@CRecordset@@UAEXXZ   5f7051e3 f   dbcore.obj
 0001:000043ae       ?Update@CRecordset@@UAEHXZ 5f7053ae f   dbcore.obj
 0001:00004470       ?Delete@CRecordset@@UAEXXZ 5f705470 f   dbcore.obj
 0001:00004524       ?CancelUpdate@CRecordset@@QAEXXZ 5f705524 f   dbcore.obj
 0001:000045a3       ?FlushResultSet@CRecordset@@QBEHXZ 5f7055a3 f   dbcore.obj
 0001:0000461c       ?GetODBCFieldInfo@CRecordset@@QAEXPBGAAUCODBCFieldInfo@@@Z 5f70561c f   dbcore.obj
 0001:000046df       ?GetODBCFieldInfo@CRecordset@@QAEXFAAUCODBCFieldInfo@@@Z 5f7056df f   dbcore.obj
 0001:000047b5       ?GetFieldValue@CRecordset@@QAEXPBGAAVCDBVariant@@F@Z 5f7057b5 f   dbcore.obj
 0001:00004885       ?GetFieldValue@CRecordset@@QAEXFAAVCDBVariant@@F@Z 5f705885 f   dbcore.obj
 0001:00004b28       ?GetFieldValue@CRecordset@@QAEXPBGAAVCString@@@Z 5f705b28 f   dbcore.obj
 0001:00004beb       ?GetFieldValue@CRecordset@@QAEXFAAVCString@@@Z 5f705beb f   dbcore.obj
 0001:00004dcb       ?SetFieldDirty@CRecordset@@QAEXPAXH@Z 5f705dcb f   dbcore.obj
 0001:00004e84       ?SetFieldNull@CRecordset@@QAEXPAXH@Z 5f705e84 f   dbcore.obj
 0001:00004fb7       ?SetParamNull@CRecordset@@QAEXHH@Z 5f705fb7 f   dbcore.obj
 0001:00005036       ?SetLockingMode@CRecordset@@QAEXI@Z 5f706036 f   dbcore.obj
 0001:000050ad       ?Requery@CRecordset@@UAEHXZ 5f7060ad f   dbcore.obj
 0001:0000531f       ?Cancel@CRecordset@@QAEXXZ 5f70631f f   dbcore.obj
 0001:0000538f       ?GetDefaultConnect@CRecordset@@UAE?AVCString@@XZ 5f70638f f   dbcore.obj
 0001:000053d1       ?GetDefaultSQL@CRecordset@@UAE?AVCString@@XZ 5f7063d1 f   dbcore.obj
 0001:00005413       ?DoFieldExchange@CRecordset@@UAEXPAVCFieldExchange@@@Z 5f706413 f   dbcore.obj
 0001:00005433       ?DoBulkFieldExchange@CRecordset@@UAEXPAVCFieldExchange@@@Z 5f706433 f   dbcore.obj
 0001:0000547c       ?OnSetOptions@CRecordset@@UAEXPAX@Z 5f70647c f   dbcore.obj
 0001:00005538       ?Check@CRecordset@@UBEHF@Z 5f706538 f   dbcore.obj
 0001:00005672       ?PreBindFields@CRecordset@@UAEXXZ 5f706672 f   dbcore.obj
 0001:0000567d       ?SetState@CRecordset@@IAEXHPBGK@Z 5f70667d f   dbcore.obj
 0001:000057cc       ?AllocHstmt@CRecordset@@IAEHXZ 5f7067cc f   dbcore.obj
 0001:00005b95       ?BuildSQL@CRecordset@@IAEXPBG@Z 5f706b95 f   dbcore.obj
 0001:00005d11       ?PrepareAndExecute@CRecordset@@IAEXXZ 5f706d11 f   dbcore.obj
 0001:000060da       ?VerifyDriverBehavior@CRecordset@@IAEXXZ 5f7070da f   dbcore.obj
 0001:00006234       ?VerifyCursorSupport@CRecordset@@IAEKXZ 5f707234 f   dbcore.obj
 0001:0000632e       ?AllocAndCacheFieldInfo@CRecordset@@IAEXXZ 5f70732e f   dbcore.obj
 0001:000065b3       ?AllocRowset@CRecordset@@IAEXXZ 5f7075b3 f   dbcore.obj
 0001:0000660f       ?FreeRowset@CRecordset@@IAEXXZ 5f70760f f   dbcore.obj
 0001:00006699       ?EnableBookmarks@CRecordset@@IAEXXZ 5f707699 f   dbcore.obj
 0001:0000671b       ?SetUpdateMethod@CRecordset@@IAEXXZ 5f70771b f   dbcore.obj
 0001:0000676b       ?SetConcurrencyAndCursorType@CRecordset@@IAEXPAXK@Z 5f70776b f   dbcore.obj
 0001:00006969       ?IsSQLUpdatable@CRecordset@@QAEHPBG@Z 5f707969 f   dbcore.obj
 0001:000069d0       ?IsSelectQueryUpdatable@CRecordset@@QAEHPBG@Z 5f7079d0 f   dbcore.obj
 0001:00006c72       ?IsJoin@CRecordset@@SGHPBG@Z 5f707c72 f   dbcore.obj
 0001:00006cad       ?FindSQLToken@CRecordset@@SGPBGPBG0@Z 5f707cad f   dbcore.obj
 0001:00006ef2       ?InitRecord@CRecordset@@QAEXXZ 5f707ef2 f   dbcore.obj
 0001:00006f71       ?ResetCursor@CRecordset@@QAEXXZ 5f707f71 f   dbcore.obj
 0001:00006fca       ?CheckRowsetCurrencyStatus@CRecordset@@QAEXGJ@Z 5f707fca f   dbcore.obj
 0001:00007106       ?FetchData@CRecordset@@QAEFGJPAK@Z 5f708106 f   dbcore.obj
 0001:000071f5       ?SkipDeletedRecords@CRecordset@@QAEXGJPAKPAF@Z 5f7081f5 f   dbcore.obj
 0001:00007402       ?SetRowsetCurrencyStatus@CRecordset@@UAEXFGJK@Z 5f708402 f   dbcore.obj
 0001:0000772c       ?RefreshRowset@CRecordset@@QAEXGG@Z 5f70872c f   dbcore.obj
 0001:000077f0       ?SetRowsetCursorPosition@CRecordset@@QAEXGG@Z 5f7087f0 f   dbcore.obj
 0001:0000787b       ?BuildSelectSQL@CRecordset@@IAEXXZ 5f70887b f   dbcore.obj
 0001:00007ac8       ?AppendFilterAndSortSQL@CRecordset@@IAEXXZ 5f708ac8 f   dbcore.obj
 0001:00007b41       ?IsRecordsetUpdatable@CRecordset@@IAEHXZ 5f708b41 f   dbcore.obj
 0001:00007c1a       ?ExecuteSetPosUpdate@CRecordset@@IAEXXZ 5f708c1a f   dbcore.obj
 0001:00007d27       ?PrepareUpdateHstmt@CRecordset@@IAEXXZ 5f708d27 f   dbcore.obj
 0001:00007ebc       ?BuildUpdateSQL@CRecordset@@IAEXXZ 5f708ebc f   dbcore.obj
 0001:00008300       ?ExecuteUpdateSQL@CRecordset@@IAEXXZ 5f709300 f   dbcore.obj
 0001:000084e8       ?SendLongBinaryData@CRecordset@@IAEXPAX@Z 5f7094e8 f   dbcore.obj
 0001:000086f9       ?AllocStatusArrays@CRecordset@@QAEXXZ 5f7096f9 f   dbcore.obj
 0001:000088c6       ?GetBoundFieldIndex@CRecordset@@QAEHPAX@Z 5f7098c6 f   dbcore.obj
 0001:000088f4       ?GetBoundParamIndex@CRecordset@@QAEHPAX@Z 5f7098f4 f   dbcore.obj
 0001:00008922       ?GetFieldIndexByName@CRecordset@@QAEFPBG@Z 5f709922 f   dbcore.obj
 0001:000089a9       ?GetFieldLengthBuffer@CRecordset@@QAEPAJKH@Z 5f7099a9 f   dbcore.obj
 0001:00008a2d       ?GetFieldStatus@CRecordset@@QAEEK@Z 5f709a2d f   dbcore.obj
 0001:00008a74       ?SetFieldStatus@CRecordset@@QAEXKE@Z 5f709a74 f   dbcore.obj
 0001:00008acd       ?ClearFieldStatus@CRecordset@@QAEXXZ 5f709acd f   dbcore.obj
 0001:00008af3       ?IsFieldStatusDirty@CRecordset@@QBEHK@Z 5f709af3 f   dbcore.obj
 0001:00008b3f       ?SetDirtyFieldStatus@CRecordset@@QAEXK@Z 5f709b3f f   dbcore.obj
 0001:00008b97       ?ClearDirtyFieldStatus@CRecordset@@QAEXK@Z 5f709b97 f   dbcore.obj
 0001:00008bef       ?IsFieldStatusNull@CRecordset@@QBEHK@Z 5f709bef f   dbcore.obj
 0001:00008c3b       ?SetNullFieldStatus@CRecordset@@QAEXK@Z 5f709c3b f   dbcore.obj
 0001:00008c93       ?ClearNullFieldStatus@CRecordset@@QAEXK@Z 5f709c93 f   dbcore.obj
 0001:00008ceb       ?IsParamStatusNull@CRecordset@@QBEHK@Z 5f709ceb f   dbcore.obj
 0001:00008d37       ?SetNullParamStatus@CRecordset@@QAEXK@Z 5f709d37 f   dbcore.obj
 0001:00008d8f       ?ClearNullParamStatus@CRecordset@@QAEXK@Z 5f709d8f f   dbcore.obj
 0001:00008de7       ?IsFieldNullable@CRecordset@@QBEHK@Z 5f709de7 f   dbcore.obj
 0001:00008e5e       ?BindParams@CRecordset@@QAEIPAX@Z 5f709e5e f   dbcore.obj
 0001:00008ed1       ?RebindParams@CRecordset@@QAEXPAX@Z 5f709ed1 f   dbcore.obj
 0001:00008f4a       ?BindFieldsToColumns@CRecordset@@QAEIXZ 5f709f4a f   dbcore.obj
 0001:00009033       ?BindFieldsForUpdate@CRecordset@@QAEXXZ 5f70a033 f   dbcore.obj
 0001:00009093       ?UnbindFieldsForUpdate@CRecordset@@QAEXXZ 5f70a093 f   dbcore.obj
 0001:000090f3       ?Fixups@CRecordset@@QAEXXZ 5f70a0f3 f   dbcore.obj
 0001:0000918a       ?AppendNames@CRecordset@@QAEIPAVCString@@PBG@Z 5f70a18a f   dbcore.obj
 0001:00009278       ?AppendNamesValues@CRecordset@@QAEIPAXPAVCString@@PBG@Z 5f70a278 f   dbcore.obj
 0001:0000936b       ?AppendValues@CRecordset@@QAEIPAXPAVCString@@PBG@Z 5f70a36b f   dbcore.obj
 0001:0000945e       ?StoreFields@CRecordset@@QAEXXZ 5f70a45e f   dbcore.obj
 0001:000094c9       ?LoadFields@CRecordset@@QAEXXZ 5f70a4c9 f   dbcore.obj
 0001:0000953c       ?MarkForUpdate@CRecordset@@QAEXXZ 5f70a53c f   dbcore.obj
 0001:0000957b       ?MarkForAddNew@CRecordset@@QAEXXZ 5f70a57b f   dbcore.obj
 0001:000095ba       ?AllocDataCache@CRecordset@@QAEXXZ 5f70a5ba f   dbcore.obj
 0001:000095f9       ?FreeDataCache@CRecordset@@QAEXXZ 5f70a5f9 f   dbcore.obj
 0001:000097ac       ?DumpFields@CRecordset@@QBEXAAVCDumpContext@@@Z 5f70a7ac f   dbcore.obj
 0001:000097e0       ?UpdateInsertDelete@CRecordset@@IAEHXZ 5f70a7e0 f   dbcore.obj
 0001:00009b77       ?GetLBFetchSize@CRecordset@@MAEJJ@Z 5f70ab77 f   dbcore.obj
 0001:00009b89       ?GetLBReallocSize@CRecordset@@MAEJJ@Z 5f70ab89 f   dbcore.obj
 0001:00009b9b       ?GetDefaultFieldType@CRecordset@@SGFF@Z 5f70ab9b f   dbcore.obj
 0001:00009c8c       ?GetDataBuffer@CRecordset@@SGPAXAAVCDBVariant@@FPAHFK@Z 5f70ac8c f   dbcore.obj
 0001:00009f6f       ?GetTextLen@CRecordset@@SGHFK@Z 5f70af6f f   dbcore.obj
 0001:00009fe1       ?GetData@CRecordset@@SGJPAVCDatabase@@PAXFF1HF@Z 5f70afe1 f   dbcore.obj
 0001:0000a17c       ?GetLongCharDataAndCleanup@CRecordset@@SGXPAVCDatabase@@PAXFJPAPAXHAAVCString@@F@Z 5f70b17c f   dbcore.obj
 0001:0000a2ef       ?GetLongBinaryDataAndCleanup@CRecordset@@SGXPAVCDatabase@@PAXFJPAPAXHAAVCDBVariant@@F@Z 5f70b2ef f   dbcore.obj
 0001:0000a4b8       ?AssertValid@CRecordset@@UBEXXZ 5f70b4b8 f   dbcore.obj
 0001:0000a4e5       ?Dump@CRecordset@@UBEXAAVCDumpContext@@@Z 5f70b4e5 f   dbcore.obj
 0001:0000a766       ?AfxSetCurrentRecord@@YGXPAJJF@Z 5f70b766 f   dbcore.obj
 0001:0000a78b       ?AfxSetRecordCount@@YGXPAJJJHF@Z 5f70b78b f   dbcore.obj
 0001:0000a7ce       ?AfxSetRecordCount@@YGXPAJJHF@Z 5f70b7ce f   dbcore.obj
 0001:0000a815       ?IsOpen@CDatabase@@QBEHXZ  5f70b815 f   dbcore.obj
 0001:0000a83c       ?CanUpdate@CDatabase@@QBEHXZ 5f70b83c f   dbcore.obj
 0001:0000a876       ?CanTransact@CDatabase@@QBEHXZ 5f70b876 f   dbcore.obj
 0001:0000a8b0       ?SetLoginTimeout@CDatabase@@QAEXK@Z 5f70b8b0 f   dbcore.obj
 0001:0000a8d6       ?SetQueryTimeout@CDatabase@@QAEXK@Z 5f70b8d6 f   dbcore.obj
 0001:0000a8fc       ?GetConnect@CDatabase@@QBEABVCString@@XZ 5f70b8fc f   dbcore.obj
 0001:0000a91d       ?GetBookmarkPersistence@CDatabase@@QBEKXZ 5f70b91d f   dbcore.obj
 0001:0000a93e       ?GetCursorCommitBehavior@CDatabase@@QBEHXZ 5f70b93e f   dbcore.obj
 0001:0000a960       ?GetCursorRollbackBehavior@CDatabase@@QBEHXZ 5f70b960 f   dbcore.obj
 0001:0000a982       ?ThrowDBException@CDatabase@@MAEXF@Z 5f70b982 f   dbcore.obj
 0001:0000a9b4       ?SetSynchronousMode@CDatabase@@QAEXH@Z 5f70b9b4 f   dbcore.obj
 0001:0000a9e3       ?GetSQL@CRecordset@@QBEABVCString@@XZ 5f70b9e3 f   dbcore.obj
 0001:0000aa1f       ?GetTableName@CRecordset@@QBEABVCString@@XZ 5f70ba1f f   dbcore.obj
 0001:0000aa5b       ?IsBOF@CRecordset@@QBEHXZ  5f70ba5b f   dbcore.obj
 0001:0000aa98       ?IsEOF@CRecordset@@QBEHXZ  5f70ba98 f   dbcore.obj
 0001:0000aad5       ?IsDeleted@CRecordset@@QBEHXZ 5f70bad5 f   dbcore.obj
 0001:0000ab12       ?CanUpdate@CRecordset@@QBEHXZ 5f70bb12 f   dbcore.obj
 0001:0000ab4f       ?CanScroll@CRecordset@@QBEHXZ 5f70bb4f f   dbcore.obj
 0001:0000ab8c       ?CanAppend@CRecordset@@QBEHXZ 5f70bb8c f   dbcore.obj
 0001:0000abc9       ?CanRestart@CRecordset@@QBEHXZ 5f70bbc9 f   dbcore.obj
 0001:0000ac0d       ?CanTransact@CRecordset@@QBEHXZ 5f70bc0d f   dbcore.obj
 0001:0000ac4d       ?GetODBCFieldCount@CRecordset@@QBEFXZ 5f70bc4d f   dbcore.obj
 0001:0000ac88       ?GetRowsetSize@CRecordset@@QBEKXZ 5f70bc88 f   dbcore.obj
 0001:0000acc5       ?GetRowsFetched@CRecordset@@QBEKXZ 5f70bcc5 f   dbcore.obj
 0001:0000ad02       ?GetRowStatus@CRecordset@@QBEGG@Z 5f70bd02 f   dbcore.obj
 0001:0000ad72       ?GetRecordCount@CRecordset@@QBEJXZ 5f70bd72 f   dbcore.obj
 0001:0000adaf       ?GetStatus@CRecordset@@QBEXAAUCRecordsetStatus@@@Z 5f70bdaf f   dbcore.obj
 0001:0000ae02       ?ThrowDBException@CRecordset@@UAEXFPAX@Z 5f70be02 f   dbcore.obj
 0001:0000ae4d       ?MoveNext@CRecordset@@QAEXXZ 5f70be4d f   dbcore.obj
 0001:0000ae90       ?MovePrev@CRecordset@@QAEXXZ 5f70be90 f   dbcore.obj
 0001:0000aed3       ?MoveFirst@CRecordset@@QAEXXZ 5f70bed3 f   dbcore.obj
 0001:0000af16       ?MoveLast@CRecordset@@QAEXXZ 5f70bf16 f   dbcore.obj
 0001:0000af59       ?SetAbsolutePosition@CRecordset@@QAEXJ@Z 5f70bf59 f   dbcore.obj
 0001:0000afa0       ??_G_AFX_DB_STATE@@UAEPAXI@Z 5f70bfa0 f i dbcore.obj
 0001:0000afa0       ??_E_AFX_DB_STATE@@UAEPAXI@Z 5f70bfa0 f i dbcore.obj
 0001:0000afd0       ??1CNoTrackObject@@UAE@XZ  5f70bfd0 f i dbcore.obj
 0001:0000aff0       ??_ECNoTrackObject@@UAEPAXI@Z 5f70bff0 f i dbcore.obj
 0001:0000aff0       ??_GCNoTrackObject@@UAEPAXI@Z 5f70bff0 f i dbcore.obj
 0001:0000b020       ??_GCDBException@@UAEPAXI@Z 5f70c020 f i dbcore.obj
 0001:0000b020       ??_ECDBException@@UAEPAXI@Z 5f70c020 f i dbcore.obj
 0001:0000b050       __wcsinc                   5f70c050 f i dbcore.obj
 0001:0000b060       ??_GCRecordset@@UAEPAXI@Z  5f70c060 f i dbcore.obj
 0001:0000b060       ??_ECRecordset@@UAEPAXI@Z  5f70c060 f i dbcore.obj
 0001:0000b090       ??_ECODBCFieldInfo@@QAEPAXI@Z 5f70c090 f i dbcore.obj
 0001:0000b0f0       ??1CODBCFieldInfo@@QAE@XZ  5f70c0f0 f i dbcore.obj
 0001:0000b110       ??_GCString@@QAEPAXI@Z     5f70c110 f i dbcore.obj
 0001:0000b140       ??0CODBCFieldInfo@@QAE@XZ  5f70c140 f i dbcore.obj
 0001:0000b160       ??0CFieldExchange@@QAE@IPAVCRecordset@@PAX@Z 5f70c160 f   dbrfx.obj
 0001:0000b23d       ?IsFieldType@CFieldExchange@@QAEHPAI@Z 5f70c23d f   dbrfx.obj
 0001:0000b33d       ?Default@CFieldExchange@@QAEXPBGPAXPAJHII@Z 5f70c33d f   dbrfx.obj
 0001:0000b921       ?RFX_Text@@YGXPAVCFieldExchange@@PBGAAVCString@@HHF@Z 5f70c921 f   dbrfx.obj
 0001:0000c5c6       ?RFX_Int@@YGXPAVCFieldExchange@@PBGAAH@Z 5f70d5c6 f   dbrfx.obj
 0001:0000c863       ?RFX_Long@@YGXPAVCFieldExchange@@PBGAAJ@Z 5f70d863 f   dbrfx.obj
 0001:0000cb00       ?RFX_Byte@@YGXPAVCFieldExchange@@PBGAAE@Z 5f70db00 f   dbrfx.obj
 0001:0000cd9f       ?RFX_Bool@@YGXPAVCFieldExchange@@PBGAAH@Z 5f70dd9f f   dbrfx.obj
 0001:0000d044       ?RFX_Binary@@YGXPAVCFieldExchange@@PBGAAVCByteArray@@H@Z 5f70e044 f   dbrfx.obj
 0001:0000d4ed       ?RFX_Date@@YGXPAVCFieldExchange@@PBGAAVCTime@@@Z 5f70e4ed f   dbrfx.obj
 0001:0000e022       ?RFX_Date@@YGXPAVCFieldExchange@@PBGAAUtagTIMESTAMP_STRUCT@@@Z 5f70f022 f   dbrfx.obj
 0001:0000e547       ?RFX_LongBinary@@YGXPAVCFieldExchange@@PBGAAVCLongBinary@@@Z 5f70f547 f   dbrfx.obj
 0001:0000eb10       ?GetLongBinarySize@CFieldExchange@@QAEJH@Z 5f70fb10 f   dbrfx.obj
 0001:0000ec4a       ?GetLongBinaryData@CFieldExchange@@QAEXHAAVCLongBinary@@PAJ@Z 5f70fc4a f   dbrfx.obj
 0001:0000ee9c       ?ReallocLongBinary@CFieldExchange@@QAEPAEAAVCLongBinary@@JJ@Z 5f70fe9c f   dbrfx.obj
 0001:0000efa1       ?AfxStoreField@@YGXAAVCRecordset@@IPAX@Z 5f70ffa1 f   dbrfx.obj
 0001:0000f0a8       ?AfxLoadField@@YGXAAVCRecordset@@IPAXPAJ@Z 5f7100a8 f   dbrfx.obj
 0001:0000f1b4       ?AfxCompareValueByRef@@YGHPAX0H@Z 5f7101b4 f   dbrfx.obj
 0001:0000f464       ?AfxCopyValueByRef@@YGXPAX0PAJH@Z 5f710464 f   dbrfx.obj
 0001:0000f6b5       ?RFX_Text_Bulk@@YGXPAVCFieldExchange@@PBGPAPADPAPAJH@Z 5f7106b5 f   dbrfx.obj
 0001:0000f839       ?RFX_Bool_Bulk@@YGXPAVCFieldExchange@@PBGPAPAHPAPAJ@Z 5f710839 f   dbrfx.obj
 0001:0000f9ba       ?RFX_Int_Bulk@@YGXPAVCFieldExchange@@PBGPAPAHPAPAJ@Z 5f7109ba f   dbrfx.obj
 0001:0000fb3b       ?RFX_Long_Bulk@@YGXPAVCFieldExchange@@PBGPAPAJ2@Z 5f710b3b f   dbrfx.obj
 0001:0000fcbc       ?RFX_Date_Bulk@@YGXPAVCFieldExchange@@PBGPAPAUtagTIMESTAMP_STRUCT@@PAPAJ@Z 5f710cbc f   dbrfx.obj
 0001:0000fe3d       ?RFX_Byte_Bulk@@YGXPAVCFieldExchange@@PBGPAPAEPAPAJ@Z 5f710e3d f   dbrfx.obj
 0001:0000ffbb       ?RFX_Binary_Bulk@@YGXPAVCFieldExchange@@PBGPAPAEPAPAJH@Z 5f710fbb f   dbrfx.obj
 0001:0001013f       ?AfxRFXBulkDefault@@YGXPAVCFieldExchange@@PBGPAXPAJHI@Z 5f71113f f   dbrfx.obj
 0001:0001023d       ?SetFieldType@CFieldExchange@@QAEXI@Z 5f71123d f   dbrfx.obj
 0001:00010290       ?SetLength@CDBByteArray@@QAEXH@Z 5f711290 f i dbrfx.obj
 0001:000102d0       ?_GetBaseMessageMap@CRecordView@@KGPBUAFX_MSGMAP@@XZ 5f7112d0 f   dbview.obj
 0001:000102da       ?GetMessageMap@CRecordView@@MBEPBUAFX_MSGMAP@@XZ 5f7112da f   dbview.obj
 0001:000102ea       ??0CRecordView@@IAE@PBG@Z  5f7112ea f   dbview.obj
 0001:0001030f       ??0CRecordView@@IAE@I@Z    5f71130f f   dbview.obj
 0001:00010334       ??1CRecordView@@UAE@XZ     5f711334 f   dbview.obj
 0001:00010350       ?OnInitialUpdate@CRecordView@@UAEXXZ 5f711350 f   dbview.obj
 0001:000103f3       ?IsOnFirstRecord@CRecordView@@QAEHXZ 5f7113f3 f   dbview.obj
 0001:00010432       ?IsOnLastRecord@CRecordView@@QAEHXZ 5f711432 f   dbview.obj
 0001:0001048f       ?OnMove@CRecordView@@UAEHI@Z 5f71148f f   dbview.obj
 0001:000105b9       ?OnUpdateRecordFirst@CRecordView@@IAEXPAVCCmdUI@@@Z 5f7115b9 f   dbview.obj
 0001:00010633       ?OnUpdateRecordPrev@CRecordView@@IAEXPAVCCmdUI@@@Z 5f711633 f   dbview.obj
 0001:0001064c       ?OnUpdateRecordNext@CRecordView@@IAEXPAVCCmdUI@@@Z 5f71164c f   dbview.obj
 0001:000106ba       ?OnUpdateRecordLast@CRecordView@@IAEXPAVCCmdUI@@@Z 5f7116ba f   dbview.obj
 0001:00010734       ?AfxFieldText@@YGHPAVCDataExchange@@HPAXPAVCRecordset@@@Z 5f711734 f   dbview.obj
 0001:00010817       ?DDX_FieldText@@YGXPAVCDataExchange@@HAAHPAVCRecordset@@@Z 5f711817 f   dbview.obj
 0001:00010848       ?DDX_FieldText@@YGXPAVCDataExchange@@HAAEPAVCRecordset@@@Z 5f711848 f   dbview.obj
 0001:00010879       ?DDX_FieldText@@YGXPAVCDataExchange@@HAAIPAVCRecordset@@@Z 5f711879 f   dbview.obj
 0001:000108aa       ?DDX_FieldText@@YGXPAVCDataExchange@@HAAJPAVCRecordset@@@Z 5f7118aa f   dbview.obj
 0001:000108db       ?DDX_FieldText@@YGXPAVCDataExchange@@HAAKPAVCRecordset@@@Z 5f7118db f   dbview.obj
 0001:0001090c       ?DDX_FieldText@@YGXPAVCDataExchange@@HAAVCString@@PAVCRecordset@@@Z 5f71190c f   dbview.obj
 0001:00010a98       ?DDX_FieldLBString@@YGXPAVCDataExchange@@HAAVCString@@PAVCRecordset@@@Z 5f711a98 f   dbview.obj
 0001:00010c13       ?DDX_FieldLBStringExact@@YGXPAVCDataExchange@@HAAVCString@@PAVCRecordset@@@Z 5f711c13 f   dbview.obj
 0001:00010cdd       ?DDX_FieldLBIndex@@YGXPAVCDataExchange@@HAAHPAVCRecordset@@@Z 5f711cdd f   dbview.obj
 0001:00010d49       ?DDX_FieldCBString@@YGXPAVCDataExchange@@HAAVCString@@PAVCRecordset@@@Z 5f711d49 f   dbview.obj
 0001:00010f10       ?DDX_FieldCBStringExact@@YGXPAVCDataExchange@@HAAVCString@@PAVCRecordset@@@Z 5f711f10 f   dbview.obj
 0001:00010fda       ?DDX_FieldCBIndex@@YGXPAVCDataExchange@@HAAHPAVCRecordset@@@Z 5f711fda f   dbview.obj
 0001:00011046       ?DDX_FieldScroll@@YGXPAVCDataExchange@@HAAHPAVCRecordset@@@Z 5f712046 f   dbview.obj
 0001:000110b2       ?DDX_FieldCheck@@YGXPAVCDataExchange@@HAAHPAVCRecordset@@@Z 5f7120b2 f   dbview.obj
 0001:0001121f       ?DDX_FieldRadio@@YGXPAVCDataExchange@@HAAHPAVCRecordset@@@Z 5f71221f f   dbview.obj
 0001:000112ba       ?AssertValid@CRecordView@@UBEXXZ 5f7122ba f   dbview.obj
 0001:000112cd       ?Dump@CRecordView@@UBEXAAVCDumpContext@@@Z 5f7122cd f   dbview.obj
 0001:0001132f       ?OnMove@CRecordView@@IAEXHH@Z 5f71232f f   dbview.obj
 0001:00011350       ??_ECRecordView@@UAEPAXI@Z 5f712350 f i dbview.obj
 0001:00011350       ??_GCRecordView@@UAEPAXI@Z 5f712350 f i dbview.obj
 0001:00011380       ??1CFormView@@UAE@XZ       5f712380 f i dbview.obj
 0001:000113a0       ??_9@$BBBE@AE              5f7123a0 f i dbview.obj
 0001:000113b0       ?RFX_Single@@YGXPAVCFieldExchange@@PBGAAM@Z 5f7123b0 f   dbflt.obj
 0001:0001165c       ?RFX_Double@@YGXPAVCFieldExchange@@PBGAAN@Z 5f71265c f   dbflt.obj
 0001:0001193e       ?RFX_Single_Bulk@@YGXPAVCFieldExchange@@PBGPAPAMPAPAJ@Z 5f71293e f   dbflt.obj
 0001:00011aab       ?RFX_Double_Bulk@@YGXPAVCFieldExchange@@PBGPAPANPAPAJ@Z 5f712aab f   dbflt.obj
 0001:00011c18       ?DDX_FieldText@@YGXPAVCDataExchange@@HAAMPAVCRecordset@@@Z 5f712c18 f   dbflt.obj
 0001:00011c56       ?DDX_FieldText@@YGXPAVCDataExchange@@HAANPAVCRecordset@@@Z 5f712c56 f   dbflt.obj
 0001:00011ca0       ??0CLongBinary@@QAE@XZ     5f712ca0 f   dblong.obj
 0001:00011cc9       ??1CLongBinary@@UAE@XZ     5f712cc9 f   dblong.obj
 0001:00011d32       ?AssertValid@CLongBinary@@UBEXXZ 5f712d32 f   dblong.obj
 0001:00011d45       ?Dump@CLongBinary@@UBEXAAVCDumpContext@@@Z 5f712d45 f   dblong.obj
 0001:00011db0       ??0CDBVariant@@QAE@XZ      5f712db0 f   dbvar.obj
 0001:00011dd1       ?Clear@CDBVariant@@QAEXXZ  5f712dd1 f   dbvar.obj
 0001:00011e75       ??1CDBVariant@@UAE@XZ      5f712e75 f   dbvar.obj
 0001:00011ea0       ??_GCDBVariant@@UAEPAXI@Z  5f712ea0 f i dbvar.obj
 0001:00011ea0       ??_ECDBVariant@@UAEPAXI@Z  5f712ea0 f i dbvar.obj
 0001:00011ed0       ??0_AFX_DAO_STATE@@QAE@XZ  5f712ed0 f   daocore.obj
 0001:00011f3d       ??1_AFX_DAO_STATE@@UAE@XZ  5f712f3d f   daocore.obj
 0001:00012033       ?AfxDaoCheck@@YGXJPBD0HHH@Z 5f713033 f   daocore.obj
 0001:000120ba       ?AfxDaoTrace@@YGXJPBD0H@Z  5f7130ba f   daocore.obj
 0001:0001211e       ?Dump@CDaoErrorInfo@@UBEXAAVCDumpContext@@@Z 5f71311e f   daocore.obj
 0001:000121d4       ?Dump@CDaoWorkspaceInfo@@UBEXAAVCDumpContext@@@Z 5f7131d4 f   daocore.obj
 0001:00012255       ?Dump@CDaoDatabaseInfo@@UBEXAAVCDumpContext@@@Z 5f713255 f   daocore.obj
 0001:00012342       ?Dump@CDaoTableDefInfo@@UBEXAAVCDumpContext@@@Z 5f713342 f   daocore.obj
 0001:00012493       ?Dump@CDaoFieldInfo@@UBEXAAVCDumpContext@@@Z 5f713493 f   daocore.obj
 0001:0001263a       ?Dump@CDaoIndexFieldInfo@@UBEXAAVCDumpContext@@@Z 5f71363a f   daocore.obj
 0001:00012694       ??0CDaoIndexInfo@@QAE@XZ   5f713694 f   daocore.obj
 0001:000126d3       ??1CDaoIndexInfo@@UAE@XZ   5f7136d3 f   daocore.obj
 0001:00012768       ?Dump@CDaoIndexInfo@@UBEXAAVCDumpContext@@@Z 5f713768 f   daocore.obj
 0001:000128d2       ?Dump@CDaoRelationFieldInfo@@UBEXAAVCDumpContext@@@Z 5f7138d2 f   daocore.obj
 0001:0001292b       ??0CDaoRelationInfo@@QAE@XZ 5f71392b f   daocore.obj
 0001:000129b1       ??1CDaoRelationInfo@@UAE@XZ 5f7139b1 f   daocore.obj
 0001:00012a64       ?Dump@CDaoRelationInfo@@UBEXAAVCDumpContext@@@Z 5f713a64 f   daocore.obj
 0001:00012b60       ?Dump@CDaoQueryDefInfo@@UBEXAAVCDumpContext@@@Z 5f713b60 f   daocore.obj
 0001:00012c9a       ?Dump@CDaoParameterInfo@@UBEXAAVCDumpContext@@@Z 5f713c9a f   daocore.obj
 0001:00012d63       ?_GetBaseClass@CDaoException@@KGPAUCRuntimeClass@@XZ 5f713d63 f   daocore.obj
 0001:00012d6d       ?GetRuntimeClass@CDaoException@@UBEPAUCRuntimeClass@@XZ 5f713d6d f   daocore.obj
 0001:00012d7d       ??0CDaoException@@QAE@XZ   5f713d7d f   daocore.obj
 0001:00012dba       ??1CDaoException@@UAE@XZ   5f713dba f   daocore.obj
 0001:00012e84       ?GetErrorCount@CDaoException@@QAEFXZ 5f713e84 f   daocore.obj
 0001:00012ee7       ?GetErrorInfo@CDaoException@@QAEXH@Z 5f713ee7 f   daocore.obj
 0001:00013018       ?GetErrorMessage@CDaoException@@UAEHPAGIPAI@Z 5f714018 f   daocore.obj
 0001:00013157       ?InitErrorsCollection@CDaoException@@IAEXXZ 5f714157 f   daocore.obj
 0001:000131b3       ?FillErrorInfo@CDaoException@@IAEXXZ 5f7141b3 f   daocore.obj
 0001:000133c0       ?AfxThrowDaoException@@YGXHJ@Z 5f7143c0 f   daocore.obj
 0001:0001353a       ?_GetBaseClass@CDaoWorkspace@@KGPAUCRuntimeClass@@XZ 5f71453a f   daocore.obj
 0001:00013544       ?GetRuntimeClass@CDaoWorkspace@@UBEPAUCRuntimeClass@@XZ 5f714544 f   daocore.obj
 0001:00013554       ??0CDaoWorkspace@@QAE@XZ   5f714554 f   daocore.obj
 0001:000135e9       ??1CDaoWorkspace@@UAE@XZ   5f7145e9 f   daocore.obj
 0001:00013688       ?Create@CDaoWorkspace@@UAEXPBG00@Z 5f714688 f   daocore.obj
 0001:00013806       ?Append@CDaoWorkspace@@UAEXXZ 5f714806 f   daocore.obj
 0001:0001397d       ?Open@CDaoWorkspace@@UAEXPBG@Z 5f71497d f   daocore.obj
 0001:00013b67       ?Close@CDaoWorkspace@@UAEXXZ 5f714b67 f   daocore.obj
 0001:00013ca9       ?GetVersion@CDaoWorkspace@@SG?AVCString@@XZ 5f714ca9 f   daocore.obj
 0001:00013d58       ?GetIniPath@CDaoWorkspace@@SG?AVCString@@XZ 5f714d58 f   daocore.obj
 0001:00013e07       ?SetIniPath@CDaoWorkspace@@SGXPBG@Z 5f714e07 f   daocore.obj
 0001:00013e9b       ?SetDefaultUser@CDaoWorkspace@@SGXPBG@Z 5f714e9b f   daocore.obj
 0001:00013f2f       ?SetDefaultPassword@CDaoWorkspace@@SGXPBG@Z 5f714f2f f   daocore.obj
 0001:00013fc3       ?GetLoginTimeout@CDaoWorkspace@@SGFXZ 5f714fc3 f   daocore.obj
 0001:00014016       ?SetLoginTimeout@CDaoWorkspace@@SGXF@Z 5f715016 f   daocore.obj
 0001:00014066       ?GetName@CDaoWorkspace@@QAE?AVCString@@XZ 5f715066 f   daocore.obj
 0001:0001413f       ?GetUserNameW@CDaoWorkspace@@QAE?AVCString@@XZ 5f71513f f   daocore.obj
 0001:00014218       ?SetIsolateODBCTrans@CDaoWorkspace@@QAEXH@Z 5f715218 f   daocore.obj
 0001:00014294       ?GetIsolateODBCTrans@CDaoWorkspace@@QAEHXZ 5f715294 f   daocore.obj
 0001:00014318       ?CompactDatabase@CDaoWorkspace@@SGXPBG00H0@Z 5f715318 f   daocore.obj
 0001:00014565       ?CompactDatabase@CDaoWorkspace@@SGXPBG00H@Z 5f715565 f   daocore.obj
 0001:00014583       ?RepairDatabase@CDaoWorkspace@@SGXPBG@Z 5f715583 f   daocore.obj
 0001:00014617       ?Idle@CDaoWorkspace@@SGXH@Z 5f715617 f   daocore.obj
 0001:000146e6       ?GetWorkspaceCount@CDaoWorkspace@@QAEFXZ 5f7156e6 f   daocore.obj
 0001:0001474a       ?GetWorkspaceInfo@CDaoWorkspace@@QAEXHAAUCDaoWorkspaceInfo@@K@Z 5f71574a f   daocore.obj
 0001:0001484e       ?GetWorkspaceInfo@CDaoWorkspace@@QAEXPBGAAUCDaoWorkspaceInfo@@K@Z 5f71584e f   daocore.obj
 0001:00014952       ?GetDatabaseCount@CDaoWorkspace@@QAEFXZ 5f715952 f   daocore.obj
 0001:000149b6       ?GetDatabaseInfo@CDaoWorkspace@@QAEXHAAUCDaoDatabaseInfo@@K@Z 5f7159b6 f   daocore.obj
 0001:00014aba       ?GetDatabaseInfo@CDaoWorkspace@@QAEXPBGAAUCDaoDatabaseInfo@@K@Z 5f715aba f   daocore.obj
 0001:00014bbe       ?BeginTrans@CDaoWorkspace@@QAEXXZ 5f715bbe f   daocore.obj
 0001:00014c56       ?CommitTrans@CDaoWorkspace@@QAEXXZ 5f715c56 f   daocore.obj
 0001:00014d49       ?Rollback@CDaoWorkspace@@QAEXXZ 5f715d49 f   daocore.obj
 0001:00014de1       ?InitializeEngine@CDaoWorkspace@@KAXXZ 5f715de1 f   daocore.obj
 0001:00014deb       ?InitWorkspacesCollection@CDaoWorkspace@@IAEXXZ 5f715deb f   daocore.obj
 0001:00014e53       ?FillWorkspaceInfo@CDaoWorkspace@@IAEXPAUDAOWorkspace@@AAUCDaoWorkspaceInfo@@K@Z 5f715e53 f   daocore.obj
 0001:00014fdd       ?InitDatabasesCollection@CDaoWorkspace@@IAEXXZ 5f715fdd f   daocore.obj
 0001:0001502d       ?FillDatabaseInfo@CDaoWorkspace@@IAEXPAUDAODatabase@@AAUCDaoDatabaseInfo@@K@Z 5f71602d f   daocore.obj
 0001:00015298       ?ThrowDaoException@CDaoWorkspace@@MAEXH@Z 5f716298 f   daocore.obj
 0001:000152c3       ?AssertValid@CDaoWorkspace@@UBEXXZ 5f7162c3 f   daocore.obj
 0001:000152d6       ?Dump@CDaoWorkspace@@UBEXAAVCDumpContext@@@Z 5f7162d6 f   daocore.obj
 0001:00015360       ?_GetBaseClass@CDaoDatabase@@KGPAUCRuntimeClass@@XZ 5f716360 f   daocore.obj
 0001:0001536a       ?GetRuntimeClass@CDaoDatabase@@UBEPAUCRuntimeClass@@XZ 5f71636a f   daocore.obj
 0001:0001537a       ??0CDaoDatabase@@QAE@PAVCDaoWorkspace@@@Z 5f71637a f   daocore.obj
 0001:00015446       ??1CDaoDatabase@@UAE@XZ    5f716446 f   daocore.obj
 0001:00015531       ?Create@CDaoDatabase@@UAEXPBG0H@Z 5f716531 f   daocore.obj
 0001:000156a5       ?Open@CDaoDatabase@@UAEXPBGHH0@Z 5f7166a5 f   daocore.obj
 0001:000158e6       ?Close@CDaoDatabase@@UAEXXZ 5f7168e6 f   daocore.obj
 0001:00015ad8       ?CanUpdate@CDaoDatabase@@QAEHXZ 5f716ad8 f   daocore.obj
 0001:00015b82       ?CanTransact@CDaoDatabase@@QAEHXZ 5f716b82 f   daocore.obj
 0001:00015c2c       ?GetName@CDaoDatabase@@QAE?AVCString@@XZ 5f716c2c f   daocore.obj
 0001:00015d2a       ?GetConnect@CDaoDatabase@@QAE?AVCString@@XZ 5f716d2a f   daocore.obj
 0001:00015e28       ?GetVersion@CDaoDatabase@@QAE?AVCString@@XZ 5f716e28 f   daocore.obj
 0001:00015f26       ?GetQueryTimeout@CDaoDatabase@@QAEFXZ 5f716f26 f   daocore.obj
 0001:00015fc8       ?SetQueryTimeout@CDaoDatabase@@QAEXF@Z 5f716fc8 f   daocore.obj
 0001:00016067       ?GetRecordsAffected@CDaoDatabase@@QAEJXZ 5f717067 f   daocore.obj
 0001:00016108       ?DeleteTableDef@CDaoDatabase@@QAEXPBG@Z 5f717108 f   daocore.obj
 0001:000161d9       ?DeleteQueryDef@CDaoDatabase@@QAEXPBG@Z 5f7171d9 f   daocore.obj
 0001:000162aa       ?CreateRelation@CDaoDatabase@@QAEXPBG00J00@Z 5f7172aa f   daocore.obj
 0001:00016381       ?CreateRelation@CDaoDatabase@@QAEXAAUCDaoRelationInfo@@@Z 5f717381 f   daocore.obj
 0001:00016941       ?DeleteRelation@CDaoDatabase@@QAEXPBG@Z 5f717941 f   daocore.obj
 0001:00016a12       ?Execute@CDaoDatabase@@QAEXPBGH@Z 5f717a12 f   daocore.obj
 0001:00016b2c       ?GetTableDefCount@CDaoDatabase@@QAEFXZ 5f717b2c f   daocore.obj
 0001:00016b90       ?GetTableDefInfo@CDaoDatabase@@QAEXHAAUCDaoTableDefInfo@@K@Z 5f717b90 f   daocore.obj
 0001:00016c94       ?GetTableDefInfo@CDaoDatabase@@QAEXPBGAAUCDaoTableDefInfo@@K@Z 5f717c94 f   daocore.obj
 0001:00016d98       ?GetRelationCount@CDaoDatabase@@QAEFXZ 5f717d98 f   daocore.obj
 0001:00016dfc       ?GetRelationInfo@CDaoDatabase@@QAEXHAAUCDaoRelationInfo@@K@Z 5f717dfc f   daocore.obj
 0001:00016f00       ?GetRelationInfo@CDaoDatabase@@QAEXPBGAAUCDaoRelationInfo@@K@Z 5f717f00 f   daocore.obj
 0001:00017004       ?GetQueryDefCount@CDaoDatabase@@QAEFXZ 5f718004 f   daocore.obj
 0001:00017068       ?GetQueryDefInfo@CDaoDatabase@@QAEXHAAUCDaoQueryDefInfo@@K@Z 5f718068 f   daocore.obj
 0001:0001716c       ?GetQueryDefInfo@CDaoDatabase@@QAEXPBGAAUCDaoQueryDefInfo@@K@Z 5f71816c f   daocore.obj
 0001:00017270       ?InitWorkspace@CDaoDatabase@@IAEXXZ 5f718270 f   daocore.obj
 0001:00017324       ?InitTableDefsCollection@CDaoDatabase@@IAEXXZ 5f718324 f   daocore.obj
 0001:00017374       ?FillTableDefInfo@CDaoDatabase@@IAEXPAU_DAOTableDef@@AAUCDaoTableDefInfo@@K@Z 5f718374 f   daocore.obj
 0001:000176a0       ?InitRelationsCollection@CDaoDatabase@@IAEXXZ 5f7186a0 f   daocore.obj
 0001:000176f0       ?FillRelationInfo@CDaoDatabase@@IAEXPAU_DAORelation@@AAUCDaoRelationInfo@@K@Z 5f7186f0 f   daocore.obj
 0001:00017bea       ?InitQueryDefsCollection@CDaoDatabase@@IAEXXZ 5f718bea f   daocore.obj
 0001:00017c3a       ?FillQueryDefInfo@CDaoDatabase@@IAEXPAU_DAOQueryDef@@AAUCDaoQueryDefInfo@@K@Z 5f718c3a f   daocore.obj
 0001:00017efa       ?ThrowDaoException@CDaoDatabase@@MAEXH@Z 5f718efa f   daocore.obj
 0001:00017f25       ?AssertValid@CDaoDatabase@@UBEXXZ 5f718f25 f   daocore.obj
 0001:00017f38       ?Dump@CDaoDatabase@@UBEXAAVCDumpContext@@@Z 5f718f38 f   daocore.obj
 0001:00017fa7       ?_GetBaseClass@CDaoTableDef@@KGPAUCRuntimeClass@@XZ 5f718fa7 f   daocore.obj
 0001:00017fb1       ?GetRuntimeClass@CDaoTableDef@@UBEPAUCRuntimeClass@@XZ 5f718fb1 f   daocore.obj
 0001:00017fc1       ??0CDaoTableDef@@QAE@PAVCDaoDatabase@@@Z 5f718fc1 f   daocore.obj
 0001:0001801d       ??1CDaoTableDef@@UAE@XZ    5f71901d f   daocore.obj
 0001:00018097       ?Create@CDaoTableDef@@UAEXPBGJ00@Z 5f719097 f   daocore.obj
 0001:0001832d       ?Append@CDaoTableDef@@UAEXXZ 5f71932d f   daocore.obj
 0001:00018495       ?Open@CDaoTableDef@@UAEXPBG@Z 5f719495 f   daocore.obj
 0001:00018683       ?Close@CDaoTableDef@@UAEXXZ 5f719683 f   daocore.obj
 0001:00018736       ?CanUpdate@CDaoTableDef@@QAEHXZ 5f719736 f   daocore.obj
 0001:000187e0       ?SetName@CDaoTableDef@@QAEXPBG@Z 5f7197e0 f   daocore.obj
 0001:000188cc       ?GetName@CDaoTableDef@@QAE?AVCString@@XZ 5f7198cc f   daocore.obj
 0001:000189ca       ?SetSourceTableName@CDaoTableDef@@QAEXPBG@Z 5f7199ca f   daocore.obj
 0001:00018ab6       ?GetSourceTableName@CDaoTableDef@@QAE?AVCString@@XZ 5f719ab6 f   daocore.obj
 0001:00018bb4       ?SetConnect@CDaoTableDef@@QAEXPBG@Z 5f719bb4 f   daocore.obj
 0001:00018ca0       ?GetConnect@CDaoTableDef@@QAE?AVCString@@XZ 5f719ca0 f   daocore.obj
 0001:00018d9e       ?SetAttributes@CDaoTableDef@@QAEXJ@Z 5f719d9e f   daocore.obj
 0001:00018e45       ?GetAttributes@CDaoTableDef@@QAEJXZ 5f719e45 f   daocore.obj
 0001:00018ee6       ?GetDateCreated@CDaoTableDef@@QAE?AVCOleDateTime@@XZ 5f719ee6 f   daocore.obj
 0001:00018fd6       ?GetDateLastUpdated@CDaoTableDef@@QAE?AVCOleDateTime@@XZ 5f719fd6 f   daocore.obj
 0001:000190c6       ?SetValidationRule@CDaoTableDef@@QAEXPBG@Z 5f71a0c6 f   daocore.obj
 0001:000191b2       ?GetValidationRule@CDaoTableDef@@QAE?AVCString@@XZ 5f71a1b2 f   daocore.obj
 0001:000192b0       ?SetValidationText@CDaoTableDef@@QAEXPBG@Z 5f71a2b0 f   daocore.obj
 0001:0001939c       ?GetValidationText@CDaoTableDef@@QAE?AVCString@@XZ 5f71a39c f   daocore.obj
 0001:0001949a       ?GetRecordCount@CDaoTableDef@@QAEJXZ 5f71a49a f   daocore.obj
 0001:0001953b       ?CreateField@CDaoTableDef@@QAEXPBGFJJ@Z 5f71a53b f   daocore.obj
 0001:000195e1       ?CreateField@CDaoTableDef@@QAEXAAUCDaoFieldInfo@@@Z 5f71a5e1 f   daocore.obj
 0001:0001985c       ?DeleteField@CDaoTableDef@@QAEXPBG@Z 5f71a85c f   daocore.obj
 0001:00019927       ?DeleteField@CDaoTableDef@@QAEXH@Z 5f71a927 f   daocore.obj
 0001:000199a9       ?CreateIndex@CDaoTableDef@@QAEXAAUCDaoIndexInfo@@@Z 5f71a9a9 f   daocore.obj
 0001:00019b42       ?DeleteIndex@CDaoTableDef@@QAEXPBG@Z 5f71ab42 f   daocore.obj
 0001:00019c0d       ?DeleteIndex@CDaoTableDef@@QAEXH@Z 5f71ac0d f   daocore.obj
 0001:00019c8f       ?GetFieldCount@CDaoTableDef@@QAEFXZ 5f71ac8f f   daocore.obj
 0001:00019cf3       ?GetFieldInfo@CDaoTableDef@@QAEXHAAUCDaoFieldInfo@@K@Z 5f71acf3 f   daocore.obj
 0001:00019df7       ?GetFieldInfo@CDaoTableDef@@QAEXPBGAAUCDaoFieldInfo@@K@Z 5f71adf7 f   daocore.obj
 0001:00019efb       ?GetIndexCount@CDaoTableDef@@QAEFXZ 5f71aefb f   daocore.obj
 0001:00019f5f       ?GetIndexInfo@CDaoTableDef@@QAEXHAAUCDaoIndexInfo@@K@Z 5f71af5f f   daocore.obj
 0001:0001a063       ?GetIndexInfo@CDaoTableDef@@QAEXPBGAAUCDaoIndexInfo@@K@Z 5f71b063 f   daocore.obj
 0001:0001a167       ?RefreshLink@CDaoTableDef@@QAEXXZ 5f71b167 f   daocore.obj
 0001:0001a1ff       ?InitFieldsCollection@CDaoTableDef@@IAEXXZ 5f71b1ff f   daocore.obj
 0001:0001a24f       ?InitIndexesCollection@CDaoTableDef@@IAEXXZ 5f71b24f f   daocore.obj
 0001:0001a29f       ?ThrowDaoException@CDaoTableDef@@MAEXH@Z 5f71b29f f   daocore.obj
 0001:0001a2ca       ?AssertValid@CDaoTableDef@@UBEXXZ 5f71b2ca f   daocore.obj
 0001:0001a2dd       ?Dump@CDaoTableDef@@UBEXAAVCDumpContext@@@Z 5f71b2dd f   daocore.obj
 0001:0001a34c       ?_GetBaseClass@CDaoQueryDef@@KGPAUCRuntimeClass@@XZ 5f71b34c f   daocore.obj
 0001:0001a356       ?GetRuntimeClass@CDaoQueryDef@@UBEPAUCRuntimeClass@@XZ 5f71b356 f   daocore.obj
 0001:0001a366       ??0CDaoQueryDef@@QAE@PAVCDaoDatabase@@@Z 5f71b366 f   daocore.obj
 0001:0001a3c2       ??1CDaoQueryDef@@UAE@XZ    5f71b3c2 f   daocore.obj
 0001:0001a43c       ?Create@CDaoQueryDef@@UAEXPBG0@Z 5f71b43c f   daocore.obj
 0001:0001a693       ?Append@CDaoQueryDef@@UAEXXZ 5f71b693 f   daocore.obj
 0001:0001a7fb       ?Open@CDaoQueryDef@@UAEXPBG@Z 5f71b7fb f   daocore.obj
 0001:0001a9ef       ?Close@CDaoQueryDef@@UAEXXZ 5f71b9ef f   daocore.obj
 0001:0001aac9       ?CanUpdate@CDaoQueryDef@@QAEHXZ 5f71bac9 f   daocore.obj
 0001:0001ab52       ?GetName@CDaoQueryDef@@QAE?AVCString@@XZ 5f71bb52 f   daocore.obj
 0001:0001ac2e       ?SetName@CDaoQueryDef@@QAEXPBG@Z 5f71bc2e f   daocore.obj
 0001:0001acf7       ?GetSQL@CDaoQueryDef@@QAE?AVCString@@XZ 5f71bcf7 f   daocore.obj
 0001:0001add3       ?SetSQL@CDaoQueryDef@@QAEXPBG@Z 5f71bdd3 f   daocore.obj
 0001:0001ae9c       ?GetType@CDaoQueryDef@@QAEFXZ 5f71be9c f   daocore.obj
 0001:0001af1b       ?GetDateCreated@CDaoQueryDef@@QAE?AVCOleDateTime@@XZ 5f71bf1b f   daocore.obj
 0001:0001afe8       ?GetDateLastUpdated@CDaoQueryDef@@QAE?AVCOleDateTime@@XZ 5f71bfe8 f   daocore.obj
 0001:0001b0b5       ?GetConnect@CDaoQueryDef@@QAE?AVCString@@XZ 5f71c0b5 f   daocore.obj
 0001:0001b191       ?SetConnect@CDaoQueryDef@@QAEXPBG@Z 5f71c191 f   daocore.obj
 0001:0001b25a       ?GetODBCTimeout@CDaoQueryDef@@QAEFXZ 5f71c25a f   daocore.obj
 0001:0001b2d9       ?SetODBCTimeout@CDaoQueryDef@@QAEXF@Z 5f71c2d9 f   daocore.obj
 0001:0001b35e       ?GetReturnsRecords@CDaoQueryDef@@QAEHXZ 5f71c35e f   daocore.obj
 0001:0001b3e7       ?SetReturnsRecords@CDaoQueryDef@@QAEXH@Z 5f71c3e7 f   daocore.obj
 0001:0001b46f       ?GetRecordsAffected@CDaoQueryDef@@QAEJXZ 5f71c46f f   daocore.obj
 0001:0001b4ed       ?Execute@CDaoQueryDef@@UAEXH@Z 5f71c4ed f   daocore.obj
 0001:0001b5e5       ?GetParamValue@CDaoQueryDef@@UAE?AVCOleVariant@@PBG@Z 5f71c5e5 f   daocore.obj
 0001:0001b7e5       ?GetParamValue@CDaoQueryDef@@UAE?AVCOleVariant@@H@Z 5f71c7e5 f   daocore.obj
 0001:0001b9e5       ?SetParamValue@CDaoQueryDef@@UAEXPBGABVCOleVariant@@@Z 5f71c9e5 f   daocore.obj
 0001:0001bbea       ?SetParamValue@CDaoQueryDef@@UAEXHABVCOleVariant@@@Z 5f71cbea f   daocore.obj
 0001:0001bdef       ?SetParamValueNull@CDaoQueryDef@@QAEXPBG@Z 5f71cdef f   daocore.obj
 0001:0001be66       ?SetParamValueNull@CDaoQueryDef@@QAEXH@Z 5f71ce66 f   daocore.obj
 0001:0001bedd       ?GetFieldCount@CDaoQueryDef@@QAEFXZ 5f71cedd f   daocore.obj
 0001:0001bf41       ?GetFieldInfo@CDaoQueryDef@@QAEXHAAUCDaoFieldInfo@@K@Z 5f71cf41 f   daocore.obj
 0001:0001c045       ?GetFieldInfo@CDaoQueryDef@@QAEXPBGAAUCDaoFieldInfo@@K@Z 5f71d045 f   daocore.obj
 0001:0001c149       ?GetParameterCount@CDaoQueryDef@@QAEFXZ 5f71d149 f   daocore.obj
 0001:0001c1ad       ?GetParameterInfo@CDaoQueryDef@@QAEXHAAUCDaoParameterInfo@@K@Z 5f71d1ad f   daocore.obj
 0001:0001c2b1       ?GetParameterInfo@CDaoQueryDef@@QAEXPBGAAUCDaoParameterInfo@@K@Z 5f71d2b1 f   daocore.obj
 0001:0001c3b5       ?InitFieldsCollection@CDaoQueryDef@@IAEXXZ 5f71d3b5 f   daocore.obj
 0001:0001c405       ?InitParametersCollection@CDaoQueryDef@@IAEXXZ 5f71d405 f   daocore.obj
 0001:0001c455       ?FillParameterInfo@CDaoQueryDef@@IAEXPAUDAOParameter@@AAUCDaoParameterInfo@@K@Z 5f71d455 f   daocore.obj
 0001:0001c619       ?ThrowDaoException@CDaoQueryDef@@MAEXH@Z 5f71d619 f   daocore.obj
 0001:0001c644       ?AssertValid@CDaoQueryDef@@UBEXXZ 5f71d644 f   daocore.obj
 0001:0001c657       ?Dump@CDaoQueryDef@@UBEXAAVCDumpContext@@@Z 5f71d657 f   daocore.obj
 0001:0001c6c6       ?_GetBaseClass@CDaoRecordset@@KGPAUCRuntimeClass@@XZ 5f71d6c6 f   daocore.obj
 0001:0001c6d0       ?GetRuntimeClass@CDaoRecordset@@UBEPAUCRuntimeClass@@XZ 5f71d6d0 f   daocore.obj
 0001:0001c6e0       ??0CDaoRecordset@@QAE@PAVCDaoDatabase@@@Z 5f71d6e0 f   daocore.obj
 0001:0001c84d       ??1CDaoRecordset@@UAE@XZ   5f71d84d f   daocore.obj
 0001:0001c96e       ?Open@CDaoRecordset@@UAEXHPBGH@Z 5f71d96e f   daocore.obj
 0001:0001d2c6       ?Open@CDaoRecordset@@UAEXPAVCDaoQueryDef@@HH@Z 5f71e2c6 f   daocore.obj
 0001:0001d5b6       ?Open@CDaoRecordset@@UAEXPAVCDaoTableDef@@HH@Z 5f71e5b6 f   daocore.obj
 0001:0001d857       ?Close@CDaoRecordset@@UAEXXZ 5f71e857 f   daocore.obj
 0001:0001db4e       ?Requery@CDaoRecordset@@UAEXXZ 5f71eb4e f   daocore.obj
 0001:0001ddd2       ?GetDefaultDBName@CDaoRecordset@@UAE?AVCString@@XZ 5f71edd2 f   daocore.obj
 0001:0001de14       ?GetDefaultSQL@CDaoRecordset@@UAE?AVCString@@XZ 5f71ee14 f   daocore.obj
 0001:0001de56       ?DoFieldExchange@CDaoRecordset@@UAEXPAVCDaoFieldExchange@@@Z 5f71ee56 f   daocore.obj
 0001:0001de76       ?IsBOF@CDaoRecordset@@QAEHXZ 5f71ee76 f   daocore.obj
 0001:0001deff       ?IsEOF@CDaoRecordset@@QAEHXZ 5f71eeff f   daocore.obj
 0001:0001df88       ?IsDeleted@CDaoRecordset@@QBEHXZ 5f71ef88 f   daocore.obj
 0001:0001dfd8       ?CanScroll@CDaoRecordset@@QBEHXZ 5f71efd8 f   daocore.obj
 0001:0001e028       ?CanUpdate@CDaoRecordset@@QBEHXZ 5f71f028 f   daocore.obj
 0001:0001e0b1       ?CanAppend@CDaoRecordset@@QBEHXZ 5f71f0b1 f   daocore.obj
 0001:0001e101       ?CanRestart@CDaoRecordset@@QAEHXZ 5f71f101 f   daocore.obj
 0001:0001e1ab       ?CanTransact@CDaoRecordset@@QAEHXZ 5f71f1ab f   daocore.obj
 0001:0001e234       ?CanBookmark@CDaoRecordset@@QAEHXZ 5f71f234 f   daocore.obj
 0001:0001e2bd       ?GetName@CDaoRecordset@@QAE?AVCString@@XZ 5f71f2bd f   daocore.obj
 0001:0001e3bb       ?GetType@CDaoRecordset@@QAEFXZ 5f71f3bb f   daocore.obj
 0001:0001e45d       ?GetEditMode@CDaoRecordset@@QAEFXZ 5f71f45d f   daocore.obj
 0001:0001e502       ?GetSQL@CDaoRecordset@@QBE?AVCString@@XZ 5f71f502 f   daocore.obj
 0001:0001e595       ?GetDateCreated@CDaoRecordset@@QAE?AVCOleDateTime@@XZ 5f71f595 f   daocore.obj
 0001:0001e685       ?GetDateLastUpdated@CDaoRecordset@@QAE?AVCOleDateTime@@XZ 5f71f685 f   daocore.obj
 0001:0001e775       ?GetLastModifiedBookmark@CDaoRecordset@@QAE?AVCOleVariant@@XZ 5f71f775 f   daocore.obj
 0001:0001e873       ?GetValidationRule@CDaoRecordset@@QAE?AVCString@@XZ 5f71f873 f   daocore.obj
 0001:0001e974       ?GetValidationText@CDaoRecordset@@QAE?AVCString@@XZ 5f71f974 f   daocore.obj
 0001:0001ea72       ?GetCurrentIndex@CDaoRecordset@@QAE?AVCString@@XZ 5f71fa72 f   daocore.obj
 0001:0001eb70       ?SetCurrentIndex@CDaoRecordset@@QAEXPBG@Z 5f71fb70 f   daocore.obj
 0001:0001ec5b       ?GetRecordCount@CDaoRecordset@@QAEJXZ 5f71fc5b f   daocore.obj
 0001:0001ecfc       ?SetFieldDirty@CDaoRecordset@@QAEXPAXH@Z 5f71fcfc f   daocore.obj
 0001:0001edd8       ?IsFieldDirty@CDaoRecordset@@QAEHPAX@Z 5f71fdd8 f   daocore.obj
 0001:0001eed0       ?SetFieldNull@CDaoRecordset@@QAEXPAXH@Z 5f71fed0 f   daocore.obj
 0001:0001efe8       ?IsFieldNull@CDaoRecordset@@QAEHPAX@Z 5f71ffe8 f   daocore.obj
 0001:0001f0cb       ?IsFieldNullable@CDaoRecordset@@QAEHPAX@Z 5f7200cb f   daocore.obj
 0001:0001f23e       ?GetFieldCount@CDaoRecordset@@QAEFXZ 5f72023e f   daocore.obj
 0001:0001f2a2       ?GetFieldInfo@CDaoRecordset@@QAEXHAAUCDaoFieldInfo@@K@Z 5f7202a2 f   daocore.obj
 0001:0001f3a6       ?GetFieldInfo@CDaoRecordset@@QAEXPBGAAUCDaoFieldInfo@@K@Z 5f7203a6 f   daocore.obj
 0001:0001f4aa       ?GetIndexCount@CDaoRecordset@@QAEFXZ 5f7204aa f   daocore.obj
 0001:0001f50e       ?GetIndexInfo@CDaoRecordset@@QAEXHAAUCDaoIndexInfo@@K@Z 5f72050e f   daocore.obj
 0001:0001f612       ?GetIndexInfo@CDaoRecordset@@QAEXPBGAAUCDaoIndexInfo@@K@Z 5f720612 f   daocore.obj
 0001:0001f716       ?GetBookmark@CDaoRecordset@@QAE?AVCOleVariant@@XZ 5f720716 f   daocore.obj
 0001:0001f814       ?SetBookmark@CDaoRecordset@@QAEXVCOleVariant@@@Z 5f720814 f   daocore.obj
 0001:0001f8ef       ?GetAbsolutePosition@CDaoRecordset@@QAEJXZ 5f7208ef f   daocore.obj
 0001:0001f993       ?SetAbsolutePosition@CDaoRecordset@@QAEXJ@Z 5f720993 f   daocore.obj
 0001:0001fa3c       ?GetPercentPosition@CDaoRecordset@@QAEMXZ 5f720a3c f   daocore.obj
 0001:0001fae0       ?SetPercentPosition@CDaoRecordset@@QAEXM@Z 5f720ae0 f   daocore.obj
 0001:0001fb89       ?MoveNext@CDaoRecordset@@QAEXXZ 5f720b89 f   daocore.obj
 0001:0001fbb4       ?MovePrev@CDaoRecordset@@QAEXXZ 5f720bb4 f   daocore.obj
 0001:0001fbdf       ?MoveFirst@CDaoRecordset@@QAEXXZ 5f720bdf f   daocore.obj
 0001:0001fc0d       ?MoveLast@CDaoRecordset@@QAEXXZ 5f720c0d f   daocore.obj
 0001:0001fc3b       ?Move@CDaoRecordset@@UAEXJ@Z 5f720c3b f   daocore.obj
 0001:0001fe6a       ?FindNext@CDaoRecordset@@QAEHPBG@Z 5f720e6a f   daocore.obj
 0001:0001fe9b       ?FindPrev@CDaoRecordset@@QAEHPBG@Z 5f720e9b f   daocore.obj
 0001:0001fecc       ?FindFirst@CDaoRecordset@@QAEHPBG@Z 5f720ecc f   daocore.obj
 0001:0001ff00       ?FindLast@CDaoRecordset@@QAEHPBG@Z 5f720f00 f   daocore.obj
 0001:0001ff34       ?Find@CDaoRecordset@@UAEHJPBG@Z 5f720f34 f   daocore.obj
 0001:00020132       ?Seek@CDaoRecordset@@QAEHPBGPAVCOleVariant@@11@Z 5f721132 f   daocore.obj
 0001:000204e3       ?Seek@CDaoRecordset@@QAEHPBGPAVCOleVariant@@G@Z 5f7214e3 f   daocore.obj
 0001:0002085c       ?CancelUpdate@CDaoRecordset@@UAEXXZ 5f72185c f   daocore.obj
 0001:00020911       ?SetLockingMode@CDaoRecordset@@QAEXH@Z 5f721911 f   daocore.obj
 0001:000209b3       ?GetLockingMode@CDaoRecordset@@QAEHXZ 5f7219b3 f   daocore.obj
 0001:00020a5d       ?SetCacheStart@CDaoRecordset@@QAEXVCOleVariant@@@Z 5f721a5d f   daocore.obj
 0001:00020b33       ?GetCacheStart@CDaoRecordset@@QAE?AVCOleVariant@@XZ 5f721b33 f   daocore.obj
 0001:00020c34       ?SetCacheSize@CDaoRecordset@@QAEXJ@Z 5f721c34 f   daocore.obj
 0001:00020cd5       ?GetCacheSize@CDaoRecordset@@QAEJXZ 5f721cd5 f   daocore.obj
 0001:00020d79       ?FillCache@CDaoRecordset@@QAEXPAJPAVCOleVariant@@@Z 5f721d79 f   daocore.obj
 0001:00020f1e       ?AddNew@CDaoRecordset@@UAEXXZ 5f721f1e f   daocore.obj
 0001:00021013       ?Edit@CDaoRecordset@@UAEXXZ 5f722013 f   daocore.obj
 0001:00021105       ?Update@CDaoRecordset@@UAEXXZ 5f722105 f   daocore.obj
 0001:000211f7       ?Delete@CDaoRecordset@@UAEXXZ 5f7221f7 f   daocore.obj
 0001:000212c6       ?GetFieldValue@CDaoRecordset@@UAE?AVCOleVariant@@PBG@Z 5f7222c6 f   daocore.obj
 0001:00021341       ?GetFieldValue@CDaoRecordset@@UAE?AVCOleVariant@@H@Z 5f722341 f   daocore.obj
 0001:000213bc       ?GetFieldValue@CDaoRecordset@@UAEXPBGAAVCOleVariant@@@Z 5f7223bc f   daocore.obj
 0001:000214e9       ?GetFieldValue@CDaoRecordset@@UAEXHAAVCOleVariant@@@Z 5f7224e9 f   daocore.obj
 0001:00021616       ?SetFieldValue@CDaoRecordset@@UAEXPBGABVCOleVariant@@@Z 5f722616 f   daocore.obj
 0001:0002176d       ?SetFieldValue@CDaoRecordset@@UAEXHABVCOleVariant@@@Z 5f72276d f   daocore.obj
 0001:000218c4       ?SetFieldValue@CDaoRecordset@@QAEXHPBG@Z 5f7228c4 f   daocore.obj
 0001:00021929       ?SetFieldValue@CDaoRecordset@@QAEXPBG0@Z 5f722929 f   daocore.obj
 0001:0002198e       ?SetFieldValueNull@CDaoRecordset@@QAEXPBG@Z 5f72298e f   daocore.obj
 0001:00021a05       ?SetFieldValueNull@CDaoRecordset@@QAEXH@Z 5f722a05 f   daocore.obj
 0001:00021a7c       ?GetParamValue@CDaoRecordset@@UAE?AVCOleVariant@@PBG@Z 5f722a7c f   daocore.obj
 0001:00021b18       ?GetParamValue@CDaoRecordset@@UAE?AVCOleVariant@@H@Z 5f722b18 f   daocore.obj
 0001:00021bb4       ?SetParamValue@CDaoRecordset@@UAEXPBGABVCOleVariant@@@Z 5f722bb4 f   daocore.obj
 0001:00021c3c       ?SetParamValue@CDaoRecordset@@UAEXHABVCOleVariant@@@Z 5f722c3c f   daocore.obj
 0001:00021cc4       ?SetParamValueNull@CDaoRecordset@@QAEXPBG@Z 5f722cc4 f   daocore.obj
 0001:00021d3b       ?SetParamValueNull@CDaoRecordset@@QAEXH@Z 5f722d3b f   daocore.obj
 0001:00021db2       ?GetFieldLength@CDaoRecordset@@QAEKH@Z 5f722db2 f   daocore.obj
 0001:00021e0a       ?InitFieldsCollection@CDaoRecordset@@IAEXXZ 5f722e0a f   daocore.obj
 0001:00021e89       ?InitIndexesCollection@CDaoRecordset@@IAEXXZ 5f722e89 f   daocore.obj
 0001:00021f0b       ?BuildSQL@CDaoRecordset@@IAEXXZ 5f722f0b f   daocore.obj
 0001:0002202f       ?AllocDatabase@CDaoRecordset@@IAEXXZ 5f72302f f   daocore.obj
 0001:00022130       ?BuildSelectList@CDaoRecordset@@IAEXXZ 5f723130 f   daocore.obj
 0001:000221a8       ?BuildParameterList@CDaoRecordset@@IAEXXZ 5f7231a8 f   daocore.obj
 0001:00022243       ?BindFields@CDaoRecordset@@IAEXXZ 5f723243 f   daocore.obj
 0001:000223c8       ?BindParameters@CDaoRecordset@@IAEXXZ 5f7233c8 f   daocore.obj
 0001:00022446       ?Fixup@CDaoRecordset@@IAEXXZ 5f723446 f   daocore.obj
 0001:00022485       ?AllocCache@CDaoRecordset@@IAEXXZ 5f723485 f   daocore.obj
 0001:00022518       ?StoreFields@CDaoRecordset@@IAEXXZ 5f723518 f   daocore.obj
 0001:00022592       ?LoadFields@CDaoRecordset@@IAEXXZ 5f723592 f   daocore.obj
 0001:000225ef       ?FreeCache@CDaoRecordset@@IAEXXZ 5f7235ef f   daocore.obj
 0001:000226c8       ?MarkForAddNew@CDaoRecordset@@IAEXXZ 5f7236c8 f   daocore.obj
 0001:00022707       ?MarkForEdit@CDaoRecordset@@IAEXXZ 5f723707 f   daocore.obj
 0001:00022746       ?GetFieldIndex@CDaoRecordset@@IAEHPAX@Z 5f723746 f   daocore.obj
 0001:000227b3       ?SetDirtyFields@CDaoRecordset@@MAEXXZ 5f7237b3 f   daocore.obj
 0001:00022803       ?SetCursorAttributes@CDaoRecordset@@QAEXXZ 5f723803 f   daocore.obj
 0001:00022882       ?GetDataAndFixupNulls@CDaoRecordset@@QAEXXZ 5f723882 f   daocore.obj
 0001:00022987       ?IsFieldStatusDirty@CDaoRecordset@@QAEHI@Z 5f723987 f   daocore.obj
 0001:000229c2       ?SetDirtyFieldStatus@CDaoRecordset@@QAEXI@Z 5f7239c2 f   daocore.obj
 0001:000229fd       ?ClearDirtyFieldStatus@CDaoRecordset@@QAEXI@Z 5f7239fd f   daocore.obj
 0001:00022a38       ?IsFieldStatusNull@CDaoRecordset@@QAEHI@Z 5f723a38 f   daocore.obj
 0001:00022a71       ?SetNullFieldStatus@CDaoRecordset@@QAEXI@Z 5f723a71 f   daocore.obj
 0001:00022aac       ?ClearNullFieldStatus@CDaoRecordset@@QAEXI@Z 5f723aac f   daocore.obj
 0001:00022ae7       ?IsFieldStatusNullable@CDaoRecordset@@QAEHI@Z 5f723ae7 f   daocore.obj
 0001:00022b20       ?SetNullableFieldStatus@CDaoRecordset@@QAEXI@Z 5f723b20 f   daocore.obj
 0001:00022b5b       ?IsFieldStatusNullableKnown@CDaoRecordset@@QAEHI@Z 5f723b5b f   daocore.obj
 0001:00022b94       ?SetNullableKnownFieldStatus@CDaoRecordset@@QAEXI@Z 5f723b94 f   daocore.obj
 0001:00022bcf       ?ClearFieldStatusFlags@CDaoRecordset@@QAEXXZ 5f723bcf f   daocore.obj
 0001:00022c05       ?IsMatch@CDaoRecordset@@QAEHXZ 5f723c05 f   daocore.obj
 0001:00022c89       ?StripBrackets@CDaoRecordset@@SAXPBGPAG@Z 5f723c89 f   daocore.obj
 0001:00022d26       ?ThrowDaoException@CDaoRecordset@@MAEXH@Z 5f723d26 f   daocore.obj
 0001:00022d51       ?AssertValid@CDaoRecordset@@UBEXXZ 5f723d51 f   daocore.obj
 0001:00022d64       ?Dump@CDaoRecordset@@UBEXAAVCDumpContext@@@Z 5f723d64 f   daocore.obj
 0001:00022f73       ?AfxGetFieldInfo@@YAXPAU_DAOField@@AAUCDaoFieldInfo@@K@Z 5f723f73 f   daocore.obj
 0001:000233a5       ?AfxSetFieldInfo@@YAXPAU_DAOField@@AAUCDaoFieldInfo@@@Z 5f7243a5 f   daocore.obj
 0001:00023618       ?AfxGetDefaultValue@@YAXPAU_DAOField@@AAVCString@@@Z 5f724618 f   daocore.obj
 0001:000236fa       ?AfxSetDefaultValue@@YAXPAU_DAOField@@AAVCString@@@Z 5f7246fa f   daocore.obj
 0001:000237fd       ?AfxGetIndexInfo@@YAXPAU_DAOIndex@@AAUCDaoIndexInfo@@K@Z 5f7247fd f   daocore.obj
 0001:00023a90       ?AfxSetIndexInfo@@YAXPAU_DAOIndex@@AAUCDaoIndexInfo@@@Z 5f724a90 f   daocore.obj
 0001:00023bbb       ?AfxGetIndexFields@@YAXPAU_DAOIndex@@PAPAUDAOIndexFields@@@Z 5f724bbb f   daocore.obj
 0001:00023cca       ?AfxGetIndexFieldInfo@@YAXPAU_DAOIndex@@AAUCDaoIndexInfo@@@Z 5f724cca f   daocore.obj
 0001:000240ea       ?AfxSetIndexFieldInfo@@YAXPAU_DAOIndex@@AAUCDaoIndexInfo@@@Z 5f7250ea f   daocore.obj
 0001:00024342       ?ThrowGetRowsDaoException@@YAXJ@Z 5f725342 f   daocore.obj
 0001:00024502       ?AfxGetDaoState@@YAPAV_AFX_DAO_STATE@@XZ 5f725502 f   daocore.obj
 0001:00024569       ?AfxDaoInit@@YGXXZ         5f725569 f   daocore.obj
 0001:000247b4       ?AfxDaoGetEngine@@YGPAU_DAODBEngine@@XZ 5f7257b4 f   daocore.obj
 0001:000247c1       ?AfxDaoTerm@@YGXXZ         5f7257c1 f   daocore.obj
 0001:00024874       ?IsOpen@CDaoWorkspace@@QBEHXZ 5f725874 f   daocore.obj
 0001:00024895       ?IsNew@CDaoWorkspace@@QBEHXZ 5f725895 f   daocore.obj
 0001:000248b6       ?IsOpen@CDaoDatabase@@QBEHXZ 5f7258b6 f   daocore.obj
 0001:000248d7       ?IsOpen@CDaoTableDef@@QBEHXZ 5f7258d7 f   daocore.obj
 0001:000248f8       ?IsOpen@CDaoQueryDef@@QBEHXZ 5f7258f8 f   daocore.obj
 0001:00024919       ?IsOpen@CDaoRecordset@@QBEHXZ 5f725919 f   daocore.obj
 0001:00024940       ??_G_AFX_DAO_STATE@@UAEPAXI@Z 5f725940 f i daocore.obj
 0001:00024940       ??_E_AFX_DAO_STATE@@UAEPAXI@Z 5f725940 f i daocore.obj
 0001:00024970       ??0AFX_INITOPTIONALVARIANT@@QAE@XZ 5f725970 f i daocore.obj
 0001:000249a0       ??0AFX_INITNULLVARIANT@@QAE@XZ 5f7259a0 f i daocore.obj
 0001:000249c0       ??_GCDaoIndexInfo@@UAEPAXI@Z 5f7259c0 f i daocore.obj
 0001:000249c0       ??_ECDaoIndexInfo@@UAEPAXI@Z 5f7259c0 f i daocore.obj
 0001:000249f0       ??_ECDaoIndexFieldInfo@@QAEPAXI@Z 5f7259f0 f i daocore.obj
 0001:00024a50       ??1CDaoIndexFieldInfo@@QAE@XZ 5f725a50 f i daocore.obj
 0001:00024a70       ??_GCDaoRelationInfo@@UAEPAXI@Z 5f725a70 f i daocore.obj
 0001:00024a70       ??_ECDaoRelationInfo@@UAEPAXI@Z 5f725a70 f i daocore.obj
 0001:00024aa0       ??_ECDaoRelationFieldInfo@@QAEPAXI@Z 5f725aa0 f i daocore.obj
 0001:00024b00       ??1CDaoRelationFieldInfo@@QAE@XZ 5f725b00 f i daocore.obj
 0001:00024b50       ??_GCDaoErrorInfo@@QAEPAXI@Z 5f725b50 f i daocore.obj
 0001:00024b80       ??1CDaoErrorInfo@@QAE@XZ   5f725b80 f i daocore.obj
 0001:00024be0       ??0CDaoErrorInfo@@QAE@XZ   5f725be0 f i daocore.obj
 0001:00024c50       ??0CDaoRelationFieldInfo@@QAE@XZ 5f725c50 f i daocore.obj
 0001:00024cb0       ??_GCDaoTableDef@@UAEPAXI@Z 5f725cb0 f i daocore.obj
 0001:00024cb0       ??_ECDaoTableDef@@UAEPAXI@Z 5f725cb0 f i daocore.obj
 0001:00024ce0       ??0CDaoFieldInfo@@QAE@XZ   5f725ce0 f i daocore.obj
 0001:00024d90       ??1CDaoFieldInfo@@QAE@XZ   5f725d90 f i daocore.obj
 0001:00024e30       ??_GCDaoQueryDef@@UAEPAXI@Z 5f725e30 f i daocore.obj
 0001:00024e30       ??_ECDaoQueryDef@@UAEPAXI@Z 5f725e30 f i daocore.obj
 0001:00024e60       ??0CDaoIndexFieldInfo@@QAE@XZ 5f725e60 f i daocore.obj
 0001:00024e90       ??_9@$BEM@AG               5f725e90 f i daocore.obj
 0001:00024ea0       ??_9@$BHE@AG               5f725ea0 f i daocore.obj
 0001:00024eb0       ??_9@$BHI@AG               5f725eb0 f i daocore.obj
 0001:00024ec0       ??0CDaoFieldExchange@@QAE@IPAVCDaoRecordset@@PAX@Z 5f725ec0 f   daodfx.obj
 0001:00024f2b       ?IsValidOperation@CDaoFieldExchange@@QAEHXZ 5f725f2b f   daodfx.obj
 0001:00024fa9       ?AppendParamType@CDaoFieldExchange@@SGXAAVCString@@K@Z 5f725fa9 f   daodfx.obj
 0001:00025283       ?GetCacheValue@CDaoFieldExchange@@SGPAUCDaoFieldCache@@PAVCDaoRecordset@@PAX@Z 5f726283 f   daodfx.obj
 0001:000252b3       ?SetNullValue@CDaoFieldExchange@@SGXPAXK@Z 5f7262b3 f   daodfx.obj
 0001:000253c3       ?IsNullValue@CDaoFieldExchange@@SGHPAXK@Z 5f7263c3 f   daodfx.obj
 0001:00025559       ?AllocCacheValue@CDaoFieldExchange@@SGXAAPAUCDaoFieldCache@@K@Z 5f726559 f   daodfx.obj
 0001:000257d0       ?DeleteCacheValue@CDaoFieldExchange@@SGXPAUCDaoFieldCache@@K@Z 5f7267d0 f   daodfx.obj
 0001:00025945       ?CopyValue@CDaoFieldExchange@@SGXPAX0K@Z 5f726945 f   daodfx.obj
 0001:00025adc       ?CompareValue@CDaoFieldExchange@@SGHPAX0K@Z 5f726adc f   daodfx.obj
 0001:00025d32       ?FillVariant@CDaoFieldExchange@@SGXPAXKPAPAVCOleVariant@@@Z 5f726d32 f   daodfx.obj
 0001:00025f1c       ?Default@CDaoFieldExchange@@QAEXPBGPAXKK@Z 5f726f1c f   daodfx.obj
 0001:00026746       ?DFX_Text@@YGXPAVCDaoFieldExchange@@PBGAAVCString@@HK@Z 5f727746 f   daodfx.obj
 0001:000268e4       ?DFX_Binary@@YGXPAVCDaoFieldExchange@@PBGAAVCByteArray@@HK@Z 5f7278e4 f   daodfx.obj
 0001:000269f5       ?DFX_LongBinary@@YGXPAVCDaoFieldExchange@@PBGAAVCLongBinary@@KK@Z 5f7279f5 f   daodfx.obj
 0001:00026b40       ?DFX_Bool@@YGXPAVCDaoFieldExchange@@PBGAAHK@Z 5f727b40 f   daodfx.obj
 0001:00026c9c       ?DFX_Byte@@YGXPAVCDaoFieldExchange@@PBGAAEK@Z 5f727c9c f   daodfx.obj
 0001:00026dc2       ?DFX_Short@@YGXPAVCDaoFieldExchange@@PBGAAFK@Z 5f727dc2 f   daodfx.obj
 0001:00026ee9       ?DFX_Long@@YGXPAVCDaoFieldExchange@@PBGAAJK@Z 5f727ee9 f   daodfx.obj
 0001:0002700f       ?DFX_Currency@@YGXPAVCDaoFieldExchange@@PBGAAVCOleCurrency@@K@Z 5f72800f f   daodfx.obj
 0001:0002718f       ?DFX_Single@@YGXPAVCDaoFieldExchange@@PBGAAMK@Z 5f72818f f   daodfx.obj
 0001:000272b5       ?DFX_Double@@YGXPAVCDaoFieldExchange@@PBGAANK@Z 5f7282b5 f   daodfx.obj
 0001:000273d6       ?DFX_DateTime@@YGXPAVCDaoFieldExchange@@PBGAAVCOleDateTime@@K@Z 5f7283d6 f   daodfx.obj
 0001:00027556       _DaoStringAllocCallback@12 5f728556 f   daodfx.obj
 0001:00027613       _DaoBinaryAllocCallback@12 5f728613 f   daodfx.obj
 0001:000276d9       _DaoLongBinaryAllocCallback@12 5f7286d9 f   daodfx.obj
 0001:000277d2       ?AllocLongBinary@@YAXAAVCLongBinary@@K@Z 5f7287d2 f   daodfx.obj
 0001:0002785c       ?SetFieldType@CDaoFieldExchange@@QAEXI@Z 5f72885c f   daodfx.obj
 0001:000278a0       ??_GCOleVariant@@QAEPAXI@Z 5f7288a0 f i daodfx.obj
 0001:000278d0       ?_GetBaseClass@CDaoRecordView@@KGPAUCRuntimeClass@@XZ 5f7288d0 f   daoview.obj
 0001:000278da       ?GetRuntimeClass@CDaoRecordView@@UBEPAUCRuntimeClass@@XZ 5f7288da f   daoview.obj
 0001:000278ea       ?_GetBaseMessageMap@CDaoRecordView@@KGPBUAFX_MSGMAP@@XZ 5f7288ea f   daoview.obj
 0001:000278f4       ?GetMessageMap@CDaoRecordView@@MBEPBUAFX_MSGMAP@@XZ 5f7288f4 f   daoview.obj
 0001:00027904       ??0CDaoRecordView@@IAE@PBG@Z 5f728904 f   daoview.obj
 0001:000279c8       ??0CDaoRecordView@@IAE@I@Z 5f7289c8 f   daoview.obj
 0001:00027a8c       ??1CDaoRecordView@@UAE@XZ  5f728a8c f   daoview.obj
 0001:00027b07       ?OnInitialUpdate@CDaoRecordView@@UAEXXZ 5f728b07 f   daoview.obj
 0001:00027ce2       ?OnMove@CDaoRecordView@@UAEHI@Z 5f728ce2 f   daoview.obj
 0001:00028234       ?IsOnFirstRecord@CDaoRecordView@@QAEHXZ 5f729234 f   daoview.obj
 0001:0002826a       ?IsOnLastRecord@CDaoRecordView@@QAEHXZ 5f72926a f   daoview.obj
 0001:000282a0       ?AfxFieldText@@YGHPAVCDataExchange@@HPAXPAVCDaoRecordset@@@Z 5f7292a0 f   daoview.obj
 0001:0002838c       ?DDX_FieldText@@YGXPAVCDataExchange@@HAAHPAVCDaoRecordset@@@Z 5f72938c f   daoview.obj
 0001:000283bd       ?DDX_FieldText@@YGXPAVCDataExchange@@HAAEPAVCDaoRecordset@@@Z 5f7293bd f   daoview.obj
 0001:000283ee       ?DDX_FieldText@@YGXPAVCDataExchange@@HAAFPAVCDaoRecordset@@@Z 5f7293ee f   daoview.obj
 0001:0002841f       ?DDX_FieldText@@YGXPAVCDataExchange@@HAAJPAVCDaoRecordset@@@Z 5f72941f f   daoview.obj
 0001:00028450       ?DDX_FieldText@@YGXPAVCDataExchange@@HAAKPAVCDaoRecordset@@@Z 5f729450 f   daoview.obj
 0001:00028481       ?DDX_FieldText@@YGXPAVCDataExchange@@HAAVCOleCurrency@@PAVCDaoRecordset@@@Z 5f729481 f   daoview.obj
 0001:000284b2       ?DDX_FieldText@@YGXPAVCDataExchange@@HAAMPAVCDaoRecordset@@@Z 5f7294b2 f   daoview.obj
 0001:000284e3       ?DDX_FieldText@@YGXPAVCDataExchange@@HAANPAVCDaoRecordset@@@Z 5f7294e3 f   daoview.obj
 0001:00028514       ?DDX_FieldText@@YGXPAVCDataExchange@@HAAVCOleDateTime@@PAVCDaoRecordset@@@Z 5f729514 f   daoview.obj
 0001:00028545       ?DDX_FieldText@@YGXPAVCDataExchange@@HAAVCString@@PAVCDaoRecordset@@@Z 5f729545 f   daoview.obj
 0001:00028576       ?DDX_FieldLBString@@YGXPAVCDataExchange@@HAAVCString@@PAVCDaoRecordset@@@Z 5f729576 f   daoview.obj
 0001:000286d0       ?DDX_FieldLBStringExact@@YGXPAVCDataExchange@@HAAVCString@@PAVCDaoRecordset@@@Z 5f7296d0 f   daoview.obj
 0001:0002879a       ?DDX_FieldCBString@@YGXPAVCDataExchange@@HAAVCString@@PAVCDaoRecordset@@@Z 5f72979a f   daoview.obj
 0001:000288e8       ?DDX_FieldCBStringExact@@YGXPAVCDataExchange@@HAAVCString@@PAVCDaoRecordset@@@Z 5f7298e8 f   daoview.obj
 0001:000289b2       ?DDX_FieldLBIndex@@YGXPAVCDataExchange@@HAAHPAVCDaoRecordset@@@Z 5f7299b2 f   daoview.obj
 0001:00028a1e       ?DDX_FieldCBIndex@@YGXPAVCDataExchange@@HAAHPAVCDaoRecordset@@@Z 5f729a1e f   daoview.obj
 0001:00028a8a       ?DDX_FieldScroll@@YGXPAVCDataExchange@@HAAHPAVCDaoRecordset@@@Z 5f729a8a f   daoview.obj
 0001:00028af6       ?DDX_FieldCheck@@YGXPAVCDataExchange@@HAAHPAVCDaoRecordset@@@Z 5f729af6 f   daoview.obj
 0001:00028c63       ?DDX_FieldRadio@@YGXPAVCDataExchange@@HAAHPAVCDaoRecordset@@@Z 5f729c63 f   daoview.obj
 0001:00028cfe       ?AssertValid@CDaoRecordView@@UBEXXZ 5f729cfe f   daoview.obj
 0001:00028d11       ?Dump@CDaoRecordView@@UBEXAAVCDumpContext@@@Z 5f729d11 f   daoview.obj
 0001:00028e52       ?OnUpdateRecordFirst@CDaoRecordView@@IAEXPAVCCmdUI@@@Z 5f729e52 f   daoview.obj
 0001:00028e86       ?OnUpdateRecordNext@CDaoRecordView@@IAEXPAVCCmdUI@@@Z 5f729e86 f   daoview.obj
 0001:00028eba       ?OnUpdateRecordPrev@CDaoRecordView@@IAEXPAVCCmdUI@@@Z 5f729eba f   daoview.obj
 0001:00028eee       ?OnUpdateRecordLast@CDaoRecordView@@IAEXPAVCCmdUI@@@Z 5f729eee f   daoview.obj
 0001:00028f22       ?OnMove@CDaoRecordView@@IAEXHH@Z 5f729f22 f   daoview.obj
 0001:00028f40       ??_GCDaoRecordView@@UAEPAXI@Z 5f729f40 f i daoview.obj
 0001:00028f40       ??_ECDaoRecordView@@UAEPAXI@Z 5f729f40 f i daoview.obj
 0001:00028f6c       ?AfxGetModuleState@@YGPAVAFX_MODULE_STATE@@XZ 5f729f6c f   MFC42UD:MFC42uD.DLL
 0001:00028f72       ??3CObject@@SGXPAX@Z       5f729f72 f   MFC42UD:MFC42uD.DLL
 0001:00028f78       ?AfxTermThread@@YGXPAUHINSTANCE__@@@Z 5f729f78 f   MFC42UD:MFC42uD.DLL
 0001:00028f7e       ?AfxTermExtensionModule@@YGXAAUAFX_EXTENSION_MODULE@@H@Z 5f729f7e f   MFC42UD:MFC42uD.DLL
 0001:00028f84       ??0CDynLinkLibrary@@QAE@AAUAFX_EXTENSION_MODULE@@H@Z 5f729f84 f   MFC42UD:MFC42uD.DLL
 0001:00028f8a       ??2CObject@@SGPAXI@Z       5f729f8a f   MFC42UD:MFC42uD.DLL
 0001:00028f90       ?AfxAssertFailedLine@@YGHPBDH@Z 5f729f90 f   MFC42UD:MFC42uD.DLL
 0001:00028f96       ?AfxInitExtensionModule@@YGHAAUAFX_EXTENSION_MODULE@@PAUHINSTANCE__@@@Z 5f729f96 f   MFC42UD:MFC42uD.DLL
 0001:00028f9c       ?AfxGetAppModuleState@@YGPAVAFX_MODULE_STATE@@XZ 5f729f9c f   MFC42UD:MFC42uD.DLL
 0001:00028fa2       ??3@YAXPAX@Z               5f729fa2 f   MFC42UD:MFC42uD.DLL
 0001:00028fa8       ??2@YAPAXI@Z               5f729fa8 f   MFC42UD:MFC42uD.DLL
 0001:00028fae       ??3CException@@SGXPAX@Z    5f729fae f   MFC42UD:MFC42uD.DLL
 0001:00028fb4       ?AfxTrace@@YAXPBGZZ        5f729fb4 f   MFC42UD:MFC42uD.DLL
 0001:00028fba       ?IsKindOf@CObject@@QBEHPBUCRuntimeClass@@@Z 5f729fba f   MFC42UD:MFC42uD.DLL
 0001:00028fc0       ?AfxLoadDll@@YGPAUHINSTANCE__@@RAPAU1@PBD@Z 5f729fc0 f   MFC42UD:MFC42uD.DLL
 0001:00028fc6       ??3CNoTrackObject@@SGXPAX@Z 5f729fc6 f   MFC42UD:MFC42uD.DLL
 0001:00028fcc       ?LoadStringW@CString@@QAEHI@Z 5f729fcc f   MFC42UD:MFC42uD.DLL
 0001:00028fd2       ??2CObject@@SGPAXIPBDH@Z   5f729fd2 f   MFC42UD:MFC42uD.DLL
 0001:00028fd8       ?ReportError@CException@@UAEHII@Z 5f729fd8 f   MFC42UD:MFC42uD.DLL
 0001:00028fde       ?Dump@CObject@@UBEXAAVCDumpContext@@@Z 5f729fde f   MFC42UD:MFC42uD.DLL
 0001:00028fe4       ?AssertValid@CObject@@UBEXXZ 5f729fe4 f   MFC42UD:MFC42uD.DLL
 0001:00028fea       ?Serialize@CObject@@UAEXAAVCArchive@@@Z 5f729fea f   MFC42UD:MFC42uD.DLL
 0001:00028ff0       ??1CString@@QAE@XZ         5f729ff0 f   MFC42UD:MFC42uD.DLL
 0001:00028ff6       ??1CException@@UAE@XZ      5f729ff6 f   MFC42UD:MFC42uD.DLL
 0001:00028ffc       ??0CString@@QAE@XZ         5f729ffc f   MFC42UD:MFC42uD.DLL
 0001:00029002       ??0CException@@QAE@XZ      5f72a002 f   MFC42UD:MFC42uD.DLL
 0001:00029008       ??H@YG?AVCString@@ABV0@PBG@Z 5f72a008 f   MFC42UD:MFC42uD.DLL
 0001:0002900e       ??H@YG?AVCString@@PBGABV0@@Z 5f72a00e f   MFC42UD:MFC42uD.DLL
 0001:00029014       ??4CString@@QAEABV0@ABV0@@Z 5f72a014 f   MFC42UD:MFC42uD.DLL
 0001:0002901a       ?Right@CString@@QBE?AV1@H@Z 5f72a01a f   MFC42UD:MFC42uD.DLL
 0001:00029020       ?GetLength@CString@@QBEHXZ 5f72a020 f   MFC42UD:MFC42uD.DLL
 0001:00029026       ??YCString@@QAEABV0@ABV0@@Z 5f72a026 f   MFC42UD:MFC42uD.DLL
 0001:0002902c       ?Left@CString@@QBE?AV1@H@Z 5f72a02c f   MFC42UD:MFC42uD.DLL
 0001:00029032       ?Find@CString@@QBEHG@Z     5f72a032 f   MFC42UD:MFC42uD.DLL
 0001:00029038       ??ACString@@QBEGH@Z        5f72a038 f   MFC42UD:MFC42uD.DLL
 0001:0002903e       ?IsEmpty@CString@@QBEHXZ   5f72a03e f   MFC42UD:MFC42uD.DLL
 0001:00029044       ??YCString@@QAEABV0@PBG@Z  5f72a044 f   MFC42UD:MFC42uD.DLL
 0001:0002904a       ??BCString@@QBEPBGXZ       5f72a04a f   MFC42UD:MFC42uD.DLL
 0001:00029050       ??4CString@@QAEABV0@PBE@Z  5f72a050 f   MFC42UD:MFC42uD.DLL
 0001:00029056       ?AfxAssertValidObject@@YGXPBVCObject@@PBDH@Z 5f72a056 f   MFC42UD:MFC42uD.DLL
 0001:0002905c       ?AfxIsValidString@@YGHPBGH@Z 5f72a05c f   MFC42UD:MFC42uD.DLL
 0001:00029062       ??0CString@@QAE@PBG@Z      5f72a062 f   MFC42UD:MFC42uD.DLL
 0001:00029068       ?Empty@CString@@QAEXXZ     5f72a068 f   MFC42UD:MFC42uD.DLL
 0001:0002906e       ??1CObject@@UAE@XZ         5f72a06e f   MFC42UD:MFC42uD.DLL
 0001:00029074       ??0CPtrList@@QAE@H@Z       5f72a074 f   MFC42UD:MFC42uD.DLL
 0001:0002907a       ??0CObject@@IAE@XZ         5f72a07a f   MFC42UD:MFC42uD.DLL
 0001:00029080       ??1CPtrList@@UAE@XZ        5f72a080 f   MFC42UD:MFC42uD.DLL
 0001:00029086       ??4CString@@QAEABV0@PBG@Z  5f72a086 f   MFC42UD:MFC42uD.DLL
 0001:0002908c       ?AfxW2AHelper@@YGPADPADPBGH@Z 5f72a08c f   MFC42UD:MFC42uD.DLL
 0001:00029092       ?AfxUnlockGlobals@@YGXH@Z  5f72a092 f   MFC42UD:MFC42uD.DLL
 0001:00029098       ?GetHead@CPtrList@@QAEAAPAXXZ 5f72a098 f   MFC42UD:MFC42uD.DLL
 0001:0002909e       ?IsEmpty@CPtrList@@QBEHXZ  5f72a09e f   MFC42UD:MFC42uD.DLL
 0001:000290a4       ?AfxLockGlobals@@YGXH@Z    5f72a0a4 f   MFC42UD:MFC42uD.DLL
 0001:000290aa       ?Delete@CException@@QAEXXZ 5f72a0aa f   MFC42UD:MFC42uD.DLL
 0001:000290b0       ??0CString@@QAE@PBD@Z      5f72a0b0 f   MFC42UD:MFC42uD.DLL
 0001:000290b6       ?AfxThrowMemoryException@@YGXXZ 5f72a0b6 f   MFC42UD:MFC42uD.DLL
 0001:000290bc       ?GetDesktopWindow@CWnd@@SGPAV1@XZ 5f72a0bc f   MFC42UD:MFC42uD.DLL
 0001:000290c2       ?GetSafeOwner@CWnd@@SGPAV1@PAV1@PAPAUHWND__@@@Z 5f72a0c2 f   MFC42UD:MFC42uD.DLL
 0001:000290c8       ??4CString@@QAEABV0@PBD@Z  5f72a0c8 f   MFC42UD:MFC42uD.DLL
 0001:000290ce       ?GetDepth@CDumpContext@@QBEHXZ 5f72a0ce f   MFC42UD:MFC42uD.DLL
 0001:000290d4       ??6CDumpContext@@QAEAAV0@K@Z 5f72a0d4 f   MFC42UD:MFC42uD.DLL
 0001:000290da       ??6CDumpContext@@QAEAAV0@H@Z 5f72a0da f   MFC42UD:MFC42uD.DLL
 0001:000290e0       ??6@YGAAVCDumpContext@@AAV0@ABVCString@@@Z 5f72a0e0 f   MFC42UD:MFC42uD.DLL
 0001:000290e6       ??6CDumpContext@@QAEAAV0@PBX@Z 5f72a0e6 f   MFC42UD:MFC42uD.DLL
 0001:000290ec       ??6CDumpContext@@QAEAAV0@PBD@Z 5f72a0ec f   MFC42UD:MFC42uD.DLL
 0001:000290f2       ??1CMapPtrToPtr@@UAE@XZ    5f72a0f2 f   MFC42UD:MFC42uD.DLL
 0001:000290f8       ?AddHead@CPtrList@@QAEPAU__POSITION@@PAX@Z 5f72a0f8 f   MFC42UD:MFC42uD.DLL
 0001:000290fe       ?AfxIsValidAddress@@YGHPBXIH@Z 5f72a0fe f   MFC42UD:MFC42uD.DLL
 0001:00029104       ??0CMapPtrToPtr@@QAE@H@Z   5f72a104 f   MFC42UD:MFC42uD.DLL
 0001:0002910a       ?RemoveAt@CPtrList@@QAEXPAU__POSITION@@@Z 5f72a10a f   MFC42UD:MFC42uD.DLL
 0001:00029110       ?Find@CPtrList@@QBEPAU__POSITION@@PAXPAU2@@Z 5f72a110 f   MFC42UD:MFC42uD.DLL
 0001:00029116       ?Find@CString@@QBEHPBG@Z   5f72a116 f   MFC42UD:MFC42uD.DLL
 0001:0002911c       ??2@YAPAXIPBDH@Z           5f72a11c f   MFC42UD:MFC42uD.DLL
 0001:00029122       ?GetBuffer@CString@@QAEPAGH@Z 5f72a122 f   MFC42UD:MFC42uD.DLL
 0001:00029128       ?GetBufferSetLength@CString@@QAEPAGH@Z 5f72a128 f   MFC42UD:MFC42uD.DLL
 0001:0002912e       ??9@YG_NABVCString@@0@Z    5f72a12e f   MFC42UD:MFC42uD.DLL
 0001:00029134       ?ReleaseBuffer@CString@@QAEXH@Z 5f72a134 f   MFC42UD:MFC42uD.DLL
 0001:0002913a       ?MakeUpper@CString@@QAEXXZ 5f72a13a f   MFC42UD:MFC42uD.DLL
 0001:00029140       ?SetAt@CString@@QAEXHG@Z   5f72a140 f   MFC42UD:MFC42uD.DLL
 0001:00029146       ?Lookup@CMapPtrToPtr@@QBEHPAXAAPAX@Z 5f72a146 f   MFC42UD:MFC42uD.DLL
 0001:0002914c       ??8@YG_NABVCString@@PBG@Z  5f72a14c f   MFC42UD:MFC42uD.DLL
 0001:00029152       ??6CDumpContext@@QAEAAV0@PBVCObject@@@Z 5f72a152 f   MFC42UD:MFC42uD.DLL
 0001:00029158       ??6CDumpContext@@QAEAAV0@J@Z 5f72a158 f   MFC42UD:MFC42uD.DLL
 0001:0002915e       ??6CDumpContext@@QAEAAV0@I@Z 5f72a15e f   MFC42UD:MFC42uD.DLL
 0001:00029164       ??1CProcessLocalObject@@QAE@XZ 5f72a164 f   MFC42UD:MFC42uD.DLL
 0001:0002916a       ?GetData@CProcessLocalObject@@QAEPAVCNoTrackObject@@P6GPAV2@XZ@Z 5f72a16a f   MFC42UD:MFC42uD.DLL
 0001:00029170       ??2CNoTrackObject@@SGPAXI@Z 5f72a170 f   MFC42UD:MFC42uD.DLL
 0001:00029176       ?GetData@CByteArray@@QAEPAEXZ 5f72a176 f   MFC42UD:MFC42uD.DLL
 0001:0002917c       ??YCString@@QAEABV0@D@Z    5f72a17c f   MFC42UD:MFC42uD.DLL
 0001:00029182       ?SetAt@CMapPtrToPtr@@QAEXPAX0@Z 5f72a182 f   MFC42UD:MFC42uD.DLL
 0001:00029188       ??6CDumpContext@@QAEAAV0@PBG@Z 5f72a188 f   MFC42UD:MFC42uD.DLL
 0001:0002918e       ?LockBuffer@CString@@QAEPAGXZ 5f72a18e f   MFC42UD:MFC42uD.DLL
 0001:00029194       ??6CDumpContext@@QAEAAV0@E@Z 5f72a194 f   MFC42UD:MFC42uD.DLL
 0001:0002919a       ??0CByteArray@@QAE@XZ      5f72a19a f   MFC42UD:MFC42uD.DLL
 0001:000291a0       ?SetSize@CByteArray@@QAEXHH@Z 5f72a1a0 f   MFC42UD:MFC42uD.DLL
 0001:000291a6       ??ACByteArray@@QAEAAEH@Z   5f72a1a6 f   MFC42UD:MFC42uD.DLL
 0001:000291ac       ?GetSize@CByteArray@@QBEHXZ 5f72a1ac f   MFC42UD:MFC42uD.DLL
 0001:000291b2       ??6@YGAAVCDumpContext@@AAV0@VCTime@@@Z 5f72a1b2 f   MFC42UD:MFC42uD.DLL
 0001:000291b8       ??0CTime@@QAE@XZ           5f72a1b8 f   MFC42UD:MFC42uD.DLL
 0001:000291be       ??9CTime@@QBEHV0@@Z        5f72a1be f   MFC42UD:MFC42uD.DLL
 0001:000291c4       ??0CTime@@QAE@ABV0@@Z      5f72a1c4 f   MFC42UD:MFC42uD.DLL
 0001:000291ca       ??0CTime@@QAE@HHHHHHH@Z    5f72a1ca f   MFC42UD:MFC42uD.DLL
 0001:000291d0       ??4CTime@@QAEABV0@ABV0@@Z  5f72a1d0 f   MFC42UD:MFC42uD.DLL
 0001:000291d6       ??0CTime@@QAE@J@Z          5f72a1d6 f   MFC42UD:MFC42uD.DLL
 0001:000291dc       ?GetSecond@CTime@@QBEHXZ   5f72a1dc f   MFC42UD:MFC42uD.DLL
 0001:000291e2       ?GetMinute@CTime@@QBEHXZ   5f72a1e2 f   MFC42UD:MFC42uD.DLL
 0001:000291e8       ?GetHour@CTime@@QBEHXZ     5f72a1e8 f   MFC42UD:MFC42uD.DLL
 0001:000291ee       ?GetDay@CTime@@QBEHXZ      5f72a1ee f   MFC42UD:MFC42uD.DLL
 0001:000291f4       ?GetMonth@CTime@@QBEHXZ    5f72a1f4 f   MFC42UD:MFC42uD.DLL
 0001:000291fa       ?GetYear@CTime@@QBEHXZ     5f72a1fa f   MFC42UD:MFC42uD.DLL
 0001:00029200       ??6CDumpContext@@QAEAAV0@G@Z 5f72a200 f   MFC42UD:MFC42uD.DLL
 0001:00029206       ??8CTime@@QBEHV0@@Z        5f72a206 f   MFC42UD:MFC42uD.DLL
 0001:0002920c       ??8@YG_NABVCString@@0@Z    5f72a20c f   MFC42UD:MFC42uD.DLL
 0001:00029212       ?Copy@CByteArray@@QAEXABV1@@Z 5f72a212 f   MFC42UD:MFC42uD.DLL
 0001:00029218       ?OnEndPrintPreview@CView@@MAEXPAVCDC@@PAUCPrintInfo@@UtagPOINT@@PAVCPreviewView@@@Z 5f72a218 f   MFC42UD:MFC42uD.DLL
 0001:0002921e       ?OnEndPrinting@CView@@MAEXPAVCDC@@PAUCPrintInfo@@@Z 5f72a21e f   MFC42UD:MFC42uD.DLL
 0001:00029224       ?OnPrint@CView@@MAEXPAVCDC@@PAUCPrintInfo@@@Z 5f72a224 f   MFC42UD:MFC42uD.DLL
 0001:0002922a       ?OnBeginPrinting@CView@@MAEXPAVCDC@@PAUCPrintInfo@@@Z 5f72a22a f   MFC42UD:MFC42uD.DLL
 0001:00029230       ?OnPreparePrinting@CView@@MAEHPAUCPrintInfo@@@Z 5f72a230 f   MFC42UD:MFC42uD.DLL
 0001:00029236       ?OnDraw@CFormView@@MAEXPAVCDC@@@Z 5f72a236 f   MFC42UD:MFC42uD.DLL
 0001:0002923c       ?OnUpdate@CView@@MAEXPAV1@JPAVCObject@@@Z 5f72a23c f   MFC42UD:MFC42uD.DLL
 0001:00029242       ?OnActivateFrame@CFormView@@MAEXIPAVCFrameWnd@@@Z 5f72a242 f   MFC42UD:MFC42uD.DLL
 0001:00029248       ?OnActivateView@CFormView@@MAEXHPAVCView@@0@Z 5f72a248 f   MFC42UD:MFC42uD.DLL
 0001:0002924e       ?OnPrepareDC@CScrollView@@UAEXPAVCDC@@PAUCPrintInfo@@@Z 5f72a24e f   MFC42UD:MFC42uD.DLL
 0001:00029254       ?OnDragScroll@CView@@UAEKKVCPoint@@@Z 5f72a254 f   MFC42UD:MFC42uD.DLL
 0001:0002925a       ?OnDropEx@CView@@UAEKPAVCOleDataObject@@KKVCPoint@@@Z 5f72a25a f   MFC42UD:MFC42uD.DLL
 0001:00029260       ?OnDrop@CView@@UAEHPAVCOleDataObject@@KVCPoint@@@Z 5f72a260 f   MFC42UD:MFC42uD.DLL
 0001:00029266       ?OnDragLeave@CView@@UAEXXZ 5f72a266 f   MFC42UD:MFC42uD.DLL
 0001:0002926c       ?OnDragOver@CView@@UAEKPAVCOleDataObject@@KVCPoint@@@Z 5f72a26c f   MFC42UD:MFC42uD.DLL
 0001:00029272       ?OnDragEnter@CView@@UAEKPAVCOleDataObject@@KVCPoint@@@Z 5f72a272 f   MFC42UD:MFC42uD.DLL
 0001:00029278       ?OnScrollBy@CScrollView@@UAEHVCSize@@H@Z 5f72a278 f   MFC42UD:MFC42uD.DLL
 0001:0002927e       ?OnScroll@CScrollView@@UAEHIIH@Z 5f72a27e f   MFC42UD:MFC42uD.DLL
 0001:00029284       ?IsSelected@CView@@UBEHPBVCObject@@@Z 5f72a284 f   MFC42UD:MFC42uD.DLL
 0001:0002928a       ?SetOccDialogInfo@CFormView@@MAEHPAU_AFX_OCC_DIALOG_INFO@@@Z 5f72a28a f   MFC42UD:MFC42uD.DLL
 0001:00029290       ?IsFrameWnd@CWnd@@UBEHXZ   5f72a290 f   MFC42UD:MFC42uD.DLL
 0001:00029296       ?CheckAutoCenter@CWnd@@UAEHXZ 5f72a296 f   MFC42UD:MFC42uD.DLL
 0001:0002929c       ?OnChildNotify@CWnd@@MAEHIIJPAJ@Z 5f72a29c f   MFC42UD:MFC42uD.DLL
 0001:000292a2       ?PostNcDestroy@CView@@MAEXXZ 5f72a2a2 f   MFC42UD:MFC42uD.DLL
 0001:000292a8       ?DefWindowProcW@CWnd@@MAEJIIJ@Z 5f72a2a8 f   MFC42UD:MFC42uD.DLL
 0001:000292ae       ?OnWndMsg@CWnd@@MAEHIIJPAJ@Z 5f72a2ae f   MFC42UD:MFC42uD.DLL
 0001:000292b4       ?WindowProc@CWnd@@MAEJIIJ@Z 5f72a2b4 f   MFC42UD:MFC42uD.DLL
[...]
 0002:000085b8       _IID30_IDAORecordsetW      5f7355b8     daouuid:daouuid.obj
 0002:000085c8       _IID30_IDAORecordsets      5f7355c8     daouuid:daouuid.obj
 0002:000085d8       _IID30_IDAORecordsetsW     5f7355d8     daouuid:daouuid.obj
 0002:000085e8       _IID30_ICDAORecordset      5f7355e8     daouuid:daouuid.obj
 0002:000085f8       _IID30_ICDAOJETRecordset   5f7355f8     daouuid:daouuid.obj
 0002:00008608       _IID30_IDAOSnapshot        5f735608     daouuid:daouuid.obj
 0002:00008618       _IID30_IDAOTable           5f735618     daouuid:daouuid.obj
 0002:00008628       _IID30_IDAODynaset         5f735628     daouuid:daouuid.obj
 0002:00008638       _IID30_IDAOWorkspace       5f735638     daouuid:daouuid.obj
 0002:00008648       _IID30_IDAOWorkspaceW      5f735648     daouuid:daouuid.obj
 0002:00008658       _IID30_IDAOWorkspaces      5f735658     daouuid:daouuid.obj
 0002:00008668       _IID30_IDAOWorkspacesW     5f735668     daouuid:daouuid.obj
 0002:00008678       _IID30_ICDAOJETWorkspace   5f735678     daouuid:daouuid.obj
 0002:00008688       _CLSID30_CDAOConnection    5f735688     daouuid:daouuid.obj
 0002:00008698       _IID30_IDAOConnection      5f735698     daouuid:daouuid.obj
 0002:000086a8       _IID30_IDAOConnectionW     5f7356a8     daouuid:daouuid.obj
 0002:000086b8       _IID30_IDAOConnections     5f7356b8     daouuid:daouuid.obj
 0002:000086c8       _IID30_IDAOConnectionsW    5f7356c8     daouuid:daouuid.obj
 0002:000086d8       _CLSID30_CDAOTableDef      5f7356d8     daouuid:daouuid.obj
 0002:000086e8       _IID30_IDAOTableDef        5f7356e8     daouuid:daouuid.obj
 0002:000086f8       _IID30_IDAOTableDefW       5f7356f8     daouuid:daouuid.obj
 0002:00008708       _IID30_IDAOTableDefs       5f735708     daouuid:daouuid.obj
 0002:00008718       _IID30_IDAOTableDefsW      5f735718     daouuid:daouuid.obj
 0002:00008728       _CLSID30_CDAOField         5f735728     daouuid:daouuid.obj
 0002:00008738       _IID30_IDAOField           5f735738     daouuid:daouuid.obj
 0002:00008748       _IID30_IDAOFieldW          5f735748     daouuid:daouuid.obj
 0002:00008758       _IID30_IDAOFields          5f735758     daouuid:daouuid.obj
 0002:00008768       _IID30_IDAOFieldsW         5f735768     daouuid:daouuid.obj
 0002:00008778       _IID30_ICDAOJETField       5f735778     daouuid:daouuid.obj
 0002:00008788       _CLSID30_CDAOIndex         5f735788     daouuid:daouuid.obj
 0002:00008798       _IID30_IDAOIndex           5f735798     daouuid:daouuid.obj
 0002:000087a8       _IID30_IDAOIndexW          5f7357a8     daouuid:daouuid.obj
 0002:000087b8       _IID30_IDAOIndexes         5f7357b8     daouuid:daouuid.obj
 0002:000087c8       _IID30_IDAOIndexesW        5f7357c8     daouuid:daouuid.obj
 0002:000087d8       _IID30_IDAOIndexFields     5f7357d8     daouuid:daouuid.obj
 0002:000087e8       _IID30_IDAOIndexFieldsW    5f7357e8     daouuid:daouuid.obj
 0002:000087f8       _CLSID30_CDAOGroup         5f7357f8     daouuid:daouuid.obj
 0002:00008808       _IID30_IDAOGroup           5f735808     daouuid:daouuid.obj
 0002:00008818       _IID30_IDAOGroupW          5f735818     daouuid:daouuid.obj
 0002:00008828       _IID30_IDAOGroups          5f735828     daouuid:daouuid.obj
 0002:00008838       _IID30_IDAOGroupsW         5f735838     daouuid:daouuid.obj
 0002:00008848       _CLSID30_CDAOUser          5f735848     daouuid:daouuid.obj
 0002:00008858       _IID30_IDAOUser            5f735858     daouuid:daouuid.obj
 0002:00008868       _IID30_IDAOUserW           5f735868     daouuid:daouuid.obj
 0002:00008878       _IID30_IDAOUsers           5f735878     daouuid:daouuid.obj
 0002:00008888       _IID30_IDAOUsersW          5f735888     daouuid:daouuid.obj
 0002:00008898       _IID30_IDAODatabase        5f735898     daouuid:daouuid.obj
 0002:000088a8       _IID30_IDAODatabaseW       5f7358a8     daouuid:daouuid.obj
 0002:000088b8       _IID30_IDAODatabases       5f7358b8     daouuid:daouuid.obj
 0002:000088c8       _IID30_IDAODatabasesW      5f7358c8     daouuid:daouuid.obj
 0002:000088d8       _IID30_ICDAOJETDatabase    5f7358d8     daouuid:daouuid.obj
 0002:000088e8       _CLSID30_CDAOQueryDef      5f7358e8     daouuid:daouuid.obj
 0002:000088f8       _IID30_IDAOQueryDef        5f7358f8     daouuid:daouuid.obj
 0002:00008908       _IID30_IDAOQueryDefW       5f735908     daouuid:daouuid.obj
 0002:00008918       _IID30_IDAOQueryDefs       5f735918     daouuid:daouuid.obj
 0002:00008928       _IID30_IDAOQueryDefsW      5f735928     daouuid:daouuid.obj
 0002:00008938       _IID30_IDAOParameter       5f735938     daouuid:daouuid.obj
 0002:00008948       _IID30_IDAOParameterW      5f735948     daouuid:daouuid.obj
 0002:00008958       _IID30_IDAOParameters      5f735958     daouuid:daouuid.obj
 0002:00008968       _IID30_IDAOParametersW     5f735968     daouuid:daouuid.obj
 0002:00008978       _CLSID30_CDAORelation      5f735978     daouuid:daouuid.obj
 0002:00008988       _IID30_IDAORelation        5f735988     daouuid:daouuid.obj
 0002:00008998       _IID30_IDAORelationW       5f735998     daouuid:daouuid.obj
 0002:000089a8       _IID30_IDAORelations       5f7359a8     daouuid:daouuid.obj
 0002:000089b8       _IID30_IDAORelationsW      5f7359b8     daouuid:daouuid.obj
 0002:000089c8       _IID30_IDAOContainer       5f7359c8     daouuid:daouuid.obj
 0002:000089d8       _IID30_IDAOContainerW      5f7359d8     daouuid:daouuid.obj
 0002:000089e8       _IID30_IDAOContainers      5f7359e8     daouuid:daouuid.obj
 0002:000089f8       _IID30_IDAOContainersW     5f7359f8     daouuid:daouuid.obj
 0002:00008a08       _IID30_IDAODocument        5f735a08     daouuid:daouuid.obj
 0002:00008a18       _IID30_IDAODocumentW       5f735a18     daouuid:daouuid.obj
 0002:00008a28       _IID30_IDAODocuments       5f735a28     daouuid:daouuid.obj
 0002:00008a38       _IID30_IDAODocumentsW      5f735a38     daouuid:daouuid.obj
 0002:00008a48       _IID30_IDAOCollection      5f735a48     daouuid:daouuid.obj
 0002:00008a58       _IID30_IDAODynaCollection  5f735a58     daouuid:daouuid.obj
 0002:00008a68       _IID30_IDAOQueryCP         5f735a68     daouuid:daouuid.obj
 0002:00008a78       _IID30_IDAOQueryAS         5f735a78     daouuid:daouuid.obj
 0002:00008a88       _IID30_IDisconnect         5f735a88     daouuid:daouuid.obj
 0002:00008a98       _IID30_IDisconnectAll      5f735a98     daouuid:daouuid.obj
 0002:00008aa8       _IID30_IDSCAdviseSink      5f735aa8     daouuid:daouuid.obj
 0002:00008ab8       _IID30_IDSCConnectionPoint 5f735ab8     daouuid:daouuid.obj
 0002:00008ac8       _IID30_IDBAdviseSink       5f735ac8     daouuid:daouuid.obj
 0002:00008ad8       _IID30_IDBConnectionPoint  5f735ad8     daouuid:daouuid.obj
 0002:00008ae8       ??_R1A@?0A@A@CNoTrackObject@@8 5f735ae8     dbcore.obj
 0002:00008b00       ??_R1A@?0A@A@_AFX_DB_STATE@@8 5f735b00     dbcore.obj
 0002:00008b18       ??_R2_AFX_DB_STATE@@8      5f735b18     dbcore.obj
 0002:00008b28       ??_R3_AFX_DB_STATE@@8      5f735b28     dbcore.obj
 0002:00008b38       ??_R4_AFX_DB_STATE@@6B@    5f735b38     dbcore.obj
 0002:00008b4c       ??_R2CNoTrackObject@@8     5f735b4c     dbcore.obj
 0002:00008b58       ??_R3CNoTrackObject@@8     5f735b58     dbcore.obj
 0002:00008b68       ??_R4CNoTrackObject@@6B@   5f735b68     dbcore.obj
 0002:00008b80       ??_R1A@?0A@A@CObject@@8    5f735b80     dbcore.obj
 0002:00008b98       ??_R1A@?0A@A@CException@@8 5f735b98     dbcore.obj
 0002:00008bb0       ??_R1A@?0A@A@CDBException@@8 5f735bb0     dbcore.obj
 0002:00008bc8       ??_R2CDBException@@8       5f735bc8     dbcore.obj
 0002:00008bd8       ??_R3CDBException@@8       5f735bd8     dbcore.obj
 0002:00008be8       ??_R4CDBException@@6B@     5f735be8     dbcore.obj
 0002:00008c00       ??_R1A@?0A@A@CDatabase@@8  5f735c00     dbcore.obj
 0002:00008c18       ??_R2CDatabase@@8          5f735c18     dbcore.obj
 0002:00008c28       ??_R3CDatabase@@8          5f735c28     dbcore.obj
 0002:00008c38       ??_R4CDatabase@@6B@        5f735c38     dbcore.obj
 0002:00008c50       ??_R1A@?0A@A@CRecordset@@8 5f735c50     dbcore.obj
 0002:00008c68       ??_R2CRecordset@@8         5f735c68     dbcore.obj
 0002:00008c78       ??_R3CRecordset@@8         5f735c78     dbcore.obj
 0002:00008c88       ??_R4CRecordset@@6B@       5f735c88     dbcore.obj
 0002:00008ca0       ??_R1A@?0A@A@CCmdTarget@@8 5f735ca0     dbview.obj
 0002:00008cb8       ??_R1A@?0A@A@CWnd@@8       5f735cb8     dbview.obj
 0002:00008cd0       ??_R1A@?0A@A@CView@@8      5f735cd0     dbview.obj
 0002:00008ce8       ??_R1A@?0A@A@CScrollView@@8 5f735ce8     dbview.obj
 0002:00008d00       ??_R1A@?0A@A@CFormView@@8  5f735d00     dbview.obj
 0002:00008d18       ??_R1A@?0A@A@CRecordView@@8 5f735d18     dbview.obj
 0002:00008d30       ??_R2CRecordView@@8        5f735d30     dbview.obj
 0002:00008d50       ??_R3CRecordView@@8        5f735d50     dbview.obj
 0002:00008d60       ??_R4CRecordView@@6B@      5f735d60     dbview.obj
 0002:00008d78       ??_R1A@?0A@A@CLongBinary@@8 5f735d78     dblong.obj
 0002:00008d90       ??_R2CLongBinary@@8        5f735d90     dblong.obj
 0002:00008da0       ??_R3CLongBinary@@8        5f735da0     dblong.obj
 0002:00008db0       ??_R4CLongBinary@@6B@      5f735db0     dblong.obj
 0002:00008dc8       ??_R1A@?0A@A@CDBVariant@@8 5f735dc8     dbvar.obj
 0002:00008de0       ??_R2CDBVariant@@8         5f735de0     dbvar.obj
 0002:00008de8       ??_R3CDBVariant@@8         5f735de8     dbvar.obj
 0002:00008df8       ??_R4CDBVariant@@6B@       5f735df8     dbvar.obj
 0002:00008e10       ??_R1A@?0A@A@_AFX_DAO_STATE@@8 5f735e10     daocore.obj
 0002:00008e28       ??_R2_AFX_DAO_STATE@@8     5f735e28     daocore.obj
 0002:00008e38       ??_R3_AFX_DAO_STATE@@8     5f735e38     daocore.obj
 0002:00008e48       ??_R4_AFX_DAO_STATE@@6B@   5f735e48     daocore.obj
 0002:00008e60       ??_R1A@?0A@A@CDaoIndexInfo@@8 5f735e60     daocore.obj
 0002:00008e78       ??_R2CDaoIndexInfo@@8      5f735e78     daocore.obj
 0002:00008e80       ??_R3CDaoIndexInfo@@8      5f735e80     daocore.obj
 0002:00008e90       ??_R4CDaoIndexInfo@@6B@    5f735e90     daocore.obj
 0002:00008ea8       ??_R1A@?0A@A@CDaoRelationInfo@@8 5f735ea8     daocore.obj
 0002:00008ec0       ??_R2CDaoRelationInfo@@8   5f735ec0     daocore.obj
 0002:00008ec8       ??_R3CDaoRelationInfo@@8   5f735ec8     daocore.obj
 0002:00008ed8       ??_R4CDaoRelationInfo@@6B@ 5f735ed8     daocore.obj
 0002:00008ef0       ??_R1A@?0A@A@CDaoException@@8 5f735ef0     daocore.obj
 0002:00008f08       ??_R2CDaoException@@8      5f735f08     daocore.obj
 0002:00008f18       ??_R3CDaoException@@8      5f735f18     daocore.obj
 0002:00008f28       ??_R4CDaoException@@6B@    5f735f28     daocore.obj
 0002:00008f40       ??_R1A@?0A@A@CDaoErrorInfo@@8 5f735f40     daocore.obj
 0002:00008f58       ??_R2CDaoErrorInfo@@8      5f735f58     daocore.obj
 0002:00008f60       ??_R3CDaoErrorInfo@@8      5f735f60     daocore.obj
 0002:00008f70       ??_R4CDaoErrorInfo@@6B@    5f735f70     daocore.obj
 0002:00008f88       ??_R1A@?0A@A@CDaoWorkspace@@8 5f735f88     daocore.obj
 0002:00008fa0       ??_R2CDaoWorkspace@@8      5f735fa0     daocore.obj
 0002:00008fb0       ??_R3CDaoWorkspace@@8      5f735fb0     daocore.obj
 0002:00008fc0       ??_R4CDaoWorkspace@@6B@    5f735fc0     daocore.obj
 0002:00008fd8       ??_R1A@?0A@A@CDaoDatabase@@8 5f735fd8     daocore.obj
 0002:00008ff0       ??_R2CDaoDatabase@@8       5f735ff0     daocore.obj
 0002:00009000       ??_R3CDaoDatabase@@8       5f736000     daocore.obj
 0002:00009010       ??_R4CDaoDatabase@@6B@     5f736010     daocore.obj
 0002:00009028       ??_R1A@?0A@A@CDaoRelationFieldInfo@@8 5f736028     daocore.obj
 0002:00009040       ??_R2CDaoRelationFieldInfo@@8 5f736040     daocore.obj
 0002:00009048       ??_R3CDaoRelationFieldInfo@@8 5f736048     daocore.obj
 0002:00009058       ??_R4CDaoRelationFieldInfo@@6B@ 5f736058     daocore.obj
 0002:00009070       ??_R1A@?0A@A@CDaoTableDef@@8 5f736070     daocore.obj
 0002:00009088       ??_R2CDaoTableDef@@8       5f736088     daocore.obj
 0002:00009098       ??_R3CDaoTableDef@@8       5f736098     daocore.obj
 0002:000090a8       ??_R4CDaoTableDef@@6B@     5f7360a8     daocore.obj
 0002:000090c0       ??_R1A@?0A@A@CDaoFieldInfo@@8 5f7360c0     daocore.obj
 0002:000090d8       ??_R2CDaoFieldInfo@@8      5f7360d8     daocore.obj
 0002:000090e0       ??_R3CDaoFieldInfo@@8      5f7360e0     daocore.obj
 0002:000090f0       ??_R4CDaoFieldInfo@@6B@    5f7360f0     daocore.obj
 0002:00009108       ??_R1A@?0A@A@CDaoQueryDef@@8 5f736108     daocore.obj
 0002:00009120       ??_R2CDaoQueryDef@@8       5f736120     daocore.obj
 0002:00009130       ??_R3CDaoQueryDef@@8       5f736130     daocore.obj
 0002:00009140       ??_R4CDaoQueryDef@@6B@     5f736140     daocore.obj
 0002:00009158       ??_R1A@?0A@A@CDaoRecordset@@8 5f736158     daocore.obj
 0002:00009170       ??_R2CDaoRecordset@@8      5f736170     daocore.obj
 0002:00009180       ??_R3CDaoRecordset@@8      5f736180     daocore.obj
 0002:00009190       ??_R4CDaoRecordset@@6B@    5f736190     daocore.obj
 0002:000091a8       ??_R1A@?0A@A@CDaoIndexFieldInfo@@8 5f7361a8     daocore.obj
 0002:000091c0       ??_R2CDaoIndexFieldInfo@@8 5f7361c0     daocore.obj
 0002:000091c8       ??_R3CDaoIndexFieldInfo@@8 5f7361c8     daocore.obj
 0002:000091d8       ??_R4CDaoIndexFieldInfo@@6B@ 5f7361d8     daocore.obj
 0002:000091f0       ??_R1A@?0A@A@CDaoRecordView@@8 5f7361f0     daoview.obj
 0002:00009208       ??_R2CDaoRecordView@@8     5f736208     daoview.obj
 0002:00009228       ??_R3CDaoRecordView@@8     5f736228     daoview.obj
 0002:00009238       ??_R4CDaoRecordView@@6B@   5f736238     daoview.obj
 0002:00009250       ??_R1A@?0A@A@type_info@@8  5f736250     msvcrtd:ti_inst.obj
 0002:00009268       ??_R2type_info@@8          5f736268     msvcrtd:ti_inst.obj
 0002:00009270       ??_R3type_info@@8          5f736270     msvcrtd:ti_inst.obj
 0002:00009280       ??_R4type_info@@6B@        5f736280     msvcrtd:ti_inst.obj
 0002:00009ca8       __CT??_R0PAX@84            5f736ca8     dbcore.obj
 0002:00009cc8       __CT??_R0PAVCObject@@@84   5f736cc8     dbcore.obj
 0002:00009ce8       __CT??_R0PAVCException@@@84 5f736ce8     dbcore.obj
 0002:00009d08       __CT??_R0PAVCDBException@@@84 5f736d08     dbcore.obj
 0002:00009d28       __CTA4PAVCDBException@@    5f736d28     dbcore.obj
 0002:00009d40       __TI4PAVCDBException@@     5f736d40     dbcore.obj
 0002:0000bea0       __CT??_R0PAVCDaoException@@@84 5f738ea0     daocore.obj
 0002:0000bec0       __CTA4PAVCDaoException@@   5f738ec0     daocore.obj
 0002:0000bed8       __TI4PAVCDaoException@@    5f738ed8     daocore.obj
 0002:0000c328       __IMPORT_DESCRIPTOR_MFC42uD 5f739328     MFC42UD:MFC42uD.DLL
 0002:0000c33c       __IMPORT_DESCRIPTOR_MFCO42uD 5f73933c     MFCO42UD:MFCO42uD.DLL
 0002:0000c350       __IMPORT_DESCRIPTOR_MSVCRTD 5f739350     msvcrtd:MSVCRTD.dll
 0002:0000c364       __IMPORT_DESCRIPTOR_KERNEL32 5f739364     kernel32:KERNEL32.dll
 0002:0000c378       __IMPORT_DESCRIPTOR_USER32 5f739378     user32:USER32.dll
 0002:0000c38c       __NULL_IMPORT_DESCRIPTOR   5f73938c     MFC42UD:MFC42uD.DLL
 0003:00000000       ___xc_a                    5f73b000     msvcrtd:cinitexe.obj
 0003:00000010       ___xc_z                    5f73b010     msvcrtd:cinitexe.obj
 0003:00000014       ___xi_a                    5f73b014     msvcrtd:cinitexe.obj
 0003:00000018       ___xi_z                    5f73b018     msvcrtd:cinitexe.obj
 0003:0000002c       __pRawDllMain              5f73b02c     dlldb.obj
 0003:00000030       ?_afxForceVectorDelete_mfcd@@3P6AXXZA 5f73b030     dlldb.obj
 0003:00000048       ?_afxODBC@@3UAFX_ODBC_CALL@@A 5f73b048     dbcore.obj
 0003:000000e0       ??_R0PAVCException@@@8     5f73b0e0     dbcore.obj
 0003:00000100       ??_R0?AVCNoTrackObject@@@8 5f73b100     dbcore.obj
 0003:00000120       ??_R0?AV_AFX_DB_STATE@@@8  5f73b120     dbcore.obj
 0003:00000140       ??_R0PAX@8                 5f73b140     dbcore.obj
 0003:00000150       ??_R0PAVCObject@@@8        5f73b150     dbcore.obj
 0003:00000168       ??_R0PAVCDBException@@@8   5f73b168     dbcore.obj
 0003:00000188       ??_R0?AVCObject@@@8        5f73b188     dbcore.obj
 0003:000001a0       ??_R0?AVCException@@@8     5f73b1a0     dbcore.obj
 0003:000001c0       ??_R0?AVCDBException@@@8   5f73b1c0     dbcore.obj
 0003:000001e0       ??_R0?AVCDatabase@@@8      5f73b1e0     dbcore.obj
 0003:000001f8       ??_R0?AVCRecordset@@@8     5f73b1f8     dbcore.obj
 0003:00000258       ??_R0?AVCCmdTarget@@@8     5f73b258     dbview.obj
 0003:00000278       ??_R0?AVCWnd@@@8           5f73b278     dbview.obj
 0003:00000290       ??_R0?AVCView@@@8          5f73b290     dbview.obj
 0003:000002a8       ??_R0?AVCScrollView@@@8    5f73b2a8     dbview.obj
 0003:000002c8       ??_R0?AVCFormView@@@8      5f73b2c8     dbview.obj
 0003:000002e0       ??_R0?AVCRecordView@@@8    5f73b2e0     dbview.obj
 0003:00000320       ??_R0?AVCLongBinary@@@8    5f73b320     dblong.obj
 0003:00000350       ??_R0?AVCDBVariant@@@8     5f73b350     dbvar.obj
 0003:00000390       ??_R0?AV_AFX_DAO_STATE@@@8 5f73b390     daocore.obj
 0003:000003b0       ??_R0?AUCDaoIndexInfo@@@8  5f73b3b0     daocore.obj
 0003:000003d0       ??_R0?AUCDaoRelationInfo@@@8 5f73b3d0     daocore.obj
 0003:000003f0       ??_R0?AVCDaoException@@@8  5f73b3f0     daocore.obj
 0003:00000410       ??_R0?AUCDaoErrorInfo@@@8  5f73b410     daocore.obj
 0003:00000430       ??_R0PAVCDaoException@@@8  5f73b430     daocore.obj
 0003:00000450       ??_R0?AVCDaoWorkspace@@@8  5f73b450     daocore.obj
 0003:00000470       ??_R0?AVCDaoDatabase@@@8   5f73b470     daocore.obj
 0003:00000490       ??_R0?AUCDaoRelationFieldInfo@@@8 5f73b490     daocore.obj
 0003:000004b8       ??_R0?AVCDaoTableDef@@@8   5f73b4b8     daocore.obj
 0003:000004d8       ??_R0?AUCDaoFieldInfo@@@8  5f73b4d8     daocore.obj
 0003:000004f8       ??_R0?AVCDaoQueryDef@@@8   5f73b4f8     daocore.obj
 0003:00000518       ??_R0?AVCDaoRecordset@@@8  5f73b518     daocore.obj
 0003:00000538       ??_R0?AUCDaoIndexFieldInfo@@@8 5f73b538     daocore.obj
 0003:000005a0       ??_R0?AVCDaoRecordView@@@8 5f73b5a0     daoview.obj
 0003:000005c0       ??_R0?AVtype_info@@@8      5f73b5c0     msvcrtd:ti_inst.obj
 0003:000005f4       ?_afxDbState@@3V?$CProcessLocal@V_AFX_DB_STATE@@@@A 5f73b5f4     dbcore.obj
 0003:000005f8       ?bTraceSql@@3HA            5f73b5f8     dbcore.obj
 0003:00000630       __adjust_fdiv              5f73b630     <common>
 0003:00000634       ___onexitend               5f73b634     <common>
 0003:00000638       ___onexitbegin             5f73b638     <common>

 entry point at        0001:00029990

 Static symbols

 0001:00012001       _$E352                     5f713001 f   daocore.obj
 0001:0001200b       _$E351                     5f71300b f   daocore.obj
 0001:0001201a       _$E355                     5f71301a f   daocore.obj
 0001:00012024       _$E354                     5f713024 f   daocore.obj
 0001:00000034       ?AfxOdbcLoad@@YGXPAP6GHXZPBD@Z 5f701034 f   dbcore.obj
 0001:00029d6e       _$E355                     5f72ad6e f   dbcore.obj
 0001:00029d7d       _$E352                     5f72ad7d f   dbcore.obj
 0001:00029d82       _$E354                     5f72ad82 f   dbcore.obj
 0001:00029d94       _$E353                     5f72ad94 f   dbcore.obj
 0001:00029f30       ?_AfxForceVectorDelete@@YAXXZ 5f72af30 f   dlldb.obj
 0001:000297c0       _$$$00001                  5f72a7c0 f   msvcrtd:chkstk.obj
 0001:00029750       ?ArrayUnwindFilter@@YAHPAU_EXCEPTION_POINTERS@@@Z 5f72a750 f   msvcrtd:ehvecdtr.obj

 38 bytes saved through ICF

