 MFCN42D

 Timestamp is 345e9a58 (Mon Nov 03 19:45:28 1997)

 Preferred load address is 5f600000

 Start         Length     Name                   Class
 0001:00000000 000007c2H .text                   CODE
 0001:000007d0 00000417H .text$AFX_INIT          CODE
 0001:00000bf0 00002593H .text$AFX_SOCK          CODE
 0001:00003190 000001e3H .text$AFX_VDEL          CODE
 0001:00003380 000000c4H .text$x                 CODE
 0002:00000000 0000022cH .idata$5                DATA
 0002:00000230 000005d9H .rdata                  DATA
 0002:00000810 00000284H .rdata$r                DATA
 0002:00000a98 000001a0H .xdata$x                DATA
 0002:00000c38 00000050H .idata$2                DATA
 0002:00000c88 00000014H .idata$3                DATA
 0002:00000c9c 0000022cH .idata$4                DATA
 0002:00000ec8 00000194H .idata$6                DATA
 0002:00001060 00000268H .edata                  DATA
 0003:00000000 00000004H .CRT$XCA                DATA
 0003:00000004 00000004H .CRT$XCL                DATA
 0003:00000008 00000004H .CRT$XCZ                DATA
 0003:0000000c 00000004H .CRT$XIA                DATA
 0003:00000010 00000004H .CRT$XIZ                DATA
 0003:00000020 00000208H .data                   DATA
 0003:00000228 00000028H .bss                    DATA
 0004:00000000 00000058H .rsrc$01                DATA
 0004:00000060 00000368H .rsrc$02                DATA

  Address         Publics by Value              Rva+Base     Lib:Object

 0001:00000000       ?GetHead@CSimpleList@@QBEPAXXZ 5f601000 f i dllnet.obj
 0001:00000010       ??1CNoTrackObject@@UAE@XZ  5f601010 f i sockcore.obj
 0001:00000030       ??_GCNoTrackObject@@UAEPAXI@Z 5f601030 f i sockcore.obj
 0001:00000030       ??_ECNoTrackObject@@UAEPAXI@Z 5f601030 f i sockcore.obj
 0001:00000060       ?T2A@@YAPADPAD@Z           5f601060 f i sockcore.obj
 0001:00000068       ?AfxGetModuleState@@YGPAVAFX_MODULE_STATE@@XZ 5f601068 f   MFC42D:MFC42D.DLL
 0001:0000006e       ??3CObject@@SGXPAX@Z       5f60106e f   MFC42D:MFC42D.DLL
 0001:00000074       ?AfxTermThread@@YGXPAUHINSTANCE__@@@Z 5f601074 f   MFC42D:MFC42D.DLL
 0001:0000007a       ?AfxTermExtensionModule@@YGXAAUAFX_EXTENSION_MODULE@@H@Z 5f60107a f   MFC42D:MFC42D.DLL
 0001:00000080       ??0CDynLinkLibrary@@QAE@AAUAFX_EXTENSION_MODULE@@H@Z 5f601080 f   MFC42D:MFC42D.DLL
 0001:00000086       ??2CObject@@SGPAXI@Z       5f601086 f   MFC42D:MFC42D.DLL
 0001:0000008c       ?AfxAssertFailedLine@@YGHPBDH@Z 5f60108c f   MFC42D:MFC42D.DLL
 0001:00000092       ?AfxInitExtensionModule@@YGHAAUAFX_EXTENSION_MODULE@@PAUHINSTANCE__@@@Z 5f601092 f   MFC42D:MFC42D.DLL
 0001:00000098       ?AfxGetAppModuleState@@YGPAVAFX_MODULE_STATE@@XZ 5f601098 f   MFC42D:MFC42D.DLL
 0001:0000009e       ??3@YAXPAX@Z               5f60109e f   MFC42D:MFC42D.DLL
 0001:000000a4       ??2@YAPAXI@Z               5f6010a4 f   MFC42D:MFC42D.DLL
 0001:000000aa       ?AfxLoadDll@@YGPAUHINSTANCE__@@RAPAU1@PBDPAP6GHXZ1@Z 5f6010aa f   MFC42D:MFC42D.DLL
 0001:000000b0       ??3CNoTrackObject@@SGXPAX@Z 5f6010b0 f   MFC42D:MFC42D.DLL
 0001:000000b6       ?Serialize@CObject@@UAEXAAVCArchive@@@Z 5f6010b6 f   MFC42D:MFC42D.DLL
 0001:000000bc       ??0CObject@@IAE@XZ         5f6010bc f   MFC42D:MFC42D.DLL
 0001:000000c2       ??4CString@@QAEABV0@PBD@Z  5f6010c2 f   MFC42D:MFC42D.DLL
 0001:000000c8       ?AfxGetModuleThreadState@@YGPAVAFX_MODULE_THREAD_STATE@@XZ 5f6010c8 f   MFC42D:MFC42D.DLL
 0001:000000ce       ??1CObject@@UAE@XZ         5f6010ce f   MFC42D:MFC42D.DLL
 0001:000000d4       ?GetValueAt@CMapPtrToPtr@@QBEPAXPAX@Z 5f6010d4 f   MFC42D:MFC42D.DLL
 0001:000000da       ?Lookup@CMapPtrToPtr@@QBEHPAXAAPAX@Z 5f6010da f   MFC42D:MFC42D.DLL
 0001:000000e0       ?SetAt@CMapPtrToPtr@@QAEXPAX0@Z 5f6010e0 f   MFC42D:MFC42D.DLL
 0001:000000e6       ?FromHandlePermanent@CWnd@@SGPAV1@PAUHWND__@@@Z 5f6010e6 f   MFC42D:MFC42D.DLL
 0001:000000ec       ?AfxThrowResourceException@@YGXXZ 5f6010ec f   MFC42D:MFC42D.DLL
 0001:000000f2       ?AfxTrace@@YAXPBDZZ        5f6010f2 f   MFC42D:MFC42D.DLL
 0001:000000f8       ?CreateEx@CWnd@@QAEHKPBD0KHHHHPAUHWND__@@PAUHMENU__@@PAX@Z 5f6010f8 f   MFC42D:MFC42D.DLL
 0001:000000fe       ?AfxRegisterWndClass@@YGPBDIPAUHICON__@@PAUHBRUSH__@@0@Z 5f6010fe f   MFC42D:MFC42D.DLL
 0001:00000104       ??2CObject@@SGPAXIPBDH@Z   5f601104 f   MFC42D:MFC42D.DLL
 0001:0000010a       ?IsEmpty@CMapPtrToPtr@@QBEHXZ 5f60110a f   MFC42D:MFC42D.DLL
 0001:00000110       ?AfxEnableMemoryTracking@@YGHH@Z 5f601110 f   MFC42D:MFC42D.DLL
 0001:00000116       ?RemoveHead@CPtrList@@QAEPAXXZ 5f601116 f   MFC42D:MFC42D.DLL
 0001:0000011c       ?IsEmpty@CPtrList@@QBEHXZ  5f60111c f   MFC42D:MFC42D.DLL
 0001:00000122       ?RemoveAll@CMapPtrToPtr@@QAEXXZ 5f601122 f   MFC42D:MFC42D.DLL
 0001:00000128       ?AfxAssertValidObject@@YGXPBVCObject@@PBDH@Z 5f601128 f   MFC42D:MFC42D.DLL
 0001:0000012e       ?RemoveKey@CMapPtrToPtr@@QAEHPAX@Z 5f60112e f   MFC42D:MFC42D.DLL
 0001:00000134       ?AssertValid@CObject@@UBEXXZ 5f601134 f   MFC42D:MFC42D.DLL
 0001:0000013a       ??6CDumpContext@@QAEAAV0@I@Z 5f60113a f   MFC42D:MFC42D.DLL
 0001:00000140       ??6CDumpContext@@QAEAAV0@PBD@Z 5f601140 f   MFC42D:MFC42D.DLL
 0001:00000146       ?Dump@CObject@@UBEXAAVCDumpContext@@@Z 5f601146 f   MFC42D:MFC42D.DLL
 0001:0000014c       ?AddTail@CPtrList@@QAEPAU__POSITION@@PAX@Z 5f60114c f   MFC42D:MFC42D.DLL
 0001:00000152       ??2@YAPAXIPBDH@Z           5f601152 f   MFC42D:MFC42D.DLL
 0001:00000158       ?Delete@CException@@QAEXXZ 5f601158 f   MFC42D:MFC42D.DLL
 0001:0000015e       ?IsKindOf@CObject@@QBEHPBUCRuntimeClass@@@Z 5f60115e f   MFC42D:MFC42D.DLL
 0001:00000164       ?AfxGetThread@@YGPAVCWinThread@@XZ 5f601164 f   MFC42D:MFC42D.DLL
 0001:0000016a       ??6CDumpContext@@QAEAAV0@H@Z 5f60116a f   MFC42D:MFC42D.DLL
 0001:00000170       ??6CDumpContext@@QAEAAV0@PBX@Z 5f601170 f   MFC42D:MFC42D.DLL
 0001:00000176       ?GetBufferPtr@CFile@@UAEIIIPAPAX0@Z 5f601176 f   MFC42D:MFC42D.DLL
 0001:0000017c       ?SetFilePath@CFile@@UAEXPBD@Z 5f60117c f   MFC42D:MFC42D.DLL
 0001:00000182       ?GetFilePath@CFile@@UBE?AVCString@@XZ 5f601182 f   MFC42D:MFC42D.DLL
 0001:00000188       ?GetFileTitle@CFile@@UBE?AVCString@@XZ 5f601188 f   MFC42D:MFC42D.DLL
 0001:0000018e       ?GetFileName@CFile@@UBE?AVCString@@XZ 5f60118e f   MFC42D:MFC42D.DLL
 0001:00000194       ??1CFile@@UAE@XZ           5f601194 f   MFC42D:MFC42D.DLL
 0001:0000019a       ??0CFile@@QAE@XZ           5f60119a f   MFC42D:MFC42D.DLL
 0001:000001a0       ?AfxThrowFileException@@YGXHJPBD@Z 5f6011a0 f   MFC42D:MFC42D.DLL
 0001:000001a6       ?AfxThrowNotSupportedException@@YGXXZ 5f6011a6 f   MFC42D:MFC42D.DLL
 0001:000001ac       ?AssertValid@CFile@@UBEXXZ 5f6011ac f   MFC42D:MFC42D.DLL
 0001:000001b2       ??6CDumpContext@@QAEAAV0@PBVCObject@@@Z 5f6011b2 f   MFC42D:MFC42D.DLL
 0001:000001b8       ?GetDepth@CDumpContext@@QBEHXZ 5f6011b8 f   MFC42D:MFC42D.DLL
 0001:000001be       ?Dump@CFile@@UBEXAAVCDumpContext@@@Z 5f6011be f   MFC42D:MFC42D.DLL
 0001:000001c4       ?SetOccDialogInfo@CWnd@@MAEHPAU_AFX_OCC_DIALOG_INFO@@@Z 5f6011c4 f   MFC42D:MFC42D.DLL
 0001:000001ca       ?IsFrameWnd@CWnd@@UBEHXZ   5f6011ca f   MFC42D:MFC42D.DLL
 0001:000001d0       ?CheckAutoCenter@CWnd@@UAEHXZ 5f6011d0 f   MFC42D:MFC42D.DLL
 0001:000001d6       ?OnChildNotify@CWnd@@MAEHIIJPAJ@Z 5f6011d6 f   MFC42D:MFC42D.DLL
 0001:000001dc       ?PostNcDestroy@CWnd@@MAEXXZ 5f6011dc f   MFC42D:MFC42D.DLL
 0001:000001e2       ?DefWindowProcA@CWnd@@MAEJIIJ@Z 5f6011e2 f   MFC42D:MFC42D.DLL
 0001:000001e8       ?OnWndMsg@CWnd@@MAEHIIJPAJ@Z 5f6011e8 f   MFC42D:MFC42D.DLL
 0001:000001ee       ?WindowProc@CWnd@@MAEJIIJ@Z 5f6011ee f   MFC42D:MFC42D.DLL
 0001:000001f4       ?OnAmbientProperty@CWnd@@UAEHPAVCOleControlSite@@JPAUtagVARIANT@@@Z 5f6011f4 f   MFC42D:MFC42D.DLL
 0001:000001fa       ?PreTranslateMessage@CWnd@@UAEHPAUtagMSG@@@Z 5f6011fa f   MFC42D:MFC42D.DLL
 0001:00000200       ?EndModalState@CWnd@@UAEXXZ 5f601200 f   MFC42D:MFC42D.DLL
 0001:00000206       ?BeginModalState@CWnd@@UAEXXZ 5f601206 f   MFC42D:MFC42D.DLL
 0001:0000020c       ?DoDataExchange@CWnd@@MAEXPAVCDataExchange@@@Z 5f60120c f   MFC42D:MFC42D.DLL
 0001:00000212       ?GetSuperWndProcAddr@CWnd@@MAEPAP6GJPAUHWND__@@IIJ@ZXZ 5f601212 f   MFC42D:MFC42D.DLL
 0001:00000218       ?OnNotify@CWnd@@MAEHIJPAJ@Z 5f601218 f   MFC42D:MFC42D.DLL
 0001:0000021e       ?OnCommand@CWnd@@MAEHIJ@Z  5f60121e f   MFC42D:MFC42D.DLL
 0001:00000224       ?EndModalLoop@CWnd@@UAEXH@Z 5f601224 f   MFC42D:MFC42D.DLL
 0001:0000022a       ?ContinueModal@CWnd@@UAEHXZ 5f60122a f   MFC42D:MFC42D.DLL
 0001:00000230       ?WinHelpA@CWnd@@UAEXKI@Z   5f601230 f   MFC42D:MFC42D.DLL
 0001:00000236       ?GetScrollBarCtrl@CWnd@@UBEPAVCScrollBar@@H@Z 5f601236 f   MFC42D:MFC42D.DLL
 0001:0000023c       ?OnToolHitTest@CWnd@@UBEHVCPoint@@PAUtagTOOLINFOA@@@Z 5f60123c f   MFC42D:MFC42D.DLL
 0001:00000242       ?CalcWindowRect@CWnd@@UAEXPAUtagRECT@@I@Z 5f601242 f   MFC42D:MFC42D.DLL
 0001:00000248       ?PreCreateWindow@CWnd@@UAEHAAUtagCREATESTRUCTA@@@Z 5f601248 f   MFC42D:MFC42D.DLL
 0001:0000024e       ?DestroyWindow@CWnd@@UAEHXZ 5f60124e f   MFC42D:MFC42D.DLL
 0001:00000254       ?Create@CWnd@@UAEHPBD0KABUtagRECT@@PAV1@IPAUCCreateContext@@@Z 5f601254 f   MFC42D:MFC42D.DLL
 0001:0000025a       ?PreSubclassWindow@CWnd@@UAEXXZ 5f60125a f   MFC42D:MFC42D.DLL
 0001:00000260       ?GetConnectionHook@CCmdTarget@@MAEPAUIConnectionPoint@@ABU_GUID@@@Z 5f601260 f   MFC42D:MFC42D.DLL
 0001:00000266       ?GetExtraConnectionPoints@CCmdTarget@@MAEHPAVCPtrArray@@@Z 5f601266 f   MFC42D:MFC42D.DLL
 0001:0000026c       ?GetInterfaceHook@CCmdTarget@@UAEPAUIUnknown@@PBX@Z 5f60126c f   MFC42D:MFC42D.DLL
 0001:00000272       ?OnCreateAggregates@CCmdTarget@@UAEHXZ 5f601272 f   MFC42D:MFC42D.DLL
 0001:00000278       ?GetEventSinkMap@CCmdTarget@@MBEPBUAFX_EVENTSINKMAP@@XZ 5f601278 f   MFC42D:MFC42D.DLL
 0001:0000027e       ?GetInterfaceMap@CCmdTarget@@MBEPBUAFX_INTERFACEMAP@@XZ 5f60127e f   MFC42D:MFC42D.DLL
 0001:00000284       ?GetConnectionMap@CCmdTarget@@MBEPBUAFX_CONNECTIONMAP@@XZ 5f601284 f   MFC42D:MFC42D.DLL
 0001:0000028a       ?GetDispatchMap@CCmdTarget@@MBEPBUAFX_DISPMAP@@XZ 5f60128a f   MFC42D:MFC42D.DLL
 0001:00000290       ?GetCommandMap@CCmdTarget@@MBEPBUAFX_OLECMDMAP@@XZ 5f601290 f   MFC42D:MFC42D.DLL
 0001:00000296       ?GetTypeLib@CCmdTarget@@UAEJKPAPAUITypeLib@@@Z 5f601296 f   MFC42D:MFC42D.DLL
 0001:0000029c       ?GetTypeLibCache@CCmdTarget@@UAEPAVCTypeLibCache@@XZ 5f60129c f   MFC42D:MFC42D.DLL
 0001:000002a2       ?GetTypeInfoCount@CCmdTarget@@UAEIXZ 5f6012a2 f   MFC42D:MFC42D.DLL
 0001:000002a8       ?GetDispatchIID@CCmdTarget@@UAEHPAU_GUID@@@Z 5f6012a8 f   MFC42D:MFC42D.DLL
 0001:000002ae       ?IsInvokeAllowed@CCmdTarget@@UAEHJ@Z 5f6012ae f   MFC42D:MFC42D.DLL
 0001:000002b4       ?OnFinalRelease@CWnd@@UAEXXZ 5f6012b4 f   MFC42D:MFC42D.DLL
 0001:000002ba       ?OnCmdMsg@CCmdTarget@@UAEHIHPAXPAUAFX_CMDHANDLERINFO@@@Z 5f6012ba f   MFC42D:MFC42D.DLL
 0001:000002c0       ?Dump@CWnd@@UBEXAAVCDumpContext@@@Z 5f6012c0 f   MFC42D:MFC42D.DLL
 0001:000002c6       ?AssertValid@CWnd@@UBEXXZ  5f6012c6 f   MFC42D:MFC42D.DLL
 0001:000002cc       ?GetRuntimeClass@CWnd@@UBEPAUCRuntimeClass@@XZ 5f6012cc f   MFC42D:MFC42D.DLL
 0001:000002d2       ??0CWnd@@QAE@XZ            5f6012d2 f   MFC42D:MFC42D.DLL
 0001:000002d8       ??1CWnd@@UAE@XZ            5f6012d8 f   MFC42D:MFC42D.DLL
 0001:000002de       ??1CProcessLocalObject@@QAE@XZ 5f6012de f   MFC42D:MFC42D.DLL
 0001:000002e4       ?GetData@CProcessLocalObject@@QAEPAVCNoTrackObject@@P6GPAV2@XZ@Z 5f6012e4 f   MFC42D:MFC42D.DLL
 0001:000002ea       ??2CNoTrackObject@@SGPAXI@Z 5f6012ea f   MFC42D:MFC42D.DLL
 0001:000002f0       ___CxxFrameHandler         5f6012f0 f   msvcrtd:MSVCRTD.dll
 0001:00000300       ??_L@YGXPAXIHP6EX0@Z1@Z    5f601300 f   msvcrtd:ehvecctr.obj
 0001:000003a0       ??_M@YGXPAXIHP6EX0@Z@Z     5f6013a0 f   msvcrtd:ehvecdtr.obj
 0001:00000450       ?__ArrayUnwind@@YGXPAXIHP6EX0@Z@Z 5f601450 f   msvcrtd:ehvecdtr.obj
 0001:00000500       ??_Gtype_info@@UAEPAXI@Z   5f601500 f i msvcrtd:ti_inst.obj
 0001:00000500       ??_Etype_info@@UAEPAXI@Z   5f601500 f i msvcrtd:ti_inst.obj
 0001:0000052e       _memset                    5f60152e f   msvcrtd:MSVCRTD.dll
 0001:00000540       __onexit                   5f601540 f   msvcrtd:atonexit.obj
 0001:00000580       _atexit                    5f601580 f   msvcrtd:atonexit.obj
 0001:000005a0       __CRT_INIT@12              5f6015a0 f   msvcrtd:crtdll.obj
 0001:000006b0       __DllMainCRTStartup@12     5f6016b0 f   msvcrtd:crtdll.obj
 0001:000007a4       __except_handler3          5f6017a4 f   msvcrtd:MSVCRTD.dll
 0001:000007aa       ?terminate@@YAXXZ          5f6017aa f   msvcrtd:MSVCRTD.dll
 0001:000007b0       ??1type_info@@UAE@XZ       5f6017b0 f   msvcrtd:MSVCRTD.dll
 0001:000007b6       ___dllonexit               5f6017b6 f   msvcrtd:MSVCRTD.dll
 0001:000007bc       __initterm                 5f6017bc f   msvcrtd:MSVCRTD.dll
 0001:000007d0       _RawDllMain@12             5f6017d0 f   dllnet.obj
 0001:0000086e       _DllMain@12                5f60186e f   dllnet.obj
 0001:0000095e       ?AfxNetInitModule@@YGXXZ   5f60195e f   dllnet.obj
 0001:00000a20       ?_GetBaseClass@CAsyncSocket@@KGPAUCRuntimeClass@@XZ 5f601a20 f   sockcore.obj
 0001:00000a2a       ?GetRuntimeClass@CAsyncSocket@@UBEPAUCRuntimeClass@@XZ 5f601a2a f   sockcore.obj
 0001:00000a3a       ?_GetBaseClass@CSocket@@KGPAUCRuntimeClass@@XZ 5f601a3a f   sockcore.obj
 0001:00000a44       ?GetRuntimeClass@CSocket@@UBEPAUCRuntimeClass@@XZ 5f601a44 f   sockcore.obj
 0001:00000a54       ?_GetBaseClass@CSocketFile@@KGPAUCRuntimeClass@@XZ 5f601a54 f   sockcore.obj
 0001:00000a5e       ?GetRuntimeClass@CSocketFile@@UBEPAUCRuntimeClass@@XZ 5f601a5e f   sockcore.obj
 0001:00000ab0       ??1?$CProcessLocal@V_AFX_SOCK_STATE@@@@QAE@XZ 5f601ab0 f i sockcore.obj
 0001:00000ad0       ?GetData@?$CProcessLocal@V_AFX_SOCK_STATE@@@@QAEPAV_AFX_SOCK_STATE@@XZ 5f601ad0 f i sockcore.obj
 0001:00000b20       ??C?$CProcessLocal@V_AFX_SOCK_STATE@@@@QAEPAV_AFX_SOCK_STATE@@XZ 5f601b20 f i sockcore.obj
 0001:00000b40       ?CreateObject@?$CProcessLocal@V_AFX_SOCK_STATE@@@@SGPAVCNoTrackObject@@XZ 5f601b40 f i sockcore.obj
 0001:00000bb0       ??0_AFX_SOCK_STATE@@QAE@XZ 5f601bb0 f i sockcore.obj
 0001:00000bd0       ??0CNoTrackObject@@QAE@XZ  5f601bd0 f i sockcore.obj
 0001:00000bf0       ?AfxThunkaccept@@YGIIPAUsockaddr@@PAH@Z 5f601bf0 f   sockcore.obj
 0001:00000c1b       ?AfxThunkhtons@@YGGG@Z     5f601c1b f   sockcore.obj
 0001:00000c3f       ?AfxThunkinet_addr@@YGKPBD@Z 5f601c3f f   sockcore.obj
 0001:00000c62       ?AfxThunkclosesocket@@YGHI@Z 5f601c62 f   sockcore.obj
 0001:00000c85       ?AfxThunkgetsockname@@YGHIPAUsockaddr@@PAH@Z 5f601c85 f   sockcore.obj
 0001:00000cb0       ?AfxThunkgetpeername@@YGHIPAUsockaddr@@PAH@Z 5f601cb0 f   sockcore.obj
 0001:00000cdb       ?AfxThunkntohs@@YGGG@Z     5f601cdb f   sockcore.obj
 0001:00000cff       ?AfxThunkinet_ntoa@@YGPADUin_addr@@@Z 5f601cff f   sockcore.obj
 0001:00000d22       ?AfxThunkWSAGetLastError@@YGHXZ 5f601d22 f   sockcore.obj
 0001:00000d3f       ?AfxThunkWSASetLastError@@YGXH@Z 5f601d3f f   sockcore.obj
 0001:00000d62       ?AfxThunkWSAStartup@@YGHGPAUWSAData@@@Z 5f601d62 f   sockcore.obj
 0001:00000d8a       ?AfxThunkWSACleanup@@YGHXZ 5f601d8a f   sockcore.obj
 0001:00000da7       ?AfxThunkhtonl@@YGKK@Z     5f601da7 f   sockcore.obj
 0001:00000dca       ?AfxThunksocket@@YGIHHH@Z  5f601dca f   sockcore.obj
 0001:00000df5       ?AfxThunkgethostbyname@@YGPAUhostent@@PBD@Z 5f601df5 f   sockcore.obj
 0001:00000e18       ?AfxThunkrecv@@YGHIPADHH@Z 5f601e18 f   sockcore.obj
 0001:00000e47       ?AfxThunksend@@YGHIPBDHH@Z 5f601e47 f   sockcore.obj
 0001:00000e76       ?AfxThunkWSAAsyncSelect@@YGHIPAUHWND__@@IJ@Z 5f601e76 f   sockcore.obj
 0001:00000ea5       ?AfxThunkrecvfrom@@YGHIPADHHPAUsockaddr@@PAH@Z 5f601ea5 f   sockcore.obj
 0001:00000edc       ?AfxThunksendto@@YGHIPBDHHPBUsockaddr@@H@Z 5f601edc f   sockcore.obj
 0001:00000f13       ?AfxThunkconnect@@YGHIPBUsockaddr@@H@Z 5f601f13 f   sockcore.obj
 0001:00000f3e       ?AfxThunkbind@@YGHIPBUsockaddr@@H@Z 5f601f3e f   sockcore.obj
 0001:00000f69       ?AfxThunksetsockopt@@YGHIHHPBDH@Z 5f601f69 f   sockcore.obj
 0001:00000f9c       ?AfxThunkgetsockopt@@YGHIHHPADPAH@Z 5f601f9c f   sockcore.obj
 0001:00000fcf       ?AfxThunkioctlsocket@@YGHIJPAK@Z 5f601fcf f   sockcore.obj
 0001:00000ffa       ?AfxThunklisten@@YGHIH@Z   5f601ffa f   sockcore.obj
 0001:00001021       ?AfxThunkshutdown@@YGHIH@Z 5f602021 f   sockcore.obj
 0001:00001048       ??1_AFX_SOCK_STATE@@UAE@XZ 5f602048 f   sockcore.obj
 0001:000010a0       ?AfxSocketTerm@@YGXXZ      5f6020a0 f   sockcore.obj
 0001:000010e4       ?AfxSocketInit@@YGHPAUWSAData@@@Z 5f6020e4 f   sockcore.obj
 0001:00001187       ??0CAsyncSocket@@QAE@XZ    5f602187 f   sockcore.obj
 0001:000011b0       ?Create@CAsyncSocket@@QAEHIHJPBD@Z 5f6021b0 f   sockcore.obj
 0001:00001211       ?Attach@CAsyncSocket@@QAEHIJ@Z 5f602211 f   sockcore.obj
 0001:00001268       ?Detach@CAsyncSocket@@QAEIXZ 5f602268 f   sockcore.obj
 0001:000012ab       ?GetPeerName@CAsyncSocket@@QAEHAAVCString@@AAI@Z 5f6022ab f   sockcore.obj
 0001:00001315       ?GetSockName@CAsyncSocket@@QAEHAAVCString@@AAI@Z 5f602315 f   sockcore.obj
 0001:0000137f       ?Accept@CAsyncSocket@@UAEHAAV1@PAUsockaddr@@PAH@Z 5f60237f f   sockcore.obj
 0001:00001468       ?Bind@CAsyncSocket@@QAEHIPBD@Z 5f602468 f   sockcore.obj
 0001:000014fb       ?Close@CAsyncSocket@@UAEXXZ 5f6024fb f   sockcore.obj
 0001:0000155b       ?Connect@CAsyncSocket@@QAEHPBDI@Z 5f60255b f   sockcore.obj
 0001:0000161d       ?Receive@CAsyncSocket@@UAEHPAXHH@Z 5f60261d f   sockcore.obj
 0001:00001643       ?ReceiveFrom@CAsyncSocket@@QAEHPAXHAAVCString@@AAIH@Z 5f602643 f   sockcore.obj
 0001:000016b9       ?Send@CAsyncSocket@@UAEHPBXHH@Z 5f6026b9 f   sockcore.obj
 0001:000016df       ?SendTo@CAsyncSocket@@QAEHPBXHIPBDH@Z 5f6026df f   sockcore.obj
 0001:0000179a       ?AsyncSelect@CAsyncSocket@@QAEHJ@Z 5f60279a f   sockcore.obj
 0001:00001824       ?OnReceive@CAsyncSocket@@MAEXH@Z 5f602824 f   sockcore.obj
 0001:00001831       ?OnSend@CAsyncSocket@@MAEXH@Z 5f602831 f   sockcore.obj
 0001:0000183e       ?OnOutOfBandData@CAsyncSocket@@MAEXH@Z 5f60283e f   sockcore.obj
 0001:0000184b       ?OnAccept@CAsyncSocket@@MAEXH@Z 5f60284b f   sockcore.obj
 0001:00001858       ?OnConnect@CAsyncSocket@@MAEXH@Z 5f602858 f   sockcore.obj
 0001:00001865       ?OnClose@CAsyncSocket@@MAEXH@Z 5f602865 f   sockcore.obj
 0001:00001872       ??1CAsyncSocket@@UAE@XZ    5f602872 f   sockcore.obj
 0001:000018cc       ?LookupHandle@CAsyncSocket@@SGPAV1@IH@Z 5f6028cc f   sockcore.obj
 0001:00001924       ?AttachHandle@CAsyncSocket@@SGXIPAV1@H@Z 5f602924 f   sockcore.obj
 0001:00001b16       ?DetachHandle@CAsyncSocket@@SGXIH@Z 5f602b16 f   sockcore.obj
 0001:00001c8e       ?KillSocket@CAsyncSocket@@SGXIPAV1@@Z 5f602c8e f   sockcore.obj
 0001:00001d0a       ?DoCallBack@CAsyncSocket@@SGXIJ@Z 5f602d0a f   sockcore.obj
 0001:00001eb9       ?Socket@CAsyncSocket@@QAEHHJHH@Z 5f602eb9 f   sockcore.obj
 0001:00001f32       ?AssertValid@CAsyncSocket@@UBEXXZ 5f602f32 f   sockcore.obj
 0001:00001f7e       ?Dump@CAsyncSocket@@UBEXAAVCDumpContext@@@Z 5f602f7e f   sockcore.obj
 0001:00001fd7       ?ReceiveFromHelper@CAsyncSocket@@MAEHPAXHPAUsockaddr@@PAHH@Z 5f602fd7 f   sockcore.obj
 0001:00002005       ?SendToHelper@CAsyncSocket@@MAEHPBXHPBUsockaddr@@HH@Z 5f603005 f   sockcore.obj
 0001:00002033       ?ConnectHelper@CAsyncSocket@@MAEHPBUsockaddr@@H@Z 5f603033 f   sockcore.obj
 0001:0000205f       ??0CSocket@@QAE@XZ         5f60305f f   sockcore.obj
 0001:0000209c       ?CancelBlockingCall@CSocket@@QAEXXZ 5f60309c f   sockcore.obj
 0001:000020c6       ?OnMessagePending@CSocket@@MAEHXZ 5f6030c6 f   sockcore.obj
 0001:000020f9       ??1CSocket@@UAE@XZ         5f6030f9 f   sockcore.obj
 0001:00002153       ?Accept@CSocket@@UAEHAAVCAsyncSocket@@PAUsockaddr@@PAH@Z 5f603153 f   sockcore.obj
 0001:000021be       ?Close@CSocket@@UAEXXZ     5f6031be f   sockcore.obj
 0001:0000221a       ?Receive@CSocket@@UAEHPAXHH@Z 5f60321a f   sockcore.obj
 0001:0000228c       ?Send@CSocket@@UAEHPBXHH@Z 5f60328c f   sockcore.obj
 0001:00002301       ?SendChunk@CSocket@@QAEHPBXHH@Z 5f603301 f   sockcore.obj
 0001:0000235b       ?ConnectHelper@CSocket@@MAEHPBUsockaddr@@H@Z 5f60335b f   sockcore.obj
 0001:000023ec       ?ReceiveFromHelper@CSocket@@MAEHPAXHPAUsockaddr@@PAHH@Z 5f6033ec f   sockcore.obj
 0001:00002466       ?SendToHelper@CSocket@@MAEHPBXHPBUsockaddr@@HH@Z 5f603466 f   sockcore.obj
 0001:000024e0       ?ProcessAuxQueue@CSocket@@SGHXZ 5f6034e0 f   sockcore.obj
 0001:000025d4       ?AuxQueueAdd@CSocket@@KGXIIJ@Z 5f6035d4 f   sockcore.obj
 0001:00002629       ?PumpMessages@CSocket@@MAEHI@Z 5f603629 f   sockcore.obj
 0001:000028e4       ?AssertValid@CSocket@@MBEXXZ 5f6038e4 f   sockcore.obj
 0001:000028f7       ?Dump@CSocket@@MBEXAAVCDumpContext@@@Z 5f6038f7 f   sockcore.obj
 0001:0000295e       ??0CSocketFile@@QAE@PAVCSocket@@H@Z 5f60395e f   sockcore.obj
 0001:00002a78       ??1CSocketFile@@UAE@XZ     5f603a78 f   sockcore.obj
 0001:00002a94       ?Read@CSocketFile@@UAEIPAXI@Z 5f603a94 f   sockcore.obj
 0001:00002bd9       ?Write@CSocketFile@@UAEXPBXI@Z 5f603bd9 f   sockcore.obj
 0001:00002c4a       ?Close@CSocketFile@@UAEXXZ 5f603c4a f   sockcore.obj
 0001:00002c5f       ?Open@CSocketFile@@UAEHPBDIPAVCFileException@@@Z 5f603c5f f   sockcore.obj
 0001:00002c73       ?Duplicate@CSocketFile@@UBEPAVCFile@@XZ 5f603c73 f   sockcore.obj
 0001:00002c85       ?GetPosition@CSocketFile@@UBEKXZ 5f603c85 f   sockcore.obj
 0001:00002c97       ?Seek@CSocketFile@@UAEJJI@Z 5f603c97 f   sockcore.obj
 0001:00002cc4       ?SetLength@CSocketFile@@UAEXK@Z 5f603cc4 f   sockcore.obj
 0001:00002cd6       ?GetLength@CSocketFile@@UBEKXZ 5f603cd6 f   sockcore.obj
 0001:00002ce8       ?LockRange@CSocketFile@@UAEXKK@Z 5f603ce8 f   sockcore.obj
 0001:00002cfa       ?UnlockRange@CSocketFile@@UAEXKK@Z 5f603cfa f   sockcore.obj
 0001:00002d0c       ?Flush@CSocketFile@@UAEXXZ 5f603d0c f   sockcore.obj
 0001:00002d17       ?Abort@CSocketFile@@UAEXXZ 5f603d17 f   sockcore.obj
 0001:00002d27       ?AssertValid@CSocketFile@@UBEXXZ 5f603d27 f   sockcore.obj
 0001:00002d59       ?Dump@CSocketFile@@UBEXAAVCDumpContext@@@Z 5f603d59 f   sockcore.obj
 0001:00002db1       ??0CSocketWnd@@QAE@XZ      5f603db1 f   sockcore.obj
 0001:00002dd0       ?OnSocketNotify@CSocketWnd@@IAEJIJ@Z 5f603dd0 f   sockcore.obj
 0001:00002df6       ?OnSocketDead@CSocketWnd@@IAEJIJ@Z 5f603df6 f   sockcore.obj
 0001:00002e1c       ?_GetBaseMessageMap@CSocketWnd@@KGPBUAFX_MSGMAP@@XZ 5f603e1c f   sockcore.obj
 0001:00002e26       ?GetMessageMap@CSocketWnd@@MBEPBUAFX_MSGMAP@@XZ 5f603e26 f   sockcore.obj
 0001:00002e36       ??BCAsyncSocket@@QBEIXZ    5f603e36 f   sockcore.obj
 0001:00002e47       ?GetPeerName@CAsyncSocket@@QAEHPAUsockaddr@@PAH@Z 5f603e47 f   sockcore.obj
 0001:00002e73       ?GetSockName@CAsyncSocket@@QAEHPAUsockaddr@@PAH@Z 5f603e73 f   sockcore.obj
 0001:00002e9f       ?SetSockOpt@CAsyncSocket@@QAEHHPBXHH@Z 5f603e9f f   sockcore.obj
 0001:00002ed3       ?GetSockOpt@CAsyncSocket@@QAEHHPAXPAHH@Z 5f603ed3 f   sockcore.obj
 0001:00002f07       ?FromHandle@CAsyncSocket@@SGPAV1@I@Z 5f603f07 f   sockcore.obj
 0001:00002f19       ?GetLastError@CAsyncSocket@@SGHXZ 5f603f19 f   sockcore.obj
 0001:00002f24       ?Bind@CAsyncSocket@@QAEHPBUsockaddr@@H@Z 5f603f24 f   sockcore.obj
 0001:00002f50       ?Connect@CAsyncSocket@@QAEHPBUsockaddr@@H@Z 5f603f50 f   sockcore.obj
 0001:00002f70       ?IOCtl@CAsyncSocket@@QAEHJPAK@Z 5f603f70 f   sockcore.obj
 0001:00002f9c       ?Listen@CAsyncSocket@@QAEHH@Z 5f603f9c f   sockcore.obj
 0001:00002fc4       ?ReceiveFrom@CAsyncSocket@@QAEHPAXHPAUsockaddr@@PAHH@Z 5f603fc4 f   sockcore.obj
 0001:00002ff0       ?ShutDown@CAsyncSocket@@QAEHH@Z 5f603ff0 f   sockcore.obj
 0001:00003018       ?SendTo@CAsyncSocket@@QAEHPBXHPBUsockaddr@@HH@Z 5f604018 f   sockcore.obj
 0001:00003044       ?Create@CSocket@@QAEHIHPBD@Z 5f604044 f   sockcore.obj
 0001:00003067       ?IsBlocking@CSocket@@QAEHXZ 5f604067 f   sockcore.obj
 0001:00003080       ?FromHandle@CSocket@@SGPAV1@I@Z 5f604080 f   sockcore.obj
 0001:00003092       ?Attach@CSocket@@QAEHI@Z   5f604092 f   sockcore.obj
 0001:000030b0       ?AfxLoadSock@@YAPAUHINSTANCE__@@PAP6GHXZPBD@Z 5f6040b0 f i sockcore.obj
 0001:000030e0       ??_E_AFX_SOCK_STATE@@UAEPAXI@Z 5f6040e0 f i sockcore.obj
 0001:000030e0       ??_G_AFX_SOCK_STATE@@UAEPAXI@Z 5f6040e0 f i sockcore.obj
 0001:00003110       ??_GCSocketFile@@UAEPAXI@Z 5f604110 f i sockcore.obj
 0001:00003110       ??_ECSocketFile@@UAEPAXI@Z 5f604110 f i sockcore.obj
 0001:00003140       ??_ECSocketWnd@@UAEPAXI@Z  5f604140 f i sockcore.obj
 0001:00003140       ??_GCSocketWnd@@UAEPAXI@Z  5f604140 f i sockcore.obj
 0001:00003170       ??1CSocketWnd@@UAE@XZ      5f604170 f i sockcore.obj
 0001:000032a0       ??_ECAsyncSocket@@UAEPAXI@Z 5f6042a0 f i dllnet.obj
 0001:00003300       ??_ECSocket@@UAEPAXI@Z     5f604300 f i dllnet.obj
 0001:00003360       ??B?$CTypedSimpleList@PAVCOleObjectFactory@@@@QAEPAVCOleObjectFactory@@XZ 5f604360 f i dllnet.obj
 0001:00003360       ??B?$CTypedSimpleList@PAUCRuntimeClass@@@@QAEPAUCRuntimeClass@@XZ 5f604360 f i dllnet.obj
 0002:00000000       __imp__FreeLibrary@4       5f605000     kernel32:KERNEL32.dll
 0002:00000004       __imp__GetModuleHandleA@4  5f605004     kernel32:KERNEL32.dll
 0002:00000008       __imp__LocalFree@4         5f605008     kernel32:KERNEL32.dll
 0002:0000000c       __imp__LocalAlloc@8        5f60500c     kernel32:KERNEL32.dll
 0002:00000010       __imp__LoadLibraryA@4      5f605010     kernel32:KERNEL32.dll
 0002:00000014       __imp__SetLastError@4      5f605014     kernel32:KERNEL32.dll
 0002:00000018       \177KERNEL32_NULL_THUNK_DATA 5f605018     kernel32:KERNEL32.dll
 0002:0000001c       __imp_?AfxGetAppModuleState@@YGPAVAFX_MODULE_STATE@@XZ 5f60501c     MFC42D:MFC42D.DLL
 0002:00000020       __imp_??3@YAXPAX@Z         5f605020     MFC42D:MFC42D.DLL
 0002:00000024       __imp_??2@YAPAXI@Z         5f605024     MFC42D:MFC42D.DLL
 0002:00000028       __imp_?AfxLoadDll@@YGPAUHINSTANCE__@@RAPAU1@PBDPAP6GHXZ1@Z 5f605028     MFC42D:MFC42D.DLL
 0002:0000002c       __imp_?AfxInitExtensionModule@@YGHAAUAFX_EXTENSION_MODULE@@PAUHINSTANCE__@@@Z 5f60502c     MFC42D:MFC42D.DLL
 0002:00000030       __imp_??3CNoTrackObject@@SGXPAX@Z 5f605030     MFC42D:MFC42D.DLL
 0002:00000034       __imp_?Serialize@CObject@@UAEXAAVCArchive@@@Z 5f605034     MFC42D:MFC42D.DLL
 0002:00000038       __imp_??0CObject@@IAE@XZ   5f605038     MFC42D:MFC42D.DLL
 0002:0000003c       __imp_??4CString@@QAEABV0@PBD@Z 5f60503c     MFC42D:MFC42D.DLL
 0002:00000040       __imp_?AfxGetModuleThreadState@@YGPAVAFX_MODULE_THREAD_STATE@@XZ 5f605040     MFC42D:MFC42D.DLL
 0002:00000044       __imp_??1CObject@@UAE@XZ   5f605044     MFC42D:MFC42D.DLL
 0002:00000048       __imp_?GetValueAt@CMapPtrToPtr@@QBEPAXPAX@Z 5f605048     MFC42D:MFC42D.DLL
 0002:0000004c       __imp_?Lookup@CMapPtrToPtr@@QBEHPAXAAPAX@Z 5f60504c     MFC42D:MFC42D.DLL
 0002:00000050       __imp_?SetAt@CMapPtrToPtr@@QAEXPAX0@Z 5f605050     MFC42D:MFC42D.DLL
 0002:00000054       __imp_?FromHandlePermanent@CWnd@@SGPAV1@PAUHWND__@@@Z 5f605054     MFC42D:MFC42D.DLL
 0002:00000058       __imp_?AfxThrowResourceException@@YGXXZ 5f605058     MFC42D:MFC42D.DLL
 0002:0000005c       __imp_?AfxTrace@@YAXPBDZZ  5f60505c     MFC42D:MFC42D.DLL
 0002:00000060       __imp_?CreateEx@CWnd@@QAEHKPBD0KHHHHPAUHWND__@@PAUHMENU__@@PAX@Z 5f605060     MFC42D:MFC42D.DLL
 0002:00000064       __imp_?AfxRegisterWndClass@@YGPBDIPAUHICON__@@PAUHBRUSH__@@0@Z 5f605064     MFC42D:MFC42D.DLL
 0002:00000068       __imp_??2CObject@@SGPAXIPBDH@Z 5f605068     MFC42D:MFC42D.DLL
 0002:0000006c       __imp_?IsEmpty@CMapPtrToPtr@@QBEHXZ 5f60506c     MFC42D:MFC42D.DLL
 0002:00000070       __imp_?AfxEnableMemoryTracking@@YGHH@Z 5f605070     MFC42D:MFC42D.DLL
 0002:00000074       __imp_?RemoveHead@CPtrList@@QAEPAXXZ 5f605074     MFC42D:MFC42D.DLL
 0002:00000078       __imp_?IsEmpty@CPtrList@@QBEHXZ 5f605078     MFC42D:MFC42D.DLL
 0002:0000007c       __imp_?RemoveAll@CMapPtrToPtr@@QAEXXZ 5f60507c     MFC42D:MFC42D.DLL
 0002:00000080       __imp_?AfxAssertValidObject@@YGXPBVCObject@@PBDH@Z 5f605080     MFC42D:MFC42D.DLL
 0002:00000084       __imp_?RemoveKey@CMapPtrToPtr@@QAEHPAX@Z 5f605084     MFC42D:MFC42D.DLL
 0002:00000088       __imp_?AssertValid@CObject@@UBEXXZ 5f605088     MFC42D:MFC42D.DLL
 0002:0000008c       __imp_??6CDumpContext@@QAEAAV0@I@Z 5f60508c     MFC42D:MFC42D.DLL
 0002:00000090       __imp_??6CDumpContext@@QAEAAV0@PBD@Z 5f605090     MFC42D:MFC42D.DLL
 0002:00000094       __imp_?Dump@CObject@@UBEXAAVCDumpContext@@@Z 5f605094     MFC42D:MFC42D.DLL
 0002:00000098       __imp_?AddTail@CPtrList@@QAEPAU__POSITION@@PAX@Z 5f605098     MFC42D:MFC42D.DLL
 0002:0000009c       __imp_??2@YAPAXIPBDH@Z     5f60509c     MFC42D:MFC42D.DLL
 0002:000000a0       __imp_?Delete@CException@@QAEXXZ 5f6050a0     MFC42D:MFC42D.DLL
 0002:000000a4       __imp_?IsKindOf@CObject@@QBEHPBUCRuntimeClass@@@Z 5f6050a4     MFC42D:MFC42D.DLL
 0002:000000a8       __imp_?classCException@CException@@2UCRuntimeClass@@B 5f6050a8     MFC42D:MFC42D.DLL
 0002:000000ac       __imp_?AfxGetThread@@YGPAVCWinThread@@XZ 5f6050ac     MFC42D:MFC42D.DLL
 0002:000000b0       __imp_??6CDumpContext@@QAEAAV0@H@Z 5f6050b0     MFC42D:MFC42D.DLL
 0002:000000b4       __imp_??6CDumpContext@@QAEAAV0@PBX@Z 5f6050b4     MFC42D:MFC42D.DLL
 0002:000000b8       __imp_?GetBufferPtr@CFile@@UAEIIIPAPAX0@Z 5f6050b8     MFC42D:MFC42D.DLL
 0002:000000bc       __imp_?SetFilePath@CFile@@UAEXPBD@Z 5f6050bc     MFC42D:MFC42D.DLL
 0002:000000c0       __imp_?GetFilePath@CFile@@UBE?AVCString@@XZ 5f6050c0     MFC42D:MFC42D.DLL
 0002:000000c4       __imp_?GetFileTitle@CFile@@UBE?AVCString@@XZ 5f6050c4     MFC42D:MFC42D.DLL
 0002:000000c8       __imp_?GetFileName@CFile@@UBE?AVCString@@XZ 5f6050c8     MFC42D:MFC42D.DLL
 0002:000000cc       __imp_??1CFile@@UAE@XZ     5f6050cc     MFC42D:MFC42D.DLL
 0002:000000d0       __imp_??0CFile@@QAE@XZ     5f6050d0     MFC42D:MFC42D.DLL
 0002:000000d4       __imp_?AfxThrowFileException@@YGXHJPBD@Z 5f6050d4     MFC42D:MFC42D.DLL
 0002:000000d8       __imp_?AfxThrowNotSupportedException@@YGXXZ 5f6050d8     MFC42D:MFC42D.DLL
 0002:000000dc       __imp_?AssertValid@CFile@@UBEXXZ 5f6050dc     MFC42D:MFC42D.DLL
 0002:000000e0       __imp_??6CDumpContext@@QAEAAV0@PBVCObject@@@Z 5f6050e0     MFC42D:MFC42D.DLL
 0002:000000e4       __imp_?GetDepth@CDumpContext@@QBEHXZ 5f6050e4     MFC42D:MFC42D.DLL
 0002:000000e8       __imp_?Dump@CFile@@UBEXAAVCDumpContext@@@Z 5f6050e8     MFC42D:MFC42D.DLL
 0002:000000ec       __imp_??2CObject@@SGPAXI@Z 5f6050ec     MFC42D:MFC42D.DLL
 0002:000000f0       __imp_?AfxAssertFailedLine@@YGHPBDH@Z 5f6050f0     MFC42D:MFC42D.DLL
 0002:000000f4       __imp_?CheckAutoCenter@CWnd@@UAEHXZ 5f6050f4     MFC42D:MFC42D.DLL
 0002:000000f8       __imp_?OnChildNotify@CWnd@@MAEHIIJPAJ@Z 5f6050f8     MFC42D:MFC42D.DLL
 0002:000000fc       __imp_?PostNcDestroy@CWnd@@MAEXXZ 5f6050fc     MFC42D:MFC42D.DLL
 0002:00000100       __imp_?DefWindowProcA@CWnd@@MAEJIIJ@Z 5f605100     MFC42D:MFC42D.DLL
 0002:00000104       __imp_?OnWndMsg@CWnd@@MAEHIIJPAJ@Z 5f605104     MFC42D:MFC42D.DLL
 0002:00000108       __imp_?WindowProc@CWnd@@MAEJIIJ@Z 5f605108     MFC42D:MFC42D.DLL
 0002:0000010c       __imp_?OnAmbientProperty@CWnd@@UAEHPAVCOleControlSite@@JPAUtagVARIANT@@@Z 5f60510c     MFC42D:MFC42D.DLL
 0002:00000110       __imp_?PreTranslateMessage@CWnd@@UAEHPAUtagMSG@@@Z 5f605110     MFC42D:MFC42D.DLL
 0002:00000114       __imp_?AfxGetModuleState@@YGPAVAFX_MODULE_STATE@@XZ 5f605114     MFC42D:MFC42D.DLL
 0002:00000118       __imp_?BeginModalState@CWnd@@UAEXXZ 5f605118     MFC42D:MFC42D.DLL
 0002:0000011c       __imp_?DoDataExchange@CWnd@@MAEXPAVCDataExchange@@@Z 5f60511c     MFC42D:MFC42D.DLL
 0002:00000120       __imp_?GetSuperWndProcAddr@CWnd@@MAEPAP6GJPAUHWND__@@IIJ@ZXZ 5f605120     MFC42D:MFC42D.DLL
 0002:00000124       __imp_?OnNotify@CWnd@@MAEHIJPAJ@Z 5f605124     MFC42D:MFC42D.DLL
 0002:00000128       __imp_?OnCommand@CWnd@@MAEHIJ@Z 5f605128     MFC42D:MFC42D.DLL
 0002:0000012c       __imp_?EndModalLoop@CWnd@@UAEXH@Z 5f60512c     MFC42D:MFC42D.DLL
 0002:00000130       __imp_?ContinueModal@CWnd@@UAEHXZ 5f605130     MFC42D:MFC42D.DLL
 0002:00000134       __imp_?WinHelpA@CWnd@@UAEXKI@Z 5f605134     MFC42D:MFC42D.DLL
 0002:00000138       __imp_?GetScrollBarCtrl@CWnd@@UBEPAVCScrollBar@@H@Z 5f605138     MFC42D:MFC42D.DLL
 0002:0000013c       __imp_?OnToolHitTest@CWnd@@UBEHVCPoint@@PAUtagTOOLINFOA@@@Z 5f60513c     MFC42D:MFC42D.DLL
 0002:00000140       __imp_?CalcWindowRect@CWnd@@UAEXPAUtagRECT@@I@Z 5f605140     MFC42D:MFC42D.DLL
 0002:00000144       __imp_?PreCreateWindow@CWnd@@UAEHAAUtagCREATESTRUCTA@@@Z 5f605144     MFC42D:MFC42D.DLL
 0002:00000148       __imp_?DestroyWindow@CWnd@@UAEHXZ 5f605148     MFC42D:MFC42D.DLL
 0002:0000014c       __imp_?Create@CWnd@@UAEHPBD0KABUtagRECT@@PAV1@IPAUCCreateContext@@@Z 5f60514c     MFC42D:MFC42D.DLL
 0002:00000150       __imp_?PreSubclassWindow@CWnd@@UAEXXZ 5f605150     MFC42D:MFC42D.DLL
 0002:00000154       __imp_?GetConnectionHook@CCmdTarget@@MAEPAUIConnectionPoint@@ABU_GUID@@@Z 5f605154     MFC42D:MFC42D.DLL
 0002:00000158       __imp_?GetExtraConnectionPoints@CCmdTarget@@MAEHPAVCPtrArray@@@Z 5f605158     MFC42D:MFC42D.DLL
 0002:0000015c       __imp_?GetInterfaceHook@CCmdTarget@@UAEPAUIUnknown@@PBX@Z 5f60515c     MFC42D:MFC42D.DLL
 0002:00000160       __imp_?OnCreateAggregates@CCmdTarget@@UAEHXZ 5f605160     MFC42D:MFC42D.DLL
 0002:00000164       __imp_?GetEventSinkMap@CCmdTarget@@MBEPBUAFX_EVENTSINKMAP@@XZ 5f605164     MFC42D:MFC42D.DLL
 0002:00000168       __imp_?GetInterfaceMap@CCmdTarget@@MBEPBUAFX_INTERFACEMAP@@XZ 5f605168     MFC42D:MFC42D.DLL
 0002:0000016c       __imp_?GetConnectionMap@CCmdTarget@@MBEPBUAFX_CONNECTIONMAP@@XZ 5f60516c     MFC42D:MFC42D.DLL
 0002:00000170       __imp_?GetDispatchMap@CCmdTarget@@MBEPBUAFX_DISPMAP@@XZ 5f605170     MFC42D:MFC42D.DLL
 0002:00000174       __imp_?GetCommandMap@CCmdTarget@@MBEPBUAFX_OLECMDMAP@@XZ 5f605174     MFC42D:MFC42D.DLL
 0002:00000178       __imp_?GetTypeLib@CCmdTarget@@UAEJKPAPAUITypeLib@@@Z 5f605178     MFC42D:MFC42D.DLL
 0002:0000017c       __imp_?GetTypeLibCache@CCmdTarget@@UAEPAVCTypeLibCache@@XZ 5f60517c     MFC42D:MFC42D.DLL
 0002:00000180       __imp_?GetTypeInfoCount@CCmdTarget@@UAEIXZ 5f605180     MFC42D:MFC42D.DLL
 0002:00000184       __imp_?GetDispatchIID@CCmdTarget@@UAEHPAU_GUID@@@Z 5f605184     MFC42D:MFC42D.DLL
 0002:00000188       __imp_?IsInvokeAllowed@CCmdTarget@@UAEHJ@Z 5f605188     MFC42D:MFC42D.DLL
 0002:0000018c       __imp_?OnFinalRelease@CWnd@@UAEXXZ 5f60518c     MFC42D:MFC42D.DLL
 0002:00000190       __imp_?OnCmdMsg@CCmdTarget@@UAEHIHPAXPAUAFX_CMDHANDLERINFO@@@Z 5f605190     MFC42D:MFC42D.DLL
 0002:00000194       __imp_?Dump@CWnd@@UBEXAAVCDumpContext@@@Z 5f605194     MFC42D:MFC42D.DLL
 0002:00000198       __imp_?AssertValid@CWnd@@UBEXXZ 5f605198     MFC42D:MFC42D.DLL
 0002:0000019c       __imp_?GetRuntimeClass@CWnd@@UBEPAUCRuntimeClass@@XZ 5f60519c     MFC42D:MFC42D.DLL
 0002:000001a0       __imp_??0CWnd@@QAE@XZ      5f6051a0     MFC42D:MFC42D.DLL
 0002:000001a4       __imp_??1CWnd@@UAE@XZ      5f6051a4     MFC42D:MFC42D.DLL
 0002:000001a8       __imp_?messageMap@CWnd@@1UAFX_MSGMAP@@B 5f6051a8     MFC42D:MFC42D.DLL
 0002:000001ac       __imp_?classCObject@CObject@@2UCRuntimeClass@@B 5f6051ac     MFC42D:MFC42D.DLL
 0002:000001b0       __imp_?classCFile@CFile@@2UCRuntimeClass@@B 5f6051b0     MFC42D:MFC42D.DLL
 0002:000001b4       __imp_??1CProcessLocalObject@@QAE@XZ 5f6051b4     MFC42D:MFC42D.DLL
 0002:000001b8       __imp_?GetData@CProcessLocalObject@@QAEPAVCNoTrackObject@@P6GPAV2@XZ@Z 5f6051b8     MFC42D:MFC42D.DLL
 0002:000001bc       __imp_??2CNoTrackObject@@SGPAXI@Z 5f6051bc     MFC42D:MFC42D.DLL
 0002:000001c0       __imp_??0CDynLinkLibrary@@QAE@AAUAFX_EXTENSION_MODULE@@H@Z 5f6051c0     MFC42D:MFC42D.DLL
 0002:000001c4       __imp_?AfxTermExtensionModule@@YGXAAUAFX_EXTENSION_MODULE@@H@Z 5f6051c4     MFC42D:MFC42D.DLL
 0002:000001c8       __imp_?AfxTermThread@@YGXPAUHINSTANCE__@@@Z 5f6051c8     MFC42D:MFC42D.DLL
 0002:000001cc       __imp_??3CObject@@SGXPAX@Z 5f6051cc     MFC42D:MFC42D.DLL
 0002:000001d0       __imp_?IsFrameWnd@CWnd@@UBEHXZ 5f6051d0     MFC42D:MFC42D.DLL
 0002:000001d4       __imp_?SetOccDialogInfo@CWnd@@MAEHPAU_AFX_OCC_DIALOG_INFO@@@Z 5f6051d4     MFC42D:MFC42D.DLL
 0002:000001d8       __imp_?EndModalState@CWnd@@UAEXXZ 5f6051d8     MFC42D:MFC42D.DLL
 0002:000001dc       \177MFC42D_NULL_THUNK_DATA 5f6051dc     MFC42D:MFC42D.DLL
 0002:000001e0       __imp___except_handler3    5f6051e0     msvcrtd:MSVCRTD.dll
 0002:000001e4       __imp___initterm           5f6051e4     msvcrtd:MSVCRTD.dll
 0002:000001e8       __imp___malloc_dbg         5f6051e8     msvcrtd:MSVCRTD.dll
 0002:000001ec       __imp___adjust_fdiv        5f6051ec     msvcrtd:MSVCRTD.dll
 0002:000001f0       __imp___onexit             5f6051f0     msvcrtd:MSVCRTD.dll
 0002:000001f4       __imp____dllonexit         5f6051f4     msvcrtd:MSVCRTD.dll
 0002:000001f8       __imp_??1type_info@@UAE@XZ 5f6051f8     msvcrtd:MSVCRTD.dll
 0002:000001fc       __imp_?terminate@@YAXXZ    5f6051fc     msvcrtd:MSVCRTD.dll
 0002:00000200       __imp___free_dbg           5f605200     msvcrtd:MSVCRTD.dll
 0002:00000204       __imp__memset              5f605204     msvcrtd:MSVCRTD.dll
 0002:00000208       __imp____CxxFrameHandler   5f605208     msvcrtd:MSVCRTD.dll
 0002:0000020c       \177MSVCRTD_NULL_THUNK_DATA 5f60520c     msvcrtd:MSVCRTD.dll
 0002:00000210       __imp__DispatchMessageA@4  5f605210     user32:USER32.dll
 0002:00000214       __imp__PeekMessageA@20     5f605214     user32:USER32.dll
 0002:00000218       __imp__KillTimer@8         5f605218     user32:USER32.dll
 0002:0000021c       __imp__WaitMessage@0       5f60521c     user32:USER32.dll
 0002:00000220       __imp__SetTimer@16         5f605220     user32:USER32.dll
 0002:00000224       __imp__PostMessageA@16     5f605224     user32:USER32.dll
 0002:00000228       \177USER32_NULL_THUNK_DATA 5f605228     user32:USER32.dll
 0002:000002a0       ??_C@_0L@LDKI@MFC42D?4DLL?$AA@ 5f6052a0     dllnet.obj
 0002:000002b0       ?messageMap@CSocketWnd@@1UAFX_MSGMAP@@B 5f6052b0     sockcore.obj
 0002:000002b8       ?_messageEntries@CSocketWnd@@0PBUAFX_MSGMAP_ENTRY@@B 5f6052b8     sockcore.obj
 0002:00000300       ?classCAsyncSocket@CAsyncSocket@@2UCRuntimeClass@@B 5f605300     sockcore.obj
 0002:00000318       ?classCSocket@CSocket@@2UCRuntimeClass@@B 5f605318     sockcore.obj
 0002:00000330       ?classCSocketFile@CSocketFile@@2UCRuntimeClass@@B 5f605330     sockcore.obj
 0002:00000348       ??_C@_0M@FJKI@CSocketFile?$AA@ 5f605348     sockcore.obj
 0002:00000354       ??_C@_07MBCI@CSocket?$AA@  5f605354     sockcore.obj
 0002:0000035c       ??_C@_0N@CCKH@CAsyncSocket?$AA@ 5f60535c     sockcore.obj
 0002:0000036c       ??_C@_06JGM@accept?$AA@    5f60536c     sockcore.obj
 0002:00000374       ??_C@_0M@CGKO@WSOCK32?4DLL?$AA@ 5f605374     sockcore.obj
 0002:00000380       ??_C@_05MHGE@htons?$AA@    5f605380     sockcore.obj
 0002:00000388       ??_C@_09NHDB@inet_addr?$AA@ 5f605388     sockcore.obj
 0002:00000394       ??_C@_0M@BGOH@closesocket?$AA@ 5f605394     sockcore.obj
 0002:000003a0       ??_C@_0M@NGKD@getsockname?$AA@ 5f6053a0     sockcore.obj
 0002:000003ac       ??_C@_0M@PJMM@getpeername?$AA@ 5f6053ac     sockcore.obj
 0002:000003b8       ??_C@_05HAEE@ntohs?$AA@    5f6053b8     sockcore.obj
 0002:000003c0       ??_C@_09POBH@inet_ntoa?$AA@ 5f6053c0     sockcore.obj
 0002:000003cc       ??_C@_0BA@OODD@WSAGetLastError?$AA@ 5f6053cc     sockcore.obj
 0002:000003dc       ??_C@_0BA@IHDB@WSASetLastError?$AA@ 5f6053dc     sockcore.obj
 0002:000003ec       ??_C@_0L@BKPI@WSAStartup?$AA@ 5f6053ec     sockcore.obj
 0002:000003f8       ??_C@_0L@KLBB@WSACleanup?$AA@ 5f6053f8     sockcore.obj
 0002:00000404       ??_C@_05GPEJ@htonl?$AA@    5f605404     sockcore.obj
 0002:0000040c       ??_C@_06KDPK@socket?$AA@   5f60540c     sockcore.obj
 0002:00000414       ??_C@_0O@BLIP@gethostbyname?$AA@ 5f605414     sockcore.obj
 0002:00000424       ??_C@_04NJFL@recv?$AA@     5f605424     sockcore.obj
 0002:0000042c       ??_C@_04PJAD@send?$AA@     5f60542c     sockcore.obj
 0002:00000434       ??_C@_0P@KNOI@WSAAsyncSelect?$AA@ 5f605434     sockcore.obj
 0002:00000444       ??_C@_08DJPD@recvfrom?$AA@ 5f605444     sockcore.obj
 0002:00000450       ??_C@_06CILG@sendto?$AA@   5f605450     sockcore.obj
 0002:00000458       ??_C@_07DHIJ@connect?$AA@  5f605458     sockcore.obj
 0002:00000460       ??_C@_04FBJP@bind?$AA@     5f605460     sockcore.obj
 0002:00000468       ??_C@_0L@PCGG@setsockopt?$AA@ 5f605468     sockcore.obj
 0002:00000474       ??_C@_0L@DBEL@getsockopt?$AA@ 5f605474     sockcore.obj
 0002:00000480       ??_C@_0M@LOFA@ioctlsocket?$AA@ 5f605480     sockcore.obj
 0002:0000048c       ??_C@_06IODP@listen?$AA@   5f60548c     sockcore.obj
 0002:00000494       ??_C@_08DHEI@shutdown?$AA@ 5f605494     sockcore.obj
 0002:000004a4       ??_7_AFX_SOCK_STATE@@6B@   5f6054a4     sockcore.obj
 0002:000004ac       ??_7CAsyncSocket@@6B@      5f6054ac     sockcore.obj
 0002:000004fc       ??_7CNoTrackObject@@6B@    5f6054fc     sockcore.obj
 0002:00000500       ??_C@_02DILL@?$CFs?$AA@    5f605500     sockcore.obj
 0002:00000504       ??_C@_0DB@FJKP@Warning?3?5unable?5to?5create?5socket@ 5f605504     sockcore.obj
 0002:00000538       ??_C@_0BJ@HDPG@Socket?5Notification?5Sink?$AA@ 5f605538     sockcore.obj
 0002:00000554       ??_C@_01BJG@?6?$AA@        5f605554     sockcore.obj
 0002:00000558       ??_C@_0BA@MMD@INVALID_SOCKET?6?$AA@ 5f605558     sockcore.obj
 0002:00000568       ??_C@_0N@HJN@m_hSocket?5?$DN?5?$AA@ 5f605568     sockcore.obj
 0002:0000057c       ??_7CSocket@@6B@           5f60557c     sockcore.obj
 0002:000005cc       ??_C@_0DG@NLAD@Error?3?5caught?5exception?5in?5PumpM@ 5f6055cc     sockcore.obj
 0002:00000604       ??_C@_0BD@MNOG@m_nConnectError?5?$DN?5?$AA@ 5f605604     sockcore.obj
 0002:00000618       ??_C@_0BA@EKGE@m_pbBlocking?5?$DN?5?$AA@ 5f605618     sockcore.obj
 0002:0000062c       ??_7CSocketFile@@6B@       5f60562c     sockcore.obj
 0002:00000688       ??_C@_0DB@HFNB@Warning?5?9?5Attempt?5made?5to?5seek?5o@ 5f605688     sockcore.obj
 0002:000006bc       ??_C@_0O@FJPJ@with?5socket?3?5?$AA@ 5f6056bc     sockcore.obj
 0002:000006cc       ??_C@_0BA@JPDC@with?5no?5socket?6?$AA@ 5f6056cc     sockcore.obj
 0002:000006e4       ??_7CSocketWnd@@6B@        5f6056e4     sockcore.obj
 0002:000007a4       ??_C@_0BP@INDE@E?3?2msdev?2mfc?2include?2afxtls_?4h?$AA@ 5f6057a4     sockcore.obj
 0002:000007fc       ??_7type_info@@6B@         5f6057fc     msvcrtd:ti_inst.obj
 0002:00000800       ??_C@_08JKC@crtdll?4c?$AA@ 5f605800     msvcrtd:crtdll.obj
 0002:00000810       ??_R1A@?0A@A@CNoTrackObject@@8 5f605810     sockcore.obj
 0002:00000828       ??_R1A@?0A@A@_AFX_SOCK_STATE@@8 5f605828     sockcore.obj
 0002:00000840       ??_R2_AFX_SOCK_STATE@@8    5f605840     sockcore.obj
 0002:00000850       ??_R3_AFX_SOCK_STATE@@8    5f605850     sockcore.obj
 0002:00000860       ??_R4_AFX_SOCK_STATE@@6B@  5f605860     sockcore.obj
 0002:00000878       ??_R1A@?0A@A@CObject@@8    5f605878     sockcore.obj
 0002:00000890       ??_R1A@?0A@A@CAsyncSocket@@8 5f605890     sockcore.obj
 0002:000008a8       ??_R2CAsyncSocket@@8       5f6058a8     sockcore.obj
 0002:000008b8       ??_R3CAsyncSocket@@8       5f6058b8     sockcore.obj
 0002:000008c8       ??_R4CAsyncSocket@@6B@     5f6058c8     sockcore.obj
 0002:000008dc       ??_R2CNoTrackObject@@8     5f6058dc     sockcore.obj
 0002:000008e8       ??_R3CNoTrackObject@@8     5f6058e8     sockcore.obj
 0002:000008f8       ??_R4CNoTrackObject@@6B@   5f6058f8     sockcore.obj
 0002:00000910       ??_R1A@?0A@A@CSocket@@8    5f605910     sockcore.obj
 0002:00000928       ??_R2CSocket@@8            5f605928     sockcore.obj
 0002:00000938       ??_R3CSocket@@8            5f605938     sockcore.obj
 0002:00000948       ??_R4CSocket@@6B@          5f605948     sockcore.obj
 0002:00000960       ??_R1A@?0A@A@CFile@@8      5f605960     sockcore.obj
 0002:00000978       ??_R1A@?0A@A@CSocketFile@@8 5f605978     sockcore.obj
 0002:00000990       ??_R2CSocketFile@@8        5f605990     sockcore.obj
 0002:000009a0       ??_R3CSocketFile@@8        5f6059a0     sockcore.obj
 0002:000009b0       ??_R4CSocketFile@@6B@      5f6059b0     sockcore.obj
 0002:000009c8       ??_R1A@?0A@A@CCmdTarget@@8 5f6059c8     sockcore.obj
 0002:000009e0       ??_R1A@?0A@A@CWnd@@8       5f6059e0     sockcore.obj
 0002:000009f8       ??_R1A@?0A@A@CSocketWnd@@8 5f6059f8     sockcore.obj
 0002:00000a10       ??_R2CSocketWnd@@8         5f605a10     sockcore.obj
 0002:00000a28       ??_R3CSocketWnd@@8         5f605a28     sockcore.obj
 0002:00000a38       ??_R4CSocketWnd@@6B@       5f605a38     sockcore.obj
 0002:00000a50       ??_R1A@?0A@A@type_info@@8  5f605a50     msvcrtd:ti_inst.obj
 0002:00000a68       ??_R2type_info@@8          5f605a68     msvcrtd:ti_inst.obj
 0002:00000a70       ??_R3type_info@@8          5f605a70     msvcrtd:ti_inst.obj
 0002:00000a80       ??_R4type_info@@6B@        5f605a80     msvcrtd:ti_inst.obj
 0002:00000c38       __IMPORT_DESCRIPTOR_MFC42D 5f605c38     MFC42D:MFC42D.DLL
 0002:00000c4c       __IMPORT_DESCRIPTOR_MSVCRTD 5f605c4c     msvcrtd:MSVCRTD.dll
 0002:00000c60       __IMPORT_DESCRIPTOR_KERNEL32 5f605c60     kernel32:KERNEL32.dll
 0002:00000c74       __IMPORT_DESCRIPTOR_USER32 5f605c74     user32:USER32.dll
 0002:00000c88       __NULL_IMPORT_DESCRIPTOR   5f605c88     MFC42D:MFC42D.DLL
 0003:00000000       ___xc_a                    5f607000     msvcrtd:cinitexe.obj
 0003:00000008       ___xc_z                    5f607008     msvcrtd:cinitexe.obj
 0003:0000000c       ___xi_a                    5f60700c     msvcrtd:cinitexe.obj
 0003:00000010       ___xi_z                    5f607010     msvcrtd:cinitexe.obj
 0003:0000002c       __pRawDllMain              5f60702c     dllnet.obj
 0003:00000030       ?_afxForceVectorDelete_mfcn@@3P6AXXZA 5f607030     dllnet.obj
 0003:00000048       ?_afxSOCK@@3UAFX_SOCK_CALL@@A 5f607048     sockcore.obj
 0003:000000c8       ??_R0?AVCNoTrackObject@@@8 5f6070c8     sockcore.obj
 0003:000000e8       ??_R0?AV_AFX_SOCK_STATE@@@8 5f6070e8     sockcore.obj
 0003:00000108       ??_R0?AVCObject@@@8        5f607108     sockcore.obj
 0003:00000120       ??_R0?AVCAsyncSocket@@@8   5f607120     sockcore.obj
 0003:00000140       ??_R0?AVCSocket@@@8        5f607140     sockcore.obj
 0003:00000158       ??_R0PAVCException@@@8     5f607158     sockcore.obj
 0003:00000178       ??_R0?AVCFile@@@8          5f607178     sockcore.obj
 0003:00000190       ??_R0?AVCSocketFile@@@8    5f607190     sockcore.obj
 0003:000001b0       ??_R0?AVCCmdTarget@@@8     5f6071b0     sockcore.obj
 0003:000001d0       ??_R0?AVCWnd@@@8           5f6071d0     sockcore.obj
 0003:000001e8       ??_R0?AVCSocketWnd@@@8     5f6071e8     sockcore.obj
 0003:00000210       ??_R0?AVtype_info@@@8      5f607210     msvcrtd:ti_inst.obj
 0003:0000023c       ?_afxSockState@@3V?$CProcessLocal@V_AFX_SOCK_STATE@@@@A 5f60723c     sockcore.obj
 0003:00000244       __adjust_fdiv              5f607244     <common>
 0003:00000248       ___onexitend               5f607248     <common>
 0003:0000024c       ___onexitbegin             5f60724c     <common>

 entry point at        0001:000006b0

 Static symbols

 0001:00000a6e       _$E354                     5f601a6e f   sockcore.obj
 0001:00000a7d       _$E351                     5f601a7d f   sockcore.obj
 0001:00000a82       _$E353                     5f601a82 f   sockcore.obj
 0001:00000a94       _$E352                     5f601a94 f   sockcore.obj
 0001:00003190       ?_AfxForceVectorDelete@@YAXXZ 5f604190 f   dllnet.obj
 0001:000004d0       ?ArrayUnwindFilter@@YAHPAU_EXCEPTION_POINTERS@@@Z 5f6014d0 f   msvcrtd:ehvecdtr.obj

 19 bytes saved through ICF

